---
http_interactions:
- request:
    method: get
    uri: https://<CAPSULECRM_API_TOKEN>:x@<CAPSULECRM_ACCOUNT_NAME>.capsulecrm.com/api/party?q=ACME%20widgets%20Inc.
    body:
      encoding: US-ASCII
      string: ''
    headers:
      User-Agent:
      - CapsuleCRM ruby gem
  response:
    status:
      code: 200
      message: OK
    headers:
      Date:
      - Wed, 06 Mar 2013 21:28:52 GMT
      Server:
      - Apache
      Set-Cookie:
      - JSESSIONID=5EF2A9D20DC52637C56845E919481049.nodec05; Path=/; Secure
      Content-Length:
      - '74'
      Content-Type:
      - ! '*/*'
    body:
      encoding: US-ASCII
      string: <?xml version="1.0" encoding="UTF-8" standalone="yes"?><parties size="0"/>
    http_version: 
  recorded_at: Fri, 01 Feb 2013 13:45:00 GMT
- request:
    method: post
    uri: https://<CAPSULECRM_API_TOKEN>:x@<CAPSULECRM_ACCOUNT_NAME>.capsulecrm.com/api/organisation
    body:
      encoding: US-ASCII
      string: ! "<?xml version=\"1.0\" encoding=\"UTF-8\"?>\n<organisation>\n  <about
        nil=\"true\"/>\n  <name>ACME widgets Inc.</name>\n</organisation>\n"
    headers:
      Content-Type:
      - text/xml
  response:
    status:
      code: 201
      message: Created
    headers:
      Date:
      - Wed, 06 Mar 2013 21:28:52 GMT
      Server:
      - Apache
      Set-Cookie:
      - JSESSIONID=34E223335658528B873445F68927F638.nodec05; Path=/; Secure
      Location:
      - https://<CAPSULECRM_ACCOUNT_NAME>.capsulecrm.com/api/party/37348927
      Content-Length:
      - '0'
      Content-Type:
      - text/plain
    body:
      encoding: US-ASCII
      string: ''
    http_version: 
  recorded_at: Fri, 01 Feb 2013 13:45:00 GMT
- request:
    method: get
    uri: https://<CAPSULECRM_API_TOKEN>:x@<CAPSULECRM_ACCOUNT_NAME>.capsulecrm.com/api/party/37348927/people
    body:
      encoding: US-ASCII
      string: ''
    headers:
      User-Agent:
      - CapsuleCRM ruby gem
  response:
    status:
      code: 200
      message: OK
    headers:
      Date:
      - Wed, 06 Mar 2013 21:28:53 GMT
      Server:
      - Apache
      Set-Cookie:
      - JSESSIONID=A64B2BC7F563CFF29C289290EF627656.nodec12; Path=/; Secure
      Content-Length:
      - '74'
      Content-Type:
      - ! '*/*'
    body:
      encoding: US-ASCII
      string: <?xml version="1.0" encoding="UTF-8" standalone="yes"?><parties size="0"/>
    http_version: 
  recorded_at: Fri, 01 Feb 2013 13:45:00 GMT
- request:
    method: post
    uri: https://<CAPSULECRM_API_TOKEN>:x@<CAPSULECRM_ACCOUNT_NAME>.capsulecrm.com/api/person
    body:
      encoding: US-ASCII
      string: ! "<?xml version=\"1.0\" encoding=\"UTF-8\"?>\n<person>\n  <about nil=\"true\"/>\n
        \ <firstName>Turk</firstName>\n  <lastName>Turkleton</lastName>\n  <title
        nil=\"true\"/>\n  <jobTitle>CTO</jobTitle>\n  <organisationId type=\"integer\">37348927</organisationId>\n
        \ <contacts>\n    <email>\n      <type>Work</type>\n      <emailAddress>turkleton@acme.com</emailAddress>\n
        \   </email>\n    <phone>\n      <type>Work</type>\n      <phoneNumber>+44
        1738 494032</phoneNumber>\n    </phone>\n  </contacts>\n</person>\n"
    headers:
      Content-Type:
      - text/xml
  response:
    status:
      code: 201
      message: Created
    headers:
      Date:
      - Wed, 06 Mar 2013 21:28:53 GMT
      Server:
      - Apache
      Set-Cookie:
      - JSESSIONID=665A806186807522DD337F4A8631864F.nodec02; Path=/; Secure
      Location:
      - https://<CAPSULECRM_ACCOUNT_NAME>.capsulecrm.com/api/party/37348929
      Content-Length:
      - '0'
      Content-Type:
      - text/plain
    body:
      encoding: US-ASCII
      string: ''
    http_version: 
  recorded_at: Fri, 01 Feb 2013 13:45:00 GMT
- request:
    method: post
    uri: https://<CAPSULECRM_API_TOKEN>:x@<CAPSULECRM_ACCOUNT_NAME>.capsulecrm.com/api/party/37348927/opportunity
    body:
      encoding: US-ASCII
      string: ! "<?xml version=\"1.0\" encoding=\"UTF-8\"?>\n<opportunity>\n  <name>Membership
        at sponsor level</name>\n  <currency>GBP</currency>\n  <value type=\"integer\">25000</value>\n
        \ <milestone>New</milestone>\n  <probability type=\"integer\">10</probability>\n
        \ <description>Hey, I really want us to join the ODI!</description>\n  <duration
        type=\"integer\">3</duration>\n  <durationBasis>YEAR</durationBasis>\n  <expectedCloseDate
        type=\"date\">2013-04-01</expectedCloseDate>\n  <owner><CAPSULECRM_DEFAULT_OWNER></owner>\n</opportunity>\n"
    headers:
      Content-Type:
      - text/xml
  response:
    status:
      code: 201
      message: Created
    headers:
      Date:
      - Wed, 06 Mar 2013 21:28:54 GMT
      Server:
      - Apache
      Set-Cookie:
      - JSESSIONID=D57116060571887A36524F47A4443C09.nodec07; Path=/; Secure
      Location:
      - https://<CAPSULECRM_ACCOUNT_NAME>.capsulecrm.com/api/opportunity/1211972
      Content-Length:
      - '0'
      Content-Type:
      - text/plain
    body:
      encoding: US-ASCII
      string: ''
    http_version: 
  recorded_at: Fri, 01 Feb 2013 13:45:00 GMT
- request:
    method: put
    uri: https://<CAPSULECRM_API_TOKEN>:x@<CAPSULECRM_ACCOUNT_NAME>.capsulecrm.com/api/opportunity/1211972/customfields
    body:
      encoding: US-ASCII
      string: ! "<?xml version=\"1.0\" encoding=\"UTF-8\"?>\n<customFields>\n  <customField>\n
        \   <label>Type</label>\n    <text>Membership</text>\n    <tag nil=\"true\"/>\n
        \   <date nil=\"true\"/>\n    <boolean nil=\"true\"/>\n  </customField>\n</customFields>\n"
    headers:
      Content-Type:
      - text/xml
  response:
    status:
      code: 200
      message: OK
    headers:
      Date:
      - Wed, 06 Mar 2013 21:28:54 GMT
      Server:
      - Apache
      Set-Cookie:
      - JSESSIONID=AC92FF884589209EB3A0EBC125D82537.nodec02; Path=/; Secure
      Content-Length:
      - '178'
      Content-Type:
      - ! '*/*'
    body:
      encoding: US-ASCII
      string: <?xml version="1.0" encoding="UTF-8" standalone="yes"?><customFields
        size="1"><customField><id>1460705</id><label>Type</label><text>Membership</text></customField></customFields>
    http_version: 
  recorded_at: Fri, 01 Feb 2013 13:45:00 GMT
- request:
    method: post
    uri: https://<CAPSULECRM_API_TOKEN>:x@<CAPSULECRM_ACCOUNT_NAME>.capsulecrm.com/api/party/37348929/task
    body:
      encoding: US-ASCII
      string: ! "<?xml version=\"1.0\" encoding=\"UTF-8\"?>\n<task>\n  <description>Call
        Turk Turkleton to discuss sponsor membership</description>\n  <dueDateTime
        type=\"datetime\">2013-02-02T09:00:00+00:00</dueDateTime>\n  <owner><CAPSULECRM_DEFAULT_OWNER></owner>\n
        \ <category>Call</category>\n  <detail>Hey, I really want us to join the ODI!</detail>\n</task>\n"
    headers:
      Content-Type:
      - text/xml
  response:
    status:
      code: 201
      message: Created
    headers:
      Date:
      - Wed, 06 Mar 2013 21:28:55 GMT
      Server:
      - Apache
      Set-Cookie:
      - JSESSIONID=4296F9DE2EF01F79EF0E28C17E8445E9.nodec11; Path=/; Secure
      Location:
      - https://<CAPSULECRM_ACCOUNT_NAME>.capsulecrm.com/api/task/9801650
      Content-Length:
      - '0'
      Content-Type:
      - text/plain
    body:
      encoding: US-ASCII
      string: ''
    http_version: 
  recorded_at: Fri, 01 Feb 2013 13:45:00 GMT
- request:
    method: get
    uri: https://<CAPSULECRM_API_TOKEN>:x@<CAPSULECRM_ACCOUNT_NAME>.capsulecrm.com/api/party?q=ACME%20widgets%20Inc.
    body:
      encoding: US-ASCII
      string: ''
    headers:
      User-Agent:
      - CapsuleCRM ruby gem
  response:
    status:
      code: 200
      message: OK
    headers:
      Date:
      - Wed, 06 Mar 2013 21:28:55 GMT
      Server:
      - Apache
      Set-Cookie:
      - JSESSIONID=4CD8F50405C73E37BA7877DAB4416A61.nodec11; Path=/; Secure
      Content-Length:
      - '369'
      Content-Type:
      - ! '*/*'
    body:
      encoding: US-ASCII
      string: <?xml version="1.0" encoding="UTF-8" standalone="yes"?><parties size="1"><organisation><id>37348927</id><contacts/><pictureURL>https://d365sd3k9yw37.cloudfront.net/a/1362503395/theme/default/images/org_avatar_70.png</pictureURL><createdOn>2013-03-06T21:29:03Z</createdOn><updatedOn>2013-03-06T21:29:03Z</updatedOn><name>ACME
        widgets Inc.</name></organisation></parties>
    http_version: 
  recorded_at: Fri, 01 Feb 2013 13:45:00 GMT
- request:
    method: get
    uri: https://<CAPSULECRM_API_TOKEN>:x@<CAPSULECRM_ACCOUNT_NAME>.capsulecrm.com/api/party/37348927/opportunity
    body:
      encoding: US-ASCII
      string: ''
    headers:
      User-Agent:
      - CapsuleCRM ruby gem
  response:
    status:
      code: 200
      message: OK
    headers:
      Date:
      - Wed, 06 Mar 2013 21:28:56 GMT
      Server:
      - Apache
      Set-Cookie:
      - JSESSIONID=87333F6EB0506D38084ED3866D455042.nodec01; Path=/; Secure
      Content-Length:
      - '633'
      Content-Type:
      - ! '*/*'
    body:
      encoding: US-ASCII
      string: <?xml version="1.0" encoding="UTF-8" standalone="yes"?><opportunities
        size="1"><opportunity><id>1211972</id><name>Membership at sponsor level</name><description>Hey,
        I really want us to join the ODI!</description><partyId>37348927</partyId><currency>GBP</currency><value>25000.00</value><durationBasis>YEAR</durationBasis><duration>3</duration><expectedCloseDate>2013-04-01T00:00:00Z</expectedCloseDate><milestoneId>154048</milestoneId><milestone>New</milestone><probability>10</probability><owner><CAPSULECRM_DEFAULT_OWNER></owner><createdOn>2013-03-06T21:29:05Z</createdOn><updatedOn>2013-03-06T21:29:05Z</updatedOn></opportunity></opportunities>
    http_version: 
  recorded_at: Fri, 01 Feb 2013 13:45:00 GMT
- request:
    method: get
    uri: https://<CAPSULECRM_API_TOKEN>:x@<CAPSULECRM_ACCOUNT_NAME>.capsulecrm.com/api/opportunity/1211972/customfield
    body:
      encoding: US-ASCII
      string: ''
    headers:
      User-Agent:
      - CapsuleCRM ruby gem
  response:
    status:
      code: 200
      message: OK
    headers:
      Date:
      - Wed, 06 Mar 2013 21:28:56 GMT
      Server:
      - Apache
      Set-Cookie:
      - JSESSIONID=DE5999C67433FB999FDF3EE20CBADFFB.nodec05; Path=/; Secure
      Content-Length:
      - '178'
      Content-Type:
      - ! '*/*'
    body:
      encoding: US-ASCII
      string: <?xml version="1.0" encoding="UTF-8" standalone="yes"?><customFields
        size="1"><customField><id>1460705</id><label>Type</label><text>Membership</text></customField></customFields>
    http_version: 
  recorded_at: Fri, 01 Feb 2013 13:45:00 GMT
- request:
    method: delete
    uri: https://<CAPSULECRM_API_TOKEN>:x@<CAPSULECRM_ACCOUNT_NAME>.capsulecrm.com/api/party/37348927
    body:
      encoding: US-ASCII
      string: ''
    headers:
      User-Agent:
      - CapsuleCRM ruby gem
  response:
    status:
      code: 200
      message: OK
    headers:
      Date:
      - Wed, 06 Mar 2013 21:28:57 GMT
      Server:
      - Apache
      Set-Cookie:
      - JSESSIONID=C7A497A946DD6BF309DDA9BB7613C416.nodec09; Path=/; Secure
      Content-Length:
      - '0'
      Content-Type:
      - text/plain
    body:
      encoding: US-ASCII
      string: ''
    http_version: 
  recorded_at: Fri, 01 Feb 2013 13:45:00 GMT
recorded_with: VCR 2.4.0
