---
http_interactions:
- request:
    method: get
    uri: https://api.xero.com/api.xro/2.0/Contacts?where=Name%20==%20%22Bob%20Fish%20%3Cbob.fish@example.com%3E%22
    body:
      encoding: US-ASCII
      string: ''
    headers:
      Charset:
      - utf-8
      Accept:
      - ! '*/*'
      User-Agent:
      - OAuth gem v0.4.7
      Authorization:
      - OAuth oauth_consumer_key="<XERO_CONSUMER_KEY>", oauth_nonce="NQVVr5Jng3afPHq7xXF9aHEPHUmutqfxqkjDRlTQxE",
        oauth_signature="CTTxftzSVkMazLOt96C5c9ONqsA3EwiNMnl5QeVCDAn638FYJCmuASOA39pp3fKuitYWI4RZPImEN1UUfLpyRhcawTCOLr%2B6N05GlNByeuO9QQ4l3930rHMSWjFOh9KirxcIfISsByU65selUqARrF%2FqjALgptuk1MyA6OL6wjY%3D",
        oauth_signature_method="RSA-SHA1", oauth_timestamp="1360916755", oauth_token="<XERO_CONSUMER_KEY>",
        oauth_version="1.0"
  response:
    status:
      code: 200
      message: OK
    headers:
      Cache-Control:
      - private
      Content-Type:
      - text/xml; charset=utf-8
      Server:
      - Microsoft-IIS/7.5
      X-Aspnetmvc-Version:
      - '2.0'
      Www-Authenticate:
      - OAuth Realm="api.xero.com"
      X-Aspnet-Version:
      - 4.0.30319
      X-Powered-By:
      - TeamXero
      X-S:
      - 445758-O1VMAP01
      Date:
      - Fri, 15 Feb 2013 08:25:49 GMT
      Content-Length:
      - '303'
    body:
      encoding: US-ASCII
      string: ! "<Response xmlns:xsd=\"http://www.w3.org/2001/XMLSchema\" xmlns:xsi=\"http://www.w3.org/2001/XMLSchema-instance\">\r\n
        \ <Id>f9cfb567-58a7-468e-820a-509a5209dcb5</Id>\r\n  <Status>OK</Status>\r\n
        \ <ProviderName>open-orgn-services</ProviderName>\r\n  <DateTimeUTC>2013-02-15T08:25:49.489287Z</DateTimeUTC>\r\n</Response>"
    http_version: 
  recorded_at: Fri, 15 Feb 2013 08:25:56 GMT
- request:
    method: get
    uri: https://api.xero.com/api.xro/2.0/Contacts?where=Name%20==%20%22Bob%20Fish%20%3Cbob.fish@example.com%3E%22
    body:
      encoding: US-ASCII
      string: ''
    headers:
      Charset:
      - utf-8
      Accept:
      - ! '*/*'
      User-Agent:
      - OAuth gem v0.4.7
      Authorization:
      - OAuth oauth_consumer_key="<XERO_CONSUMER_KEY>", oauth_nonce="ycnp82HscLDCvcTqwEFQAZxBs0nzcz0LrERoDtzQrw",
        oauth_signature="jWP8%2B1RueSEscFKJ0jDVdlrH1nrJPMNOkrDZMaZ9LFwP4gnvSDX9OY35oYE4MxiKuBK8JmI3omG8Rlo12defwlNAijaeF4LKtQl39PEkv%2BOYDK8qB6%2FlzMlqRcUYG%2BEmAwXBdyK07gTbpXjVRyxfQmbEPUB%2FXtfkzI2CJPX1XH0%3D",
        oauth_signature_method="RSA-SHA1", oauth_timestamp="1360916756", oauth_token="<XERO_CONSUMER_KEY>",
        oauth_version="1.0"
  response:
    status:
      code: 200
      message: OK
    headers:
      Cache-Control:
      - private
      Content-Type:
      - text/xml; charset=utf-8
      Server:
      - Microsoft-IIS/7.5
      X-Aspnetmvc-Version:
      - '2.0'
      Www-Authenticate:
      - OAuth Realm="api.xero.com"
      X-Aspnet-Version:
      - 4.0.30319
      X-Powered-By:
      - TeamXero
      X-S:
      - 445758-O1VMAP01
      Date:
      - Fri, 15 Feb 2013 08:25:49 GMT
      Content-Length:
      - '303'
    body:
      encoding: US-ASCII
      string: ! "<Response xmlns:xsd=\"http://www.w3.org/2001/XMLSchema\" xmlns:xsi=\"http://www.w3.org/2001/XMLSchema-instance\">\r\n
        \ <Id>4c5574db-d135-450b-80c6-cc3e1947d21e</Id>\r\n  <Status>OK</Status>\r\n
        \ <ProviderName>open-orgn-services</ProviderName>\r\n  <DateTimeUTC>2013-02-15T08:25:50.269277Z</DateTimeUTC>\r\n</Response>"
    http_version: 
  recorded_at: Fri, 15 Feb 2013 08:25:57 GMT
- request:
    method: put
    uri: https://api.xero.com/api.xro/2.0/Contacts
    body:
      encoding: US-ASCII
      string: xml=%3CContact%3E%0A%20%20%3CName%3EBob%20Fish%20%26lt%3Bbob.fish%40example.com%26gt%3B%3C%2FName%3E%0A%20%20%3CEmailAddress%3Ebob.fish%40example.com%3C%2FEmailAddress%3E%0A%20%20%3CPhones%3E%0A%20%20%20%20%3CPhone%3E%0A%20%20%20%20%20%20%3CPhoneType%3EDEFAULT%3C%2FPhoneType%3E%0A%20%20%20%20%20%20%3CPhoneNumber%3E01234%20098765%3C%2FPhoneNumber%3E%0A%20%20%20%20%3C%2FPhone%3E%0A%20%20%3C%2FPhones%3E%0A%20%20%3CAddresses%3E%0A%20%20%20%20%3CAddress%3E%0A%20%20%20%20%20%20%3CAddressType%3EPOBOX%3C%2FAddressType%3E%0A%20%20%20%20%20%20%3CAddressLine1%3E29%20Acacia%20Road%3C%2FAddressLine1%3E%0A%20%20%20%20%20%20%3CAddressLine2%3EThe%20Posh%20End%3C%2FAddressLine2%3E%0A%20%20%20%20%20%20%3CCity%3EDandytown%3C%2FCity%3E%0A%20%20%20%20%20%20%3CRegion%3ENuttyshire%3C%2FRegion%3E%0A%20%20%20%20%20%20%3CCountry%3EUK%3C%2FCountry%3E%0A%20%20%20%20%20%20%3CPostalCode%3ENT4%203HG%3C%2FPostalCode%3E%0A%20%20%20%20%3C%2FAddress%3E%0A%20%20%3C%2FAddresses%3E%0A%3C%2FContact%3E%0A
    headers:
      Charset:
      - utf-8
      Content-Type:
      - application/x-www-form-urlencoded
      Accept:
      - ! '*/*'
      User-Agent:
      - OAuth gem v0.4.7
      Content-Length:
      - '0'
      Authorization:
      - OAuth oauth_consumer_key="<XERO_CONSUMER_KEY>", oauth_nonce="qdEAziIBsJsVDQR0Q7evqLe6p4ygDo0de7BkEfw4Gc",
        oauth_signature="rhCLggnIptf%2F7SvttmUz5ou7wQx%2F4vrdO7ApfEADBgucHNzgfcGHhE8H%2Bokau1UuVcimLlQ0H6CuxBu3ETLisx3tgjnQthQsIcx%2F0PsoZIDu3okx0bMml%2BHZnKalTqzC3pDjFMjFKYApfYGST1vGKRmrplzPa90%2FSkPtqmDTexA%3D",
        oauth_signature_method="RSA-SHA1", oauth_timestamp="1360916757", oauth_token="<XERO_CONSUMER_KEY>",
        oauth_version="1.0"
  response:
    status:
      code: 200
      message: OK
    headers:
      Cache-Control:
      - private
      Content-Type:
      - text/xml; charset=utf-8
      Server:
      - Microsoft-IIS/7.5
      X-Aspnetmvc-Version:
      - '2.0'
      Www-Authenticate:
      - OAuth Realm="api.xero.com"
      X-Aspnet-Version:
      - 4.0.30319
      X-Powered-By:
      - TeamXero
      X-S:
      - 445758-O1VMAP01
      Date:
      - Fri, 15 Feb 2013 08:25:51 GMT
      Content-Length:
      - '1578'
    body:
      encoding: US-ASCII
      string: ! "<Response xmlns:xsd=\"http://www.w3.org/2001/XMLSchema\" xmlns:xsi=\"http://www.w3.org/2001/XMLSchema-instance\">\r\n
        \ <Id>3cbaed38-5250-43db-87e9-29c46abc9703</Id>\r\n  <Status>OK</Status>\r\n
        \ <ProviderName>open-orgn-services</ProviderName>\r\n  <DateTimeUTC>2013-02-15T08:25:51.1116662Z</DateTimeUTC>\r\n
        \ <Contacts>\r\n    <Contact>\r\n      <ContactID>77443912-d4f6-42e3-afb2-55d3215f89a4</ContactID>\r\n
        \     <ContactStatus>ACTIVE</ContactStatus>\r\n      <Name>Bob Fish &lt;bob.fish@example.com&gt;</Name>\r\n
        \     <EmailAddress>bob.fish@example.com</EmailAddress>\r\n      <Addresses>\r\n
        \       <Address>\r\n          <AddressType>STREET</AddressType>\r\n        </Address>\r\n
        \       <Address>\r\n          <AddressType>POBOX</AddressType>\r\n          <AddressLine1>29
        Acacia Road</AddressLine1>\r\n          <AddressLine2>The Posh End</AddressLine2>\r\n
        \         <City>Dandytown</City>\r\n          <Region>Nuttyshire</Region>\r\n
        \         <PostalCode>NT4 3HG</PostalCode>\r\n          <Country>UK</Country>\r\n
        \       </Address>\r\n      </Addresses>\r\n      <Phones>\r\n        <Phone>\r\n
        \         <PhoneType>FAX</PhoneType>\r\n        </Phone>\r\n        <Phone>\r\n
        \         <PhoneType>DEFAULT</PhoneType>\r\n          <PhoneNumber>01234 098765</PhoneNumber>\r\n
        \       </Phone>\r\n        <Phone>\r\n          <PhoneType>MOBILE</PhoneType>\r\n
        \       </Phone>\r\n        <Phone>\r\n          <PhoneType>DDI</PhoneType>\r\n
        \       </Phone>\r\n      </Phones>\r\n      <UpdatedDateUTC>2013-02-15T08:25:51.097</UpdatedDateUTC>\r\n
        \     <IsSupplier>false</IsSupplier>\r\n      <IsCustomer>false</IsCustomer>\r\n
        \   </Contact>\r\n  </Contacts>\r\n</Response>"
    http_version: 
  recorded_at: Fri, 15 Feb 2013 08:25:58 GMT
- request:
    method: post
    uri: https://api.xero.com/api.xro/2.0/Contacts
    body:
      encoding: US-ASCII
      string: xml=%3CContact%3E%0A%20%20%3CContactID%3E77443912-d4f6-42e3-afb2-55d3215f89a4%3C%2FContactID%3E%0A%20%20%3CContactStatus%3EACTIVE%3C%2FContactStatus%3E%0A%20%20%3CName%3EBob%20Fish%20%26lt%3Bbob.fish%40example.com%26gt%3B%3C%2FName%3E%0A%20%20%3CEmailAddress%3Ebob.fish%40example.com%3C%2FEmailAddress%3E%0A%20%20%3CAddresses%3E%0A%20%20%20%20%3CAddress%3E%0A%20%20%20%20%20%20%3CAddressType%3ESTREET%3C%2FAddressType%3E%0A%20%20%20%20%3C%2FAddress%3E%0A%20%20%20%20%3CAddress%3E%0A%20%20%20%20%20%20%3CAddressType%3EPOBOX%3C%2FAddressType%3E%0A%20%20%20%20%20%20%3CAddressLine1%3E29%20Acacia%20Road%3C%2FAddressLine1%3E%0A%20%20%20%20%20%20%3CAddressLine2%3EThe%20Posh%20End%3C%2FAddressLine2%3E%0A%20%20%20%20%20%20%3CCity%3EDandytown%3C%2FCity%3E%0A%20%20%20%20%20%20%3CRegion%3ENuttyshire%3C%2FRegion%3E%0A%20%20%20%20%20%20%3CPostalCode%3ENT4%203HG%3C%2FPostalCode%3E%0A%20%20%20%20%20%20%3CCountry%3EUK%3C%2FCountry%3E%0A%20%20%20%20%3C%2FAddress%3E%0A%20%20%3C%2FAddresses%3E%0A%20%20%3CPhones%3E%0A%20%20%20%20%3CPhone%3E%0A%20%20%20%20%20%20%3CPhoneType%3EFAX%3C%2FPhoneType%3E%0A%20%20%20%20%3C%2FPhone%3E%0A%20%20%20%20%3CPhone%3E%0A%20%20%20%20%20%20%3CPhoneType%3EDEFAULT%3C%2FPhoneType%3E%0A%20%20%20%20%20%20%3CPhoneNumber%3E01234%20098765%3C%2FPhoneNumber%3E%0A%20%20%20%20%3C%2FPhone%3E%0A%20%20%20%20%3CPhone%3E%0A%20%20%20%20%20%20%3CPhoneType%3EMOBILE%3C%2FPhoneType%3E%0A%20%20%20%20%3C%2FPhone%3E%0A%20%20%20%20%3CPhone%3E%0A%20%20%20%20%20%20%3CPhoneType%3EDDI%3C%2FPhoneType%3E%0A%20%20%20%20%3C%2FPhone%3E%0A%20%20%3C%2FPhones%3E%0A%20%20%3CUpdatedDateUTC%3E2013-02-15T08%3A25%3A51%3C%2FUpdatedDateUTC%3E%0A%20%20%3CIsSupplier%3Efalse%3C%2FIsSupplier%3E%0A%20%20%3CIsCustomer%3Efalse%3C%2FIsCustomer%3E%0A%3C%2FContact%3E%0A
    headers:
      Charset:
      - utf-8
      Content-Type:
      - application/x-www-form-urlencoded
      Accept:
      - ! '*/*'
      User-Agent:
      - OAuth gem v0.4.7
      Content-Length:
      - '0'
      Authorization:
      - OAuth oauth_consumer_key="<XERO_CONSUMER_KEY>", oauth_nonce="q2bdxqvwg49GkwhWMKm65MgEcxFwgzmtDdpdxxG47w",
        oauth_signature="qyzPSk3x9Zg5IyiGMl8Vo2KmgaxNp6QQ%2F5F%2F4ZLGLgwVlIjnSloeWkr39UL%2BYDOh%2BeSI9%2F7DmpUg%2FAz8RHUQDbTl8Y482eil9c1ds2tRYo4F5v%2BQZn5ESNtLUKUkiOhzH6VXRQliGRGHWBg6qjqfcBOQam0MJ44pBWtu1Ep4ezw%3D",
        oauth_signature_method="RSA-SHA1", oauth_timestamp="1360916758", oauth_token="<XERO_CONSUMER_KEY>",
        oauth_version="1.0"
  response:
    status:
      code: 200
      message: OK
    headers:
      Cache-Control:
      - private
      Content-Type:
      - text/xml; charset=utf-8
      Server:
      - Microsoft-IIS/7.5
      X-Aspnetmvc-Version:
      - '2.0'
      Www-Authenticate:
      - OAuth Realm="api.xero.com"
      X-Aspnet-Version:
      - 4.0.30319
      X-Powered-By:
      - TeamXero
      X-S:
      - 445758-O1VMAP01
      Date:
      - Fri, 15 Feb 2013 08:25:51 GMT
      Content-Length:
      - '1578'
    body:
      encoding: US-ASCII
      string: ! "<Response xmlns:xsd=\"http://www.w3.org/2001/XMLSchema\" xmlns:xsi=\"http://www.w3.org/2001/XMLSchema-instance\">\r\n
        \ <Id>7267df03-a3a4-4077-9519-5ee45cd9aea5</Id>\r\n  <Status>OK</Status>\r\n
        \ <ProviderName>open-orgn-services</ProviderName>\r\n  <DateTimeUTC>2013-02-15T08:25:51.8136572Z</DateTimeUTC>\r\n
        \ <Contacts>\r\n    <Contact>\r\n      <ContactID>77443912-d4f6-42e3-afb2-55d3215f89a4</ContactID>\r\n
        \     <ContactStatus>ACTIVE</ContactStatus>\r\n      <Name>Bob Fish &lt;bob.fish@example.com&gt;</Name>\r\n
        \     <EmailAddress>bob.fish@example.com</EmailAddress>\r\n      <Addresses>\r\n
        \       <Address>\r\n          <AddressType>STREET</AddressType>\r\n        </Address>\r\n
        \       <Address>\r\n          <AddressType>POBOX</AddressType>\r\n          <AddressLine1>29
        Acacia Road</AddressLine1>\r\n          <AddressLine2>The Posh End</AddressLine2>\r\n
        \         <City>Dandytown</City>\r\n          <Region>Nuttyshire</Region>\r\n
        \         <PostalCode>NT4 3HG</PostalCode>\r\n          <Country>UK</Country>\r\n
        \       </Address>\r\n      </Addresses>\r\n      <Phones>\r\n        <Phone>\r\n
        \         <PhoneType>FAX</PhoneType>\r\n        </Phone>\r\n        <Phone>\r\n
        \         <PhoneType>DEFAULT</PhoneType>\r\n          <PhoneNumber>01234 098765</PhoneNumber>\r\n
        \       </Phone>\r\n        <Phone>\r\n          <PhoneType>MOBILE</PhoneType>\r\n
        \       </Phone>\r\n        <Phone>\r\n          <PhoneType>DDI</PhoneType>\r\n
        \       </Phone>\r\n      </Phones>\r\n      <UpdatedDateUTC>2013-02-15T08:25:51.097</UpdatedDateUTC>\r\n
        \     <IsSupplier>false</IsSupplier>\r\n      <IsCustomer>false</IsCustomer>\r\n
        \   </Contact>\r\n  </Contacts>\r\n</Response>"
    http_version: 
  recorded_at: Fri, 15 Feb 2013 08:25:58 GMT
- request:
    method: get
    uri: https://api.xero.com/api.xro/2.0/Contacts?where=Name%20==%20%22Bob%20Fish%20%3Cbob.fish@example.com%3E%22
    body:
      encoding: US-ASCII
      string: ''
    headers:
      Charset:
      - utf-8
      Accept:
      - ! '*/*'
      User-Agent:
      - OAuth gem v0.4.7
      Authorization:
      - OAuth oauth_consumer_key="<XERO_CONSUMER_KEY>", oauth_nonce="0GV9o0eeYWctQHnzd22j0Mu5ma1hdPdAJaoWxM6yhJg",
        oauth_signature="bV7SfknKtbU%2FhZGmTSzjC0KKs2yJ%2B8j0lGLSFogtLmmHJGuTxAgOLh8wG458MYR%2BOnn15ObsOy%2BGcWDVu3FDrygDLJfeB%2BoCCp0g%2B8zgqmdB1jhIntH2LCzQ9b6MQwp8hA%2B9W6scOZwUwSVx951VepsObKhY9AenJiP36TngR9s%3D",
        oauth_signature_method="RSA-SHA1", oauth_timestamp="1360916758", oauth_token="<XERO_CONSUMER_KEY>",
        oauth_version="1.0"
  response:
    status:
      code: 200
      message: OK
    headers:
      Cache-Control:
      - private
      Content-Type:
      - text/xml; charset=utf-8
      Server:
      - Microsoft-IIS/7.5
      X-Aspnetmvc-Version:
      - '2.0'
      Www-Authenticate:
      - OAuth Realm="api.xero.com"
      X-Aspnet-Version:
      - 4.0.30319
      X-Powered-By:
      - TeamXero
      X-S:
      - 445758-O1VMAP01
      Date:
      - Fri, 15 Feb 2013 08:25:52 GMT
      Content-Length:
      - '1578'
    body:
      encoding: US-ASCII
      string: ! "<Response xmlns:xsd=\"http://www.w3.org/2001/XMLSchema\" xmlns:xsi=\"http://www.w3.org/2001/XMLSchema-instance\">\r\n
        \ <Id>4baf5a21-2f84-4f52-ac51-195958a0028d</Id>\r\n  <Status>OK</Status>\r\n
        \ <ProviderName>open-orgn-services</ProviderName>\r\n  <DateTimeUTC>2013-02-15T08:25:52.4844486Z</DateTimeUTC>\r\n
        \ <Contacts>\r\n    <Contact>\r\n      <ContactID>77443912-d4f6-42e3-afb2-55d3215f89a4</ContactID>\r\n
        \     <ContactStatus>ACTIVE</ContactStatus>\r\n      <Name>Bob Fish &lt;bob.fish@example.com&gt;</Name>\r\n
        \     <EmailAddress>bob.fish@example.com</EmailAddress>\r\n      <Addresses>\r\n
        \       <Address>\r\n          <AddressType>STREET</AddressType>\r\n        </Address>\r\n
        \       <Address>\r\n          <AddressType>POBOX</AddressType>\r\n          <AddressLine1>29
        Acacia Road</AddressLine1>\r\n          <AddressLine2>The Posh End</AddressLine2>\r\n
        \         <City>Dandytown</City>\r\n          <Region>Nuttyshire</Region>\r\n
        \         <PostalCode>NT4 3HG</PostalCode>\r\n          <Country>UK</Country>\r\n
        \       </Address>\r\n      </Addresses>\r\n      <Phones>\r\n        <Phone>\r\n
        \         <PhoneType>DDI</PhoneType>\r\n        </Phone>\r\n        <Phone>\r\n
        \         <PhoneType>DEFAULT</PhoneType>\r\n          <PhoneNumber>01234 098765</PhoneNumber>\r\n
        \       </Phone>\r\n        <Phone>\r\n          <PhoneType>FAX</PhoneType>\r\n
        \       </Phone>\r\n        <Phone>\r\n          <PhoneType>MOBILE</PhoneType>\r\n
        \       </Phone>\r\n      </Phones>\r\n      <UpdatedDateUTC>2013-02-15T08:25:51.097</UpdatedDateUTC>\r\n
        \     <IsSupplier>false</IsSupplier>\r\n      <IsCustomer>false</IsCustomer>\r\n
        \   </Contact>\r\n  </Contacts>\r\n</Response>"
    http_version: 
  recorded_at: Fri, 15 Feb 2013 08:25:59 GMT
- request:
    method: post
    uri: https://api.xero.com/api.xro/2.0/Contacts
    body:
      encoding: US-ASCII
      string: xml=%3CContact%3E%0A%20%20%3CContactID%3E77443912-d4f6-42e3-afb2-55d3215f89a4%3C%2FContactID%3E%0A%20%20%3CContactStatus%3EACTIVE%3C%2FContactStatus%3E%0A%20%20%3CName%3EBob%20Fish%20%26lt%3Bbob.fish%40example.com%26gt%3B%2077443912-d4f6-42e3-afb2-55d3215f89a4%3C%2FName%3E%0A%20%20%3CEmailAddress%3Ebob.fish%40example.com%3C%2FEmailAddress%3E%0A%20%20%3CAddresses%3E%0A%20%20%20%20%3CAddress%3E%0A%20%20%20%20%20%20%3CAddressType%3EPOBOX%3C%2FAddressType%3E%0A%20%20%20%20%3C%2FAddress%3E%0A%20%20%20%20%3CAddress%3E%0A%20%20%20%20%20%20%3CAddressType%3EPOBOX%3C%2FAddressType%3E%0A%20%20%20%20%20%20%3CAddressLine1%3E29%20Acacia%20Road%3C%2FAddressLine1%3E%0A%20%20%20%20%20%20%3CAddressLine2%3EThe%20Posh%20End%3C%2FAddressLine2%3E%0A%20%20%20%20%20%20%3CCity%3EDandytown%3C%2FCity%3E%0A%20%20%20%20%20%20%3CRegion%3ENuttyshire%3C%2FRegion%3E%0A%20%20%20%20%20%20%3CPostalCode%3ENT4%203HG%3C%2FPostalCode%3E%0A%20%20%20%20%20%20%3CCountry%3EUK%3C%2FCountry%3E%0A%20%20%20%20%3C%2FAddress%3E%0A%20%20%3C%2FAddresses%3E%0A%20%20%3CPhones%3E%0A%20%20%20%20%3CPhone%3E%0A%20%20%20%20%20%20%3CPhoneType%3EDDI%3C%2FPhoneType%3E%0A%20%20%20%20%3C%2FPhone%3E%0A%20%20%20%20%3CPhone%3E%0A%20%20%20%20%20%20%3CPhoneType%3EDEFAULT%3C%2FPhoneType%3E%0A%20%20%20%20%20%20%3CPhoneNumber%3E01234%20098765%3C%2FPhoneNumber%3E%0A%20%20%20%20%3C%2FPhone%3E%0A%20%20%20%20%3CPhone%3E%0A%20%20%20%20%20%20%3CPhoneType%3EFAX%3C%2FPhoneType%3E%0A%20%20%20%20%3C%2FPhone%3E%0A%20%20%20%20%3CPhone%3E%0A%20%20%20%20%20%20%3CPhoneType%3EMOBILE%3C%2FPhoneType%3E%0A%20%20%20%20%3C%2FPhone%3E%0A%20%20%3C%2FPhones%3E%0A%20%20%3CUpdatedDateUTC%3E2013-02-15T08%3A25%3A51%3C%2FUpdatedDateUTC%3E%0A%20%20%3CIsSupplier%3Efalse%3C%2FIsSupplier%3E%0A%20%20%3CIsCustomer%3Efalse%3C%2FIsCustomer%3E%0A%3C%2FContact%3E%0A
    headers:
      Charset:
      - utf-8
      Content-Type:
      - application/x-www-form-urlencoded
      Accept:
      - ! '*/*'
      User-Agent:
      - OAuth gem v0.4.7
      Content-Length:
      - '0'
      Authorization:
      - OAuth oauth_consumer_key="<XERO_CONSUMER_KEY>", oauth_nonce="0tcVkgdrspDpEE6Oh16VAC9IKiItr1EcrQvMBteThY",
        oauth_signature="iJUc9GuxGsSyLiNPGIjD%2BsDCCNOmmNm4IbBwZrPosplO24OpauJHnq5hKEcwxe7wbeCVrEpuWI2cmwRAy0uHo%2B2PDvZFUDLeeACrUiZBSwlfrRU%2FkyxdFXD5PcjvdD9dAf4SB2vt16bdc0PX293rwJW8J8CAiKF9VfYRJ30KJUU%3D",
        oauth_signature_method="RSA-SHA1", oauth_timestamp="1360916759", oauth_token="<XERO_CONSUMER_KEY>",
        oauth_version="1.0"
  response:
    status:
      code: 200
      message: OK
    headers:
      Cache-Control:
      - private
      Content-Type:
      - text/xml; charset=utf-8
      Server:
      - Microsoft-IIS/7.5
      X-Aspnetmvc-Version:
      - '2.0'
      Www-Authenticate:
      - OAuth Realm="api.xero.com"
      X-Aspnet-Version:
      - 4.0.30319
      X-Powered-By:
      - TeamXero
      X-S:
      - 445758-O1VMAP01
      Date:
      - Fri, 15 Feb 2013 08:25:52 GMT
      Content-Length:
      - '1614'
    body:
      encoding: US-ASCII
      string: ! "<Response xmlns:xsd=\"http://www.w3.org/2001/XMLSchema\" xmlns:xsi=\"http://www.w3.org/2001/XMLSchema-instance\">\r\n
        \ <Id>e07b2fc7-c20f-4223-aed2-18c3acde2ddb</Id>\r\n  <Status>OK</Status>\r\n
        \ <ProviderName>open-orgn-services</ProviderName>\r\n  <DateTimeUTC>2013-02-15T08:25:53.2956382Z</DateTimeUTC>\r\n
        \ <Contacts>\r\n    <Contact>\r\n      <ContactID>77443912-d4f6-42e3-afb2-55d3215f89a4</ContactID>\r\n
        \     <ContactStatus>ACTIVE</ContactStatus>\r\n      <Name>Bob Fish &lt;bob.fish@example.com&gt;
        77443912-d4f6-42e3-afb2-55d3215f89a4</Name>\r\n      <EmailAddress>bob.fish@example.com</EmailAddress>\r\n
        \     <Addresses>\r\n        <Address>\r\n          <AddressType>STREET</AddressType>\r\n
        \       </Address>\r\n        <Address>\r\n          <AddressType>POBOX</AddressType>\r\n
        \         <AddressLine1>29 Acacia Road</AddressLine1>\r\n          <AddressLine2>The
        Posh End</AddressLine2>\r\n          <City>Dandytown</City>\r\n          <Region>Nuttyshire</Region>\r\n
        \         <PostalCode>NT4 3HG</PostalCode>\r\n          <Country>UK</Country>\r\n
        \       </Address>\r\n      </Addresses>\r\n      <Phones>\r\n        <Phone>\r\n
        \         <PhoneType>FAX</PhoneType>\r\n        </Phone>\r\n        <Phone>\r\n
        \         <PhoneType>DEFAULT</PhoneType>\r\n          <PhoneNumber>01234 098765</PhoneNumber>\r\n
        \       </Phone>\r\n        <Phone>\r\n          <PhoneType>MOBILE</PhoneType>\r\n
        \       </Phone>\r\n        <Phone>\r\n          <PhoneType>DDI</PhoneType>\r\n
        \       </Phone>\r\n      </Phones>\r\n      <UpdatedDateUTC>2013-02-15T08:25:53.28</UpdatedDateUTC>\r\n
        \     <IsSupplier>false</IsSupplier>\r\n      <IsCustomer>false</IsCustomer>\r\n
        \   </Contact>\r\n  </Contacts>\r\n</Response>"
    http_version: 
  recorded_at: Fri, 15 Feb 2013 08:26:00 GMT
recorded_with: VCR 2.4.0
