---
http_interactions:
- request:
    method: get
    uri: https://api.xero.com/api.xro/2.0/Contacts?where=Name%2B==%2B%22Existing%2BCompany%2BInc.%22
    body:
      encoding: US-ASCII
      string: ''
    headers:
      Charset:
      - utf-8
      Accept:
      - ! '*/*'
      User-Agent:
      - OAuth gem v0.4.7
      Authorization:
      - OAuth oauth_consumer_key="<XERO_CONSUMER_KEY>", oauth_nonce="3dL5Ev6VNNUQCcSCPYbOx8NMDHhUmmz0UvpIUSRQM",
        oauth_signature="I85ci2GrujVk36h3B8YFrVVauDZznhSRem8nH%2Fslq2AVOfm%2BjfZhUBMX1O1TJO5Js4JhvUzdMjLfw8oxlk4%2BJQ7nzqnCJIUyvGYram5t%2BiEgteuc0R22LBmOZsKYzRGQj%2BCcG7LWMs9gBj%2B%2Fks9YIiNEXQH1ZJ6ZUqOKrJj6SJI%3D",
        oauth_signature_method="RSA-SHA1", oauth_timestamp="1362156867", oauth_token="<XERO_CONSUMER_KEY>",
        oauth_version="1.0"
  response:
    status:
      code: 200
      message: OK
    headers:
      Cache-Control:
      - private
      Content-Type:
      - text/xml; charset=utf-8
      Server:
      - Microsoft-IIS/7.5
      X-Aspnetmvc-Version:
      - '2.0'
      Www-Authenticate:
      - OAuth Realm="api.xero.com"
      X-Aspnet-Version:
      - 4.0.30319
      X-Powered-By:
      - TeamXero
      X-S:
      - 445760-O1VMAP03
      Date:
      - Fri, 01 Mar 2013 16:54:20 GMT
      Content-Length:
      - '1194'
    body:
      encoding: US-ASCII
      string: ! "<Response xmlns:xsd=\"http://www.w3.org/2001/XMLSchema\" xmlns:xsi=\"http://www.w3.org/2001/XMLSchema-instance\">\r\n
        \ <Id>726995d0-3376-4b93-8383-8567eb5a7923</Id>\r\n  <Status>OK</Status>\r\n
        \ <ProviderName>open-orgn-services</ProviderName>\r\n  <DateTimeUTC>2013-03-01T16:54:20.2650555Z</DateTimeUTC>\r\n
        \ <Contacts>\r\n    <Contact>\r\n      <ContactID>214814d5-64bb-409b-8000-764aa0da91df</ContactID>\r\n
        \     <ContactStatus>ACTIVE</ContactStatus>\r\n      <Name>Existing Company
        Inc.</Name>\r\n      <Addresses>\r\n        <Address>\r\n          <AddressType>POBOX</AddressType>\r\n
        \       </Address>\r\n        <Address>\r\n          <AddressType>STREET</AddressType>\r\n
        \       </Address>\r\n      </Addresses>\r\n      <Phones>\r\n        <Phone>\r\n
        \         <PhoneType>DDI</PhoneType>\r\n        </Phone>\r\n        <Phone>\r\n
        \         <PhoneType>DEFAULT</PhoneType>\r\n        </Phone>\r\n        <Phone>\r\n
        \         <PhoneType>FAX</PhoneType>\r\n        </Phone>\r\n        <Phone>\r\n
        \         <PhoneType>MOBILE</PhoneType>\r\n        </Phone>\r\n      </Phones>\r\n
        \     <UpdatedDateUTC>2013-02-12T08:29:03.76</UpdatedDateUTC>\r\n      <IsSupplier>false</IsSupplier>\r\n
        \     <IsCustomer>true</IsCustomer>\r\n    </Contact>\r\n  </Contacts>\r\n</Response>"
    http_version: 
  recorded_at: Fri, 01 Mar 2013 16:54:28 GMT
- request:
    method: get
    uri: https://api.xero.com/api.xro/2.0/Invoices?where=Contact.ContactID%2B=%2BGUID(%22214814d5-64bb-409b-8000-764aa0da91df%22)%2BAND%2BStatus%2B!=%2B%22DELETED%22
    body:
      encoding: US-ASCII
      string: ''
    headers:
      Charset:
      - utf-8
      Accept:
      - ! '*/*'
      User-Agent:
      - OAuth gem v0.4.7
      Authorization:
      - OAuth oauth_consumer_key="<XERO_CONSUMER_KEY>", oauth_nonce="Ms5pkSN5KU7PAUjJT6arl7c4WvKyAyFhG17ddBtoUIg",
        oauth_signature="dwZVhw4w8c1sj5%2FyA1IabMMN%2FtvH5F4SM%2B9ZByj3C9fpBLmTWXql5AK7Hbjq3okoXgM1pXjtwxtC%2F0PEzSGNmF74qNh5%2FKCxUpDPyQevamDKPHqHpfSctnoePYJc%2FQZusmfI79cjcM%2BRy9%2FnVojhiFwyNr0YlGrBxfYegbfP8Zs%3D",
        oauth_signature_method="RSA-SHA1", oauth_timestamp="1362156868", oauth_token="<XERO_CONSUMER_KEY>",
        oauth_version="1.0"
  response:
    status:
      code: 200
      message: OK
    headers:
      Cache-Control:
      - private
      Content-Type:
      - text/xml; charset=utf-8
      Server:
      - Microsoft-IIS/7.5
      X-Aspnetmvc-Version:
      - '2.0'
      Www-Authenticate:
      - OAuth Realm="api.xero.com"
      X-Aspnet-Version:
      - 4.0.30319
      X-Powered-By:
      - TeamXero
      X-S:
      - 445760-O1VMAP03
      Date:
      - Fri, 01 Mar 2013 16:54:21 GMT
      Content-Length:
      - '304'
    body:
      encoding: US-ASCII
      string: ! "<Response xmlns:xsd=\"http://www.w3.org/2001/XMLSchema\" xmlns:xsi=\"http://www.w3.org/2001/XMLSchema-instance\">\r\n
        \ <Id>711b1a85-e795-4515-802f-7da69d8db4e3</Id>\r\n  <Status>OK</Status>\r\n
        \ <ProviderName>open-orgn-services</ProviderName>\r\n  <DateTimeUTC>2013-03-01T16:54:21.3726697Z</DateTimeUTC>\r\n</Response>"
    http_version: 
  recorded_at: Fri, 01 Mar 2013 16:54:29 GMT
- request:
    method: get
    uri: https://api.xero.com/api.xro/2.0/Contacts?where=Name%2B==%2B%22Existing%2BCompany%2BInc.%22
    body:
      encoding: US-ASCII
      string: ''
    headers:
      Charset:
      - utf-8
      Accept:
      - ! '*/*'
      User-Agent:
      - OAuth gem v0.4.7
      Authorization:
      - OAuth oauth_consumer_key="<XERO_CONSUMER_KEY>", oauth_nonce="WDzp4cwTdu2fgOprQnxvAAcidwUkUpamENlm2h6Zc",
        oauth_signature="ZRZ0ph1zAwvxU6l4SmpP%2B4deZsNIaYVpVBxLi%2FeM453MXU4p2ElpmsJFi8ircxjpmzvGC6eM1A790FtCWjw4%2Fc4RI%2B8f4MeBLppk1lvMYK6NDxbeqWvqq7Eq9Kr7KAH0JHR3MsjiSgTPR8jdvZQOqP9JzzsXGmvW%2FnYG5NO8GzE%3D",
        oauth_signature_method="RSA-SHA1", oauth_timestamp="1362156869", oauth_token="<XERO_CONSUMER_KEY>",
        oauth_version="1.0"
  response:
    status:
      code: 200
      message: OK
    headers:
      Cache-Control:
      - private
      Content-Type:
      - text/xml; charset=utf-8
      Server:
      - Microsoft-IIS/7.5
      X-Aspnetmvc-Version:
      - '2.0'
      Www-Authenticate:
      - OAuth Realm="api.xero.com"
      X-Aspnet-Version:
      - 4.0.30319
      X-Powered-By:
      - TeamXero
      X-S:
      - 445760-O1VMAP03
      Date:
      - Fri, 01 Mar 2013 16:54:21 GMT
      Content-Length:
      - '1194'
    body:
      encoding: US-ASCII
      string: ! "<Response xmlns:xsd=\"http://www.w3.org/2001/XMLSchema\" xmlns:xsi=\"http://www.w3.org/2001/XMLSchema-instance\">\r\n
        \ <Id>a43ebe94-d2ed-4b5b-b3b0-88554a1a4945</Id>\r\n  <Status>OK</Status>\r\n
        \ <ProviderName>open-orgn-services</ProviderName>\r\n  <DateTimeUTC>2013-03-01T16:54:22.3086817Z</DateTimeUTC>\r\n
        \ <Contacts>\r\n    <Contact>\r\n      <ContactID>214814d5-64bb-409b-8000-764aa0da91df</ContactID>\r\n
        \     <ContactStatus>ACTIVE</ContactStatus>\r\n      <Name>Existing Company
        Inc.</Name>\r\n      <Addresses>\r\n        <Address>\r\n          <AddressType>POBOX</AddressType>\r\n
        \       </Address>\r\n        <Address>\r\n          <AddressType>STREET</AddressType>\r\n
        \       </Address>\r\n      </Addresses>\r\n      <Phones>\r\n        <Phone>\r\n
        \         <PhoneType>DDI</PhoneType>\r\n        </Phone>\r\n        <Phone>\r\n
        \         <PhoneType>DEFAULT</PhoneType>\r\n        </Phone>\r\n        <Phone>\r\n
        \         <PhoneType>FAX</PhoneType>\r\n        </Phone>\r\n        <Phone>\r\n
        \         <PhoneType>MOBILE</PhoneType>\r\n        </Phone>\r\n      </Phones>\r\n
        \     <UpdatedDateUTC>2013-02-12T08:29:03.76</UpdatedDateUTC>\r\n      <IsSupplier>false</IsSupplier>\r\n
        \     <IsCustomer>true</IsCustomer>\r\n    </Contact>\r\n  </Contacts>\r\n</Response>"
    http_version: 
  recorded_at: Fri, 01 Mar 2013 16:54:30 GMT
- request:
    method: get
    uri: https://api.xero.com/api.xro/2.0/Invoices?where=Contact.ContactID%2B=%2BGUID(%22214814d5-64bb-409b-8000-764aa0da91df%22)%2BAND%2BStatus%2B!=%2B%22DELETED%22
    body:
      encoding: US-ASCII
      string: ''
    headers:
      Charset:
      - utf-8
      Accept:
      - ! '*/*'
      User-Agent:
      - OAuth gem v0.4.7
      Authorization:
      - OAuth oauth_consumer_key="<XERO_CONSUMER_KEY>", oauth_nonce="CQNtyVjIvC4Gc6XXCWooezJBWnoqkXVSwj3yt4AEFY",
        oauth_signature="sOPQ12YT5P2XYIpe4bi4MQ%2BuETSsd7cKsgz%2BPLJNXKIAATNkTiwSDv0KGwfqcnrbah5X7ViJeZ%2FlwjZjXks8ayaSNozyh9bdTkoblPFFAMy%2FDiBZCTQdvefSTn9cX5iGdEcmCzL%2F%2F6bQM%2FF0vlauTWiFRDnn5KYhqKIcLJBybBY%3D",
        oauth_signature_method="RSA-SHA1", oauth_timestamp="1362156870", oauth_token="<XERO_CONSUMER_KEY>",
        oauth_version="1.0"
  response:
    status:
      code: 200
      message: OK
    headers:
      Cache-Control:
      - private
      Content-Type:
      - text/xml; charset=utf-8
      Server:
      - Microsoft-IIS/7.5
      X-Aspnetmvc-Version:
      - '2.0'
      Www-Authenticate:
      - OAuth Realm="api.xero.com"
      X-Aspnet-Version:
      - 4.0.30319
      X-Powered-By:
      - TeamXero
      X-S:
      - 445760-O1VMAP03
      Date:
      - Fri, 01 Mar 2013 16:54:23 GMT
      Content-Length:
      - '304'
    body:
      encoding: US-ASCII
      string: ! "<Response xmlns:xsd=\"http://www.w3.org/2001/XMLSchema\" xmlns:xsi=\"http://www.w3.org/2001/XMLSchema-instance\">\r\n
        \ <Id>58871985-ef71-4efa-9949-4adebe238273</Id>\r\n  <Status>OK</Status>\r\n
        \ <ProviderName>open-orgn-services</ProviderName>\r\n  <DateTimeUTC>2013-03-01T16:54:23.4318961Z</DateTimeUTC>\r\n</Response>"
    http_version: 
  recorded_at: Fri, 01 Mar 2013 16:54:31 GMT
- request:
    method: put
    uri: https://api.xero.com/api.xro/2.0/Invoices
    body:
      encoding: US-ASCII
      string: xml=%3CInvoice%3E%0A%20%20%3CType%3EACCREC%3C%2FType%3E%0A%20%20%3CContact%3E%0A%20%20%20%20%3CContactID%3E214814d5-64bb-409b-8000-764aa0da91df%3C%2FContactID%3E%0A%20%20%20%20%3CContactStatus%3EACTIVE%3C%2FContactStatus%3E%0A%20%20%20%20%3CName%3EExisting%20Company%20Inc.%3C%2FName%3E%0A%20%20%20%20%3CAddresses%3E%0A%20%20%20%20%20%20%3CAddress%3E%0A%20%20%20%20%20%20%20%20%3CAddressType%3EPOBOX%3C%2FAddressType%3E%0A%20%20%20%20%20%20%3C%2FAddress%3E%0A%20%20%20%20%20%20%3CAddress%3E%0A%20%20%20%20%20%20%20%20%3CAddressType%3ESTREET%3C%2FAddressType%3E%0A%20%20%20%20%20%20%3C%2FAddress%3E%0A%20%20%20%20%3C%2FAddresses%3E%0A%20%20%20%20%3CPhones%3E%0A%20%20%20%20%20%20%3CPhone%3E%0A%20%20%20%20%20%20%20%20%3CPhoneType%3EDDI%3C%2FPhoneType%3E%0A%20%20%20%20%20%20%3C%2FPhone%3E%0A%20%20%20%20%20%20%3CPhone%3E%0A%20%20%20%20%20%20%20%20%3CPhoneType%3EDEFAULT%3C%2FPhoneType%3E%0A%20%20%20%20%20%20%3C%2FPhone%3E%0A%20%20%20%20%20%20%3CPhone%3E%0A%20%20%20%20%20%20%20%20%3CPhoneType%3EFAX%3C%2FPhoneType%3E%0A%20%20%20%20%20%20%3C%2FPhone%3E%0A%20%20%20%20%20%20%3CPhone%3E%0A%20%20%20%20%20%20%20%20%3CPhoneType%3EMOBILE%3C%2FPhoneType%3E%0A%20%20%20%20%20%20%3C%2FPhone%3E%0A%20%20%20%20%3C%2FPhones%3E%0A%20%20%20%20%3CUpdatedDateUTC%3E2013-02-12T08%3A29%3A03%3C%2FUpdatedDateUTC%3E%0A%20%20%20%20%3CIsSupplier%3Efalse%3C%2FIsSupplier%3E%0A%20%20%20%20%3CIsCustomer%3Etrue%3C%2FIsCustomer%3E%0A%20%20%3C%2FContact%3E%0A%20%20%3CDueDate%3E2013-03-10%3C%2FDueDate%3E%0A%20%20%3CStatus%3EDRAFT%3C%2FStatus%3E%0A%20%20%3CLineItems%3E%0A%20%20%20%20%3CLineItem%3E%0A%20%20%20%20%20%20%3CDescription%3Emy%20fantastic%20invoice%20description%3C%2FDescription%3E%0A%20%20%20%20%20%20%3CQuantity%3E1%3C%2FQuantity%3E%0A%20%20%20%20%20%20%3CUnitAmount%3E1.0%3C%2FUnitAmount%3E%0A%20%20%20%20%20%20%3CTaxType%3EOUTPUT2%3C%2FTaxType%3E%0A%20%20%20%20%3C%2FLineItem%3E%0A%20%20%3C%2FLineItems%3E%0A%20%20%3CReference%3EAB1234%3C%2FReference%3E%0A%3C%2FInvoice%3E%0A
    headers:
      Charset:
      - utf-8
      Content-Type:
      - application/x-www-form-urlencoded
      Accept:
      - ! '*/*'
      User-Agent:
      - OAuth gem v0.4.7
      Content-Length:
      - '0'
      Authorization:
      - OAuth oauth_consumer_key="<XERO_CONSUMER_KEY>", oauth_nonce="4IVSVWdqTwAEweuqlLgt94PaaEbfBxYl01K3GwCg",
        oauth_signature="F1kAlvb55ZA03ViHSNucmr3x67GH%2BUl29p03r9nOnj0xsovGWEOREFtcgCzbXwpp4W1z18HLYnk7MTy6fLBPc1lkQUnR2Kv7ROn4uA0x8xoE7XEnV5QNrj7I8WQAV%2FpBVh6iNqpc44HQOl%2B3pontjoj2oj%2BzPMX7pXZ5n0383P8%3D",
        oauth_signature_method="RSA-SHA1", oauth_timestamp="1362156871", oauth_token="<XERO_CONSUMER_KEY>",
        oauth_version="1.0"
  response:
    status:
      code: 200
      message: OK
    headers:
      Cache-Control:
      - private
      Content-Type:
      - text/xml; charset=utf-8
      Server:
      - Microsoft-IIS/7.5
      X-Aspnetmvc-Version:
      - '2.0'
      Www-Authenticate:
      - OAuth Realm="api.xero.com"
      X-Aspnet-Version:
      - 4.0.30319
      X-Powered-By:
      - TeamXero
      X-S:
      - 445760-O1VMAP03
      Date:
      - Fri, 01 Mar 2013 16:54:24 GMT
      Content-Length:
      - '2384'
    body:
      encoding: US-ASCII
      string: ! "<Response xmlns:xsd=\"http://www.w3.org/2001/XMLSchema\" xmlns:xsi=\"http://www.w3.org/2001/XMLSchema-instance\">\r\n
        \ <Id>28460963-e393-4dd4-924d-e05d6ecf851a</Id>\r\n  <Status>OK</Status>\r\n
        \ <ProviderName>open-orgn-services</ProviderName>\r\n  <DateTimeUTC>2013-03-01T16:54:24.2275063Z</DateTimeUTC>\r\n
        \ <Invoices>\r\n    <Invoice>\r\n      <Contact>\r\n        <ContactID>214814d5-64bb-409b-8000-764aa0da91df</ContactID>\r\n
        \       <ContactStatus>ACTIVE</ContactStatus>\r\n        <Name>Existing Company
        Inc.</Name>\r\n        <Addresses>\r\n          <Address>\r\n            <AddressType>POBOX</AddressType>\r\n
        \         </Address>\r\n          <Address>\r\n            <AddressType>STREET</AddressType>\r\n
        \         </Address>\r\n        </Addresses>\r\n        <Phones>\r\n          <Phone>\r\n
        \           <PhoneType>DDI</PhoneType>\r\n          </Phone>\r\n          <Phone>\r\n
        \           <PhoneType>FAX</PhoneType>\r\n          </Phone>\r\n          <Phone>\r\n
        \           <PhoneType>DEFAULT</PhoneType>\r\n          </Phone>\r\n          <Phone>\r\n
        \           <PhoneType>MOBILE</PhoneType>\r\n          </Phone>\r\n        </Phones>\r\n
        \       <UpdatedDateUTC>2013-02-12T08:29:03.76</UpdatedDateUTC>\r\n        <IsSupplier>false</IsSupplier>\r\n
        \       <IsCustomer>true</IsCustomer>\r\n      </Contact>\r\n      <Date>2013-03-01T00:00:00</Date>\r\n
        \     <DueDate>2013-03-10T00:00:00</DueDate>\r\n      <Status>DRAFT</Status>\r\n
        \     <LineAmountTypes>Exclusive</LineAmountTypes>\r\n      <LineItems>\r\n
        \       <LineItem>\r\n          <Description>my fantastic invoice description</Description>\r\n
        \         <UnitAmount>1.00</UnitAmount>\r\n          <TaxType>OUTPUT2</TaxType>\r\n
        \         <TaxAmount>0.20</TaxAmount>\r\n          <LineAmount>1.00</LineAmount>\r\n
        \         <Quantity>1.0000</Quantity>\r\n        </LineItem>\r\n      </LineItems>\r\n
        \     <SubTotal>1.00</SubTotal>\r\n      <TotalTax>0.20</TotalTax>\r\n      <Total>1.20</Total>\r\n
        \     <UpdatedDateUTC>2013-03-01T16:54:24.197</UpdatedDateUTC>\r\n      <CurrencyCode>GBP</CurrencyCode>\r\n
        \     <Type>ACCREC</Type>\r\n      <InvoiceID>7adede11-79ef-44f8-bfbd-26a37f7d3b7e</InvoiceID>\r\n
        \     <InvoiceNumber>INV-0502</InvoiceNumber>\r\n      <Reference>AB1234</Reference>\r\n
        \     <AmountDue>1.20</AmountDue>\r\n      <AmountPaid>0.00</AmountPaid>\r\n
        \     <SentToContact>false</SentToContact>\r\n      <CurrencyRate>1.000000</CurrencyRate>\r\n
        \     <HasAttachments>false</HasAttachments>\r\n    </Invoice>\r\n  </Invoices>\r\n</Response>"
    http_version: 
  recorded_at: Fri, 01 Mar 2013 16:54:32 GMT
- request:
    method: post
    uri: https://api.xero.com/api.xro/2.0/Invoices
    body:
      encoding: US-ASCII
      string: xml=%3CInvoice%3E%0A%20%20%3CInvoice%3E%0A%20%20%20%20%3CContactID%3E214814d5-64bb-409b-8000-764aa0da91df%3C%2FContactID%3E%0A%20%20%20%20%3CContactStatus%3EACTIVE%3C%2FContactStatus%3E%0A%20%20%20%20%3CName%3EExisting%20Company%20Inc.%3C%2FName%3E%0A%20%20%20%20%3CAddresses%3E%0A%20%20%20%20%20%20%3CAddress%3E%0A%20%20%20%20%20%20%20%20%3CAddressType%3EPOBOX%3C%2FAddressType%3E%0A%20%20%20%20%20%20%3C%2FAddress%3E%0A%20%20%20%20%20%20%3CAddress%3E%0A%20%20%20%20%20%20%20%20%3CAddressType%3ESTREET%3C%2FAddressType%3E%0A%20%20%20%20%20%20%3C%2FAddress%3E%0A%20%20%20%20%3C%2FAddresses%3E%0A%20%20%20%20%3CPhones%3E%0A%20%20%20%20%20%20%3CPhone%3E%0A%20%20%20%20%20%20%20%20%3CPhoneType%3EDDI%3C%2FPhoneType%3E%0A%20%20%20%20%20%20%3C%2FPhone%3E%0A%20%20%20%20%20%20%3CPhone%3E%0A%20%20%20%20%20%20%20%20%3CPhoneType%3EFAX%3C%2FPhoneType%3E%0A%20%20%20%20%20%20%3C%2FPhone%3E%0A%20%20%20%20%20%20%3CPhone%3E%0A%20%20%20%20%20%20%20%20%3CPhoneType%3EDEFAULT%3C%2FPhoneType%3E%0A%20%20%20%20%20%20%3C%2FPhone%3E%0A%20%20%20%20%20%20%3CPhone%3E%0A%20%20%20%20%20%20%20%20%3CPhoneType%3EMOBILE%3C%2FPhoneType%3E%0A%20%20%20%20%20%20%3C%2FPhone%3E%0A%20%20%20%20%3C%2FPhones%3E%0A%20%20%20%20%3CUpdatedDateUTC%3E2013-02-12T08%3A29%3A03%3C%2FUpdatedDateUTC%3E%0A%20%20%20%20%3CIsSupplier%3Efalse%3C%2FIsSupplier%3E%0A%20%20%20%20%3CIsCustomer%3Etrue%3C%2FIsCustomer%3E%0A%20%20%3C%2FInvoice%3E%0A%20%20%3CDate%3E2013-03-01%3C%2FDate%3E%0A%20%20%3CDueDate%3E2013-03-10%3C%2FDueDate%3E%0A%20%20%3CStatus%3EDRAFT%3C%2FStatus%3E%0A%20%20%3CLineAmountTypes%3EExclusive%3C%2FLineAmountTypes%3E%0A%20%20%3CLineItems%3E%0A%20%20%20%20%3CLineItem%3E%0A%20%20%20%20%20%20%3CDescription%3Emy%20fantastic%20invoice%20description%3C%2FDescription%3E%0A%20%20%20%20%20%20%3CUnitAmount%3E1.0%3C%2FUnitAmount%3E%0A%20%20%20%20%20%20%3CTaxType%3EOUTPUT2%3C%2FTaxType%3E%0A%20%20%20%20%20%20%3CTaxAmount%3E0.2%3C%2FTaxAmount%3E%0A%20%20%20%20%20%20%3CLineAmount%3E1.0%3C%2FLineAmount%3E%0A%20%20%20%20%20%20%3CQuantity%3E1.0%3C%2FQuantity%3E%0A%20%20%20%20%3C%2FLineItem%3E%0A%20%20%3C%2FLineItems%3E%0A%20%20%3CSubTotal%3E1.0%3C%2FSubTotal%3E%0A%20%20%3CTotalTax%3E0.2%3C%2FTotalTax%3E%0A%20%20%3CTotal%3E1.2%3C%2FTotal%3E%0A%20%20%3CUpdatedDateUTC%3E2013-03-01T16%3A54%3A24%3C%2FUpdatedDateUTC%3E%0A%20%20%3CCurrencyCode%3EGBP%3C%2FCurrencyCode%3E%0A%20%20%3CType%3EACCREC%3C%2FType%3E%0A%20%20%3CInvoiceID%3E7adede11-79ef-44f8-bfbd-26a37f7d3b7e%3C%2FInvoiceID%3E%0A%20%20%3CInvoiceNumber%3EINV-0502%3C%2FInvoiceNumber%3E%0A%20%20%3CReference%3EAB1234%3C%2FReference%3E%0A%20%20%3CAmountDue%3E1.2%3C%2FAmountDue%3E%0A%20%20%3CAmountPaid%3E0.0%3C%2FAmountPaid%3E%0A%20%20%3CSentToContact%3Efalse%3C%2FSentToContact%3E%0A%3C%2FInvoice%3E%0A
    headers:
      Charset:
      - utf-8
      Content-Type:
      - application/x-www-form-urlencoded
      Accept:
      - ! '*/*'
      User-Agent:
      - OAuth gem v0.4.7
      Content-Length:
      - '0'
      Authorization:
      - OAuth oauth_consumer_key="<XERO_CONSUMER_KEY>", oauth_nonce="E9KMCt3Ha171TsA81rbkshE1ZAqYaSgYqvUBiPMjcM",
        oauth_signature="Aqv5uhwEEx%2F52Aq44%2BnDdxjS9p8j5O9GEnBPL3SKNnbNZe%2B9sJ0YJvYO9vthRwp351CJu6O2UKlRu6Ab9p3f9Fa4Ivtswv2YVaWiDoXoUiYRFZL2qMVLiBmDmLjTD6BRynRXSJrSSq5zCIu6H60BvD4V6efqp0JvdQopCqLGCmM%3D",
        oauth_signature_method="RSA-SHA1", oauth_timestamp="1362156872", oauth_token="<XERO_CONSUMER_KEY>",
        oauth_version="1.0"
  response:
    status:
      code: 200
      message: OK
    headers:
      Cache-Control:
      - private
      Content-Type:
      - text/xml; charset=utf-8
      Server:
      - Microsoft-IIS/7.5
      X-Aspnetmvc-Version:
      - '2.0'
      Www-Authenticate:
      - OAuth Realm="api.xero.com"
      X-Aspnet-Version:
      - 4.0.30319
      X-Powered-By:
      - TeamXero
      X-S:
      - 445760-O1VMAP03
      Date:
      - Fri, 01 Mar 2013 16:54:24 GMT
      Content-Length:
      - '2546'
    body:
      encoding: US-ASCII
      string: ! "<Response xmlns:xsd=\"http://www.w3.org/2001/XMLSchema\" xmlns:xsi=\"http://www.w3.org/2001/XMLSchema-instance\">\r\n
        \ <Id>dc113876-a446-4d8e-82f2-9d654df69fdc</Id>\r\n  <Status>OK</Status>\r\n
        \ <ProviderName>open-orgn-services</ProviderName>\r\n  <DateTimeUTC>2013-03-01T16:54:25.2103189Z</DateTimeUTC>\r\n
        \ <Invoices>\r\n    <Invoice>\r\n      <Warnings>\r\n        <Warning>\r\n
        \         <Message>Only AUTHORISED invoices may have SentToContact updated.</Message>\r\n
        \       </Warning>\r\n      </Warnings>\r\n      <Contact>\r\n        <ContactID>214814d5-64bb-409b-8000-764aa0da91df</ContactID>\r\n
        \       <ContactStatus>ACTIVE</ContactStatus>\r\n        <Name>Existing Company
        Inc.</Name>\r\n        <Addresses>\r\n          <Address>\r\n            <AddressType>POBOX</AddressType>\r\n
        \         </Address>\r\n          <Address>\r\n            <AddressType>STREET</AddressType>\r\n
        \         </Address>\r\n        </Addresses>\r\n        <Phones>\r\n          <Phone>\r\n
        \           <PhoneType>DDI</PhoneType>\r\n          </Phone>\r\n          <Phone>\r\n
        \           <PhoneType>FAX</PhoneType>\r\n          </Phone>\r\n          <Phone>\r\n
        \           <PhoneType>DEFAULT</PhoneType>\r\n          </Phone>\r\n          <Phone>\r\n
        \           <PhoneType>MOBILE</PhoneType>\r\n          </Phone>\r\n        </Phones>\r\n
        \       <UpdatedDateUTC>2013-02-12T08:29:03.76</UpdatedDateUTC>\r\n        <IsSupplier>false</IsSupplier>\r\n
        \       <IsCustomer>true</IsCustomer>\r\n      </Contact>\r\n      <Date>2013-03-01T00:00:00</Date>\r\n
        \     <DueDate>2013-03-10T00:00:00</DueDate>\r\n      <Status>DRAFT</Status>\r\n
        \     <LineAmountTypes>Exclusive</LineAmountTypes>\r\n      <LineItems>\r\n
        \       <LineItem>\r\n          <Description>my fantastic invoice description</Description>\r\n
        \         <UnitAmount>1.00</UnitAmount>\r\n          <TaxType>OUTPUT2</TaxType>\r\n
        \         <TaxAmount>0.20</TaxAmount>\r\n          <LineAmount>1.00</LineAmount>\r\n
        \         <Quantity>1.0000</Quantity>\r\n        </LineItem>\r\n      </LineItems>\r\n
        \     <SubTotal>1.00</SubTotal>\r\n      <TotalTax>0.20</TotalTax>\r\n      <Total>1.20</Total>\r\n
        \     <UpdatedDateUTC>2013-03-01T16:54:25.18</UpdatedDateUTC>\r\n      <CurrencyCode>GBP</CurrencyCode>\r\n
        \     <Type>ACCREC</Type>\r\n      <InvoiceID>7adede11-79ef-44f8-bfbd-26a37f7d3b7e</InvoiceID>\r\n
        \     <InvoiceNumber>INV-0502</InvoiceNumber>\r\n      <Reference>AB1234</Reference>\r\n
        \     <AmountDue>1.20</AmountDue>\r\n      <AmountPaid>0.00</AmountPaid>\r\n
        \     <SentToContact>false</SentToContact>\r\n      <CurrencyRate>1.000000</CurrencyRate>\r\n
        \     <HasAttachments>false</HasAttachments>\r\n    </Invoice>\r\n  </Invoices>\r\n</Response>"
    http_version: 
  recorded_at: Fri, 01 Mar 2013 16:54:33 GMT
- request:
    method: get
    uri: https://api.xero.com/api.xro/2.0/Contacts?where=Name%2B==%2B%22Existing%2BCompany%2BInc.%22
    body:
      encoding: US-ASCII
      string: ''
    headers:
      Charset:
      - utf-8
      Accept:
      - ! '*/*'
      User-Agent:
      - OAuth gem v0.4.7
      Authorization:
      - OAuth oauth_consumer_key="<XERO_CONSUMER_KEY>", oauth_nonce="ScNOe6V4SZwqifbVINCkDf3qPA4EUHSpTyVdSRKi2k",
        oauth_signature="q88gkQP%2BBDnWxgEtql4Sci5XKZv4er9%2FCmAOnx9QOUhYin154%2FhTrFrcIKQZl%2B1UEhYmgaDGL1EySDcMtEx1Pq%2Bscl03FFH8lAlsedBxJQQDyecgnouEUk8cmDD13AK0aBOs4rLU4BFIdPQJ%2BS3uAsWcwjARhMh%2FajmSZo%2Fknuo%3D",
        oauth_signature_method="RSA-SHA1", oauth_timestamp="1362156873", oauth_token="<XERO_CONSUMER_KEY>",
        oauth_version="1.0"
  response:
    status:
      code: 200
      message: OK
    headers:
      Cache-Control:
      - private
      Content-Type:
      - text/xml; charset=utf-8
      Server:
      - Microsoft-IIS/7.5
      X-Aspnetmvc-Version:
      - '2.0'
      Www-Authenticate:
      - OAuth Realm="api.xero.com"
      X-Aspnet-Version:
      - 4.0.30319
      X-Powered-By:
      - TeamXero
      X-S:
      - 445760-O1VMAP03
      Date:
      - Fri, 01 Mar 2013 16:54:25 GMT
      Content-Length:
      - '1194'
    body:
      encoding: US-ASCII
      string: ! "<Response xmlns:xsd=\"http://www.w3.org/2001/XMLSchema\" xmlns:xsi=\"http://www.w3.org/2001/XMLSchema-instance\">\r\n
        \ <Id>b48bf702-d1ee-4dd5-b077-bf5c79c524fc</Id>\r\n  <Status>OK</Status>\r\n
        \ <ProviderName>open-orgn-services</ProviderName>\r\n  <DateTimeUTC>2013-03-01T16:54:26.1463309Z</DateTimeUTC>\r\n
        \ <Contacts>\r\n    <Contact>\r\n      <ContactID>214814d5-64bb-409b-8000-764aa0da91df</ContactID>\r\n
        \     <ContactStatus>ACTIVE</ContactStatus>\r\n      <Name>Existing Company
        Inc.</Name>\r\n      <Addresses>\r\n        <Address>\r\n          <AddressType>POBOX</AddressType>\r\n
        \       </Address>\r\n        <Address>\r\n          <AddressType>STREET</AddressType>\r\n
        \       </Address>\r\n      </Addresses>\r\n      <Phones>\r\n        <Phone>\r\n
        \         <PhoneType>DDI</PhoneType>\r\n        </Phone>\r\n        <Phone>\r\n
        \         <PhoneType>DEFAULT</PhoneType>\r\n        </Phone>\r\n        <Phone>\r\n
        \         <PhoneType>FAX</PhoneType>\r\n        </Phone>\r\n        <Phone>\r\n
        \         <PhoneType>MOBILE</PhoneType>\r\n        </Phone>\r\n      </Phones>\r\n
        \     <UpdatedDateUTC>2013-02-12T08:29:03.76</UpdatedDateUTC>\r\n      <IsSupplier>false</IsSupplier>\r\n
        \     <IsCustomer>true</IsCustomer>\r\n    </Contact>\r\n  </Contacts>\r\n</Response>"
    http_version: 
  recorded_at: Fri, 01 Mar 2013 16:54:34 GMT
- request:
    method: get
    uri: https://api.xero.com/api.xro/2.0/Invoices?where=Contact.ContactID%2B=%2BGUID(%22214814d5-64bb-409b-8000-764aa0da91df%22)%2BAND%2BStatus%2B!=%2B%22DELETED%22
    body:
      encoding: US-ASCII
      string: ''
    headers:
      Charset:
      - utf-8
      Accept:
      - ! '*/*'
      User-Agent:
      - OAuth gem v0.4.7
      Authorization:
      - OAuth oauth_consumer_key="<XERO_CONSUMER_KEY>", oauth_nonce="XKT0P2RIJMyYQon3xqialkfKSPS0KP6WwZxOB7bEJ6Q",
        oauth_signature="JoEEl9uXpdWKzJeVPL5Svf5l1nBKeY%2FHK%2BycmfDdIi1ftI6EYUm1pJUCGHzf75EETZCNHfs%2BRY6kKrtCSpkBxTVnW8kCITStXIj%2B4rCQUR8N6%2BvCwyh5TZ55nLvGFAUov9KdPq3aQF%2F2IdwdHVVcZ021wkyB2fd%2F%2BZaCpcuMENw%3D",
        oauth_signature_method="RSA-SHA1", oauth_timestamp="1362156874", oauth_token="<XERO_CONSUMER_KEY>",
        oauth_version="1.0"
  response:
    status:
      code: 200
      message: OK
    headers:
      Cache-Control:
      - private
      Content-Type:
      - text/xml; charset=utf-8
      Server:
      - Microsoft-IIS/7.5
      X-Aspnetmvc-Version:
      - '2.0'
      Www-Authenticate:
      - OAuth Realm="api.xero.com"
      X-Aspnet-Version:
      - 4.0.30319
      X-Powered-By:
      - TeamXero
      X-S:
      - 445760-O1VMAP03
      Date:
      - Fri, 01 Mar 2013 16:54:27 GMT
      Content-Length:
      - '1172'
    body:
      encoding: US-ASCII
      string: ! "<Response xmlns:xsd=\"http://www.w3.org/2001/XMLSchema\" xmlns:xsi=\"http://www.w3.org/2001/XMLSchema-instance\">\r\n
        \ <Id>b4591cec-b8d7-4cb8-92c0-13aea531f2bd</Id>\r\n  <Status>OK</Status>\r\n
        \ <ProviderName>open-orgn-services</ProviderName>\r\n  <DateTimeUTC>2013-03-01T16:54:27.4099471Z</DateTimeUTC>\r\n
        \ <Invoices>\r\n    <Invoice>\r\n      <Contact>\r\n        <ContactID>214814d5-64bb-409b-8000-764aa0da91df</ContactID>\r\n
        \       <Name>Existing Company Inc.</Name>\r\n      </Contact>\r\n      <Date>2013-03-01T00:00:00</Date>\r\n
        \     <DueDate>2013-03-10T00:00:00</DueDate>\r\n      <Status>DRAFT</Status>\r\n
        \     <LineAmountTypes>Exclusive</LineAmountTypes>\r\n      <SubTotal>1.00</SubTotal>\r\n
        \     <TotalTax>0.20</TotalTax>\r\n      <Total>1.20</Total>\r\n      <UpdatedDateUTC>2013-03-01T16:54:25.18</UpdatedDateUTC>\r\n
        \     <CurrencyCode>GBP</CurrencyCode>\r\n      <Type>ACCREC</Type>\r\n      <InvoiceID>7adede11-79ef-44f8-bfbd-26a37f7d3b7e</InvoiceID>\r\n
        \     <InvoiceNumber>INV-0502</InvoiceNumber>\r\n      <Reference>AB1234</Reference>\r\n
        \     <AmountDue>1.20</AmountDue>\r\n      <AmountPaid>0.00</AmountPaid>\r\n
        \     <HasAttachments>false</HasAttachments>\r\n    </Invoice>\r\n  </Invoices>\r\n</Response>"
    http_version: 
  recorded_at: Fri, 01 Mar 2013 16:54:35 GMT
- request:
    method: get
    uri: https://api.xero.com/api.xro/2.0/Invoices/7adede11-79ef-44f8-bfbd-26a37f7d3b7e
    body:
      encoding: US-ASCII
      string: ''
    headers:
      Charset:
      - utf-8
      Accept:
      - ! '*/*'
      User-Agent:
      - OAuth gem v0.4.7
      Authorization:
      - OAuth oauth_consumer_key="<XERO_CONSUMER_KEY>", oauth_nonce="g4l3sOGUcuwhCOrm3jB4LsMnrhkv3shtJYzXvnkTw",
        oauth_signature="Rsrx8uL9qSg4BOI2SudIljTexrZ3fpudzD8BMMu7jgX2lLIg6ybVAvTe0cYJk6xj8ekKguV%2B5F%2FT2OjDa7FrvdAgtzLb3BOLZTaUNkGgkOCgUR%2FGv1GFo6eNrQvuzjpNCv64BU3NTGPPhxHZ21RZ6RTMFj3eMQcHX66kN89qjgM%3D",
        oauth_signature_method="RSA-SHA1", oauth_timestamp="1362156875", oauth_token="<XERO_CONSUMER_KEY>",
        oauth_version="1.0"
  response:
    status:
      code: 200
      message: OK
    headers:
      Cache-Control:
      - private
      Content-Type:
      - text/xml; charset=utf-8
      Server:
      - Microsoft-IIS/7.5
      X-Aspnetmvc-Version:
      - '2.0'
      Www-Authenticate:
      - OAuth Realm="api.xero.com"
      X-Aspnet-Version:
      - 4.0.30319
      X-Powered-By:
      - TeamXero
      X-S:
      - 445760-O1VMAP03
      Date:
      - Fri, 01 Mar 2013 16:54:28 GMT
      Content-Length:
      - '2383'
    body:
      encoding: US-ASCII
      string: ! "<Response xmlns:xsd=\"http://www.w3.org/2001/XMLSchema\" xmlns:xsi=\"http://www.w3.org/2001/XMLSchema-instance\">\r\n
        \ <Id>2ac0fa16-5013-4f95-8c49-d78668a3cb7d</Id>\r\n  <Status>OK</Status>\r\n
        \ <ProviderName>open-orgn-services</ProviderName>\r\n  <DateTimeUTC>2013-03-01T16:54:28.2679581Z</DateTimeUTC>\r\n
        \ <Invoices>\r\n    <Invoice>\r\n      <Contact>\r\n        <ContactID>214814d5-64bb-409b-8000-764aa0da91df</ContactID>\r\n
        \       <ContactStatus>ACTIVE</ContactStatus>\r\n        <Name>Existing Company
        Inc.</Name>\r\n        <Addresses>\r\n          <Address>\r\n            <AddressType>POBOX</AddressType>\r\n
        \         </Address>\r\n          <Address>\r\n            <AddressType>STREET</AddressType>\r\n
        \         </Address>\r\n        </Addresses>\r\n        <Phones>\r\n          <Phone>\r\n
        \           <PhoneType>DDI</PhoneType>\r\n          </Phone>\r\n          <Phone>\r\n
        \           <PhoneType>FAX</PhoneType>\r\n          </Phone>\r\n          <Phone>\r\n
        \           <PhoneType>DEFAULT</PhoneType>\r\n          </Phone>\r\n          <Phone>\r\n
        \           <PhoneType>MOBILE</PhoneType>\r\n          </Phone>\r\n        </Phones>\r\n
        \       <UpdatedDateUTC>2013-02-12T08:29:03.76</UpdatedDateUTC>\r\n        <IsSupplier>false</IsSupplier>\r\n
        \       <IsCustomer>true</IsCustomer>\r\n      </Contact>\r\n      <Date>2013-03-01T00:00:00</Date>\r\n
        \     <DueDate>2013-03-10T00:00:00</DueDate>\r\n      <Status>DRAFT</Status>\r\n
        \     <LineAmountTypes>Exclusive</LineAmountTypes>\r\n      <LineItems>\r\n
        \       <LineItem>\r\n          <Description>my fantastic invoice description</Description>\r\n
        \         <UnitAmount>1.00</UnitAmount>\r\n          <TaxType>OUTPUT2</TaxType>\r\n
        \         <TaxAmount>0.20</TaxAmount>\r\n          <LineAmount>1.00</LineAmount>\r\n
        \         <Quantity>1.0000</Quantity>\r\n        </LineItem>\r\n      </LineItems>\r\n
        \     <SubTotal>1.00</SubTotal>\r\n      <TotalTax>0.20</TotalTax>\r\n      <Total>1.20</Total>\r\n
        \     <UpdatedDateUTC>2013-03-01T16:54:25.18</UpdatedDateUTC>\r\n      <CurrencyCode>GBP</CurrencyCode>\r\n
        \     <Type>ACCREC</Type>\r\n      <InvoiceID>7adede11-79ef-44f8-bfbd-26a37f7d3b7e</InvoiceID>\r\n
        \     <InvoiceNumber>INV-0502</InvoiceNumber>\r\n      <Reference>AB1234</Reference>\r\n
        \     <AmountDue>1.20</AmountDue>\r\n      <AmountPaid>0.00</AmountPaid>\r\n
        \     <SentToContact>false</SentToContact>\r\n      <CurrencyRate>1.000000</CurrencyRate>\r\n
        \     <HasAttachments>false</HasAttachments>\r\n    </Invoice>\r\n  </Invoices>\r\n</Response>"
    http_version: 
  recorded_at: Fri, 01 Mar 2013 16:54:36 GMT
- request:
    method: post
    uri: https://api.xero.com/api.xro/2.0/Invoices
    body:
      encoding: US-ASCII
      string: xml=%3CInvoice%3E%0A%20%20%3CInvoice%3E%0A%20%20%20%20%3CContactID%3E214814d5-64bb-409b-8000-764aa0da91df%3C%2FContactID%3E%0A%20%20%20%20%3CContactStatus%3EACTIVE%3C%2FContactStatus%3E%0A%20%20%20%20%3CName%3EExisting%20Company%20Inc.%3C%2FName%3E%0A%20%20%20%20%3CAddresses%3E%0A%20%20%20%20%20%20%3CAddress%3E%0A%20%20%20%20%20%20%20%20%3CAddressType%3EPOBOX%3C%2FAddressType%3E%0A%20%20%20%20%20%20%3C%2FAddress%3E%0A%20%20%20%20%20%20%3CAddress%3E%0A%20%20%20%20%20%20%20%20%3CAddressType%3ESTREET%3C%2FAddressType%3E%0A%20%20%20%20%20%20%3C%2FAddress%3E%0A%20%20%20%20%3C%2FAddresses%3E%0A%20%20%20%20%3CPhones%3E%0A%20%20%20%20%20%20%3CPhone%3E%0A%20%20%20%20%20%20%20%20%3CPhoneType%3EDDI%3C%2FPhoneType%3E%0A%20%20%20%20%20%20%3C%2FPhone%3E%0A%20%20%20%20%20%20%3CPhone%3E%0A%20%20%20%20%20%20%20%20%3CPhoneType%3EFAX%3C%2FPhoneType%3E%0A%20%20%20%20%20%20%3C%2FPhone%3E%0A%20%20%20%20%20%20%3CPhone%3E%0A%20%20%20%20%20%20%20%20%3CPhoneType%3EDEFAULT%3C%2FPhoneType%3E%0A%20%20%20%20%20%20%3C%2FPhone%3E%0A%20%20%20%20%20%20%3CPhone%3E%0A%20%20%20%20%20%20%20%20%3CPhoneType%3EMOBILE%3C%2FPhoneType%3E%0A%20%20%20%20%20%20%3C%2FPhone%3E%0A%20%20%20%20%3C%2FPhones%3E%0A%20%20%20%20%3CUpdatedDateUTC%3E2013-02-12T08%3A29%3A03%3C%2FUpdatedDateUTC%3E%0A%20%20%20%20%3CIsSupplier%3Efalse%3C%2FIsSupplier%3E%0A%20%20%20%20%3CIsCustomer%3Etrue%3C%2FIsCustomer%3E%0A%20%20%3C%2FInvoice%3E%0A%20%20%3CDate%3E2013-03-01%3C%2FDate%3E%0A%20%20%3CDueDate%3E2013-03-10%3C%2FDueDate%3E%0A%20%20%3CStatus%3EDELETED%3C%2FStatus%3E%0A%20%20%3CLineAmountTypes%3EExclusive%3C%2FLineAmountTypes%3E%0A%20%20%3CLineItems%3E%0A%20%20%20%20%3CLineItem%3E%0A%20%20%20%20%20%20%3CDescription%3Emy%20fantastic%20invoice%20description%3C%2FDescription%3E%0A%20%20%20%20%20%20%3CUnitAmount%3E1.0%3C%2FUnitAmount%3E%0A%20%20%20%20%20%20%3CTaxType%3EOUTPUT2%3C%2FTaxType%3E%0A%20%20%20%20%20%20%3CTaxAmount%3E0.2%3C%2FTaxAmount%3E%0A%20%20%20%20%20%20%3CLineAmount%3E1.0%3C%2FLineAmount%3E%0A%20%20%20%20%20%20%3CQuantity%3E1.0%3C%2FQuantity%3E%0A%20%20%20%20%3C%2FLineItem%3E%0A%20%20%3C%2FLineItems%3E%0A%20%20%3CSubTotal%3E1.0%3C%2FSubTotal%3E%0A%20%20%3CTotalTax%3E0.2%3C%2FTotalTax%3E%0A%20%20%3CTotal%3E1.2%3C%2FTotal%3E%0A%20%20%3CUpdatedDateUTC%3E2013-03-01T16%3A54%3A25%3C%2FUpdatedDateUTC%3E%0A%20%20%3CCurrencyCode%3EGBP%3C%2FCurrencyCode%3E%0A%20%20%3CType%3EACCREC%3C%2FType%3E%0A%20%20%3CInvoiceID%3E7adede11-79ef-44f8-bfbd-26a37f7d3b7e%3C%2FInvoiceID%3E%0A%20%20%3CInvoiceNumber%3EINV-0502%3C%2FInvoiceNumber%3E%0A%20%20%3CReference%3EAB1234%3C%2FReference%3E%0A%20%20%3CAmountDue%3E1.2%3C%2FAmountDue%3E%0A%20%20%3CAmountPaid%3E0.0%3C%2FAmountPaid%3E%0A%20%20%3CSentToContact%3Efalse%3C%2FSentToContact%3E%0A%3C%2FInvoice%3E%0A
    headers:
      Charset:
      - utf-8
      Content-Type:
      - application/x-www-form-urlencoded
      Accept:
      - ! '*/*'
      User-Agent:
      - OAuth gem v0.4.7
      Content-Length:
      - '0'
      Authorization:
      - OAuth oauth_consumer_key="<XERO_CONSUMER_KEY>", oauth_nonce="5WbqUd4M8izvfLpe50MDgGer9xdzTG6yNGwWYuADWY",
        oauth_signature="giJY9ULM7htmYYZ2ZEXkqoyOk16XSqEohwSAGE2LMEqI5uvo3d0rkBGen61gq9RZnvrGR2UmjqUFnnst2nHk4LUUkXGiHjss933if6hR8huyO09NW7rc8BeZVxjeK478VC69ILDOmR4GfvJKMDaBTY5OyLXlCl3M38p1FpLiXvc%3D",
        oauth_signature_method="RSA-SHA1", oauth_timestamp="1362156876", oauth_token="<XERO_CONSUMER_KEY>",
        oauth_version="1.0"
  response:
    status:
      code: 200
      message: OK
    headers:
      Cache-Control:
      - private
      Content-Type:
      - text/xml; charset=utf-8
      Server:
      - Microsoft-IIS/7.5
      X-Aspnetmvc-Version:
      - '2.0'
      Www-Authenticate:
      - OAuth Realm="api.xero.com"
      X-Aspnet-Version:
      - 4.0.30319
      X-Powered-By:
      - TeamXero
      X-S:
      - 445760-O1VMAP03
      Date:
      - Fri, 01 Mar 2013 16:54:29 GMT
      Content-Length:
      - '2386'
    body:
      encoding: US-ASCII
      string: ! "<Response xmlns:xsd=\"http://www.w3.org/2001/XMLSchema\" xmlns:xsi=\"http://www.w3.org/2001/XMLSchema-instance\">\r\n
        \ <Id>16bf133b-383b-4b11-9e18-fced9eb0e585</Id>\r\n  <Status>OK</Status>\r\n
        \ <ProviderName>open-orgn-services</ProviderName>\r\n  <DateTimeUTC>2013-03-01T16:54:29.3287717Z</DateTimeUTC>\r\n
        \ <Invoices>\r\n    <Invoice>\r\n      <Contact>\r\n        <ContactID>214814d5-64bb-409b-8000-764aa0da91df</ContactID>\r\n
        \       <ContactStatus>ACTIVE</ContactStatus>\r\n        <Name>Existing Company
        Inc.</Name>\r\n        <Addresses>\r\n          <Address>\r\n            <AddressType>POBOX</AddressType>\r\n
        \         </Address>\r\n          <Address>\r\n            <AddressType>STREET</AddressType>\r\n
        \         </Address>\r\n        </Addresses>\r\n        <Phones>\r\n          <Phone>\r\n
        \           <PhoneType>DDI</PhoneType>\r\n          </Phone>\r\n          <Phone>\r\n
        \           <PhoneType>FAX</PhoneType>\r\n          </Phone>\r\n          <Phone>\r\n
        \           <PhoneType>DEFAULT</PhoneType>\r\n          </Phone>\r\n          <Phone>\r\n
        \           <PhoneType>MOBILE</PhoneType>\r\n          </Phone>\r\n        </Phones>\r\n
        \       <UpdatedDateUTC>2013-02-12T08:29:03.76</UpdatedDateUTC>\r\n        <IsSupplier>false</IsSupplier>\r\n
        \       <IsCustomer>true</IsCustomer>\r\n      </Contact>\r\n      <Date>2013-03-01T00:00:00</Date>\r\n
        \     <DueDate>2013-03-10T00:00:00</DueDate>\r\n      <Status>DELETED</Status>\r\n
        \     <LineAmountTypes>Exclusive</LineAmountTypes>\r\n      <LineItems>\r\n
        \       <LineItem>\r\n          <Description>my fantastic invoice description</Description>\r\n
        \         <UnitAmount>1.00</UnitAmount>\r\n          <TaxType>OUTPUT2</TaxType>\r\n
        \         <TaxAmount>0.20</TaxAmount>\r\n          <LineAmount>1.00</LineAmount>\r\n
        \         <Quantity>1.0000</Quantity>\r\n        </LineItem>\r\n      </LineItems>\r\n
        \     <SubTotal>1.00</SubTotal>\r\n      <TotalTax>0.20</TotalTax>\r\n      <Total>1.20</Total>\r\n
        \     <UpdatedDateUTC>2013-03-01T16:54:29.313</UpdatedDateUTC>\r\n      <CurrencyCode>GBP</CurrencyCode>\r\n
        \     <Type>ACCREC</Type>\r\n      <InvoiceID>7adede11-79ef-44f8-bfbd-26a37f7d3b7e</InvoiceID>\r\n
        \     <InvoiceNumber>INV-0502</InvoiceNumber>\r\n      <Reference>AB1234</Reference>\r\n
        \     <AmountDue>1.20</AmountDue>\r\n      <AmountPaid>0.00</AmountPaid>\r\n
        \     <SentToContact>false</SentToContact>\r\n      <CurrencyRate>1.000000</CurrencyRate>\r\n
        \     <HasAttachments>false</HasAttachments>\r\n    </Invoice>\r\n  </Invoices>\r\n</Response>"
    http_version: 
  recorded_at: Fri, 01 Mar 2013 16:54:37 GMT
recorded_with: VCR 2.4.0
