---
http_interactions:
- request:
    method: get
    uri: https://api.xero.com/api.xro/2.0/Contacts?where=Name%20==%20%22Existing%20Company%20Inc.%22
    body:
      encoding: US-ASCII
      string: ''
    headers:
      Charset:
      - utf-8
      Accept:
      - ! '*/*'
      User-Agent:
      - OAuth gem v0.4.7
      Authorization:
      - OAuth oauth_consumer_key="<XERO_CONSUMER_KEY>", oauth_nonce="kuf6TiMl9qYHTJrGuxxD10ZnXJz36rTejXCqSlj0",
        oauth_signature="BnEBQ2vDpB86BEgOftdq1lhREzl2jewxXX6IExol0Bb%2F21OyMESaw9QAjLPazZfZruP0n9StEM5aWwsGGL7vlWZfrdclduM4TjXW85Tx1rRNFCcj4kuSU8x96lOpDAm3Timak%2F%2FRUTF8sV2mYoxo9APs5tfCSo3rNxeBKp3GWPM%3D",
        oauth_signature_method="RSA-SHA1", oauth_timestamp="1368703332", oauth_token="<XERO_CONSUMER_KEY>",
        oauth_version="1.0"
  response:
    status:
      code: 200
      message: OK
    headers:
      Cache-Control:
      - private
      Content-Type:
      - text/xml; charset=utf-8
      Www-Authenticate:
      - OAuth Realm="api.xero.com"
      X-S:
      - 445761-O1VMAP04
      Strict-Transport-Security:
      - max-age=31536000
      Date:
      - Thu, 16 May 2013 11:22:12 GMT
      Content-Length:
      - '1181'
    body:
      encoding: US-ASCII
      string: ! "<Response xmlns:xsd=\"http://www.w3.org/2001/XMLSchema\" xmlns:xsi=\"http://www.w3.org/2001/XMLSchema-instance\">\r\n
        \ <Id>b1e23f8b-7994-424f-99bc-dfd864b34179</Id>\r\n  <Status>OK</Status>\r\n
        \ <ProviderName>Spong</ProviderName>\r\n  <DateTimeUTC>2013-05-16T11:22:13.4052325Z</DateTimeUTC>\r\n
        \ <Contacts>\r\n    <Contact>\r\n      <ContactID>9b576d1e-6dc9-4be9-af4f-0210891b6c7b</ContactID>\r\n
        \     <ContactStatus>ACTIVE</ContactStatus>\r\n      <Name>Existing Company
        Inc.</Name>\r\n      <Addresses>\r\n        <Address>\r\n          <AddressType>POBOX</AddressType>\r\n
        \       </Address>\r\n        <Address>\r\n          <AddressType>STREET</AddressType>\r\n
        \       </Address>\r\n      </Addresses>\r\n      <Phones>\r\n        <Phone>\r\n
        \         <PhoneType>DDI</PhoneType>\r\n        </Phone>\r\n        <Phone>\r\n
        \         <PhoneType>DEFAULT</PhoneType>\r\n        </Phone>\r\n        <Phone>\r\n
        \         <PhoneType>FAX</PhoneType>\r\n        </Phone>\r\n        <Phone>\r\n
        \         <PhoneType>MOBILE</PhoneType>\r\n        </Phone>\r\n      </Phones>\r\n
        \     <UpdatedDateUTC>2013-05-16T10:52:38.87</UpdatedDateUTC>\r\n      <IsSupplier>false</IsSupplier>\r\n
        \     <IsCustomer>true</IsCustomer>\r\n    </Contact>\r\n  </Contacts>\r\n</Response>"
    http_version: 
  recorded_at: Thu, 16 May 2013 11:22:13 GMT
- request:
    method: get
    uri: https://api.xero.com/api.xro/2.0/Invoices?where=Contact.ContactID%20=%20GUID(%229b576d1e-6dc9-4be9-af4f-0210891b6c7b%22)%20AND%20Status%20!=%20%22DELETED%22
    body:
      encoding: US-ASCII
      string: ''
    headers:
      Charset:
      - utf-8
      Accept:
      - ! '*/*'
      User-Agent:
      - OAuth gem v0.4.7
      Authorization:
      - OAuth oauth_consumer_key="<XERO_CONSUMER_KEY>", oauth_nonce="u8AhmWSEGACHPeWm3e4m1QOs22hFx0C42i5UMZJM",
        oauth_signature="kmRjHmH5tU%2Bx2QQn0gaftlyYZvhBC5OiM2ZldnbsICpmTWgILDUChBN6S6uPG5ayBuU%2FA9JmuYDiAVFDEacbFSpN1QCsfarto8TT9EiCP6eabM%2BNSS7tBPTRe%2FAONNbZSxsGoBG%2BcZ%2BjsxvtqpoP46BNk%2FdkcqFxndQQRnaUYqg%3D",
        oauth_signature_method="RSA-SHA1", oauth_timestamp="1368703333", oauth_token="<XERO_CONSUMER_KEY>",
        oauth_version="1.0"
  response:
    status:
      code: 200
      message: OK
    headers:
      Cache-Control:
      - private
      Content-Type:
      - text/xml; charset=utf-8
      Www-Authenticate:
      - OAuth Realm="api.xero.com"
      X-S:
      - 445761-O1VMAP04
      Strict-Transport-Security:
      - max-age=31536000
      Date:
      - Thu, 16 May 2013 11:22:14 GMT
      Content-Length:
      - '291'
    body:
      encoding: US-ASCII
      string: ! "<Response xmlns:xsd=\"http://www.w3.org/2001/XMLSchema\" xmlns:xsi=\"http://www.w3.org/2001/XMLSchema-instance\">\r\n
        \ <Id>30e9baa4-30a4-4a11-a846-9ad699d863b3</Id>\r\n  <Status>OK</Status>\r\n
        \ <ProviderName>Spong</ProviderName>\r\n  <DateTimeUTC>2013-05-16T11:22:14.0916457Z</DateTimeUTC>\r\n</Response>"
    http_version: 
  recorded_at: Thu, 16 May 2013 11:22:13 GMT
- request:
    method: get
    uri: https://api.xero.com/api.xro/2.0/Contacts?where=Name.ToLower()%20==%20%22existing%20company%20inc.%22
    body:
      encoding: US-ASCII
      string: ''
    headers:
      Charset:
      - utf-8
      Accept:
      - ! '*/*'
      User-Agent:
      - OAuth gem v0.4.7
      Authorization:
      - OAuth oauth_consumer_key="<XERO_CONSUMER_KEY>", oauth_nonce="J1GquI6ensjbvBs9yErW68mCV87d6Foa8ckVg4Y",
        oauth_signature="nJ7Rb2L3wEDl2NLBMGUrIz0icXcPs2HuMFVCiiDKoSUm3WyE6q5dmnyNIhp%2FhwcMHjMZPryPm7lU5qoXqk5DIBx2f7JPVkNkC%2FoiR3bqR%2FLTxlJE3CWIKQZua5bR%2FeON6u%2BdqSOH5S4rdt%2BEoPlVSwodCbhXr4skM7yOa9NAYsk%3D",
        oauth_signature_method="RSA-SHA1", oauth_timestamp="1368703333", oauth_token="<XERO_CONSUMER_KEY>",
        oauth_version="1.0"
  response:
    status:
      code: 200
      message: OK
    headers:
      Cache-Control:
      - private
      Content-Type:
      - text/xml; charset=utf-8
      Www-Authenticate:
      - OAuth Realm="api.xero.com"
      X-S:
      - 445761-O1VMAP04
      Strict-Transport-Security:
      - max-age=31536000
      Date:
      - Thu, 16 May 2013 11:22:14 GMT
      Content-Length:
      - '1181'
    body:
      encoding: US-ASCII
      string: ! "<Response xmlns:xsd=\"http://www.w3.org/2001/XMLSchema\" xmlns:xsi=\"http://www.w3.org/2001/XMLSchema-instance\">\r\n
        \ <Id>8c4a9719-7e72-428e-b9d5-c21ac2fb3d4b</Id>\r\n  <Status>OK</Status>\r\n
        \ <ProviderName>Spong</ProviderName>\r\n  <DateTimeUTC>2013-05-16T11:22:14.7000574Z</DateTimeUTC>\r\n
        \ <Contacts>\r\n    <Contact>\r\n      <ContactID>9b576d1e-6dc9-4be9-af4f-0210891b6c7b</ContactID>\r\n
        \     <ContactStatus>ACTIVE</ContactStatus>\r\n      <Name>Existing Company
        Inc.</Name>\r\n      <Addresses>\r\n        <Address>\r\n          <AddressType>POBOX</AddressType>\r\n
        \       </Address>\r\n        <Address>\r\n          <AddressType>STREET</AddressType>\r\n
        \       </Address>\r\n      </Addresses>\r\n      <Phones>\r\n        <Phone>\r\n
        \         <PhoneType>DDI</PhoneType>\r\n        </Phone>\r\n        <Phone>\r\n
        \         <PhoneType>DEFAULT</PhoneType>\r\n        </Phone>\r\n        <Phone>\r\n
        \         <PhoneType>FAX</PhoneType>\r\n        </Phone>\r\n        <Phone>\r\n
        \         <PhoneType>MOBILE</PhoneType>\r\n        </Phone>\r\n      </Phones>\r\n
        \     <UpdatedDateUTC>2013-05-16T10:52:38.87</UpdatedDateUTC>\r\n      <IsSupplier>false</IsSupplier>\r\n
        \     <IsCustomer>true</IsCustomer>\r\n    </Contact>\r\n  </Contacts>\r\n</Response>"
    http_version: 
  recorded_at: Thu, 16 May 2013 11:22:14 GMT
- request:
    method: get
    uri: https://api.xero.com/api.xro/2.0/Invoices?where=Contact.ContactID%20=%20GUID(%229b576d1e-6dc9-4be9-af4f-0210891b6c7b%22)%20AND%20Status%20!=%20%22DELETED%22
    body:
      encoding: US-ASCII
      string: ''
    headers:
      Charset:
      - utf-8
      Accept:
      - ! '*/*'
      User-Agent:
      - OAuth gem v0.4.7
      Authorization:
      - OAuth oauth_consumer_key="<XERO_CONSUMER_KEY>", oauth_nonce="ILCrGxUwbemDq30sgtw8Z2kA6KtGnT2pAfmzVHwk",
        oauth_signature="KW8%2Bpun8hAsKOR2umK9il8sn%2FQhCpiin7W74urnwjEqCLEmmtWT2Cplen4rUhkIQ1nkq1q1vkow88KZbaay0zFRr6rr5RxdikpjWRRalLefUUkt69rihxeZ8sXIp6lfgSDmVe%2BouU9f5ILbN%2Fa5ua9q8ezCgGhmNQELWx3FeLV4%3D",
        oauth_signature_method="RSA-SHA1", oauth_timestamp="1368703334", oauth_token="<XERO_CONSUMER_KEY>",
        oauth_version="1.0"
  response:
    status:
      code: 200
      message: OK
    headers:
      Cache-Control:
      - private
      Content-Type:
      - text/xml; charset=utf-8
      Www-Authenticate:
      - OAuth Realm="api.xero.com"
      X-S:
      - 445761-O1VMAP04
      Strict-Transport-Security:
      - max-age=31536000
      Date:
      - Thu, 16 May 2013 11:22:15 GMT
      Content-Length:
      - '291'
    body:
      encoding: US-ASCII
      string: ! "<Response xmlns:xsd=\"http://www.w3.org/2001/XMLSchema\" xmlns:xsi=\"http://www.w3.org/2001/XMLSchema-instance\">\r\n
        \ <Id>a5752199-8f74-43f4-9fbe-dfde4eb4520d</Id>\r\n  <Status>OK</Status>\r\n
        \ <ProviderName>Spong</ProviderName>\r\n  <DateTimeUTC>2013-05-16T11:22:15.4176712Z</DateTimeUTC>\r\n</Response>"
    http_version: 
  recorded_at: Thu, 16 May 2013 11:22:15 GMT
- request:
    method: put
    uri: https://api.xero.com/api.xro/2.0/Invoices
    body:
      encoding: US-ASCII
      string: xml=%3CInvoice%3E%0A%20%20%3CType%3EACCREC%3C%2FType%3E%0A%20%20%3CContact%3E%0A%20%20%20%20%3CContactID%3E9b576d1e-6dc9-4be9-af4f-0210891b6c7b%3C%2FContactID%3E%0A%20%20%20%20%3CContactStatus%3EACTIVE%3C%2FContactStatus%3E%0A%20%20%20%20%3CName%3EExisting%20Company%20Inc.%3C%2FName%3E%0A%20%20%20%20%3CAddresses%3E%0A%20%20%20%20%20%20%3CAddress%3E%0A%20%20%20%20%20%20%20%20%3CAddressType%3EPOBOX%3C%2FAddressType%3E%0A%20%20%20%20%20%20%3C%2FAddress%3E%0A%20%20%20%20%20%20%3CAddress%3E%0A%20%20%20%20%20%20%20%20%3CAddressType%3ESTREET%3C%2FAddressType%3E%0A%20%20%20%20%20%20%3C%2FAddress%3E%0A%20%20%20%20%3C%2FAddresses%3E%0A%20%20%20%20%3CPhones%3E%0A%20%20%20%20%20%20%3CPhone%3E%0A%20%20%20%20%20%20%20%20%3CPhoneType%3EDDI%3C%2FPhoneType%3E%0A%20%20%20%20%20%20%3C%2FPhone%3E%0A%20%20%20%20%20%20%3CPhone%3E%0A%20%20%20%20%20%20%20%20%3CPhoneType%3EDEFAULT%3C%2FPhoneType%3E%0A%20%20%20%20%20%20%3C%2FPhone%3E%0A%20%20%20%20%20%20%3CPhone%3E%0A%20%20%20%20%20%20%20%20%3CPhoneType%3EFAX%3C%2FPhoneType%3E%0A%20%20%20%20%20%20%3C%2FPhone%3E%0A%20%20%20%20%20%20%3CPhone%3E%0A%20%20%20%20%20%20%20%20%3CPhoneType%3EMOBILE%3C%2FPhoneType%3E%0A%20%20%20%20%20%20%3C%2FPhone%3E%0A%20%20%20%20%3C%2FPhones%3E%0A%20%20%20%20%3CUpdatedDateUTC%3E2013-05-16T09%3A52%3A38%3C%2FUpdatedDateUTC%3E%0A%20%20%20%20%3CIsSupplier%3Efalse%3C%2FIsSupplier%3E%0A%20%20%20%20%3CIsCustomer%3Etrue%3C%2FIsCustomer%3E%0A%20%20%3C%2FContact%3E%0A%20%20%3CDueDate%3E2013-03-10%3C%2FDueDate%3E%0A%20%20%3CStatus%3EDRAFT%3C%2FStatus%3E%0A%20%20%3CLineItems%3E%0A%20%20%20%20%3CLineItem%3E%0A%20%20%20%20%20%20%3CDescription%3Emy%20fantastic%20invoice%20description%3C%2FDescription%3E%0A%20%20%20%20%20%20%3CQuantity%3E1%3C%2FQuantity%3E%0A%20%20%20%20%20%20%3CUnitAmount%3E1.0%3C%2FUnitAmount%3E%0A%20%20%20%20%20%20%3CTaxType%3EOUTPUT2%3C%2FTaxType%3E%0A%20%20%20%20%3C%2FLineItem%3E%0A%20%20%20%20%3CLineItem%3E%0A%20%20%20%20%20%20%3CDescription%3EPAID%20WITH%20PAYPAL%3C%2FDescription%3E%0A%20%20%20%20%20%20%3CQuantity%3E0%3C%2FQuantity%3E%0A%20%20%20%20%20%20%3CUnitAmount%3E0%3C%2FUnitAmount%3E%0A%20%20%20%20%3C%2FLineItem%3E%0A%20%20%3C%2FLineItems%3E%0A%3C%2FInvoice%3E%0A
    headers:
      Charset:
      - utf-8
      Content-Type:
      - application/x-www-form-urlencoded
      Accept:
      - ! '*/*'
      User-Agent:
      - OAuth gem v0.4.7
      Content-Length:
      - '0'
      Authorization:
      - OAuth oauth_consumer_key="<XERO_CONSUMER_KEY>", oauth_nonce="CgyFvoH92lz0SulcYJDv01ZZ5OjHoqlkAcVMBWLbI4",
        oauth_signature="k%2BvJxdAFwoNfVqQpvTPwEm4U8gJAxlW69kjuRcWDq2eD%2BK3eFwuAg6%2FahsqXz56D2ft%2BVIhC9crnl4H8DSEGvDL%2FdgxCnctPK1d8KF713Jl8okZ%2BHcQmbveuRb1%2B6QO8VcAlQa%2BXIoPTooZVXn12n%2BXnxknF%2B29CBtQ7FVTFzy4%3D",
        oauth_signature_method="RSA-SHA1", oauth_timestamp="1368703335", oauth_token="<XERO_CONSUMER_KEY>",
        oauth_version="1.0"
  response:
    status:
      code: 200
      message: OK
    headers:
      Cache-Control:
      - private
      Content-Type:
      - text/xml; charset=utf-8
      Www-Authenticate:
      - OAuth Realm="api.xero.com"
      X-S:
      - 445761-O1VMAP04
      Strict-Transport-Security:
      - max-age=31536000
      Date:
      - Thu, 16 May 2013 11:22:15 GMT
      Content-Length:
      - '2505'
    body:
      encoding: US-ASCII
      string: ! "<Response xmlns:xsd=\"http://www.w3.org/2001/XMLSchema\" xmlns:xsi=\"http://www.w3.org/2001/XMLSchema-instance\">\r\n
        \ <Id>950fe5c8-9891-42fb-8b0f-321e18abb4db</Id>\r\n  <Status>OK</Status>\r\n
        \ <ProviderName>Spong</ProviderName>\r\n  <DateTimeUTC>2013-05-16T11:22:16.0572835Z</DateTimeUTC>\r\n
        \ <Invoices>\r\n    <Invoice>\r\n      <Contact>\r\n        <ContactID>9b576d1e-6dc9-4be9-af4f-0210891b6c7b</ContactID>\r\n
        \       <ContactStatus>ACTIVE</ContactStatus>\r\n        <Name>Existing Company
        Inc.</Name>\r\n        <Addresses>\r\n          <Address>\r\n            <AddressType>POBOX</AddressType>\r\n
        \         </Address>\r\n          <Address>\r\n            <AddressType>STREET</AddressType>\r\n
        \         </Address>\r\n        </Addresses>\r\n        <Phones>\r\n          <Phone>\r\n
        \           <PhoneType>DDI</PhoneType>\r\n          </Phone>\r\n          <Phone>\r\n
        \           <PhoneType>MOBILE</PhoneType>\r\n          </Phone>\r\n          <Phone>\r\n
        \           <PhoneType>DEFAULT</PhoneType>\r\n          </Phone>\r\n          <Phone>\r\n
        \           <PhoneType>FAX</PhoneType>\r\n          </Phone>\r\n        </Phones>\r\n
        \       <UpdatedDateUTC>2013-05-16T10:52:38.87</UpdatedDateUTC>\r\n        <IsSupplier>false</IsSupplier>\r\n
        \       <IsCustomer>true</IsCustomer>\r\n      </Contact>\r\n      <Date>2013-05-16T00:00:00</Date>\r\n
        \     <DueDate>2013-03-10T00:00:00</DueDate>\r\n      <Status>DRAFT</Status>\r\n
        \     <LineAmountTypes>Exclusive</LineAmountTypes>\r\n      <LineItems>\r\n
        \       <LineItem>\r\n          <Description>my fantastic invoice description</Description>\r\n
        \         <UnitAmount>1.00</UnitAmount>\r\n          <TaxType>OUTPUT2</TaxType>\r\n
        \         <TaxAmount>0.20</TaxAmount>\r\n          <LineAmount>1.00</LineAmount>\r\n
        \         <Quantity>1.0000</Quantity>\r\n        </LineItem>\r\n        <LineItem>\r\n
        \         <Description>PAID WITH PAYPAL</Description>\r\n          <UnitAmount>0.00</UnitAmount>\r\n
        \         <LineAmount>0.00</LineAmount>\r\n          <Quantity>0.0000</Quantity>\r\n
        \       </LineItem>\r\n      </LineItems>\r\n      <SubTotal>1.00</SubTotal>\r\n
        \     <TotalTax>0.20</TotalTax>\r\n      <Total>1.20</Total>\r\n      <UpdatedDateUTC>2013-05-16T11:22:16.043</UpdatedDateUTC>\r\n
        \     <CurrencyCode>GBP</CurrencyCode>\r\n      <Type>ACCREC</Type>\r\n      <InvoiceID>593ed058-851b-4361-9411-8249331c86d2</InvoiceID>\r\n
        \     <InvoiceNumber>INV-0063</InvoiceNumber>\r\n      <AmountDue>1.20</AmountDue>\r\n
        \     <AmountPaid>0.00</AmountPaid>\r\n      <SentToContact>false</SentToContact>\r\n
        \     <CurrencyRate>1.000000</CurrencyRate>\r\n    </Invoice>\r\n  </Invoices>\r\n</Response>"
    http_version: 
  recorded_at: Thu, 16 May 2013 11:22:15 GMT
- request:
    method: post
    uri: https://api.xero.com/api.xro/2.0/Invoices
    body:
      encoding: US-ASCII
      string: xml=%3CInvoice%3E%0A%20%20%3CInvoice%3E%0A%20%20%20%20%3CContactID%3E9b576d1e-6dc9-4be9-af4f-0210891b6c7b%3C%2FContactID%3E%0A%20%20%20%20%3CContactStatus%3EACTIVE%3C%2FContactStatus%3E%0A%20%20%20%20%3CName%3EExisting%20Company%20Inc.%3C%2FName%3E%0A%20%20%20%20%3CAddresses%3E%0A%20%20%20%20%20%20%3CAddress%3E%0A%20%20%20%20%20%20%20%20%3CAddressType%3EPOBOX%3C%2FAddressType%3E%0A%20%20%20%20%20%20%3C%2FAddress%3E%0A%20%20%20%20%20%20%3CAddress%3E%0A%20%20%20%20%20%20%20%20%3CAddressType%3ESTREET%3C%2FAddressType%3E%0A%20%20%20%20%20%20%3C%2FAddress%3E%0A%20%20%20%20%3C%2FAddresses%3E%0A%20%20%20%20%3CPhones%3E%0A%20%20%20%20%20%20%3CPhone%3E%0A%20%20%20%20%20%20%20%20%3CPhoneType%3EDDI%3C%2FPhoneType%3E%0A%20%20%20%20%20%20%3C%2FPhone%3E%0A%20%20%20%20%20%20%3CPhone%3E%0A%20%20%20%20%20%20%20%20%3CPhoneType%3EMOBILE%3C%2FPhoneType%3E%0A%20%20%20%20%20%20%3C%2FPhone%3E%0A%20%20%20%20%20%20%3CPhone%3E%0A%20%20%20%20%20%20%20%20%3CPhoneType%3EDEFAULT%3C%2FPhoneType%3E%0A%20%20%20%20%20%20%3C%2FPhone%3E%0A%20%20%20%20%20%20%3CPhone%3E%0A%20%20%20%20%20%20%20%20%3CPhoneType%3EFAX%3C%2FPhoneType%3E%0A%20%20%20%20%20%20%3C%2FPhone%3E%0A%20%20%20%20%3C%2FPhones%3E%0A%20%20%20%20%3CUpdatedDateUTC%3E2013-05-16T09%3A52%3A38%3C%2FUpdatedDateUTC%3E%0A%20%20%20%20%3CIsSupplier%3Efalse%3C%2FIsSupplier%3E%0A%20%20%20%20%3CIsCustomer%3Etrue%3C%2FIsCustomer%3E%0A%20%20%3C%2FInvoice%3E%0A%20%20%3CDate%3E2013-05-16%3C%2FDate%3E%0A%20%20%3CDueDate%3E2013-03-10%3C%2FDueDate%3E%0A%20%20%3CStatus%3EDRAFT%3C%2FStatus%3E%0A%20%20%3CLineAmountTypes%3EExclusive%3C%2FLineAmountTypes%3E%0A%20%20%3CLineItems%3E%0A%20%20%20%20%3CLineItem%3E%0A%20%20%20%20%20%20%3CDescription%3Emy%20fantastic%20invoice%20description%3C%2FDescription%3E%0A%20%20%20%20%20%20%3CUnitAmount%3E1.0%3C%2FUnitAmount%3E%0A%20%20%20%20%20%20%3CTaxType%3EOUTPUT2%3C%2FTaxType%3E%0A%20%20%20%20%20%20%3CTaxAmount%3E0.2%3C%2FTaxAmount%3E%0A%20%20%20%20%20%20%3CLineAmount%3E1.0%3C%2FLineAmount%3E%0A%20%20%20%20%20%20%3CQuantity%3E1.0%3C%2FQuantity%3E%0A%20%20%20%20%3C%2FLineItem%3E%0A%20%20%20%20%3CLineItem%3E%0A%20%20%20%20%20%20%3CDescription%3EPAID%20WITH%20PAYPAL%3C%2FDescription%3E%0A%20%20%20%20%20%20%3CUnitAmount%3E0.0%3C%2FUnitAmount%3E%0A%20%20%20%20%20%20%3CLineAmount%3E0.0%3C%2FLineAmount%3E%0A%20%20%20%20%20%20%3CQuantity%3E0.0%3C%2FQuantity%3E%0A%20%20%20%20%3C%2FLineItem%3E%0A%20%20%3C%2FLineItems%3E%0A%20%20%3CSubTotal%3E1.0%3C%2FSubTotal%3E%0A%20%20%3CTotalTax%3E0.2%3C%2FTotalTax%3E%0A%20%20%3CTotal%3E1.2%3C%2FTotal%3E%0A%20%20%3CUpdatedDateUTC%3E2013-05-16T10%3A22%3A16%3C%2FUpdatedDateUTC%3E%0A%20%20%3CCurrencyCode%3EGBP%3C%2FCurrencyCode%3E%0A%20%20%3CType%3EACCREC%3C%2FType%3E%0A%20%20%3CInvoiceID%3E593ed058-851b-4361-9411-8249331c86d2%3C%2FInvoiceID%3E%0A%20%20%3CInvoiceNumber%3EINV-0063%3C%2FInvoiceNumber%3E%0A%20%20%3CAmountDue%3E1.2%3C%2FAmountDue%3E%0A%20%20%3CAmountPaid%3E0.0%3C%2FAmountPaid%3E%0A%20%20%3CSentToContact%3Efalse%3C%2FSentToContact%3E%0A%3C%2FInvoice%3E%0A
    headers:
      Charset:
      - utf-8
      Content-Type:
      - application/x-www-form-urlencoded
      Accept:
      - ! '*/*'
      User-Agent:
      - OAuth gem v0.4.7
      Content-Length:
      - '0'
      Authorization:
      - OAuth oauth_consumer_key="<XERO_CONSUMER_KEY>", oauth_nonce="YPfJYBJcwAjOgBVTh6Hex2y4cd80EG3Kc26x3euas",
        oauth_signature="nzTbbOGI5uVA%2FpRhVHAbZjV6VGmtS2zzi6P6RQeUVpfEfhShYfvxS2ZwhyT2Uq7vOFOiFiIYuI90RRXCGq3f60%2FFylHpA0EAYL9O3rtq4WQ5QSM%2FXOOcX0%2FUDNsVvoIyU%2ByXpvaHSzVv3reRtx10LiqgXa2fJMi48OeR5vS67kg%3D",
        oauth_signature_method="RSA-SHA1", oauth_timestamp="1368703335", oauth_token="<XERO_CONSUMER_KEY>",
        oauth_version="1.0"
  response:
    status:
      code: 200
      message: OK
    headers:
      Cache-Control:
      - private
      Content-Type:
      - text/xml; charset=utf-8
      Www-Authenticate:
      - OAuth Realm="api.xero.com"
      X-S:
      - 445761-O1VMAP04
      Strict-Transport-Security:
      - max-age=31536000
      Date:
      - Thu, 16 May 2013 11:22:16 GMT
      Content-Length:
      - '2668'
    body:
      encoding: US-ASCII
      string: ! "<Response xmlns:xsd=\"http://www.w3.org/2001/XMLSchema\" xmlns:xsi=\"http://www.w3.org/2001/XMLSchema-instance\">\r\n
        \ <Id>4974e227-ef83-492c-9f6b-babec3f99111</Id>\r\n  <Status>OK</Status>\r\n
        \ <ProviderName>Spong</ProviderName>\r\n  <DateTimeUTC>2013-05-16T11:22:16.8372985Z</DateTimeUTC>\r\n
        \ <Invoices>\r\n    <Invoice>\r\n      <Warnings>\r\n        <Warning>\r\n
        \         <Message>Only AUTHORISED invoices may have SentToContact updated.</Message>\r\n
        \       </Warning>\r\n      </Warnings>\r\n      <Contact>\r\n        <ContactID>9b576d1e-6dc9-4be9-af4f-0210891b6c7b</ContactID>\r\n
        \       <ContactStatus>ACTIVE</ContactStatus>\r\n        <Name>Existing Company
        Inc.</Name>\r\n        <Addresses>\r\n          <Address>\r\n            <AddressType>POBOX</AddressType>\r\n
        \         </Address>\r\n          <Address>\r\n            <AddressType>STREET</AddressType>\r\n
        \         </Address>\r\n        </Addresses>\r\n        <Phones>\r\n          <Phone>\r\n
        \           <PhoneType>DDI</PhoneType>\r\n          </Phone>\r\n          <Phone>\r\n
        \           <PhoneType>MOBILE</PhoneType>\r\n          </Phone>\r\n          <Phone>\r\n
        \           <PhoneType>DEFAULT</PhoneType>\r\n          </Phone>\r\n          <Phone>\r\n
        \           <PhoneType>FAX</PhoneType>\r\n          </Phone>\r\n        </Phones>\r\n
        \       <UpdatedDateUTC>2013-05-16T10:52:38.87</UpdatedDateUTC>\r\n        <IsSupplier>false</IsSupplier>\r\n
        \       <IsCustomer>true</IsCustomer>\r\n      </Contact>\r\n      <Date>2013-05-16T00:00:00</Date>\r\n
        \     <DueDate>2013-03-10T00:00:00</DueDate>\r\n      <Status>DRAFT</Status>\r\n
        \     <LineAmountTypes>Exclusive</LineAmountTypes>\r\n      <LineItems>\r\n
        \       <LineItem>\r\n          <Description>my fantastic invoice description</Description>\r\n
        \         <UnitAmount>1.00</UnitAmount>\r\n          <TaxType>OUTPUT2</TaxType>\r\n
        \         <TaxAmount>0.20</TaxAmount>\r\n          <LineAmount>1.00</LineAmount>\r\n
        \         <Quantity>1.0000</Quantity>\r\n        </LineItem>\r\n        <LineItem>\r\n
        \         <Description>PAID WITH PAYPAL</Description>\r\n          <UnitAmount>0.00</UnitAmount>\r\n
        \         <LineAmount>0.00</LineAmount>\r\n          <Quantity>0.0000</Quantity>\r\n
        \       </LineItem>\r\n      </LineItems>\r\n      <SubTotal>1.00</SubTotal>\r\n
        \     <TotalTax>0.20</TotalTax>\r\n      <Total>1.20</Total>\r\n      <UpdatedDateUTC>2013-05-16T11:22:16.807</UpdatedDateUTC>\r\n
        \     <CurrencyCode>GBP</CurrencyCode>\r\n      <Type>ACCREC</Type>\r\n      <InvoiceID>593ed058-851b-4361-9411-8249331c86d2</InvoiceID>\r\n
        \     <InvoiceNumber>INV-0063</InvoiceNumber>\r\n      <AmountDue>1.20</AmountDue>\r\n
        \     <AmountPaid>0.00</AmountPaid>\r\n      <SentToContact>false</SentToContact>\r\n
        \     <CurrencyRate>1.000000</CurrencyRate>\r\n    </Invoice>\r\n  </Invoices>\r\n</Response>"
    http_version: 
  recorded_at: Thu, 16 May 2013 11:22:16 GMT
- request:
    method: get
    uri: https://api.xero.com/api.xro/2.0/Contacts?where=Name%20==%20%22Existing%20Company%20Inc.%22
    body:
      encoding: US-ASCII
      string: ''
    headers:
      Charset:
      - utf-8
      Accept:
      - ! '*/*'
      User-Agent:
      - OAuth gem v0.4.7
      Authorization:
      - OAuth oauth_consumer_key="<XERO_CONSUMER_KEY>", oauth_nonce="B2WM8g6x59NplkD4XTuEtmPQmUCqIdrhUx6WfYbIOkI",
        oauth_signature="LIImQi63nzeExZEhE06DNDMGw1JgoEul0H8J3lNl7ZdZQZtiy6kt5unbcL9VJdDJ2oBv4BfYwprRND3rlD7DzKgshf4BsPdsCHTRPGQmEmOVNbsaUwSpBOXFxVOor15glSgF2nyafJ4BS6Qkoh0d9pgOTUV%2F2Qg53%2FkIXbb1m08%3D",
        oauth_signature_method="RSA-SHA1", oauth_timestamp="1368703336", oauth_token="<XERO_CONSUMER_KEY>",
        oauth_version="1.0"
  response:
    status:
      code: 200
      message: OK
    headers:
      Cache-Control:
      - private
      Content-Type:
      - text/xml; charset=utf-8
      Www-Authenticate:
      - OAuth Realm="api.xero.com"
      X-S:
      - 445761-O1VMAP04
      Strict-Transport-Security:
      - max-age=31536000
      Date:
      - Thu, 16 May 2013 11:22:16 GMT
      Content-Length:
      - '1181'
    body:
      encoding: US-ASCII
      string: ! "<Response xmlns:xsd=\"http://www.w3.org/2001/XMLSchema\" xmlns:xsi=\"http://www.w3.org/2001/XMLSchema-instance\">\r\n
        \ <Id>233f5a51-1544-4fe0-a027-1ec457dd7e96</Id>\r\n  <Status>OK</Status>\r\n
        \ <ProviderName>Spong</ProviderName>\r\n  <DateTimeUTC>2013-05-16T11:22:17.5237117Z</DateTimeUTC>\r\n
        \ <Contacts>\r\n    <Contact>\r\n      <ContactID>9b576d1e-6dc9-4be9-af4f-0210891b6c7b</ContactID>\r\n
        \     <ContactStatus>ACTIVE</ContactStatus>\r\n      <Name>Existing Company
        Inc.</Name>\r\n      <Addresses>\r\n        <Address>\r\n          <AddressType>POBOX</AddressType>\r\n
        \       </Address>\r\n        <Address>\r\n          <AddressType>STREET</AddressType>\r\n
        \       </Address>\r\n      </Addresses>\r\n      <Phones>\r\n        <Phone>\r\n
        \         <PhoneType>DDI</PhoneType>\r\n        </Phone>\r\n        <Phone>\r\n
        \         <PhoneType>DEFAULT</PhoneType>\r\n        </Phone>\r\n        <Phone>\r\n
        \         <PhoneType>FAX</PhoneType>\r\n        </Phone>\r\n        <Phone>\r\n
        \         <PhoneType>MOBILE</PhoneType>\r\n        </Phone>\r\n      </Phones>\r\n
        \     <UpdatedDateUTC>2013-05-16T10:52:38.87</UpdatedDateUTC>\r\n      <IsSupplier>false</IsSupplier>\r\n
        \     <IsCustomer>true</IsCustomer>\r\n    </Contact>\r\n  </Contacts>\r\n</Response>"
    http_version: 
  recorded_at: Thu, 16 May 2013 11:22:17 GMT
- request:
    method: get
    uri: https://api.xero.com/api.xro/2.0/Invoices?where=Contact.ContactID%20=%20GUID(%229b576d1e-6dc9-4be9-af4f-0210891b6c7b%22)%20AND%20Status%20!=%20%22DELETED%22
    body:
      encoding: US-ASCII
      string: ''
    headers:
      Charset:
      - utf-8
      Accept:
      - ! '*/*'
      User-Agent:
      - OAuth gem v0.4.7
      Authorization:
      - OAuth oauth_consumer_key="<XERO_CONSUMER_KEY>", oauth_nonce="f6y1tbceapIT0xsNGqsMFwnih6UH3xbHOZFN3DVwMc",
        oauth_signature="qx0KN1w2FiD9i1VmjSiTEJwCRRyVnY%2FCsTrDeRI2N3HmHHk33X2G7wRBZd2Cbf9icd3jDGQXKOKeoT1CaxuuKnbKB%2BobhyKhMs6VwhXsr%2B9Oxz8vPbofM4%2F5ZBMy7gBicCR1v5c%2FynbfMWM%2B8YmY9MLR3L0CDOLhLA3Z49qsu14%3D",
        oauth_signature_method="RSA-SHA1", oauth_timestamp="1368703337", oauth_token="<XERO_CONSUMER_KEY>",
        oauth_version="1.0"
  response:
    status:
      code: 200
      message: OK
    headers:
      Cache-Control:
      - private
      Content-Type:
      - text/xml; charset=utf-8
      Www-Authenticate:
      - OAuth Realm="api.xero.com"
      X-S:
      - 445761-O1VMAP04
      Strict-Transport-Security:
      - max-age=31536000
      Date:
      - Thu, 16 May 2013 11:22:18 GMT
      Content-Length:
      - '1123'
    body:
      encoding: US-ASCII
      string: ! "<Response xmlns:xsd=\"http://www.w3.org/2001/XMLSchema\" xmlns:xsi=\"http://www.w3.org/2001/XMLSchema-instance\">\r\n
        \ <Id>9bf0d65c-8d31-464a-8ef1-61efc5ec51f3</Id>\r\n  <Status>OK</Status>\r\n
        \ <ProviderName>Spong</ProviderName>\r\n  <DateTimeUTC>2013-05-16T11:22:18.2101249Z</DateTimeUTC>\r\n
        \ <Invoices>\r\n    <Invoice>\r\n      <Contact>\r\n        <ContactID>9b576d1e-6dc9-4be9-af4f-0210891b6c7b</ContactID>\r\n
        \       <Name>Existing Company Inc.</Name>\r\n      </Contact>\r\n      <Date>2013-05-16T00:00:00</Date>\r\n
        \     <DueDate>2013-03-10T00:00:00</DueDate>\r\n      <Status>DRAFT</Status>\r\n
        \     <LineAmountTypes>Exclusive</LineAmountTypes>\r\n      <SubTotal>1.00</SubTotal>\r\n
        \     <TotalTax>0.20</TotalTax>\r\n      <Total>1.20</Total>\r\n      <UpdatedDateUTC>2013-05-16T11:22:16.807</UpdatedDateUTC>\r\n
        \     <CurrencyCode>GBP</CurrencyCode>\r\n      <Type>ACCREC</Type>\r\n      <InvoiceID>593ed058-851b-4361-9411-8249331c86d2</InvoiceID>\r\n
        \     <InvoiceNumber>INV-0063</InvoiceNumber>\r\n      <AmountDue>1.20</AmountDue>\r\n
        \     <AmountPaid>0.00</AmountPaid>\r\n      <HasAttachments>false</HasAttachments>\r\n
        \   </Invoice>\r\n  </Invoices>\r\n</Response>"
    http_version: 
  recorded_at: Thu, 16 May 2013 11:22:17 GMT
- request:
    method: get
    uri: https://api.xero.com/api.xro/2.0/Invoices/593ed058-851b-4361-9411-8249331c86d2
    body:
      encoding: US-ASCII
      string: ''
    headers:
      Charset:
      - utf-8
      Accept:
      - ! '*/*'
      User-Agent:
      - OAuth gem v0.4.7
      Authorization:
      - OAuth oauth_consumer_key="<XERO_CONSUMER_KEY>", oauth_nonce="TrCgvDcZkxN2PwelgVv4RqDGlOzVaU35hHG4XCj3o",
        oauth_signature="YW2uah33jKDl3QMzGm7j7LWC7yJwiCSXZ2T6nxSdzyRAndTweQ%2BsVt1UsNxGt7%2B%2BemDiTeLcQWpl%2FIomLrMAQBG50NYvVWcYeIixXdQ8WAM1KRKZv%2F6kMATEwXkE6h%2FM92RR2cRCuE0lkLFWt7%2Fa3WFG0Gh3XFgdLShkMjLU0o4%3D",
        oauth_signature_method="RSA-SHA1", oauth_timestamp="1368703337", oauth_token="<XERO_CONSUMER_KEY>",
        oauth_version="1.0"
  response:
    status:
      code: 200
      message: OK
    headers:
      Cache-Control:
      - private
      Content-Type:
      - text/xml; charset=utf-8
      Www-Authenticate:
      - OAuth Realm="api.xero.com"
      X-S:
      - 445761-O1VMAP04
      Strict-Transport-Security:
      - max-age=31536000
      Date:
      - Thu, 16 May 2013 11:22:18 GMT
      Content-Length:
      - '2550'
    body:
      encoding: US-ASCII
      string: ! "<Response xmlns:xsd=\"http://www.w3.org/2001/XMLSchema\" xmlns:xsi=\"http://www.w3.org/2001/XMLSchema-instance\">\r\n
        \ <Id>291ece00-2883-43ec-8cc2-1dca1984cfe9</Id>\r\n  <Status>OK</Status>\r\n
        \ <ProviderName>Spong</ProviderName>\r\n  <DateTimeUTC>2013-05-16T11:22:18.787336Z</DateTimeUTC>\r\n
        \ <Invoices>\r\n    <Invoice>\r\n      <Contact>\r\n        <ContactID>9b576d1e-6dc9-4be9-af4f-0210891b6c7b</ContactID>\r\n
        \       <ContactStatus>ACTIVE</ContactStatus>\r\n        <Name>Existing Company
        Inc.</Name>\r\n        <Addresses>\r\n          <Address>\r\n            <AddressType>POBOX</AddressType>\r\n
        \         </Address>\r\n          <Address>\r\n            <AddressType>STREET</AddressType>\r\n
        \         </Address>\r\n        </Addresses>\r\n        <Phones>\r\n          <Phone>\r\n
        \           <PhoneType>DDI</PhoneType>\r\n          </Phone>\r\n          <Phone>\r\n
        \           <PhoneType>MOBILE</PhoneType>\r\n          </Phone>\r\n          <Phone>\r\n
        \           <PhoneType>DEFAULT</PhoneType>\r\n          </Phone>\r\n          <Phone>\r\n
        \           <PhoneType>FAX</PhoneType>\r\n          </Phone>\r\n        </Phones>\r\n
        \       <UpdatedDateUTC>2013-05-16T10:52:38.87</UpdatedDateUTC>\r\n        <IsSupplier>false</IsSupplier>\r\n
        \       <IsCustomer>true</IsCustomer>\r\n      </Contact>\r\n      <Date>2013-05-16T00:00:00</Date>\r\n
        \     <DueDate>2013-03-10T00:00:00</DueDate>\r\n      <Status>DRAFT</Status>\r\n
        \     <LineAmountTypes>Exclusive</LineAmountTypes>\r\n      <LineItems>\r\n
        \       <LineItem>\r\n          <Description>my fantastic invoice description</Description>\r\n
        \         <UnitAmount>1.00</UnitAmount>\r\n          <TaxType>OUTPUT2</TaxType>\r\n
        \         <TaxAmount>0.20</TaxAmount>\r\n          <LineAmount>1.00</LineAmount>\r\n
        \         <Quantity>1.0000</Quantity>\r\n        </LineItem>\r\n        <LineItem>\r\n
        \         <Description>PAID WITH PAYPAL</Description>\r\n          <UnitAmount>0.00</UnitAmount>\r\n
        \         <LineAmount>0.00</LineAmount>\r\n          <Quantity>0.0000</Quantity>\r\n
        \       </LineItem>\r\n      </LineItems>\r\n      <SubTotal>1.00</SubTotal>\r\n
        \     <TotalTax>0.20</TotalTax>\r\n      <Total>1.20</Total>\r\n      <UpdatedDateUTC>2013-05-16T11:22:16.807</UpdatedDateUTC>\r\n
        \     <CurrencyCode>GBP</CurrencyCode>\r\n      <Type>ACCREC</Type>\r\n      <InvoiceID>593ed058-851b-4361-9411-8249331c86d2</InvoiceID>\r\n
        \     <InvoiceNumber>INV-0063</InvoiceNumber>\r\n      <AmountDue>1.20</AmountDue>\r\n
        \     <AmountPaid>0.00</AmountPaid>\r\n      <SentToContact>false</SentToContact>\r\n
        \     <CurrencyRate>1.000000</CurrencyRate>\r\n      <HasAttachments>false</HasAttachments>\r\n
        \   </Invoice>\r\n  </Invoices>\r\n</Response>"
    http_version: 
  recorded_at: Thu, 16 May 2013 11:22:18 GMT
- request:
    method: post
    uri: https://api.xero.com/api.xro/2.0/Invoices
    body:
      encoding: US-ASCII
      string: xml=%3CInvoice%3E%0A%20%20%3CInvoice%3E%0A%20%20%20%20%3CContactID%3E9b576d1e-6dc9-4be9-af4f-0210891b6c7b%3C%2FContactID%3E%0A%20%20%20%20%3CContactStatus%3EACTIVE%3C%2FContactStatus%3E%0A%20%20%20%20%3CName%3EExisting%20Company%20Inc.%3C%2FName%3E%0A%20%20%20%20%3CAddresses%3E%0A%20%20%20%20%20%20%3CAddress%3E%0A%20%20%20%20%20%20%20%20%3CAddressType%3EPOBOX%3C%2FAddressType%3E%0A%20%20%20%20%20%20%3C%2FAddress%3E%0A%20%20%20%20%20%20%3CAddress%3E%0A%20%20%20%20%20%20%20%20%3CAddressType%3ESTREET%3C%2FAddressType%3E%0A%20%20%20%20%20%20%3C%2FAddress%3E%0A%20%20%20%20%3C%2FAddresses%3E%0A%20%20%20%20%3CPhones%3E%0A%20%20%20%20%20%20%3CPhone%3E%0A%20%20%20%20%20%20%20%20%3CPhoneType%3EDDI%3C%2FPhoneType%3E%0A%20%20%20%20%20%20%3C%2FPhone%3E%0A%20%20%20%20%20%20%3CPhone%3E%0A%20%20%20%20%20%20%20%20%3CPhoneType%3EMOBILE%3C%2FPhoneType%3E%0A%20%20%20%20%20%20%3C%2FPhone%3E%0A%20%20%20%20%20%20%3CPhone%3E%0A%20%20%20%20%20%20%20%20%3CPhoneType%3EDEFAULT%3C%2FPhoneType%3E%0A%20%20%20%20%20%20%3C%2FPhone%3E%0A%20%20%20%20%20%20%3CPhone%3E%0A%20%20%20%20%20%20%20%20%3CPhoneType%3EFAX%3C%2FPhoneType%3E%0A%20%20%20%20%20%20%3C%2FPhone%3E%0A%20%20%20%20%3C%2FPhones%3E%0A%20%20%20%20%3CUpdatedDateUTC%3E2013-05-16T09%3A52%3A38%3C%2FUpdatedDateUTC%3E%0A%20%20%20%20%3CIsSupplier%3Efalse%3C%2FIsSupplier%3E%0A%20%20%20%20%3CIsCustomer%3Etrue%3C%2FIsCustomer%3E%0A%20%20%3C%2FInvoice%3E%0A%20%20%3CDate%3E2013-05-16%3C%2FDate%3E%0A%20%20%3CDueDate%3E2013-03-10%3C%2FDueDate%3E%0A%20%20%3CStatus%3EDELETED%3C%2FStatus%3E%0A%20%20%3CLineAmountTypes%3EExclusive%3C%2FLineAmountTypes%3E%0A%20%20%3CLineItems%3E%0A%20%20%20%20%3CLineItem%3E%0A%20%20%20%20%20%20%3CDescription%3Emy%20fantastic%20invoice%20description%3C%2FDescription%3E%0A%20%20%20%20%20%20%3CUnitAmount%3E1.0%3C%2FUnitAmount%3E%0A%20%20%20%20%20%20%3CTaxType%3EOUTPUT2%3C%2FTaxType%3E%0A%20%20%20%20%20%20%3CTaxAmount%3E0.2%3C%2FTaxAmount%3E%0A%20%20%20%20%20%20%3CLineAmount%3E1.0%3C%2FLineAmount%3E%0A%20%20%20%20%20%20%3CQuantity%3E1.0%3C%2FQuantity%3E%0A%20%20%20%20%3C%2FLineItem%3E%0A%20%20%20%20%3CLineItem%3E%0A%20%20%20%20%20%20%3CDescription%3EPAID%20WITH%20PAYPAL%3C%2FDescription%3E%0A%20%20%20%20%20%20%3CUnitAmount%3E0.0%3C%2FUnitAmount%3E%0A%20%20%20%20%20%20%3CLineAmount%3E0.0%3C%2FLineAmount%3E%0A%20%20%20%20%20%20%3CQuantity%3E0.0%3C%2FQuantity%3E%0A%20%20%20%20%3C%2FLineItem%3E%0A%20%20%3C%2FLineItems%3E%0A%20%20%3CSubTotal%3E1.0%3C%2FSubTotal%3E%0A%20%20%3CTotalTax%3E0.2%3C%2FTotalTax%3E%0A%20%20%3CTotal%3E1.2%3C%2FTotal%3E%0A%20%20%3CUpdatedDateUTC%3E2013-05-16T10%3A22%3A16%3C%2FUpdatedDateUTC%3E%0A%20%20%3CCurrencyCode%3EGBP%3C%2FCurrencyCode%3E%0A%20%20%3CType%3EACCREC%3C%2FType%3E%0A%20%20%3CInvoiceID%3E593ed058-851b-4361-9411-8249331c86d2%3C%2FInvoiceID%3E%0A%20%20%3CInvoiceNumber%3EINV-0063%3C%2FInvoiceNumber%3E%0A%20%20%3CAmountDue%3E1.2%3C%2FAmountDue%3E%0A%20%20%3CAmountPaid%3E0.0%3C%2FAmountPaid%3E%0A%20%20%3CSentToContact%3Efalse%3C%2FSentToContact%3E%0A%3C%2FInvoice%3E%0A
    headers:
      Charset:
      - utf-8
      Content-Type:
      - application/x-www-form-urlencoded
      Accept:
      - ! '*/*'
      User-Agent:
      - OAuth gem v0.4.7
      Content-Length:
      - '0'
      Authorization:
      - OAuth oauth_consumer_key="<XERO_CONSUMER_KEY>", oauth_nonce="QmnU2npemafWxdBtRwNThbDQUlT9meK547Ep24T8",
        oauth_signature="N%2BcAFdZjoZPF1NWuaqTznvH00irNwDMM%2BeMjT6COG%2Fif3WCspk8jsOLDMJIHM3SxKSV3REFlLg0N%2FjAXRf3516AK88egjsLN4YOY5uZxUG91nxcc9B7Wm76EanPoIC1AWm6A9qZxsxpAzri%2FtJ9m02mlvm6daHXEyquz8WgM7hM%3D",
        oauth_signature_method="RSA-SHA1", oauth_timestamp="1368703338", oauth_token="<XERO_CONSUMER_KEY>",
        oauth_version="1.0"
  response:
    status:
      code: 200
      message: OK
    headers:
      Cache-Control:
      - private
      Content-Type:
      - text/xml; charset=utf-8
      Www-Authenticate:
      - OAuth Realm="api.xero.com"
      X-S:
      - 445761-O1VMAP04
      Strict-Transport-Security:
      - max-age=31536000
      Date:
      - Thu, 16 May 2013 11:22:19 GMT
      Content-Length:
      - '2506'
    body:
      encoding: US-ASCII
      string: ! "<Response xmlns:xsd=\"http://www.w3.org/2001/XMLSchema\" xmlns:xsi=\"http://www.w3.org/2001/XMLSchema-instance\">\r\n
        \ <Id>abea7d7a-5c44-4c3b-b74e-e5805c53ca4f</Id>\r\n  <Status>OK</Status>\r\n
        \ <ProviderName>Spong</ProviderName>\r\n  <DateTimeUTC>2013-05-16T11:22:19.5361504Z</DateTimeUTC>\r\n
        \ <Invoices>\r\n    <Invoice>\r\n      <Contact>\r\n        <ContactID>9b576d1e-6dc9-4be9-af4f-0210891b6c7b</ContactID>\r\n
        \       <ContactStatus>ACTIVE</ContactStatus>\r\n        <Name>Existing Company
        Inc.</Name>\r\n        <Addresses>\r\n          <Address>\r\n            <AddressType>POBOX</AddressType>\r\n
        \         </Address>\r\n          <Address>\r\n            <AddressType>STREET</AddressType>\r\n
        \         </Address>\r\n        </Addresses>\r\n        <Phones>\r\n          <Phone>\r\n
        \           <PhoneType>DDI</PhoneType>\r\n          </Phone>\r\n          <Phone>\r\n
        \           <PhoneType>MOBILE</PhoneType>\r\n          </Phone>\r\n          <Phone>\r\n
        \           <PhoneType>DEFAULT</PhoneType>\r\n          </Phone>\r\n          <Phone>\r\n
        \           <PhoneType>FAX</PhoneType>\r\n          </Phone>\r\n        </Phones>\r\n
        \       <UpdatedDateUTC>2013-05-16T10:52:38.87</UpdatedDateUTC>\r\n        <IsSupplier>false</IsSupplier>\r\n
        \       <IsCustomer>true</IsCustomer>\r\n      </Contact>\r\n      <Date>2013-05-16T00:00:00</Date>\r\n
        \     <DueDate>2013-03-10T00:00:00</DueDate>\r\n      <Status>DELETED</Status>\r\n
        \     <LineAmountTypes>Exclusive</LineAmountTypes>\r\n      <LineItems>\r\n
        \       <LineItem>\r\n          <Description>my fantastic invoice description</Description>\r\n
        \         <UnitAmount>1.00</UnitAmount>\r\n          <TaxType>OUTPUT2</TaxType>\r\n
        \         <TaxAmount>0.20</TaxAmount>\r\n          <LineAmount>1.00</LineAmount>\r\n
        \         <Quantity>1.0000</Quantity>\r\n        </LineItem>\r\n        <LineItem>\r\n
        \         <Description>PAID WITH PAYPAL</Description>\r\n          <UnitAmount>0.00</UnitAmount>\r\n
        \         <LineAmount>0.00</LineAmount>\r\n          <Quantity>0.0000</Quantity>\r\n
        \       </LineItem>\r\n      </LineItems>\r\n      <SubTotal>1.00</SubTotal>\r\n
        \     <TotalTax>0.20</TotalTax>\r\n      <Total>1.20</Total>\r\n      <UpdatedDateUTC>2013-05-16T11:22:19.52</UpdatedDateUTC>\r\n
        \     <CurrencyCode>GBP</CurrencyCode>\r\n      <Type>ACCREC</Type>\r\n      <InvoiceID>593ed058-851b-4361-9411-8249331c86d2</InvoiceID>\r\n
        \     <InvoiceNumber>INV-0063</InvoiceNumber>\r\n      <AmountDue>1.20</AmountDue>\r\n
        \     <AmountPaid>0.00</AmountPaid>\r\n      <SentToContact>false</SentToContact>\r\n
        \     <CurrencyRate>1.000000</CurrencyRate>\r\n    </Invoice>\r\n  </Invoices>\r\n</Response>"
    http_version: 
  recorded_at: Thu, 16 May 2013 11:22:19 GMT
recorded_with: VCR 2.4.0
