---
http_interactions:
- request:
    method: put
    uri: https://api.xero.com/api.xro/2.0/Contacts
    body:
      encoding: US-ASCII
      string: xml=%3CContact%3E%0A%20%20%3CName%3EExisting%20Company%20Inc.%3C%2FName%3E%0A%3C%2FContact%3E%0A
    headers:
      Charset:
      - utf-8
      Content-Type:
      - application/x-www-form-urlencoded
      Accept:
      - ! '*/*'
      User-Agent:
      - OAuth gem v0.4.7
      Content-Length:
      - '0'
      Authorization:
      - OAuth oauth_consumer_key="<XERO_CONSUMER_KEY>", oauth_nonce="ClOEA9vNBgS8SEkGgiXtQFhrqpCCSASgkoJwZApWaM",
        oauth_signature="qTnk89FW2rE3c5iiHd4GSnFQUX2W1PFcaxAFT2SQBEnyPDd8d4MGrc8%2Floxh7dcyxP5wxruy%2BTyPy2prC%2F9k6Mg%2BnGWv%2FRX8cOfUzOdXbpsNMOoHZbsonCNHZpJIvDdn6sphJUa8WVjkLY5b4Fv9Jr7esFu3anGEVUJ%2BQJmhSOM%3D",
        oauth_signature_method="RSA-SHA1", oauth_timestamp="1376473522", oauth_token="<XERO_CONSUMER_KEY>",
        oauth_version="1.0"
  response:
    status:
      code: 200
      message: OK
    headers:
      Cache-Control:
      - private
      Content-Type:
      - text/xml; charset=utf-8
      Www-Authenticate:
      - OAuth Realm="api.xero.com"
      X-S:
      - 445760-O1VMAP03
      Strict-Transport-Security:
      - max-age=31536000
      Date:
      - Wed, 14 Aug 2013 09:45:23 GMT
      Content-Length:
      - '1186'
    body:
      encoding: US-ASCII
      string: ! "<Response xmlns:xsd=\"http://www.w3.org/2001/XMLSchema\" xmlns:xsi=\"http://www.w3.org/2001/XMLSchema-instance\">\r\n
        \ <Id>2723318f-8016-487b-9de3-26b03566ac23</Id>\r\n  <Status>OK</Status>\r\n
        \ <ProviderName>Demo App</ProviderName>\r\n  <DateTimeUTC>2013-08-14T09:45:23.1515453Z</DateTimeUTC>\r\n
        \ <Contacts>\r\n    <Contact>\r\n      <ContactID>9a4e9e39-3058-4b59-a578-4acb22d82f3e</ContactID>\r\n
        \     <ContactStatus>ACTIVE</ContactStatus>\r\n      <Name>Existing Company
        Inc.</Name>\r\n      <Addresses>\r\n        <Address>\r\n          <AddressType>POBOX</AddressType>\r\n
        \       </Address>\r\n        <Address>\r\n          <AddressType>STREET</AddressType>\r\n
        \       </Address>\r\n      </Addresses>\r\n      <Phones>\r\n        <Phone>\r\n
        \         <PhoneType>DDI</PhoneType>\r\n        </Phone>\r\n        <Phone>\r\n
        \         <PhoneType>MOBILE</PhoneType>\r\n        </Phone>\r\n        <Phone>\r\n
        \         <PhoneType>FAX</PhoneType>\r\n        </Phone>\r\n        <Phone>\r\n
        \         <PhoneType>DEFAULT</PhoneType>\r\n        </Phone>\r\n      </Phones>\r\n
        \     <UpdatedDateUTC>2013-08-14T09:45:23.073</UpdatedDateUTC>\r\n      <IsSupplier>false</IsSupplier>\r\n
        \     <IsCustomer>false</IsCustomer>\r\n    </Contact>\r\n  </Contacts>\r\n</Response>"
    http_version: 
  recorded_at: Wed, 14 Aug 2013 09:45:23 GMT
- request:
    method: get
    uri: https://api.xero.com/api.xro/2.0/Contacts?where=Name.ToLower()%20==%20%22existing%20company%20inc.%22
    body:
      encoding: US-ASCII
      string: ''
    headers:
      Charset:
      - utf-8
      Accept:
      - ! '*/*'
      User-Agent:
      - OAuth gem v0.4.7
      Authorization:
      - OAuth oauth_consumer_key="<XERO_CONSUMER_KEY>", oauth_nonce="ZOSdyCM7xARCSiczuXxqGFO2VM4EwKFshpBGTUX4wo",
        oauth_signature="ihxPsLCG0%2FVucQzHSU99CYJbyNASAfnhvdLOPxoluIrkG%2FAFYO6E5cEDqYpU267uLFWl0Ar5GwXmvxCkuMFxn4laelISTpHiuE7T3j%2FVsdk9giW%2FM7%2F%2Bqx1Bcr3P1sjRfMzJrROnUDBWvK847ytupE8Qxt1XhPw%2BJw%2Bsyb1Jz54%3D",
        oauth_signature_method="RSA-SHA1", oauth_timestamp="1376473523", oauth_token="<XERO_CONSUMER_KEY>",
        oauth_version="1.0"
  response:
    status:
      code: 200
      message: OK
    headers:
      Cache-Control:
      - private
      Content-Type:
      - text/xml; charset=utf-8
      Www-Authenticate:
      - OAuth Realm="api.xero.com"
      X-S:
      - 445760-O1VMAP03
      Strict-Transport-Security:
      - max-age=31536000
      Date:
      - Wed, 14 Aug 2013 09:45:23 GMT
      Content-Length:
      - '1186'
    body:
      encoding: US-ASCII
      string: ! "<Response xmlns:xsd=\"http://www.w3.org/2001/XMLSchema\" xmlns:xsi=\"http://www.w3.org/2001/XMLSchema-instance\">\r\n
        \ <Id>9f3fc74f-e42a-41d1-8783-c189636f5786</Id>\r\n  <Status>OK</Status>\r\n
        \ <ProviderName>Demo App</ProviderName>\r\n  <DateTimeUTC>2013-08-14T09:45:23.8379497Z</DateTimeUTC>\r\n
        \ <Contacts>\r\n    <Contact>\r\n      <ContactID>9a4e9e39-3058-4b59-a578-4acb22d82f3e</ContactID>\r\n
        \     <ContactStatus>ACTIVE</ContactStatus>\r\n      <Name>Existing Company
        Inc.</Name>\r\n      <Addresses>\r\n        <Address>\r\n          <AddressType>POBOX</AddressType>\r\n
        \       </Address>\r\n        <Address>\r\n          <AddressType>STREET</AddressType>\r\n
        \       </Address>\r\n      </Addresses>\r\n      <Phones>\r\n        <Phone>\r\n
        \         <PhoneType>DDI</PhoneType>\r\n        </Phone>\r\n        <Phone>\r\n
        \         <PhoneType>DEFAULT</PhoneType>\r\n        </Phone>\r\n        <Phone>\r\n
        \         <PhoneType>FAX</PhoneType>\r\n        </Phone>\r\n        <Phone>\r\n
        \         <PhoneType>MOBILE</PhoneType>\r\n        </Phone>\r\n      </Phones>\r\n
        \     <UpdatedDateUTC>2013-08-14T09:45:23.073</UpdatedDateUTC>\r\n      <IsSupplier>false</IsSupplier>\r\n
        \     <IsCustomer>false</IsCustomer>\r\n    </Contact>\r\n  </Contacts>\r\n</Response>"
    http_version: 
  recorded_at: Wed, 14 Aug 2013 09:45:24 GMT
- request:
    method: get
    uri: https://api.xero.com/api.xro/2.0/Invoices?where=Contact.ContactID%20=%20GUID(%229a4e9e39-3058-4b59-a578-4acb22d82f3e%22)
    body:
      encoding: US-ASCII
      string: ''
    headers:
      Charset:
      - utf-8
      Accept:
      - ! '*/*'
      User-Agent:
      - OAuth gem v0.4.7
      Authorization:
      - OAuth oauth_consumer_key="<XERO_CONSUMER_KEY>", oauth_nonce="J6AEWZ6nAmCa68ogG1MaVktOibOcmTFojX1aKB3dXA8",
        oauth_signature="jBweGj4rbxcGIXS9CVv0Np85k1jLWqoYCPTogH3GKlw5M9awBcazzVyiIYShLL2F0L8kJWOtzvkc0EJpupNE418IdOGt9HKoAA7P3APayQCmK76ljyrDFr2In2ClMgjr4yCGwcaj2aKs5JlYIxQutesZJFTOak0zz8zfkqhm1pc%3D",
        oauth_signature_method="RSA-SHA1", oauth_timestamp="1376473524", oauth_token="<XERO_CONSUMER_KEY>",
        oauth_version="1.0"
  response:
    status:
      code: 200
      message: OK
    headers:
      Cache-Control:
      - private
      Content-Type:
      - text/xml; charset=utf-8
      Www-Authenticate:
      - OAuth Realm="api.xero.com"
      X-S:
      - 445760-O1VMAP03
      Strict-Transport-Security:
      - max-age=31536000
      Date:
      - Wed, 14 Aug 2013 09:45:24 GMT
      Content-Length:
      - '294'
    body:
      encoding: US-ASCII
      string: ! "<Response xmlns:xsd=\"http://www.w3.org/2001/XMLSchema\" xmlns:xsi=\"http://www.w3.org/2001/XMLSchema-instance\">\r\n
        \ <Id>7951477b-952a-426a-b9eb-7e8886afc536</Id>\r\n  <Status>OK</Status>\r\n
        \ <ProviderName>Demo App</ProviderName>\r\n  <DateTimeUTC>2013-08-14T09:45:24.5243541Z</DateTimeUTC>\r\n</Response>"
    http_version: 
  recorded_at: Wed, 14 Aug 2013 09:45:24 GMT
- request:
    method: put
    uri: https://api.xero.com/api.xro/2.0/Invoices
    body:
      encoding: US-ASCII
      string: xml=%3CInvoice%3E%0A%20%20%3CType%3EACCREC%3C%2FType%3E%0A%20%20%3CContact%3E%0A%20%20%20%20%3CContactID%3E9a4e9e39-3058-4b59-a578-4acb22d82f3e%3C%2FContactID%3E%0A%20%20%20%20%3CContactStatus%3EACTIVE%3C%2FContactStatus%3E%0A%20%20%20%20%3CName%3EExisting%20Company%20Inc.%3C%2FName%3E%0A%20%20%20%20%3CAddresses%3E%0A%20%20%20%20%20%20%3CAddress%3E%0A%20%20%20%20%20%20%20%20%3CAddressType%3EPOBOX%3C%2FAddressType%3E%0A%20%20%20%20%20%20%3C%2FAddress%3E%0A%20%20%20%20%20%20%3CAddress%3E%0A%20%20%20%20%20%20%20%20%3CAddressType%3ESTREET%3C%2FAddressType%3E%0A%20%20%20%20%20%20%3C%2FAddress%3E%0A%20%20%20%20%3C%2FAddresses%3E%0A%20%20%20%20%3CPhones%3E%0A%20%20%20%20%20%20%3CPhone%3E%0A%20%20%20%20%20%20%20%20%3CPhoneType%3EDDI%3C%2FPhoneType%3E%0A%20%20%20%20%20%20%3C%2FPhone%3E%0A%20%20%20%20%20%20%3CPhone%3E%0A%20%20%20%20%20%20%20%20%3CPhoneType%3EDEFAULT%3C%2FPhoneType%3E%0A%20%20%20%20%20%20%3C%2FPhone%3E%0A%20%20%20%20%20%20%3CPhone%3E%0A%20%20%20%20%20%20%20%20%3CPhoneType%3EFAX%3C%2FPhoneType%3E%0A%20%20%20%20%20%20%3C%2FPhone%3E%0A%20%20%20%20%20%20%3CPhone%3E%0A%20%20%20%20%20%20%20%20%3CPhoneType%3EMOBILE%3C%2FPhoneType%3E%0A%20%20%20%20%20%20%3C%2FPhone%3E%0A%20%20%20%20%3C%2FPhones%3E%0A%20%20%20%20%3CUpdatedDateUTC%3E2013-08-14T08%3A45%3A23%3C%2FUpdatedDateUTC%3E%0A%20%20%20%20%3CIsSupplier%3Efalse%3C%2FIsSupplier%3E%0A%20%20%20%20%3CIsCustomer%3Efalse%3C%2FIsCustomer%3E%0A%20%20%3C%2FContact%3E%0A%20%20%3CDueDate%3E2013-03-10%3C%2FDueDate%3E%0A%20%20%3CStatus%3EDRAFT%3C%2FStatus%3E%0A%20%20%3CLineItems%3E%0A%20%20%20%20%3CLineItem%3E%0A%20%20%20%20%20%20%3CDescription%3Emy%20fantastic%20invoice%20description%3C%2FDescription%3E%0A%20%20%20%20%20%20%3CQuantity%3E2%3C%2FQuantity%3E%0A%20%20%20%20%20%20%3CUnitAmount%3E1.0%3C%2FUnitAmount%3E%0A%20%20%20%20%20%20%3CTaxType%3EOUTPUT2%3C%2FTaxType%3E%0A%20%20%20%20%3C%2FLineItem%3E%0A%20%20%3C%2FLineItems%3E%0A%3C%2FInvoice%3E%0A
    headers:
      Charset:
      - utf-8
      Content-Type:
      - application/x-www-form-urlencoded
      Accept:
      - ! '*/*'
      User-Agent:
      - OAuth gem v0.4.7
      Content-Length:
      - '0'
      Authorization:
      - OAuth oauth_consumer_key="<XERO_CONSUMER_KEY>", oauth_nonce="Fj5qdIAhCBw0gWUBscuJhNiEYn7mVgbW1BymAhT8lA",
        oauth_signature="dmI10iQ0IrQTixeZqxE%2BDbYXnqMAbmOqhJgWPZecUgC3km2Axkczkrt0oWlaGFKS4dTpc6N7hMsPDlO6UM5YTo2SnQVcn6YuhXdW2SClE5wVLTxFVavWL8rfrHwCLc2ZcyXwCKe%2FfP9pi%2F%2FB1ztBic160OpZ5odjMFgkLcaRA0s%3D",
        oauth_signature_method="RSA-SHA1", oauth_timestamp="1376473524", oauth_token="<XERO_CONSUMER_KEY>",
        oauth_version="1.0"
  response:
    status:
      code: 200
      message: OK
    headers:
      Cache-Control:
      - private
      Content-Type:
      - text/xml; charset=utf-8
      Www-Authenticate:
      - OAuth Realm="api.xero.com"
      X-S:
      - 445760-O1VMAP03
      Strict-Transport-Security:
      - max-age=31536000
      Date:
      - Wed, 14 Aug 2013 09:45:24 GMT
      Content-Length:
      - '2291'
    body:
      encoding: US-ASCII
      string: ! "<Response xmlns:xsd=\"http://www.w3.org/2001/XMLSchema\" xmlns:xsi=\"http://www.w3.org/2001/XMLSchema-instance\">\r\n
        \ <Id>58b67aae-0199-4c09-be5d-9f36ac12d55c</Id>\r\n  <Status>OK</Status>\r\n
        \ <ProviderName>Demo App</ProviderName>\r\n  <DateTimeUTC>2013-08-14T09:45:25.2419587Z</DateTimeUTC>\r\n
        \ <Invoices>\r\n    <Invoice>\r\n      <Contact>\r\n        <ContactID>9a4e9e39-3058-4b59-a578-4acb22d82f3e</ContactID>\r\n
        \       <ContactStatus>ACTIVE</ContactStatus>\r\n        <Name>Existing Company
        Inc.</Name>\r\n        <Addresses>\r\n          <Address>\r\n            <AddressType>POBOX</AddressType>\r\n
        \         </Address>\r\n          <Address>\r\n            <AddressType>STREET</AddressType>\r\n
        \         </Address>\r\n        </Addresses>\r\n        <Phones>\r\n          <Phone>\r\n
        \           <PhoneType>DDI</PhoneType>\r\n          </Phone>\r\n          <Phone>\r\n
        \           <PhoneType>MOBILE</PhoneType>\r\n          </Phone>\r\n          <Phone>\r\n
        \           <PhoneType>FAX</PhoneType>\r\n          </Phone>\r\n          <Phone>\r\n
        \           <PhoneType>DEFAULT</PhoneType>\r\n          </Phone>\r\n        </Phones>\r\n
        \       <UpdatedDateUTC>2013-08-14T09:45:23.073</UpdatedDateUTC>\r\n        <IsSupplier>false</IsSupplier>\r\n
        \       <IsCustomer>true</IsCustomer>\r\n      </Contact>\r\n      <Date>2013-08-14T00:00:00</Date>\r\n
        \     <DueDate>2013-03-10T00:00:00</DueDate>\r\n      <Status>DRAFT</Status>\r\n
        \     <LineAmountTypes>Exclusive</LineAmountTypes>\r\n      <LineItems>\r\n
        \       <LineItem>\r\n          <Description>my fantastic invoice description</Description>\r\n
        \         <UnitAmount>1.00</UnitAmount>\r\n          <TaxType>OUTPUT2</TaxType>\r\n
        \         <TaxAmount>0.40</TaxAmount>\r\n          <LineAmount>2.00</LineAmount>\r\n
        \         <Quantity>2.0000</Quantity>\r\n        </LineItem>\r\n      </LineItems>\r\n
        \     <SubTotal>2.00</SubTotal>\r\n      <TotalTax>0.40</TotalTax>\r\n      <Total>2.40</Total>\r\n
        \     <UpdatedDateUTC>2013-08-14T09:45:25.18</UpdatedDateUTC>\r\n      <CurrencyCode>GBP</CurrencyCode>\r\n
        \     <Type>ACCREC</Type>\r\n      <InvoiceID>80f394ac-7999-4061-b7e3-9fcc9656c5ce</InvoiceID>\r\n
        \     <InvoiceNumber>INV-0115</InvoiceNumber>\r\n      <AmountDue>2.40</AmountDue>\r\n
        \     <AmountPaid>0.00</AmountPaid>\r\n      <SentToContact>false</SentToContact>\r\n
        \     <CurrencyRate>1.000000</CurrencyRate>\r\n    </Invoice>\r\n  </Invoices>\r\n</Response>"
    http_version: 
  recorded_at: Wed, 14 Aug 2013 09:45:25 GMT
- request:
    method: post
    uri: https://api.xero.com/api.xro/2.0/Invoices
    body:
      encoding: US-ASCII
      string: xml=%3CInvoice%3E%0A%20%20%3CInvoice%3E%0A%20%20%20%20%3CContactID%3E9a4e9e39-3058-4b59-a578-4acb22d82f3e%3C%2FContactID%3E%0A%20%20%20%20%3CContactStatus%3EACTIVE%3C%2FContactStatus%3E%0A%20%20%20%20%3CName%3EExisting%20Company%20Inc.%3C%2FName%3E%0A%20%20%20%20%3CAddresses%3E%0A%20%20%20%20%20%20%3CAddress%3E%0A%20%20%20%20%20%20%20%20%3CAddressType%3EPOBOX%3C%2FAddressType%3E%0A%20%20%20%20%20%20%3C%2FAddress%3E%0A%20%20%20%20%20%20%3CAddress%3E%0A%20%20%20%20%20%20%20%20%3CAddressType%3ESTREET%3C%2FAddressType%3E%0A%20%20%20%20%20%20%3C%2FAddress%3E%0A%20%20%20%20%3C%2FAddresses%3E%0A%20%20%20%20%3CPhones%3E%0A%20%20%20%20%20%20%3CPhone%3E%0A%20%20%20%20%20%20%20%20%3CPhoneType%3EDDI%3C%2FPhoneType%3E%0A%20%20%20%20%20%20%3C%2FPhone%3E%0A%20%20%20%20%20%20%3CPhone%3E%0A%20%20%20%20%20%20%20%20%3CPhoneType%3EMOBILE%3C%2FPhoneType%3E%0A%20%20%20%20%20%20%3C%2FPhone%3E%0A%20%20%20%20%20%20%3CPhone%3E%0A%20%20%20%20%20%20%20%20%3CPhoneType%3EFAX%3C%2FPhoneType%3E%0A%20%20%20%20%20%20%3C%2FPhone%3E%0A%20%20%20%20%20%20%3CPhone%3E%0A%20%20%20%20%20%20%20%20%3CPhoneType%3EDEFAULT%3C%2FPhoneType%3E%0A%20%20%20%20%20%20%3C%2FPhone%3E%0A%20%20%20%20%3C%2FPhones%3E%0A%20%20%20%20%3CUpdatedDateUTC%3E2013-08-14T08%3A45%3A23%3C%2FUpdatedDateUTC%3E%0A%20%20%20%20%3CIsSupplier%3Efalse%3C%2FIsSupplier%3E%0A%20%20%20%20%3CIsCustomer%3Etrue%3C%2FIsCustomer%3E%0A%20%20%3C%2FInvoice%3E%0A%20%20%3CDate%3E2013-08-14%3C%2FDate%3E%0A%20%20%3CDueDate%3E2013-03-10%3C%2FDueDate%3E%0A%20%20%3CStatus%3EDRAFT%3C%2FStatus%3E%0A%20%20%3CLineAmountTypes%3EExclusive%3C%2FLineAmountTypes%3E%0A%20%20%3CLineItems%3E%0A%20%20%20%20%3CLineItem%3E%0A%20%20%20%20%20%20%3CDescription%3Emy%20fantastic%20invoice%20description%3C%2FDescription%3E%0A%20%20%20%20%20%20%3CUnitAmount%3E1.0%3C%2FUnitAmount%3E%0A%20%20%20%20%20%20%3CTaxType%3EOUTPUT2%3C%2FTaxType%3E%0A%20%20%20%20%20%20%3CTaxAmount%3E0.4%3C%2FTaxAmount%3E%0A%20%20%20%20%20%20%3CLineAmount%3E2.0%3C%2FLineAmount%3E%0A%20%20%20%20%20%20%3CQuantity%3E2.0%3C%2FQuantity%3E%0A%20%20%20%20%3C%2FLineItem%3E%0A%20%20%3C%2FLineItems%3E%0A%20%20%3CSubTotal%3E2.0%3C%2FSubTotal%3E%0A%20%20%3CTotalTax%3E0.4%3C%2FTotalTax%3E%0A%20%20%3CTotal%3E2.4%3C%2FTotal%3E%0A%20%20%3CUpdatedDateUTC%3E2013-08-14T08%3A45%3A25%3C%2FUpdatedDateUTC%3E%0A%20%20%3CCurrencyCode%3EGBP%3C%2FCurrencyCode%3E%0A%20%20%3CType%3EACCREC%3C%2FType%3E%0A%20%20%3CInvoiceID%3E80f394ac-7999-4061-b7e3-9fcc9656c5ce%3C%2FInvoiceID%3E%0A%20%20%3CInvoiceNumber%3EINV-0115%3C%2FInvoiceNumber%3E%0A%20%20%3CAmountDue%3E2.4%3C%2FAmountDue%3E%0A%20%20%3CAmountPaid%3E0.0%3C%2FAmountPaid%3E%0A%20%20%3CSentToContact%3Efalse%3C%2FSentToContact%3E%0A%3C%2FInvoice%3E%0A
    headers:
      Charset:
      - utf-8
      Content-Type:
      - application/x-www-form-urlencoded
      Accept:
      - ! '*/*'
      User-Agent:
      - OAuth gem v0.4.7
      Content-Length:
      - '0'
      Authorization:
      - OAuth oauth_consumer_key="<XERO_CONSUMER_KEY>", oauth_nonce="NNdYCZQEMcki2c6Q8qcAzYbBCcL4yToATbObtcZaI",
        oauth_signature="aFjvGMD7EcQj%2Btw9aJg35NCspNZ7TyeWjKXLkW7NeW7nMDp4lUMEkeTmnNXf%2FZa%2FEEswB6YHjH%2FM2HhuVQPvUhrp6t%2FchFXFtOhEGj6ddbSbxqMaVtJ6qtWOGSlRN5mCv%2Fksc1TsaZs5iM2vYFp9%2B9ednvQj4nwfLbZuOUsKMN8%3D",
        oauth_signature_method="RSA-SHA1", oauth_timestamp="1376473525", oauth_token="<XERO_CONSUMER_KEY>",
        oauth_version="1.0"
  response:
    status:
      code: 200
      message: OK
    headers:
      Cache-Control:
      - private
      Content-Type:
      - text/xml; charset=utf-8
      Www-Authenticate:
      - OAuth Realm="api.xero.com"
      X-S:
      - 445760-O1VMAP03
      Strict-Transport-Security:
      - max-age=31536000
      Date:
      - Wed, 14 Aug 2013 09:45:25 GMT
      Content-Length:
      - '2454'
    body:
      encoding: US-ASCII
      string: ! "<Response xmlns:xsd=\"http://www.w3.org/2001/XMLSchema\" xmlns:xsi=\"http://www.w3.org/2001/XMLSchema-instance\">\r\n
        \ <Id>4f18c072-fd07-410b-9495-0d34104f5c32</Id>\r\n  <Status>OK</Status>\r\n
        \ <ProviderName>Demo App</ProviderName>\r\n  <DateTimeUTC>2013-08-14T09:45:26.0375638Z</DateTimeUTC>\r\n
        \ <Invoices>\r\n    <Invoice>\r\n      <Warnings>\r\n        <Warning>\r\n
        \         <Message>Only AUTHORISED invoices may have SentToContact updated.</Message>\r\n
        \       </Warning>\r\n      </Warnings>\r\n      <Contact>\r\n        <ContactID>9a4e9e39-3058-4b59-a578-4acb22d82f3e</ContactID>\r\n
        \       <ContactStatus>ACTIVE</ContactStatus>\r\n        <Name>Existing Company
        Inc.</Name>\r\n        <Addresses>\r\n          <Address>\r\n            <AddressType>POBOX</AddressType>\r\n
        \         </Address>\r\n          <Address>\r\n            <AddressType>STREET</AddressType>\r\n
        \         </Address>\r\n        </Addresses>\r\n        <Phones>\r\n          <Phone>\r\n
        \           <PhoneType>DDI</PhoneType>\r\n          </Phone>\r\n          <Phone>\r\n
        \           <PhoneType>MOBILE</PhoneType>\r\n          </Phone>\r\n          <Phone>\r\n
        \           <PhoneType>FAX</PhoneType>\r\n          </Phone>\r\n          <Phone>\r\n
        \           <PhoneType>DEFAULT</PhoneType>\r\n          </Phone>\r\n        </Phones>\r\n
        \       <UpdatedDateUTC>2013-08-14T09:45:23.073</UpdatedDateUTC>\r\n        <IsSupplier>false</IsSupplier>\r\n
        \       <IsCustomer>true</IsCustomer>\r\n      </Contact>\r\n      <Date>2013-08-14T00:00:00</Date>\r\n
        \     <DueDate>2013-03-10T00:00:00</DueDate>\r\n      <Status>DRAFT</Status>\r\n
        \     <LineAmountTypes>Exclusive</LineAmountTypes>\r\n      <LineItems>\r\n
        \       <LineItem>\r\n          <Description>my fantastic invoice description</Description>\r\n
        \         <UnitAmount>1.00</UnitAmount>\r\n          <TaxType>OUTPUT2</TaxType>\r\n
        \         <TaxAmount>0.40</TaxAmount>\r\n          <LineAmount>2.00</LineAmount>\r\n
        \         <Quantity>2.0000</Quantity>\r\n        </LineItem>\r\n      </LineItems>\r\n
        \     <SubTotal>2.00</SubTotal>\r\n      <TotalTax>0.40</TotalTax>\r\n      <Total>2.40</Total>\r\n
        \     <UpdatedDateUTC>2013-08-14T09:45:25.99</UpdatedDateUTC>\r\n      <CurrencyCode>GBP</CurrencyCode>\r\n
        \     <Type>ACCREC</Type>\r\n      <InvoiceID>80f394ac-7999-4061-b7e3-9fcc9656c5ce</InvoiceID>\r\n
        \     <InvoiceNumber>INV-0115</InvoiceNumber>\r\n      <AmountDue>2.40</AmountDue>\r\n
        \     <AmountPaid>0.00</AmountPaid>\r\n      <SentToContact>false</SentToContact>\r\n
        \     <CurrencyRate>1.000000</CurrencyRate>\r\n    </Invoice>\r\n  </Invoices>\r\n</Response>"
    http_version: 
  recorded_at: Wed, 14 Aug 2013 09:45:26 GMT
- request:
    method: get
    uri: https://api.xero.com/api.xro/2.0/Contacts?where=Name%20==%20%22Existing%20Company%20Inc.%22
    body:
      encoding: US-ASCII
      string: ''
    headers:
      Charset:
      - utf-8
      Accept:
      - ! '*/*'
      User-Agent:
      - OAuth gem v0.4.7
      Authorization:
      - OAuth oauth_consumer_key="<XERO_CONSUMER_KEY>", oauth_nonce="C47BcwRqy32iZSq0Fp9HfqQ6hqpMUNlkROBKXmaGg",
        oauth_signature="sQDPyVVz5vV4slYbq9Lj0iyIx2mDojiT4MXRlaQTjfJ3sWdVAthcbXY35BaO26ceOEE8Wtkux08Wk1VhN1lZfnCTmeUAhuRiHMta1LEkC1Csx5Ya8pPdzKDV5HICUrcD29Tm%2FKwA97MwMB04hlf9cc5Z8LFIevosHQBc5UF589U%3D",
        oauth_signature_method="RSA-SHA1", oauth_timestamp="1376473526", oauth_token="<XERO_CONSUMER_KEY>",
        oauth_version="1.0"
  response:
    status:
      code: 200
      message: OK
    headers:
      Cache-Control:
      - private
      Content-Type:
      - text/xml; charset=utf-8
      Www-Authenticate:
      - OAuth Realm="api.xero.com"
      X-S:
      - 445760-O1VMAP03
      Strict-Transport-Security:
      - max-age=31536000
      Date:
      - Wed, 14 Aug 2013 09:45:25 GMT
      Content-Length:
      - '1185'
    body:
      encoding: US-ASCII
      string: ! "<Response xmlns:xsd=\"http://www.w3.org/2001/XMLSchema\" xmlns:xsi=\"http://www.w3.org/2001/XMLSchema-instance\">\r\n
        \ <Id>a6b976f7-5675-469f-b461-b5c5b08f9dd2</Id>\r\n  <Status>OK</Status>\r\n
        \ <ProviderName>Demo App</ProviderName>\r\n  <DateTimeUTC>2013-08-14T09:45:26.7239682Z</DateTimeUTC>\r\n
        \ <Contacts>\r\n    <Contact>\r\n      <ContactID>9a4e9e39-3058-4b59-a578-4acb22d82f3e</ContactID>\r\n
        \     <ContactStatus>ACTIVE</ContactStatus>\r\n      <Name>Existing Company
        Inc.</Name>\r\n      <Addresses>\r\n        <Address>\r\n          <AddressType>POBOX</AddressType>\r\n
        \       </Address>\r\n        <Address>\r\n          <AddressType>STREET</AddressType>\r\n
        \       </Address>\r\n      </Addresses>\r\n      <Phones>\r\n        <Phone>\r\n
        \         <PhoneType>DDI</PhoneType>\r\n        </Phone>\r\n        <Phone>\r\n
        \         <PhoneType>DEFAULT</PhoneType>\r\n        </Phone>\r\n        <Phone>\r\n
        \         <PhoneType>FAX</PhoneType>\r\n        </Phone>\r\n        <Phone>\r\n
        \         <PhoneType>MOBILE</PhoneType>\r\n        </Phone>\r\n      </Phones>\r\n
        \     <UpdatedDateUTC>2013-08-14T09:45:23.073</UpdatedDateUTC>\r\n      <IsSupplier>false</IsSupplier>\r\n
        \     <IsCustomer>true</IsCustomer>\r\n    </Contact>\r\n  </Contacts>\r\n</Response>"
    http_version: 
  recorded_at: Wed, 14 Aug 2013 09:45:27 GMT
- request:
    method: get
    uri: https://api.xero.com/api.xro/2.0/Invoices?where=Contact.ContactID%20=%20GUID(%229a4e9e39-3058-4b59-a578-4acb22d82f3e%22)%20AND%20Status%20!=%20%22DELETED%22
    body:
      encoding: US-ASCII
      string: ''
    headers:
      Charset:
      - utf-8
      Accept:
      - ! '*/*'
      User-Agent:
      - OAuth gem v0.4.7
      Authorization:
      - OAuth oauth_consumer_key="<XERO_CONSUMER_KEY>", oauth_nonce="5U1ZFnWbU0xaVrhfmzw136rH0inIiTTYbj7kt8beA0",
        oauth_signature="irVa3nT2jI4Z4p2DArEEFZfHm9l%2Fz0pZmlkTuxsMHJRx%2BuJE3%2BFSLfgWkIQlvJk%2FrAPMW6a6hOKULj6633JuP3Wxk7gezQVVomMJ0a4zvOtoXTiMR8ijX%2BqGtJzvK2I5jcOqDHD%2F9mIhOI1QdtoC49yEhmZYtvAXE1%2FWFzx57Kg%3D",
        oauth_signature_method="RSA-SHA1", oauth_timestamp="1376473527", oauth_token="<XERO_CONSUMER_KEY>",
        oauth_version="1.0"
  response:
    status:
      code: 200
      message: OK
    headers:
      Cache-Control:
      - private
      Content-Type:
      - text/xml; charset=utf-8
      Www-Authenticate:
      - OAuth Realm="api.xero.com"
      X-S:
      - 445760-O1VMAP03
      Strict-Transport-Security:
      - max-age=31536000
      Date:
      - Wed, 14 Aug 2013 09:45:26 GMT
      Content-Length:
      - '1125'
    body:
      encoding: US-ASCII
      string: ! "<Response xmlns:xsd=\"http://www.w3.org/2001/XMLSchema\" xmlns:xsi=\"http://www.w3.org/2001/XMLSchema-instance\">\r\n
        \ <Id>0035e394-5a49-4ca3-8c21-ec25386ac655</Id>\r\n  <Status>OK</Status>\r\n
        \ <ProviderName>Demo App</ProviderName>\r\n  <DateTimeUTC>2013-08-14T09:45:27.4415728Z</DateTimeUTC>\r\n
        \ <Invoices>\r\n    <Invoice>\r\n      <Contact>\r\n        <ContactID>9a4e9e39-3058-4b59-a578-4acb22d82f3e</ContactID>\r\n
        \       <Name>Existing Company Inc.</Name>\r\n      </Contact>\r\n      <Date>2013-08-14T00:00:00</Date>\r\n
        \     <DueDate>2013-03-10T00:00:00</DueDate>\r\n      <Status>DRAFT</Status>\r\n
        \     <LineAmountTypes>Exclusive</LineAmountTypes>\r\n      <SubTotal>2.00</SubTotal>\r\n
        \     <TotalTax>0.40</TotalTax>\r\n      <Total>2.40</Total>\r\n      <UpdatedDateUTC>2013-08-14T09:45:25.99</UpdatedDateUTC>\r\n
        \     <CurrencyCode>GBP</CurrencyCode>\r\n      <Type>ACCREC</Type>\r\n      <InvoiceID>80f394ac-7999-4061-b7e3-9fcc9656c5ce</InvoiceID>\r\n
        \     <InvoiceNumber>INV-0115</InvoiceNumber>\r\n      <AmountDue>2.40</AmountDue>\r\n
        \     <AmountPaid>0.00</AmountPaid>\r\n      <HasAttachments>false</HasAttachments>\r\n
        \   </Invoice>\r\n  </Invoices>\r\n</Response>"
    http_version: 
  recorded_at: Wed, 14 Aug 2013 09:45:27 GMT
- request:
    method: get
    uri: https://api.xero.com/api.xro/2.0/Invoices/80f394ac-7999-4061-b7e3-9fcc9656c5ce
    body:
      encoding: US-ASCII
      string: ''
    headers:
      Charset:
      - utf-8
      Accept:
      - ! '*/*'
      User-Agent:
      - OAuth gem v0.4.7
      Authorization:
      - OAuth oauth_consumer_key="<XERO_CONSUMER_KEY>", oauth_nonce="sz5zoOgertk97iL5KCkfI4rjKTq4dXFjO2ALv7cGM",
        oauth_signature="SF41pR1vEai0DNUUnSEQbwOEclEURutgyb5Y74sxxWsBqhnbZL%2Bhgg%2F2Nwa3a94A98vJF2pGguxmQDGFALgHaDa88hU6ZKmP0gXVWpVmQsw5%2B7SAgzRoYavZF%2FNbgkrYb3yU32JNPvUA5hBAUwugS4TMEx5zTPrumMyfPNthGkE%3D",
        oauth_signature_method="RSA-SHA1", oauth_timestamp="1376473527", oauth_token="<XERO_CONSUMER_KEY>",
        oauth_version="1.0"
  response:
    status:
      code: 200
      message: OK
    headers:
      Cache-Control:
      - private
      Content-Type:
      - text/xml; charset=utf-8
      Www-Authenticate:
      - OAuth Realm="api.xero.com"
      X-S:
      - 445760-O1VMAP03
      Strict-Transport-Security:
      - max-age=31536000
      Date:
      - Wed, 14 Aug 2013 09:45:28 GMT
      Content-Length:
      - '2337'
    body:
      encoding: US-ASCII
      string: ! "<Response xmlns:xsd=\"http://www.w3.org/2001/XMLSchema\" xmlns:xsi=\"http://www.w3.org/2001/XMLSchema-instance\">\r\n
        \ <Id>243c1bab-5b4f-4b4c-832f-437b82cbd9d8</Id>\r\n  <Status>OK</Status>\r\n
        \ <ProviderName>Demo App</ProviderName>\r\n  <DateTimeUTC>2013-08-14T09:45:28.0655768Z</DateTimeUTC>\r\n
        \ <Invoices>\r\n    <Invoice>\r\n      <Contact>\r\n        <ContactID>9a4e9e39-3058-4b59-a578-4acb22d82f3e</ContactID>\r\n
        \       <ContactStatus>ACTIVE</ContactStatus>\r\n        <Name>Existing Company
        Inc.</Name>\r\n        <Addresses>\r\n          <Address>\r\n            <AddressType>POBOX</AddressType>\r\n
        \         </Address>\r\n          <Address>\r\n            <AddressType>STREET</AddressType>\r\n
        \         </Address>\r\n        </Addresses>\r\n        <Phones>\r\n          <Phone>\r\n
        \           <PhoneType>DDI</PhoneType>\r\n          </Phone>\r\n          <Phone>\r\n
        \           <PhoneType>MOBILE</PhoneType>\r\n          </Phone>\r\n          <Phone>\r\n
        \           <PhoneType>FAX</PhoneType>\r\n          </Phone>\r\n          <Phone>\r\n
        \           <PhoneType>DEFAULT</PhoneType>\r\n          </Phone>\r\n        </Phones>\r\n
        \       <UpdatedDateUTC>2013-08-14T09:45:23.073</UpdatedDateUTC>\r\n        <IsSupplier>false</IsSupplier>\r\n
        \       <IsCustomer>true</IsCustomer>\r\n      </Contact>\r\n      <Date>2013-08-14T00:00:00</Date>\r\n
        \     <DueDate>2013-03-10T00:00:00</DueDate>\r\n      <Status>DRAFT</Status>\r\n
        \     <LineAmountTypes>Exclusive</LineAmountTypes>\r\n      <LineItems>\r\n
        \       <LineItem>\r\n          <Description>my fantastic invoice description</Description>\r\n
        \         <UnitAmount>1.00</UnitAmount>\r\n          <TaxType>OUTPUT2</TaxType>\r\n
        \         <TaxAmount>0.40</TaxAmount>\r\n          <LineAmount>2.00</LineAmount>\r\n
        \         <Quantity>2.0000</Quantity>\r\n        </LineItem>\r\n      </LineItems>\r\n
        \     <SubTotal>2.00</SubTotal>\r\n      <TotalTax>0.40</TotalTax>\r\n      <Total>2.40</Total>\r\n
        \     <UpdatedDateUTC>2013-08-14T09:45:25.99</UpdatedDateUTC>\r\n      <CurrencyCode>GBP</CurrencyCode>\r\n
        \     <Type>ACCREC</Type>\r\n      <InvoiceID>80f394ac-7999-4061-b7e3-9fcc9656c5ce</InvoiceID>\r\n
        \     <InvoiceNumber>INV-0115</InvoiceNumber>\r\n      <AmountDue>2.40</AmountDue>\r\n
        \     <AmountPaid>0.00</AmountPaid>\r\n      <SentToContact>false</SentToContact>\r\n
        \     <CurrencyRate>1.000000</CurrencyRate>\r\n      <HasAttachments>false</HasAttachments>\r\n
        \   </Invoice>\r\n  </Invoices>\r\n</Response>"
    http_version: 
  recorded_at: Wed, 14 Aug 2013 09:45:28 GMT
- request:
    method: post
    uri: https://api.xero.com/api.xro/2.0/Invoices
    body:
      encoding: US-ASCII
      string: xml=%3CInvoice%3E%0A%20%20%3CInvoice%3E%0A%20%20%20%20%3CContactID%3E9a4e9e39-3058-4b59-a578-4acb22d82f3e%3C%2FContactID%3E%0A%20%20%20%20%3CContactStatus%3EACTIVE%3C%2FContactStatus%3E%0A%20%20%20%20%3CName%3EExisting%20Company%20Inc.%3C%2FName%3E%0A%20%20%20%20%3CAddresses%3E%0A%20%20%20%20%20%20%3CAddress%3E%0A%20%20%20%20%20%20%20%20%3CAddressType%3EPOBOX%3C%2FAddressType%3E%0A%20%20%20%20%20%20%3C%2FAddress%3E%0A%20%20%20%20%20%20%3CAddress%3E%0A%20%20%20%20%20%20%20%20%3CAddressType%3ESTREET%3C%2FAddressType%3E%0A%20%20%20%20%20%20%3C%2FAddress%3E%0A%20%20%20%20%3C%2FAddresses%3E%0A%20%20%20%20%3CPhones%3E%0A%20%20%20%20%20%20%3CPhone%3E%0A%20%20%20%20%20%20%20%20%3CPhoneType%3EDDI%3C%2FPhoneType%3E%0A%20%20%20%20%20%20%3C%2FPhone%3E%0A%20%20%20%20%20%20%3CPhone%3E%0A%20%20%20%20%20%20%20%20%3CPhoneType%3EMOBILE%3C%2FPhoneType%3E%0A%20%20%20%20%20%20%3C%2FPhone%3E%0A%20%20%20%20%20%20%3CPhone%3E%0A%20%20%20%20%20%20%20%20%3CPhoneType%3EFAX%3C%2FPhoneType%3E%0A%20%20%20%20%20%20%3C%2FPhone%3E%0A%20%20%20%20%20%20%3CPhone%3E%0A%20%20%20%20%20%20%20%20%3CPhoneType%3EDEFAULT%3C%2FPhoneType%3E%0A%20%20%20%20%20%20%3C%2FPhone%3E%0A%20%20%20%20%3C%2FPhones%3E%0A%20%20%20%20%3CUpdatedDateUTC%3E2013-08-14T08%3A45%3A23%3C%2FUpdatedDateUTC%3E%0A%20%20%20%20%3CIsSupplier%3Efalse%3C%2FIsSupplier%3E%0A%20%20%20%20%3CIsCustomer%3Etrue%3C%2FIsCustomer%3E%0A%20%20%3C%2FInvoice%3E%0A%20%20%3CDate%3E2013-08-14%3C%2FDate%3E%0A%20%20%3CDueDate%3E2013-03-10%3C%2FDueDate%3E%0A%20%20%3CStatus%3EDELETED%3C%2FStatus%3E%0A%20%20%3CLineAmountTypes%3EExclusive%3C%2FLineAmountTypes%3E%0A%20%20%3CLineItems%3E%0A%20%20%20%20%3CLineItem%3E%0A%20%20%20%20%20%20%3CDescription%3Emy%20fantastic%20invoice%20description%3C%2FDescription%3E%0A%20%20%20%20%20%20%3CUnitAmount%3E1.0%3C%2FUnitAmount%3E%0A%20%20%20%20%20%20%3CTaxType%3EOUTPUT2%3C%2FTaxType%3E%0A%20%20%20%20%20%20%3CTaxAmount%3E0.4%3C%2FTaxAmount%3E%0A%20%20%20%20%20%20%3CLineAmount%3E2.0%3C%2FLineAmount%3E%0A%20%20%20%20%20%20%3CQuantity%3E2.0%3C%2FQuantity%3E%0A%20%20%20%20%3C%2FLineItem%3E%0A%20%20%3C%2FLineItems%3E%0A%20%20%3CSubTotal%3E2.0%3C%2FSubTotal%3E%0A%20%20%3CTotalTax%3E0.4%3C%2FTotalTax%3E%0A%20%20%3CTotal%3E2.4%3C%2FTotal%3E%0A%20%20%3CUpdatedDateUTC%3E2013-08-14T08%3A45%3A25%3C%2FUpdatedDateUTC%3E%0A%20%20%3CCurrencyCode%3EGBP%3C%2FCurrencyCode%3E%0A%20%20%3CType%3EACCREC%3C%2FType%3E%0A%20%20%3CInvoiceID%3E80f394ac-7999-4061-b7e3-9fcc9656c5ce%3C%2FInvoiceID%3E%0A%20%20%3CInvoiceNumber%3EINV-0115%3C%2FInvoiceNumber%3E%0A%20%20%3CAmountDue%3E2.4%3C%2FAmountDue%3E%0A%20%20%3CAmountPaid%3E0.0%3C%2FAmountPaid%3E%0A%20%20%3CSentToContact%3Efalse%3C%2FSentToContact%3E%0A%3C%2FInvoice%3E%0A
    headers:
      Charset:
      - utf-8
      Content-Type:
      - application/x-www-form-urlencoded
      Accept:
      - ! '*/*'
      User-Agent:
      - OAuth gem v0.4.7
      Content-Length:
      - '0'
      Authorization:
      - OAuth oauth_consumer_key="<XERO_CONSUMER_KEY>", oauth_nonce="herXcTsDfEjFQjdSuUDKVQuSNPDl0wXcjvIZcP428k",
        oauth_signature="SgK5myCKhwqy8qRzvnqI%2FJTwKxPhZzpvCw8vdmTwI1NME6DtifPn06%2BXw8bYK7s4iCeK8kbtgr9VmTvwb3PgPZ2BxjeM92PK%2BQZ8jLuTrKkJUi51fzytL1Up9HZhoSsIONlhKWnxKcP0cySNbm2NsnOiFGED7BwFy%2FQN%2FALkGkY%3D",
        oauth_signature_method="RSA-SHA1", oauth_timestamp="1376473528", oauth_token="<XERO_CONSUMER_KEY>",
        oauth_version="1.0"
  response:
    status:
      code: 200
      message: OK
    headers:
      Cache-Control:
      - private
      Content-Type:
      - text/xml; charset=utf-8
      Www-Authenticate:
      - OAuth Realm="api.xero.com"
      X-S:
      - 445760-O1VMAP03
      Strict-Transport-Security:
      - max-age=31536000
      Date:
      - Wed, 14 Aug 2013 09:45:28 GMT
      Content-Length:
      - '2293'
    body:
      encoding: US-ASCII
      string: ! "<Response xmlns:xsd=\"http://www.w3.org/2001/XMLSchema\" xmlns:xsi=\"http://www.w3.org/2001/XMLSchema-instance\">\r\n
        \ <Id>3024902f-8ae3-4d15-beb8-fbe0aaa87ddc</Id>\r\n  <Status>OK</Status>\r\n
        \ <ProviderName>Demo App</ProviderName>\r\n  <DateTimeUTC>2013-08-14T09:45:28.8611819Z</DateTimeUTC>\r\n
        \ <Invoices>\r\n    <Invoice>\r\n      <Contact>\r\n        <ContactID>9a4e9e39-3058-4b59-a578-4acb22d82f3e</ContactID>\r\n
        \       <ContactStatus>ACTIVE</ContactStatus>\r\n        <Name>Existing Company
        Inc.</Name>\r\n        <Addresses>\r\n          <Address>\r\n            <AddressType>POBOX</AddressType>\r\n
        \         </Address>\r\n          <Address>\r\n            <AddressType>STREET</AddressType>\r\n
        \         </Address>\r\n        </Addresses>\r\n        <Phones>\r\n          <Phone>\r\n
        \           <PhoneType>DDI</PhoneType>\r\n          </Phone>\r\n          <Phone>\r\n
        \           <PhoneType>MOBILE</PhoneType>\r\n          </Phone>\r\n          <Phone>\r\n
        \           <PhoneType>FAX</PhoneType>\r\n          </Phone>\r\n          <Phone>\r\n
        \           <PhoneType>DEFAULT</PhoneType>\r\n          </Phone>\r\n        </Phones>\r\n
        \       <UpdatedDateUTC>2013-08-14T09:45:23.073</UpdatedDateUTC>\r\n        <IsSupplier>false</IsSupplier>\r\n
        \       <IsCustomer>true</IsCustomer>\r\n      </Contact>\r\n      <Date>2013-08-14T00:00:00</Date>\r\n
        \     <DueDate>2013-03-10T00:00:00</DueDate>\r\n      <Status>DELETED</Status>\r\n
        \     <LineAmountTypes>Exclusive</LineAmountTypes>\r\n      <LineItems>\r\n
        \       <LineItem>\r\n          <Description>my fantastic invoice description</Description>\r\n
        \         <UnitAmount>1.00</UnitAmount>\r\n          <TaxType>OUTPUT2</TaxType>\r\n
        \         <TaxAmount>0.40</TaxAmount>\r\n          <LineAmount>2.00</LineAmount>\r\n
        \         <Quantity>2.0000</Quantity>\r\n        </LineItem>\r\n      </LineItems>\r\n
        \     <SubTotal>2.00</SubTotal>\r\n      <TotalTax>0.40</TotalTax>\r\n      <Total>2.40</Total>\r\n
        \     <UpdatedDateUTC>2013-08-14T09:45:28.83</UpdatedDateUTC>\r\n      <CurrencyCode>GBP</CurrencyCode>\r\n
        \     <Type>ACCREC</Type>\r\n      <InvoiceID>80f394ac-7999-4061-b7e3-9fcc9656c5ce</InvoiceID>\r\n
        \     <InvoiceNumber>INV-0115</InvoiceNumber>\r\n      <AmountDue>2.40</AmountDue>\r\n
        \     <AmountPaid>0.00</AmountPaid>\r\n      <SentToContact>false</SentToContact>\r\n
        \     <CurrencyRate>1.000000</CurrencyRate>\r\n    </Invoice>\r\n  </Invoices>\r\n</Response>"
    http_version: 
  recorded_at: Wed, 14 Aug 2013 09:45:29 GMT
- request:
    method: post
    uri: https://api.xero.com/api.xro/2.0/Contacts
    body:
      encoding: US-ASCII
      string: xml=%3CContact%3E%0A%20%20%3CContactID%3E9a4e9e39-3058-4b59-a578-4acb22d82f3e%3C%2FContactID%3E%0A%20%20%3CContactStatus%3EACTIVE%3C%2FContactStatus%3E%0A%20%20%3CName%3EExisting%20Company%20Inc.%209a4e9e39-3058-4b59-a578-4acb22d82f3e%3C%2FName%3E%0A%20%20%3CAddresses%3E%0A%20%20%20%20%3CAddress%3E%0A%20%20%20%20%20%20%3CAddressType%3EPOBOX%3C%2FAddressType%3E%0A%20%20%20%20%3C%2FAddress%3E%0A%20%20%20%20%3CAddress%3E%0A%20%20%20%20%20%20%3CAddressType%3ESTREET%3C%2FAddressType%3E%0A%20%20%20%20%3C%2FAddress%3E%0A%20%20%3C%2FAddresses%3E%0A%20%20%3CPhones%3E%0A%20%20%20%20%3CPhone%3E%0A%20%20%20%20%20%20%3CPhoneType%3EDDI%3C%2FPhoneType%3E%0A%20%20%20%20%3C%2FPhone%3E%0A%20%20%20%20%3CPhone%3E%0A%20%20%20%20%20%20%3CPhoneType%3EDEFAULT%3C%2FPhoneType%3E%0A%20%20%20%20%3C%2FPhone%3E%0A%20%20%20%20%3CPhone%3E%0A%20%20%20%20%20%20%3CPhoneType%3EFAX%3C%2FPhoneType%3E%0A%20%20%20%20%3C%2FPhone%3E%0A%20%20%20%20%3CPhone%3E%0A%20%20%20%20%20%20%3CPhoneType%3EMOBILE%3C%2FPhoneType%3E%0A%20%20%20%20%3C%2FPhone%3E%0A%20%20%3C%2FPhones%3E%0A%20%20%3CUpdatedDateUTC%3E2013-08-14T08%3A45%3A23%3C%2FUpdatedDateUTC%3E%0A%20%20%3CIsSupplier%3Efalse%3C%2FIsSupplier%3E%0A%20%20%3CIsCustomer%3Etrue%3C%2FIsCustomer%3E%0A%3C%2FContact%3E%0A
    headers:
      Charset:
      - utf-8
      Content-Type:
      - application/x-www-form-urlencoded
      Accept:
      - ! '*/*'
      User-Agent:
      - OAuth gem v0.4.7
      Content-Length:
      - '0'
      Authorization:
      - OAuth oauth_consumer_key="<XERO_CONSUMER_KEY>", oauth_nonce="pAB2Kxw32Jq9pOrt0vEWjl1lbab1BaPo4QxX1hm0Tz4",
        oauth_signature="qDcOOc82GsPu3%2FWain%2BKGSN4DC2X%2B2CUbKxCPiM75Q7m3LsD34X3%2FcbYPJ3Wl4LLXcblIuIAXUAeAK01rfndR57g3TEEx0KX%2BNsj57MNmN%2BdemJmqC%2BUkmq5HDmofmL4ZxKvN%2F4rPsUieQ2%2BU8NZggZ5tqgxWKguLxoC5z%2Fq%2B4s%3D",
        oauth_signature_method="RSA-SHA1", oauth_timestamp="1376473529", oauth_token="<XERO_CONSUMER_KEY>",
        oauth_version="1.0"
  response:
    status:
      code: 200
      message: OK
    headers:
      Cache-Control:
      - private
      Content-Type:
      - text/xml; charset=utf-8
      Www-Authenticate:
      - OAuth Realm="api.xero.com"
      X-S:
      - 445760-O1VMAP03
      Strict-Transport-Security:
      - max-age=31536000
      Date:
      - Wed, 14 Aug 2013 09:45:29 GMT
      Content-Length:
      - '1222'
    body:
      encoding: US-ASCII
      string: ! "<Response xmlns:xsd=\"http://www.w3.org/2001/XMLSchema\" xmlns:xsi=\"http://www.w3.org/2001/XMLSchema-instance\">\r\n
        \ <Id>2d0286ab-1ee4-4b89-a073-cb144c06eb07</Id>\r\n  <Status>OK</Status>\r\n
        \ <ProviderName>Demo App</ProviderName>\r\n  <DateTimeUTC>2013-08-14T09:45:29.8283881Z</DateTimeUTC>\r\n
        \ <Contacts>\r\n    <Contact>\r\n      <ContactID>9a4e9e39-3058-4b59-a578-4acb22d82f3e</ContactID>\r\n
        \     <ContactStatus>ACTIVE</ContactStatus>\r\n      <Name>Existing Company
        Inc. 9a4e9e39-3058-4b59-a578-4acb22d82f3e</Name>\r\n      <Addresses>\r\n
        \       <Address>\r\n          <AddressType>POBOX</AddressType>\r\n        </Address>\r\n
        \       <Address>\r\n          <AddressType>STREET</AddressType>\r\n        </Address>\r\n
        \     </Addresses>\r\n      <Phones>\r\n        <Phone>\r\n          <PhoneType>DDI</PhoneType>\r\n
        \       </Phone>\r\n        <Phone>\r\n          <PhoneType>MOBILE</PhoneType>\r\n
        \       </Phone>\r\n        <Phone>\r\n          <PhoneType>FAX</PhoneType>\r\n
        \       </Phone>\r\n        <Phone>\r\n          <PhoneType>DEFAULT</PhoneType>\r\n
        \       </Phone>\r\n      </Phones>\r\n      <UpdatedDateUTC>2013-08-14T09:45:29.767</UpdatedDateUTC>\r\n
        \     <IsSupplier>false</IsSupplier>\r\n      <IsCustomer>true</IsCustomer>\r\n
        \   </Contact>\r\n  </Contacts>\r\n</Response>"
    http_version: 
  recorded_at: Wed, 14 Aug 2013 09:45:30 GMT
recorded_with: VCR 2.5.0
