---
http_interactions:
- request:
    method: get
    uri: https://<CAPSULECRM_API_TOKEN>:x@<CAPSULECRM_ACCOUNT_NAME>.capsulecrm.com/api/party?q=The%20RAND%20Corporation
    body:
      encoding: US-ASCII
      string: ''
    headers:
      User-Agent:
      - CapsuleCRM ruby gem
  response:
    status:
      code: 200
      message: OK
    headers:
      Date:
      - Tue, 19 Mar 2013 12:21:29 GMT
      Server:
      - Apache
      Set-Cookie:
      - JSESSIONID=; Expires=Thu, 01-Jan-1970 00:00:10 GMT; Path=/
      Content-Length:
      - '74'
      Content-Type:
      - ! '*/*'
    body:
      encoding: US-ASCII
      string: <?xml version="1.0" encoding="UTF-8" standalone="yes"?><parties size="0"/>
    http_version: 
  recorded_at: Tue, 19 Mar 2013 12:21:43 GMT
- request:
    method: post
    uri: https://<CAPSULECRM_API_TOKEN>:x@<CAPSULECRM_ACCOUNT_NAME>.capsulecrm.com/api/organisation
    body:
      encoding: US-ASCII
      string: ! "<?xml version=\"1.0\" encoding=\"UTF-8\"?>\n<organisation>\n  <about
        nil=\"true\"/>\n  <name>The RAND Corporation</name>\n</organisation>\n"
    headers:
      Content-Type:
      - text/xml
  response:
    status:
      code: 201
      message: Created
    headers:
      Date:
      - Tue, 19 Mar 2013 12:21:29 GMT
      Server:
      - Apache
      Set-Cookie:
      - JSESSIONID=; Expires=Thu, 01-Jan-1970 00:00:10 GMT; Path=/
      Location:
      - https://<CAPSULECRM_ACCOUNT_NAME>.capsulecrm.com/api/party/37951826
      Content-Length:
      - '0'
      Content-Type:
      - text/plain
      X-Pad:
      - avoid browser bug
    body:
      encoding: US-ASCII
      string: ''
    http_version: 
  recorded_at: Tue, 19 Mar 2013 12:21:44 GMT
- request:
    method: get
    uri: https://<CAPSULECRM_API_TOKEN>:x@<CAPSULECRM_ACCOUNT_NAME>.capsulecrm.com/api/party?q=The%20RAND%20Corporation
    body:
      encoding: US-ASCII
      string: ''
    headers:
      User-Agent:
      - CapsuleCRM ruby gem
  response:
    status:
      code: 200
      message: OK
    headers:
      Date:
      - Tue, 19 Mar 2013 12:21:30 GMT
      Server:
      - Apache
      Set-Cookie:
      - JSESSIONID=; Expires=Thu, 01-Jan-1970 00:00:10 GMT; Path=/
      Content-Length:
      - '372'
      Content-Type:
      - ! '*/*'
    body:
      encoding: US-ASCII
      string: <?xml version="1.0" encoding="UTF-8" standalone="yes"?><parties size="1"><organisation><id>37951826</id><contacts/><pictureURL>https://d365sd3k9yw37.cloudfront.net/a/1362758938/theme/default/images/org_avatar_70.png</pictureURL><createdOn>2013-03-19T12:21:38Z</createdOn><updatedOn>2013-03-19T12:21:38Z</updatedOn><name>The
        RAND Corporation</name></organisation></parties>
    http_version: 
  recorded_at: Tue, 19 Mar 2013 12:21:45 GMT
- request:
    method: get
    uri: https://<CAPSULECRM_API_TOKEN>:x@<CAPSULECRM_ACCOUNT_NAME>.capsulecrm.com/api/party?q=The%20RAND%20Corporation
    body:
      encoding: US-ASCII
      string: ''
    headers:
      User-Agent:
      - CapsuleCRM ruby gem
  response:
    status:
      code: 200
      message: OK
    headers:
      Date:
      - Tue, 19 Mar 2013 12:21:31 GMT
      Server:
      - Apache
      Set-Cookie:
      - JSESSIONID=; Expires=Thu, 01-Jan-1970 00:00:10 GMT; Path=/
      Content-Length:
      - '372'
      Content-Type:
      - ! '*/*'
    body:
      encoding: US-ASCII
      string: <?xml version="1.0" encoding="UTF-8" standalone="yes"?><parties size="1"><organisation><id>37951826</id><contacts/><pictureURL>https://d365sd3k9yw37.cloudfront.net/a/1362758938/theme/default/images/org_avatar_70.png</pictureURL><createdOn>2013-03-19T12:21:38Z</createdOn><updatedOn>2013-03-19T12:21:38Z</updatedOn><name>The
        RAND Corporation</name></organisation></parties>
    http_version: 
  recorded_at: Tue, 19 Mar 2013 12:21:45 GMT
- request:
    method: post
    uri: https://<CAPSULECRM_API_TOKEN>:x@<CAPSULECRM_ACCOUNT_NAME>.capsulecrm.com/api/party/37951826/tag/DirectoryEntry
    body:
      encoding: US-ASCII
      string: ! "<?xml version=\"1.0\" encoding=\"UTF-8\"?>\n<tags>\n  <tag>\n    <name>DirectoryEntry</name>\n
        \ </tag>\n</tags>\n"
    headers:
      Content-Type:
      - text/xml
  response:
    status:
      code: 201
      message: Created
    headers:
      Date:
      - Tue, 19 Mar 2013 12:21:31 GMT
      Server:
      - Apache
      Set-Cookie:
      - JSESSIONID=; Expires=Thu, 01-Jan-1970 00:00:10 GMT; Path=/
      Location:
      - https://<CAPSULECRM_ACCOUNT_NAME>.capsulecrm.com/api/party/37951826/tag/DirectoryEntry
      Content-Length:
      - '0'
      Content-Type:
      - text/plain
    body:
      encoding: US-ASCII
      string: ''
    http_version: 
  recorded_at: Tue, 19 Mar 2013 12:21:46 GMT
- request:
    method: put
    uri: https://<CAPSULECRM_API_TOKEN>:x@<CAPSULECRM_ACCOUNT_NAME>.capsulecrm.com/api/party/37951826/customfields
    body:
      encoding: US-ASCII
      string: ! "<?xml version=\"1.0\" encoding=\"UTF-8\"?>\n<customFields>\n  <customField>\n
        \   <label>Description</label>\n    <text>Lorem ipsum dolor sit amet, consectetur
        adipiscing elit.</text>\n    <tag>DirectoryEntry</tag>\n    <date nil=\"true\"/>\n
        \   <boolean nil=\"true\"/>\n  </customField>\n</customFields>\n"
    headers:
      Content-Type:
      - text/xml
  response:
    status:
      code: 200
      message: OK
    headers:
      Date:
      - Tue, 19 Mar 2013 12:21:32 GMT
      Server:
      - Apache
      Set-Cookie:
      - JSESSIONID=; Expires=Thu, 01-Jan-1970 00:00:10 GMT; Path=/
      Content-Length:
      - '257'
      Content-Type:
      - ! '*/*'
    body:
      encoding: US-ASCII
      string: <?xml version="1.0" encoding="UTF-8" standalone="yes"?><customFields
        size="1"><customField><id>38086212</id><tag>DirectoryEntry</tag><label>Description</label><text>Lorem
        ipsum dolor sit amet, consectetur adipiscing elit.</text></customField></customFields>
    http_version: 
  recorded_at: Tue, 19 Mar 2013 12:21:46 GMT
- request:
    method: put
    uri: https://<CAPSULECRM_API_TOKEN>:x@<CAPSULECRM_ACCOUNT_NAME>.capsulecrm.com/api/party/37951826/customfields
    body:
      encoding: US-ASCII
      string: ! "<?xml version=\"1.0\" encoding=\"UTF-8\"?>\n<customFields>\n  <customField>\n
        \   <label>Homepage</label>\n    <text>http://www.example.com</text>\n    <tag>DirectoryEntry</tag>\n
        \   <date nil=\"true\"/>\n    <boolean nil=\"true\"/>\n  </customField>\n</customFields>\n"
    headers:
      Content-Type:
      - text/xml
  response:
    status:
      code: 200
      message: OK
    headers:
      Date:
      - Tue, 19 Mar 2013 12:21:32 GMT
      Server:
      - Apache
      Set-Cookie:
      - JSESSIONID=; Expires=Thu, 01-Jan-1970 00:00:10 GMT; Path=/
      Content-Length:
      - '384'
      Content-Type:
      - ! '*/*'
    body:
      encoding: US-ASCII
      string: <?xml version="1.0" encoding="UTF-8" standalone="yes"?><customFields
        size="2"><customField><id>38086212</id><tag>DirectoryEntry</tag><label>Description</label><text>Lorem
        ipsum dolor sit amet, consectetur adipiscing elit.</text></customField><customField><id>38086213</id><tag>DirectoryEntry</tag><label>Homepage</label><text>http://www.example.com</text></customField></customFields>
    http_version: 
  recorded_at: Tue, 19 Mar 2013 12:21:47 GMT
- request:
    method: put
    uri: https://<CAPSULECRM_API_TOKEN>:x@<CAPSULECRM_ACCOUNT_NAME>.capsulecrm.com/api/party/37951826/customfields
    body:
      encoding: US-ASCII
      string: ! "<?xml version=\"1.0\" encoding=\"UTF-8\"?>\n<customFields>\n  <customField>\n
        \   <label>Logo</label>\n    <text>http://stuff.<GITHUB_ORGANISATION>.org/images/acmelogo.png</text>\n
        \   <tag>DirectoryEntry</tag>\n    <date nil=\"true\"/>\n    <boolean nil=\"true\"/>\n
        \ </customField>\n</customFields>\n"
    headers:
      Content-Type:
      - text/xml
  response:
    status:
      code: 200
      message: OK
    headers:
      Date:
      - Tue, 19 Mar 2013 12:21:33 GMT
      Server:
      - Apache
      Set-Cookie:
      - JSESSIONID=; Expires=Thu, 01-Jan-1970 00:00:10 GMT; Path=/
      Content-Length:
      - '528'
      Content-Type:
      - ! '*/*'
    body:
      encoding: US-ASCII
      string: <?xml version="1.0" encoding="UTF-8" standalone="yes"?><customFields
        size="3"><customField><id>38086212</id><tag>DirectoryEntry</tag><label>Description</label><text>Lorem
        ipsum dolor sit amet, consectetur adipiscing elit.</text></customField><customField><id>38086213</id><tag>DirectoryEntry</tag><label>Homepage</label><text>http://www.example.com</text></customField><customField><id>38086214</id><tag>DirectoryEntry</tag><label>Logo</label><text>http://stuff.<GITHUB_ORGANISATION>.org/images/acmelogo.png</text></customField></customFields>
    http_version: 
  recorded_at: Tue, 19 Mar 2013 12:21:47 GMT
- request:
    method: put
    uri: https://<CAPSULECRM_API_TOKEN>:x@<CAPSULECRM_ACCOUNT_NAME>.capsulecrm.com/api/party/37951826/customfields
    body:
      encoding: US-ASCII
      string: ! "<?xml version=\"1.0\" encoding=\"UTF-8\"?>\n<customFields>\n  <customField>\n
        \   <label>Thumbnail</label>\n    <text>http://stuff.<GITHUB_ORGANISATION>.org/images/thumbs/acmelogo.png</text>\n
        \   <tag>DirectoryEntry</tag>\n    <date nil=\"true\"/>\n    <boolean nil=\"true\"/>\n
        \ </customField>\n</customFields>\n"
    headers:
      Content-Type:
      - text/xml
  response:
    status:
      code: 200
      message: OK
    headers:
      Date:
      - Tue, 19 Mar 2013 12:21:33 GMT
      Server:
      - Apache
      Set-Cookie:
      - JSESSIONID=; Expires=Thu, 01-Jan-1970 00:00:10 GMT; Path=/
      Content-Length:
      - '684'
      Content-Type:
      - ! '*/*'
    body:
      encoding: US-ASCII
      string: <?xml version="1.0" encoding="UTF-8" standalone="yes"?><customFields
        size="4"><customField><id>38086212</id><tag>DirectoryEntry</tag><label>Description</label><text>Lorem
        ipsum dolor sit amet, consectetur adipiscing elit.</text></customField><customField><id>38086213</id><tag>DirectoryEntry</tag><label>Homepage</label><text>http://www.example.com</text></customField><customField><id>38086214</id><tag>DirectoryEntry</tag><label>Logo</label><text>http://stuff.<GITHUB_ORGANISATION>.org/images/acmelogo.png</text></customField><customField><id>38086215</id><tag>DirectoryEntry</tag><label>Thumbnail</label><text>http://stuff.<GITHUB_ORGANISATION>.org/images/thumbs/acmelogo.png</text></customField></customFields>
    http_version: 
  recorded_at: Tue, 19 Mar 2013 12:21:48 GMT
- request:
    method: get
    uri: https://<CAPSULECRM_API_TOKEN>:x@<CAPSULECRM_ACCOUNT_NAME>.capsulecrm.com/api/party?q=The%20RAND%20Corporation
    body:
      encoding: US-ASCII
      string: ''
    headers:
      User-Agent:
      - CapsuleCRM ruby gem
  response:
    status:
      code: 200
      message: OK
    headers:
      Date:
      - Tue, 19 Mar 2013 12:21:34 GMT
      Server:
      - Apache
      Set-Cookie:
      - JSESSIONID=; Expires=Thu, 01-Jan-1970 00:00:10 GMT; Path=/
      Content-Length:
      - '372'
      Content-Type:
      - ! '*/*'
    body:
      encoding: US-ASCII
      string: <?xml version="1.0" encoding="UTF-8" standalone="yes"?><parties size="1"><organisation><id>37951826</id><contacts/><pictureURL>https://d365sd3k9yw37.cloudfront.net/a/1362758938/theme/default/images/org_avatar_70.png</pictureURL><createdOn>2013-03-19T12:21:38Z</createdOn><updatedOn>2013-03-19T12:21:42Z</updatedOn><name>The
        RAND Corporation</name></organisation></parties>
    http_version: 
  recorded_at: Sun, 04 Mar 2012 14:54:00 GMT
- request:
    method: get
    uri: https://<CAPSULECRM_API_TOKEN>:x@<CAPSULECRM_ACCOUNT_NAME>.capsulecrm.com/api/party?q=The%20RAND%20Corporation
    body:
      encoding: US-ASCII
      string: ''
    headers:
      User-Agent:
      - CapsuleCRM ruby gem
  response:
    status:
      code: 200
      message: OK
    headers:
      Date:
      - Tue, 19 Mar 2013 12:21:34 GMT
      Server:
      - Apache
      Set-Cookie:
      - JSESSIONID=; Expires=Thu, 01-Jan-1970 00:00:10 GMT; Path=/
      Content-Length:
      - '372'
      Content-Type:
      - ! '*/*'
    body:
      encoding: US-ASCII
      string: <?xml version="1.0" encoding="UTF-8" standalone="yes"?><parties size="1"><organisation><id>37951826</id><contacts/><pictureURL>https://d365sd3k9yw37.cloudfront.net/a/1362758938/theme/default/images/org_avatar_70.png</pictureURL><createdOn>2013-03-19T12:21:38Z</createdOn><updatedOn>2013-03-19T12:21:42Z</updatedOn><name>The
        RAND Corporation</name></organisation></parties>
    http_version: 
  recorded_at: Sun, 04 Mar 2012 14:54:00 GMT
- request:
    method: get
    uri: https://<CAPSULECRM_API_TOKEN>:x@<CAPSULECRM_ACCOUNT_NAME>.capsulecrm.com/api/party/37951826/tag
    body:
      encoding: US-ASCII
      string: ''
    headers:
      User-Agent:
      - CapsuleCRM ruby gem
  response:
    status:
      code: 200
      message: OK
    headers:
      Date:
      - Tue, 19 Mar 2013 12:21:35 GMT
      Server:
      - Apache
      Set-Cookie:
      - JSESSIONID=; Expires=Thu, 01-Jan-1970 00:00:10 GMT; Path=/
      Content-Length:
      - '115'
      Content-Type:
      - ! '*/*'
    body:
      encoding: US-ASCII
      string: <?xml version="1.0" encoding="UTF-8" standalone="yes"?><tags size="1"><tag><name>DirectoryEntry</name></tag></tags>
    http_version: 
  recorded_at: Sun, 04 Mar 2012 14:54:00 GMT
- request:
    method: get
    uri: https://<CAPSULECRM_API_TOKEN>:x@<CAPSULECRM_ACCOUNT_NAME>.capsulecrm.com/api/party/37951826/customfield
    body:
      encoding: US-ASCII
      string: ''
    headers:
      User-Agent:
      - CapsuleCRM ruby gem
  response:
    status:
      code: 200
      message: OK
    headers:
      Date:
      - Tue, 19 Mar 2013 12:21:35 GMT
      Server:
      - Apache
      Set-Cookie:
      - JSESSIONID=; Expires=Thu, 01-Jan-1970 00:00:10 GMT; Path=/
      Content-Length:
      - '684'
      Content-Type:
      - ! '*/*'
    body:
      encoding: US-ASCII
      string: <?xml version="1.0" encoding="UTF-8" standalone="yes"?><customFields
        size="4"><customField><id>38086212</id><tag>DirectoryEntry</tag><label>Description</label><text>Lorem
        ipsum dolor sit amet, consectetur adipiscing elit.</text></customField><customField><id>38086213</id><tag>DirectoryEntry</tag><label>Homepage</label><text>http://www.example.com</text></customField><customField><id>38086214</id><tag>DirectoryEntry</tag><label>Logo</label><text>http://stuff.<GITHUB_ORGANISATION>.org/images/acmelogo.png</text></customField><customField><id>38086215</id><tag>DirectoryEntry</tag><label>Thumbnail</label><text>http://stuff.<GITHUB_ORGANISATION>.org/images/thumbs/acmelogo.png</text></customField></customFields>
    http_version: 
  recorded_at: Sun, 04 Mar 2012 14:54:00 GMT
- request:
    method: delete
    uri: https://<CAPSULECRM_API_TOKEN>:x@<CAPSULECRM_ACCOUNT_NAME>.capsulecrm.com/api/party/37951826
    body:
      encoding: US-ASCII
      string: ''
    headers:
      User-Agent:
      - CapsuleCRM ruby gem
  response:
    status:
      code: 200
      message: OK
    headers:
      Date:
      - Tue, 19 Mar 2013 12:21:36 GMT
      Server:
      - Apache
      Set-Cookie:
      - JSESSIONID=; Expires=Thu, 01-Jan-1970 00:00:10 GMT; Path=/
      Content-Length:
      - '0'
      Content-Type:
      - text/plain
    body:
      encoding: US-ASCII
      string: ''
    http_version: 
  recorded_at: Sun, 04 Mar 2012 14:54:00 GMT
recorded_with: VCR 2.4.0
