---
http_interactions:
- request:
    method: get
    uri: https://<CAPSULECRM_API_TOKEN>:x@<CAPSULECRM_ACCOUNT_NAME>.capsulecrm.com/api/party?q=ACME%20widgets%20Inc.
    body:
      encoding: US-ASCII
      string: ''
    headers:
      User-Agent:
      - CapsuleCRM ruby gem
  response:
    status:
      code: 200
      message: OK
    headers:
      Date:
      - Fri, 13 Sep 2013 14:25:07 GMT
      Server:
      - Apache
      Set-Cookie:
      - JSESSIONID=; Expires=Thu, 01-Jan-1970 00:00:10 GMT; Path=/
      Content-Length:
      - '74'
      Content-Type:
      - ! '*/*'
    body:
      encoding: US-ASCII
      string: <?xml version="1.0" encoding="UTF-8" standalone="yes"?><parties size="0"/>
    http_version: 
  recorded_at: Fri, 13 Sep 2013 14:26:40 GMT
- request:
    method: get
    uri: https://<CAPSULECRM_API_TOKEN>:x@<CAPSULECRM_ACCOUNT_NAME>.capsulecrm.com/api/party?q=ACME%20widgets%20Inc.
    body:
      encoding: US-ASCII
      string: ''
    headers:
      User-Agent:
      - CapsuleCRM ruby gem
  response:
    status:
      code: 200
      message: OK
    headers:
      Date:
      - Fri, 13 Sep 2013 14:25:09 GMT
      Server:
      - Apache
      Set-Cookie:
      - JSESSIONID=; Expires=Thu, 01-Jan-1970 00:00:10 GMT; Path=/
      Content-Length:
      - '74'
      Content-Type:
      - ! '*/*'
    body:
      encoding: US-ASCII
      string: <?xml version="1.0" encoding="UTF-8" standalone="yes"?><parties size="0"/>
    http_version: 
  recorded_at: Fri, 13 Sep 2013 14:26:42 GMT
- request:
    method: post
    uri: https://<CAPSULECRM_API_TOKEN>:x@<CAPSULECRM_ACCOUNT_NAME>.capsulecrm.com/api/organisation
    body:
      encoding: US-ASCII
      string: ! "<?xml version=\"1.0\" encoding=\"UTF-8\"?>\n<organisation>\n  <about
        nil=\"true\"/>\n  <name>ACME widgets Inc.</name>\n</organisation>\n"
    headers:
      Content-Type:
      - text/xml
  response:
    status:
      code: 201
      message: Created
    headers:
      Date:
      - Fri, 13 Sep 2013 14:25:10 GMT
      Server:
      - Apache
      Set-Cookie:
      - JSESSIONID=; Expires=Thu, 01-Jan-1970 00:00:10 GMT; Path=/
      Location:
      - https://<CAPSULECRM_ACCOUNT_NAME>.capsulecrm.com/api/party/46899145
      Content-Length:
      - '0'
    body:
      encoding: US-ASCII
      string: ''
    http_version: 
  recorded_at: Fri, 13 Sep 2013 14:26:42 GMT
- request:
    method: get
    uri: https://<CAPSULECRM_API_TOKEN>:x@<CAPSULECRM_ACCOUNT_NAME>.capsulecrm.com/api/party/46899145/people
    body:
      encoding: US-ASCII
      string: ''
    headers:
      User-Agent:
      - CapsuleCRM ruby gem
  response:
    status:
      code: 200
      message: OK
    headers:
      Date:
      - Fri, 13 Sep 2013 14:25:11 GMT
      Server:
      - Apache
      Set-Cookie:
      - JSESSIONID=; Expires=Thu, 01-Jan-1970 00:00:10 GMT; Path=/
      Content-Length:
      - '74'
      Content-Type:
      - ! '*/*'
    body:
      encoding: US-ASCII
      string: <?xml version="1.0" encoding="UTF-8" standalone="yes"?><parties size="0"/>
    http_version: 
  recorded_at: Fri, 13 Sep 2013 14:26:43 GMT
- request:
    method: post
    uri: https://<CAPSULECRM_API_TOKEN>:x@<CAPSULECRM_ACCOUNT_NAME>.capsulecrm.com/api/person
    body:
      encoding: US-ASCII
      string: ! "<?xml version=\"1.0\" encoding=\"UTF-8\"?>\n<person>\n  <about nil=\"true\"/>\n
        \ <firstName>Turk</firstName>\n  <lastName>Turkleton</lastName>\n  <title
        nil=\"true\"/>\n  <jobTitle>CTO</jobTitle>\n  <organisationId type=\"integer\">46899145</organisationId>\n
        \ <contacts>\n    <email>\n      <type>Work</type>\n      <emailAddress>turkleton@acme.com</emailAddress>\n
        \   </email>\n    <phone>\n      <type>Work</type>\n      <phoneNumber>+44
        1738 494032</phoneNumber>\n    </phone>\n  </contacts>\n</person>\n"
    headers:
      Content-Type:
      - text/xml
  response:
    status:
      code: 201
      message: Created
    headers:
      Date:
      - Fri, 13 Sep 2013 14:25:11 GMT
      Server:
      - Apache
      Set-Cookie:
      - JSESSIONID=; Expires=Thu, 01-Jan-1970 00:00:10 GMT; Path=/
      Location:
      - https://<CAPSULECRM_ACCOUNT_NAME>.capsulecrm.com/api/party/46899146
      Content-Length:
      - '0'
    body:
      encoding: US-ASCII
      string: ''
    http_version: 
  recorded_at: Fri, 13 Sep 2013 14:26:44 GMT
- request:
    method: post
    uri: https://<CAPSULECRM_API_TOKEN>:x@<CAPSULECRM_ACCOUNT_NAME>.capsulecrm.com/api/party/46899145/opportunity
    body:
      encoding: US-ASCII
      string: ! "<?xml version=\"1.0\" encoding=\"UTF-8\"?>\n<opportunity>\n  <name>Membership
        at partner level</name>\n  <currency>GBP</currency>\n  <value type=\"integer\">50000</value>\n
        \ <milestone>Prospect</milestone>\n  <probability type=\"integer\">10</probability>\n
        \ <description>Hey, I really want us to join the ODI!</description>\n  <duration
        type=\"integer\">3</duration>\n  <durationBasis>YEAR</durationBasis>\n  <expectedCloseDate
        type=\"date\">2013-11-13</expectedCloseDate>\n  <owner><CAPSULECRM_DEFAULT_OWNER></owner>\n</opportunity>\n"
    headers:
      Content-Type:
      - text/xml
  response:
    status:
      code: 201
      message: Created
    headers:
      Date:
      - Fri, 13 Sep 2013 14:25:13 GMT
      Server:
      - Apache
      Set-Cookie:
      - JSESSIONID=; Expires=Thu, 01-Jan-1970 00:00:10 GMT; Path=/
      Location:
      - https://<CAPSULECRM_ACCOUNT_NAME>.capsulecrm.com/api/opportunity/1628213
      Content-Length:
      - '0'
    body:
      encoding: US-ASCII
      string: ''
    http_version: 
  recorded_at: Fri, 13 Sep 2013 14:26:46 GMT
- request:
    method: put
    uri: https://<CAPSULECRM_API_TOKEN>:x@<CAPSULECRM_ACCOUNT_NAME>.capsulecrm.com/api/opportunity/1628213/customfields
    body:
      encoding: US-ASCII
      string: ! "<?xml version=\"1.0\" encoding=\"UTF-8\"?>\n<customFields>\n  <customField>\n
        \   <label>Type</label>\n    <text>Membership</text>\n    <tag nil=\"true\"/>\n
        \   <date nil=\"true\"/>\n    <boolean nil=\"true\"/>\n  </customField>\n</customFields>\n"
    headers:
      Content-Type:
      - text/xml
  response:
    status:
      code: 200
      message: OK
    headers:
      Date:
      - Fri, 13 Sep 2013 14:25:14 GMT
      Server:
      - Apache
      Set-Cookie:
      - JSESSIONID=; Expires=Thu, 01-Jan-1970 00:00:10 GMT; Path=/
      Content-Length:
      - '178'
      Content-Type:
      - ! '*/*'
    body:
      encoding: US-ASCII
      string: <?xml version="1.0" encoding="UTF-8" standalone="yes"?><customFields
        size="1"><customField><id>2117940</id><label>Type</label><text>Membership</text></customField></customFields>
    http_version: 
  recorded_at: Fri, 13 Sep 2013 14:26:48 GMT
- request:
    method: post
    uri: https://<CAPSULECRM_API_TOKEN>:x@<CAPSULECRM_ACCOUNT_NAME>.capsulecrm.com/api/party/46899146/task
    body:
      encoding: US-ASCII
      string: ! "<?xml version=\"1.0\" encoding=\"UTF-8\"?>\n<task>\n  <description>Call
        Turk Turkleton to discuss partner membership</description>\n  <dueDateTime
        type=\"datetime\">2013-09-14T09:00:00+01:00</dueDateTime>\n  <owner><CAPSULECRM_DEFAULT_OWNER></owner>\n
        \ <category>Call</category>\n  <detail>Hey, I really want us to join the ODI!</detail>\n</task>\n"
    headers:
      Content-Type:
      - text/xml
  response:
    status:
      code: 201
      message: Created
    headers:
      Date:
      - Fri, 13 Sep 2013 14:25:17 GMT
      Server:
      - Apache
      Set-Cookie:
      - JSESSIONID=; Expires=Thu, 01-Jan-1970 00:00:10 GMT; Path=/
      Location:
      - https://<CAPSULECRM_ACCOUNT_NAME>.capsulecrm.com/api/task/13480229
      Content-Length:
      - '0'
    body:
      encoding: US-ASCII
      string: ''
    http_version: 
  recorded_at: Fri, 13 Sep 2013 14:26:50 GMT
- request:
    method: get
    uri: https://<CAPSULECRM_API_TOKEN>:x@<CAPSULECRM_ACCOUNT_NAME>.capsulecrm.com/api/party?q=ACME%20widgets%20Inc.
    body:
      encoding: US-ASCII
      string: ''
    headers:
      User-Agent:
      - CapsuleCRM ruby gem
  response:
    status:
      code: 200
      message: OK
    headers:
      Date:
      - Fri, 13 Sep 2013 14:25:19 GMT
      Server:
      - Apache
      Set-Cookie:
      - JSESSIONID=; Expires=Thu, 01-Jan-1970 00:00:10 GMT; Path=/
      Content-Length:
      - '369'
      Content-Type:
      - ! '*/*'
    body:
      encoding: US-ASCII
      string: <?xml version="1.0" encoding="UTF-8" standalone="yes"?><parties size="1"><organisation><id>46899145</id><contacts/><pictureURL>https://d365sd3k9yw37.cloudfront.net/a/1376906618/theme/default/images/org_avatar_70.png</pictureURL><createdOn>2013-09-13T14:26:42Z</createdOn><updatedOn>2013-09-13T14:26:42Z</updatedOn><name>ACME
        widgets Inc.</name></organisation></parties>
    http_version: 
  recorded_at: Fri, 13 Sep 2013 14:26:52 GMT
- request:
    method: get
    uri: https://<CAPSULECRM_API_TOKEN>:x@<CAPSULECRM_ACCOUNT_NAME>.capsulecrm.com/api/party/46899145/people
    body:
      encoding: US-ASCII
      string: ''
    headers:
      User-Agent:
      - CapsuleCRM ruby gem
  response:
    status:
      code: 200
      message: OK
    headers:
      Date:
      - Fri, 13 Sep 2013 14:25:20 GMT
      Server:
      - Apache
      Set-Cookie:
      - JSESSIONID=; Expires=Thu, 01-Jan-1970 00:00:10 GMT; Path=/
      Content-Length:
      - '703'
      Content-Type:
      - ! '*/*'
    body:
      encoding: US-ASCII
      string: <?xml version="1.0" encoding="UTF-8" standalone="yes"?><parties size="1"><person><id>46899146</id><contacts><email><id>89920635</id><type>Work</type><emailAddress>turkleton@acme.com</emailAddress></email><phone><id>89920636</id><type>Work</type><phoneNumber>+44
        1738 494032</phoneNumber></phone></contacts><pictureURL>https://d365sd3k9yw37.cloudfront.net/a/1376906618/theme/default/images/person_avatar_70.png</pictureURL><createdOn>2013-09-13T14:26:44Z</createdOn><updatedOn>2013-09-13T14:26:44Z</updatedOn><firstName>Turk</firstName><lastName>Turkleton</lastName><jobTitle>CTO</jobTitle><organisationId>46899145</organisationId><organisationName>ACME
        widgets Inc.</organisationName></person></parties>
    http_version: 
  recorded_at: Fri, 13 Sep 2013 14:26:53 GMT
- request:
    method: delete
    uri: https://<CAPSULECRM_API_TOKEN>:x@<CAPSULECRM_ACCOUNT_NAME>.capsulecrm.com/api/party/46899145
    body:
      encoding: US-ASCII
      string: ''
    headers:
      User-Agent:
      - CapsuleCRM ruby gem
  response:
    status:
      code: 200
      message: OK
    headers:
      Date:
      - Fri, 13 Sep 2013 14:25:21 GMT
      Server:
      - Apache
      Set-Cookie:
      - JSESSIONID=; Expires=Thu, 01-Jan-1970 00:00:10 GMT; Path=/
      Content-Length:
      - '0'
    body:
      encoding: US-ASCII
      string: ''
    http_version: 
  recorded_at: Fri, 13 Sep 2013 14:26:54 GMT
recorded_with: VCR 2.5.0
