---
http_interactions:
- request:
    method: get
    uri: https://<CAPSULECRM_API_TOKEN>:x@<CAPSULECRM_ACCOUNT_NAME>.capsulecrm.com/api/party?q=ACME%20widgets%20Inc.
    body:
      encoding: US-ASCII
      string: ''
    headers:
      User-Agent:
      - CapsuleCRM ruby gem
  response:
    status:
      code: 200
      message: OK
    headers:
      Date:
      - Tue, 05 Mar 2013 18:00:34 GMT
      Server:
      - Apache
      Set-Cookie:
      - JSESSIONID=077BDB2014EEF34CE1CB322A4CE30F4D.nodeb08; Path=/; Secure
      Content-Length:
      - '74'
      Content-Type:
      - ! '*/*'
    body:
      encoding: US-ASCII
      string: <?xml version="1.0" encoding="UTF-8" standalone="yes"?><parties size="0"/>
    http_version: 
  recorded_at: Tue, 05 Mar 2013 18:01:02 GMT
- request:
    method: post
    uri: https://<CAPSULECRM_API_TOKEN>:x@<CAPSULECRM_ACCOUNT_NAME>.capsulecrm.com/api/organisation
    body:
      encoding: US-ASCII
      string: ! "<?xml version=\"1.0\" encoding=\"UTF-8\"?>\n<organisation>\n  <about
        nil=\"true\"/>\n  <name>ACME widgets Inc.</name>\n</organisation>\n"
    headers:
      Content-Type:
      - text/xml
  response:
    status:
      code: 201
      message: Created
    headers:
      Date:
      - Tue, 05 Mar 2013 18:00:34 GMT
      Server:
      - Apache
      Set-Cookie:
      - JSESSIONID=BA7987AB8CA836F6E17D6027059A9D61.nodeb08; Path=/; Secure
      Location:
      - https://<CAPSULECRM_ACCOUNT_NAME>.capsulecrm.com/api/party/37298438
      Content-Length:
      - '0'
      Content-Type:
      - text/plain
    body:
      encoding: US-ASCII
      string: ''
    http_version: 
  recorded_at: Tue, 05 Mar 2013 18:01:02 GMT
- request:
    method: get
    uri: https://<CAPSULECRM_API_TOKEN>:x@<CAPSULECRM_ACCOUNT_NAME>.capsulecrm.com/api/party?q=ACME%20widgets%20Inc.
    body:
      encoding: US-ASCII
      string: ''
    headers:
      User-Agent:
      - CapsuleCRM ruby gem
  response:
    status:
      code: 200
      message: OK
    headers:
      Date:
      - Tue, 05 Mar 2013 18:00:35 GMT
      Server:
      - Apache
      Set-Cookie:
      - JSESSIONID=D6ABD20ADE0C1C9DAD1DE8D5C974DDD7.nodeb12; Path=/; Secure
      Content-Length:
      - '369'
      Content-Type:
      - ! '*/*'
    body:
      encoding: US-ASCII
      string: <?xml version="1.0" encoding="UTF-8" standalone="yes"?><parties size="1"><organisation><id>37298438</id><contacts/><pictureURL>https://d365sd3k9yw37.cloudfront.net/a/1362397813/theme/default/images/org_avatar_70.png</pictureURL><createdOn>2013-03-05T18:00:45Z</createdOn><updatedOn>2013-03-05T18:00:45Z</updatedOn><name>ACME
        widgets Inc.</name></organisation></parties>
    http_version: 
  recorded_at: Tue, 05 Mar 2013 18:01:03 GMT
- request:
    method: get
    uri: https://<CAPSULECRM_API_TOKEN>:x@<CAPSULECRM_ACCOUNT_NAME>.capsulecrm.com/api/party/37298438/people
    body:
      encoding: US-ASCII
      string: ''
    headers:
      User-Agent:
      - CapsuleCRM ruby gem
  response:
    status:
      code: 200
      message: OK
    headers:
      Date:
      - Tue, 05 Mar 2013 18:00:35 GMT
      Server:
      - Apache
      Set-Cookie:
      - JSESSIONID=551CE7BC3A458DAD4C536F5659DFE8BC.nodeb03; Path=/; Secure
      Content-Length:
      - '74'
      Content-Type:
      - ! '*/*'
    body:
      encoding: US-ASCII
      string: <?xml version="1.0" encoding="UTF-8" standalone="yes"?><parties size="0"/>
    http_version: 
  recorded_at: Tue, 05 Mar 2013 18:01:03 GMT
- request:
    method: get
    uri: https://<CAPSULECRM_API_TOKEN>:x@<CAPSULECRM_ACCOUNT_NAME>.capsulecrm.com/api/party?q=ACME%20widgets%20Inc.
    body:
      encoding: US-ASCII
      string: ''
    headers:
      User-Agent:
      - CapsuleCRM ruby gem
  response:
    status:
      code: 200
      message: OK
    headers:
      Date:
      - Tue, 05 Mar 2013 18:00:36 GMT
      Server:
      - Apache
      Set-Cookie:
      - JSESSIONID=4DAA0916A2DBBC0D2EFC9F6AAFC5F7C4.nodeb05; Path=/; Secure
      Content-Length:
      - '369'
      Content-Type:
      - ! '*/*'
    body:
      encoding: US-ASCII
      string: <?xml version="1.0" encoding="UTF-8" standalone="yes"?><parties size="1"><organisation><id>37298438</id><contacts/><pictureURL>https://d365sd3k9yw37.cloudfront.net/a/1362397813/theme/default/images/org_avatar_70.png</pictureURL><createdOn>2013-03-05T18:00:45Z</createdOn><updatedOn>2013-03-05T18:00:45Z</updatedOn><name>ACME
        widgets Inc.</name></organisation></parties>
    http_version: 
  recorded_at: Tue, 05 Mar 2013 18:01:04 GMT
- request:
    method: get
    uri: https://<CAPSULECRM_API_TOKEN>:x@<CAPSULECRM_ACCOUNT_NAME>.capsulecrm.com/api/party/37298438/people
    body:
      encoding: US-ASCII
      string: ''
    headers:
      User-Agent:
      - CapsuleCRM ruby gem
  response:
    status:
      code: 200
      message: OK
    headers:
      Date:
      - Tue, 05 Mar 2013 18:00:36 GMT
      Server:
      - Apache
      Set-Cookie:
      - JSESSIONID=AC922E92FCEDE04E534639BC4C435254.nodeb12; Path=/; Secure
      Content-Length:
      - '74'
      Content-Type:
      - ! '*/*'
    body:
      encoding: US-ASCII
      string: <?xml version="1.0" encoding="UTF-8" standalone="yes"?><parties size="0"/>
    http_version: 
  recorded_at: Tue, 05 Mar 2013 18:01:04 GMT
- request:
    method: post
    uri: https://<CAPSULECRM_API_TOKEN>:x@<CAPSULECRM_ACCOUNT_NAME>.capsulecrm.com/api/person
    body:
      encoding: US-ASCII
      string: ! "<?xml version=\"1.0\" encoding=\"UTF-8\"?>\n<person>\n  <about nil=\"true\"/>\n
        \ <firstName>Turk</firstName>\n  <lastName>Turkleton</lastName>\n  <title
        nil=\"true\"/>\n  <jobTitle>CTO</jobTitle>\n  <organisationId type=\"integer\">37298438</organisationId>\n
        \ <contacts>\n    <email>\n      <type>Work</type>\n      <emailAddress>turkleton@acme.com</emailAddress>\n
        \   </email>\n    <phone>\n      <type>Work</type>\n      <phoneNumber>+44
        1738 494032</phoneNumber>\n    </phone>\n  </contacts>\n</person>\n"
    headers:
      Content-Type:
      - text/xml
  response:
    status:
      code: 201
      message: Created
    headers:
      Date:
      - Tue, 05 Mar 2013 18:00:37 GMT
      Server:
      - Apache
      Set-Cookie:
      - JSESSIONID=7C9420DE2854118761567E53A6319363.nodeb03; Path=/; Secure
      Location:
      - https://<CAPSULECRM_ACCOUNT_NAME>.capsulecrm.com/api/party/37298439
      Content-Length:
      - '0'
      Content-Type:
      - text/plain
    body:
      encoding: US-ASCII
      string: ''
    http_version: 
  recorded_at: Tue, 05 Mar 2013 18:01:05 GMT
- request:
    method: post
    uri: https://<CAPSULECRM_API_TOKEN>:x@<CAPSULECRM_ACCOUNT_NAME>.capsulecrm.com/api/party/37298438/opportunity
    body:
      encoding: US-ASCII
      string: ! "<?xml version=\"1.0\" encoding=\"UTF-8\"?>\n<opportunity>\n  <name>Membership
        at partner level</name>\n  <currency>GBP</currency>\n  <value type=\"integer\">50000</value>\n
        \ <milestone>New</milestone>\n  <probability type=\"integer\">10</probability>\n
        \ <description>Hey, I really want us to join the ODI!</description>\n  <duration
        type=\"integer\">3</duration>\n  <durationBasis>YEAR</durationBasis>\n  <expectedCloseDate
        type=\"date\">2013-05-05</expectedCloseDate>\n  <owner><CAPSULECRM_DEFAULT_OWNER></owner>\n</opportunity>\n"
    headers:
      Content-Type:
      - text/xml
  response:
    status:
      code: 201
      message: Created
    headers:
      Date:
      - Tue, 05 Mar 2013 18:00:38 GMT
      Server:
      - Apache
      Set-Cookie:
      - JSESSIONID=80CFD216F84B34E1758D9C64CF0C088C.nodeb04; Path=/; Secure
      Location:
      - https://<CAPSULECRM_ACCOUNT_NAME>.capsulecrm.com/api/opportunity/1208848
      Content-Length:
      - '0'
      Content-Type:
      - text/plain
    body:
      encoding: US-ASCII
      string: ''
    http_version: 
  recorded_at: Tue, 05 Mar 2013 18:01:05 GMT
- request:
    method: put
    uri: https://<CAPSULECRM_API_TOKEN>:x@<CAPSULECRM_ACCOUNT_NAME>.capsulecrm.com/api/opportunity/1208848/customfields
    body:
      encoding: US-ASCII
      string: ! "<?xml version=\"1.0\" encoding=\"UTF-8\"?>\n<customFields>\n  <customField>\n
        \   <label>Type</label>\n    <text>Membership</text>\n  </customField>\n</customFields>\n"
    headers:
      Content-Type:
      - text/xml
  response:
    status:
      code: 200
      message: OK
    headers:
      Date:
      - Tue, 05 Mar 2013 18:00:38 GMT
      Server:
      - Apache
      Set-Cookie:
      - JSESSIONID=9D5E76E361E579C9AFC6E9A3457711B2.nodeb10; Path=/; Secure
      Content-Length:
      - '178'
      Content-Type:
      - ! '*/*'
    body:
      encoding: US-ASCII
      string: <?xml version="1.0" encoding="UTF-8" standalone="yes"?><customFields
        size="1"><customField><id>1456641</id><label>Type</label><text>Membership</text></customField></customFields>
    http_version: 
  recorded_at: Tue, 05 Mar 2013 18:01:06 GMT
- request:
    method: post
    uri: https://<CAPSULECRM_API_TOKEN>:x@<CAPSULECRM_ACCOUNT_NAME>.capsulecrm.com/api/party/37298439/task
    body:
      encoding: US-ASCII
      string: ! "<?xml version=\"1.0\" encoding=\"UTF-8\"?>\n<task>\n  <description>Call
        Turk Turkleton to discuss partner membership</description>\n  <dueDateTime
        type=\"datetime\">2013-03-06T09:00:00+00:00</dueDateTime>\n  <owner><CAPSULECRM_DEFAULT_OWNER></owner>\n
        \ <category>Call</category>\n  <detail>Hey, I really want us to join the ODI!</detail>\n</task>\n"
    headers:
      Content-Type:
      - text/xml
  response:
    status:
      code: 201
      message: Created
    headers:
      Date:
      - Tue, 05 Mar 2013 18:00:39 GMT
      Server:
      - Apache
      Set-Cookie:
      - JSESSIONID=7DD56743D6CC6ED61E2DF9EC5518471D.nodeb05; Path=/; Secure
      Location:
      - https://<CAPSULECRM_ACCOUNT_NAME>.capsulecrm.com/api/task/9771768
      Content-Length:
      - '0'
      Content-Type:
      - text/plain
    body:
      encoding: US-ASCII
      string: ''
    http_version: 
  recorded_at: Tue, 05 Mar 2013 18:01:07 GMT
- request:
    method: get
    uri: https://<CAPSULECRM_API_TOKEN>:x@<CAPSULECRM_ACCOUNT_NAME>.capsulecrm.com/api/party?q=ACME%20widgets%20Inc.
    body:
      encoding: US-ASCII
      string: ''
    headers:
      User-Agent:
      - CapsuleCRM ruby gem
  response:
    status:
      code: 200
      message: OK
    headers:
      Date:
      - Tue, 05 Mar 2013 18:00:39 GMT
      Server:
      - Apache
      Set-Cookie:
      - JSESSIONID=89BDA75E890E97E4D3B86FC78B5BEF14.nodeb08; Path=/; Secure
      Content-Length:
      - '369'
      Content-Type:
      - ! '*/*'
    body:
      encoding: US-ASCII
      string: <?xml version="1.0" encoding="UTF-8" standalone="yes"?><parties size="1"><organisation><id>37298438</id><contacts/><pictureURL>https://d365sd3k9yw37.cloudfront.net/a/1362397813/theme/default/images/org_avatar_70.png</pictureURL><createdOn>2013-03-05T18:00:45Z</createdOn><updatedOn>2013-03-05T18:00:45Z</updatedOn><name>ACME
        widgets Inc.</name></organisation></parties>
    http_version: 
  recorded_at: Tue, 05 Mar 2013 18:01:07 GMT
- request:
    method: get
    uri: https://<CAPSULECRM_API_TOKEN>:x@<CAPSULECRM_ACCOUNT_NAME>.capsulecrm.com/api/party/37298438/people
    body:
      encoding: US-ASCII
      string: ''
    headers:
      User-Agent:
      - CapsuleCRM ruby gem
  response:
    status:
      code: 200
      message: OK
    headers:
      Date:
      - Tue, 05 Mar 2013 18:00:40 GMT
      Server:
      - Apache
      Set-Cookie:
      - JSESSIONID=383F2338977BFD215251C244F7413C00.nodeb10; Path=/; Secure
      Content-Length:
      - '703'
      Content-Type:
      - ! '*/*'
    body:
      encoding: US-ASCII
      string: <?xml version="1.0" encoding="UTF-8" standalone="yes"?><parties size="1"><person><id>37298439</id><contacts><email><id>71307980</id><type>Work</type><emailAddress>turkleton@acme.com</emailAddress></email><phone><id>71307981</id><type>Work</type><phoneNumber>+44
        1738 494032</phoneNumber></phone></contacts><pictureURL>https://d365sd3k9yw37.cloudfront.net/a/1362397813/theme/default/images/person_avatar_70.png</pictureURL><createdOn>2013-03-05T18:00:48Z</createdOn><updatedOn>2013-03-05T18:00:48Z</updatedOn><firstName>Turk</firstName><lastName>Turkleton</lastName><jobTitle>CTO</jobTitle><organisationId>37298438</organisationId><organisationName>ACME
        widgets Inc.</organisationName></person></parties>
    http_version: 
  recorded_at: Tue, 05 Mar 2013 18:01:08 GMT
- request:
    method: delete
    uri: https://<CAPSULECRM_API_TOKEN>:x@<CAPSULECRM_ACCOUNT_NAME>.capsulecrm.com/api/party/37298438
    body:
      encoding: US-ASCII
      string: ''
    headers:
      User-Agent:
      - CapsuleCRM ruby gem
  response:
    status:
      code: 200
      message: OK
    headers:
      Date:
      - Tue, 05 Mar 2013 18:00:40 GMT
      Server:
      - Apache
      Set-Cookie:
      - JSESSIONID=47034F236BCFA10D80456BB4DE05E231.nodeb02; Path=/; Secure
      Content-Length:
      - '0'
      Content-Type:
      - text/plain
    body:
      encoding: US-ASCII
      string: ''
    http_version: 
  recorded_at: Tue, 05 Mar 2013 18:01:08 GMT
- request:
    method: delete
    uri: https://<CAPSULECRM_API_TOKEN>:x@<CAPSULECRM_ACCOUNT_NAME>.capsulecrm.com/api/party/37298439
    body:
      encoding: US-ASCII
      string: ''
    headers:
      User-Agent:
      - CapsuleCRM ruby gem
  response:
    status:
      code: 200
      message: OK
    headers:
      Date:
      - Tue, 05 Mar 2013 18:00:41 GMT
      Server:
      - Apache
      Set-Cookie:
      - JSESSIONID=018306B54C52AC4930A661003272D35A.nodeb02; Path=/; Secure
      Content-Length:
      - '0'
      Content-Type:
      - text/plain
    body:
      encoding: US-ASCII
      string: ''
    http_version: 
  recorded_at: Tue, 05 Mar 2013 18:01:09 GMT
recorded_with: VCR 2.4.0
