---
http_interactions:
- request:
    method: get
    uri: https://api.xero.com/api.xro/2.0/Invoices?where=Contact.ContactID%20=%20GUID(%222edc151e-152f-4733-a411-c335a24f4475%22)
    body:
      encoding: US-ASCII
      string: ''
    headers:
      Charset:
      - utf-8
      Accept:
      - ! '*/*'
      User-Agent:
      - OAuth gem v0.4.7
      Authorization:
      - OAuth oauth_consumer_key="<XERO_CONSUMER_KEY>", oauth_nonce="WhsAbAw3tNKS0R6XJSHcP9wdH7eIfN4u8YCHAZY60y0",
        oauth_signature="Ae6ghLDFH1sqdbXn7AaY1psMnuR%2FhnTGKxjQoQgJPfiKOBRNTOuH0xLoZyP5zONZhfmssmFU%2FUrtC3cIsxWu0cswpgo2yhTcu8eZ%2F44IuA8w9lcMhTAmTh1YruqbtXio615AJDlBJ6LRlEmSZnxfdk1ACJcJ766PoT8W9i68RMk%3D",
        oauth_signature_method="RSA-SHA1", oauth_timestamp="1376473184", oauth_token="<XERO_CONSUMER_KEY>",
        oauth_version="1.0"
  response:
    status:
      code: 200
      message: OK
    headers:
      Cache-Control:
      - private
      Content-Type:
      - text/xml; charset=utf-8
      Www-Authenticate:
      - OAuth Realm="api.xero.com"
      X-S:
      - 445759-O1VMAP02
      Strict-Transport-Security:
      - max-age=31536000
      Date:
      - Wed, 14 Aug 2013 09:39:42 GMT
      Content-Length:
      - '293'
    body:
      encoding: US-ASCII
      string: ! "<Response xmlns:xsd=\"http://www.w3.org/2001/XMLSchema\" xmlns:xsi=\"http://www.w3.org/2001/XMLSchema-instance\">\r\n
        \ <Id>e7f825f9-53d9-473b-ae61-a32b94701a4a</Id>\r\n  <Status>OK</Status>\r\n
        \ <ProviderName>Demo App</ProviderName>\r\n  <DateTimeUTC>2013-08-14T09:39:43.884824Z</DateTimeUTC>\r\n</Response>"
    http_version: 
  recorded_at: Wed, 14 Aug 2013 09:39:44 GMT
- request:
    method: get
    uri: https://api.xero.com/api.xro/2.0/Invoices?where=Contact.ContactID%20=%20GUID(%222edc151e-152f-4733-a411-c335a24f4475%22)%20AND%20Status%20!=%20%22DELETED%22
    body:
      encoding: US-ASCII
      string: ''
    headers:
      Charset:
      - utf-8
      Accept:
      - ! '*/*'
      User-Agent:
      - OAuth gem v0.4.7
      Authorization:
      - OAuth oauth_consumer_key="<XERO_CONSUMER_KEY>", oauth_nonce="o1y8DFuHz1dra3F6dMdUKS4AuhtWAWCGgukof7AI",
        oauth_signature="CRvtETjDoGTN7m2m8CtZZLLNWuIwh0oB%2Fga2xtvKECRdgSp0mj56ngUhJn8XJzBhESKCOiyWLEse0H%2BkgwbqVW2P%2BS9DI0pimxUBGGWMDfaIz5uxjwRFa7jWiYM5HguFYK6ZeMMbXtX2ZVtPUmbItPx6uVFDUiPakHnT7bRF8nw%3D",
        oauth_signature_method="RSA-SHA1", oauth_timestamp="1376473187", oauth_token="<XERO_CONSUMER_KEY>",
        oauth_version="1.0"
  response:
    status:
      code: 200
      message: OK
    headers:
      Cache-Control:
      - private
      Content-Type:
      - text/xml; charset=utf-8
      Www-Authenticate:
      - OAuth Realm="api.xero.com"
      X-S:
      - 445759-O1VMAP02
      Strict-Transport-Security:
      - max-age=31536000
      Date:
      - Wed, 14 Aug 2013 09:39:47 GMT
      Content-Length:
      - '1125'
    body:
      encoding: US-ASCII
      string: ! "<Response xmlns:xsd=\"http://www.w3.org/2001/XMLSchema\" xmlns:xsi=\"http://www.w3.org/2001/XMLSchema-instance\">\r\n
        \ <Id>a2137090-7c24-492d-a4d6-4cfbe195aadb</Id>\r\n  <Status>OK</Status>\r\n
        \ <ProviderName>Demo App</ProviderName>\r\n  <DateTimeUTC>2013-08-14T09:39:47.0827625Z</DateTimeUTC>\r\n
        \ <Invoices>\r\n    <Invoice>\r\n      <Contact>\r\n        <ContactID>2edc151e-152f-4733-a411-c335a24f4475</ContactID>\r\n
        \       <Name>Existing Company Inc.</Name>\r\n      </Contact>\r\n      <Date>2013-08-14T00:00:00</Date>\r\n
        \     <DueDate>2013-03-10T00:00:00</DueDate>\r\n      <Status>DRAFT</Status>\r\n
        \     <LineAmountTypes>Exclusive</LineAmountTypes>\r\n      <SubTotal>1.00</SubTotal>\r\n
        \     <TotalTax>0.20</TotalTax>\r\n      <Total>1.20</Total>\r\n      <UpdatedDateUTC>2013-08-14T09:39:45.57</UpdatedDateUTC>\r\n
        \     <CurrencyCode>GBP</CurrencyCode>\r\n      <Type>ACCREC</Type>\r\n      <InvoiceID>bfbdbd1f-a15a-4dc6-b9d7-8f08fd3998f9</InvoiceID>\r\n
        \     <InvoiceNumber>INV-0113</InvoiceNumber>\r\n      <AmountDue>1.20</AmountDue>\r\n
        \     <AmountPaid>0.00</AmountPaid>\r\n      <HasAttachments>false</HasAttachments>\r\n
        \   </Invoice>\r\n  </Invoices>\r\n</Response>"
    http_version: 
  recorded_at: Wed, 14 Aug 2013 09:39:47 GMT
- request:
    method: get
    uri: https://api.xero.com/api.xro/2.0/Invoices/bfbdbd1f-a15a-4dc6-b9d7-8f08fd3998f9
    body:
      encoding: US-ASCII
      string: ''
    headers:
      Charset:
      - utf-8
      Accept:
      - ! '*/*'
      User-Agent:
      - OAuth gem v0.4.7
      Authorization:
      - OAuth oauth_consumer_key="<XERO_CONSUMER_KEY>", oauth_nonce="1xkZhwgCncR2lSaVdcrASgnr29M6zg4vcgfbieG3do",
        oauth_signature="AKu%2Fn0zA4fY7jQ%2FD34lm7EhIbJZIgF%2F7hWPR%2BCFxLcRbia1vIs8hIC12ZJD28r4e1suuB%2BjMIgFywLPR3KoSvTQoan0rdi5JVj7mcddoIr67fiAes8KOvBytGNat%2FjF83adCZ8%2BFGov%2BWB1FnsxfwqzmsWnh%2BIWYryTLAUF8Qv8%3D",
        oauth_signature_method="RSA-SHA1", oauth_timestamp="1376473187", oauth_token="<XERO_CONSUMER_KEY>",
        oauth_version="1.0"
  response:
    status:
      code: 200
      message: OK
    headers:
      Cache-Control:
      - private
      Content-Type:
      - text/xml; charset=utf-8
      Www-Authenticate:
      - OAuth Realm="api.xero.com"
      X-S:
      - 445759-O1VMAP02
      Strict-Transport-Security:
      - max-age=31536000
      Date:
      - Wed, 14 Aug 2013 09:39:47 GMT
      Content-Length:
      - '2553'
    body:
      encoding: US-ASCII
      string: ! "<Response xmlns:xsd=\"http://www.w3.org/2001/XMLSchema\" xmlns:xsi=\"http://www.w3.org/2001/XMLSchema-instance\">\r\n
        \ <Id>f8d72316-17d5-4750-bebf-4e9b5adcd6e3</Id>\r\n  <Status>OK</Status>\r\n
        \ <ProviderName>Demo App</ProviderName>\r\n  <DateTimeUTC>2013-08-14T09:39:47.6755511Z</DateTimeUTC>\r\n
        \ <Invoices>\r\n    <Invoice>\r\n      <Contact>\r\n        <ContactID>2edc151e-152f-4733-a411-c335a24f4475</ContactID>\r\n
        \       <ContactStatus>ACTIVE</ContactStatus>\r\n        <Name>Existing Company
        Inc.</Name>\r\n        <Addresses>\r\n          <Address>\r\n            <AddressType>STREET</AddressType>\r\n
        \         </Address>\r\n          <Address>\r\n            <AddressType>POBOX</AddressType>\r\n
        \         </Address>\r\n        </Addresses>\r\n        <Phones>\r\n          <Phone>\r\n
        \           <PhoneType>DEFAULT</PhoneType>\r\n          </Phone>\r\n          <Phone>\r\n
        \           <PhoneType>MOBILE</PhoneType>\r\n          </Phone>\r\n          <Phone>\r\n
        \           <PhoneType>FAX</PhoneType>\r\n          </Phone>\r\n          <Phone>\r\n
        \           <PhoneType>DDI</PhoneType>\r\n          </Phone>\r\n        </Phones>\r\n
        \       <UpdatedDateUTC>2013-08-14T09:39:41.25</UpdatedDateUTC>\r\n        <IsSupplier>false</IsSupplier>\r\n
        \       <IsCustomer>true</IsCustomer>\r\n      </Contact>\r\n      <Date>2013-08-14T00:00:00</Date>\r\n
        \     <DueDate>2013-03-10T00:00:00</DueDate>\r\n      <Status>DRAFT</Status>\r\n
        \     <LineAmountTypes>Exclusive</LineAmountTypes>\r\n      <LineItems>\r\n
        \       <LineItem>\r\n          <Description>my fantastic invoice description</Description>\r\n
        \         <UnitAmount>1.00</UnitAmount>\r\n          <TaxType>OUTPUT2</TaxType>\r\n
        \         <TaxAmount>0.20</TaxAmount>\r\n          <LineAmount>1.00</LineAmount>\r\n
        \         <Quantity>1.0000</Quantity>\r\n        </LineItem>\r\n        <LineItem>\r\n
        \         <Description>PAID WITH PAYPAL</Description>\r\n          <UnitAmount>0.00</UnitAmount>\r\n
        \         <LineAmount>0.00</LineAmount>\r\n          <Quantity>0.0000</Quantity>\r\n
        \       </LineItem>\r\n      </LineItems>\r\n      <SubTotal>1.00</SubTotal>\r\n
        \     <TotalTax>0.20</TotalTax>\r\n      <Total>1.20</Total>\r\n      <UpdatedDateUTC>2013-08-14T09:39:45.57</UpdatedDateUTC>\r\n
        \     <CurrencyCode>GBP</CurrencyCode>\r\n      <Type>ACCREC</Type>\r\n      <InvoiceID>bfbdbd1f-a15a-4dc6-b9d7-8f08fd3998f9</InvoiceID>\r\n
        \     <InvoiceNumber>INV-0113</InvoiceNumber>\r\n      <AmountDue>1.20</AmountDue>\r\n
        \     <AmountPaid>0.00</AmountPaid>\r\n      <SentToContact>false</SentToContact>\r\n
        \     <CurrencyRate>1.000000</CurrencyRate>\r\n      <HasAttachments>false</HasAttachments>\r\n
        \   </Invoice>\r\n  </Invoices>\r\n</Response>"
    http_version: 
  recorded_at: Wed, 14 Aug 2013 09:39:48 GMT
- request:
    method: get
    uri: https://api.xero.com/api.xro/2.0/Invoices?where=Contact.ContactID%20=%20GUID(%220a22d92b-a4f5-48c0-a097-0301ad248c4e%22)
    body:
      encoding: US-ASCII
      string: ''
    headers:
      Charset:
      - utf-8
      Accept:
      - ! '*/*'
      User-Agent:
      - OAuth gem v0.4.7
      Authorization:
      - OAuth oauth_consumer_key="<XERO_CONSUMER_KEY>", oauth_nonce="GQ8Em5UQlKmzp1kPC9r03ZG8mByxP2XNREUGk6jNbxo",
        oauth_signature="Uu58xt2WluXlDk6aXFMBmanII4nQJe%2Bub6dMsRkZDTaVh9vpcgZEnbCq2k4IZ%2BNWZdQ2Yr75whkeuH%2F9WTeW7R3HbQFoOcDg2%2B2V30AlDeT3mTomNgEiymJ%2BIWSL6VBjJgMDupf%2FZKVNK6jEEyqZ2xeIt88OkGsAlfDCxzJbxog%3D",
        oauth_signature_method="RSA-SHA1", oauth_timestamp="1407407020", oauth_token="<XERO_CONSUMER_KEY>",
        oauth_version="1.0"
  response:
    status:
      code: 200
      message: OK
    headers:
      Cache-Control:
      - private
      Content-Type:
      - text/xml; charset=utf-8
      Www-Authenticate:
      - OAuth Realm="api.xero.com"
      X-S:
      - 445761-O1VMAP04
      Strict-Transport-Security:
      - max-age=31536000
      Date:
      - Thu, 07 Aug 2014 10:23:38 GMT
      Content-Length:
      - '297'
    body:
      encoding: US-ASCII
      string: ! "<Response xmlns:xsd=\"http://www.w3.org/2001/XMLSchema\" xmlns:xsi=\"http://www.w3.org/2001/XMLSchema-instance\">\r\n
        \ <Id>72214961-62f1-4d02-aa34-fadd20706eea</Id>\r\n  <Status>OK</Status>\r\n
        \ <ProviderName>Beardstroke</ProviderName>\r\n  <DateTimeUTC>2014-08-07T10:23:39.4704433Z</DateTimeUTC>\r\n</Response>"
    http_version: 
  recorded_at: Thu, 07 Aug 2014 10:23:42 GMT
- request:
    method: get
    uri: https://api.xero.com/api.xro/2.0/Invoices?where=Contact.ContactID%20=%20GUID(%220a22d92b-a4f5-48c0-a097-0301ad248c4e%22)%20AND%20Status%20!=%20%22DELETED%22
    body:
      encoding: US-ASCII
      string: ''
    headers:
      Charset:
      - utf-8
      Accept:
      - ! '*/*'
      User-Agent:
      - OAuth gem v0.4.7
      Authorization:
      - OAuth oauth_consumer_key="<XERO_CONSUMER_KEY>", oauth_nonce="SXuFbnodaKbikubK3rWB9KPqgFEFtMtq62iLejH1g",
        oauth_signature="DFjaTcRcbUFsfeWgTmQkcAKowbHffKMnC0mh5zMOKcKvcHSo4YlQcJ5EXZUzZjtlzFd1S1SD3yC3y%2F66NVE%2BJtPYFZH0lV0WcCHoSI7Bpi2uu92mND7aQApx4sYKcKEodQT2C47OfR6JwvZo4YjiKQDhKw1%2BVIWXFt5EkmQ9Ouc%3D",
        oauth_signature_method="RSA-SHA1", oauth_timestamp="1407407028", oauth_token="<XERO_CONSUMER_KEY>",
        oauth_version="1.0"
  response:
    status:
      code: 200
      message: OK
    headers:
      Cache-Control:
      - private
      Content-Type:
      - text/xml; charset=utf-8
      Www-Authenticate:
      - OAuth Realm="api.xero.com"
      X-S:
      - 445761-O1VMAP04
      Strict-Transport-Security:
      - max-age=31536000
      Date:
      - Thu, 07 Aug 2014 10:23:46 GMT
      Content-Length:
      - '1219'
    body:
      encoding: US-ASCII
      string: ! "<Response xmlns:xsd=\"http://www.w3.org/2001/XMLSchema\" xmlns:xsi=\"http://www.w3.org/2001/XMLSchema-instance\">\r\n
        \ <Id>0b45d894-0d42-446c-a274-797c54305ca9</Id>\r\n  <Status>OK</Status>\r\n
        \ <ProviderName>Beardstroke</ProviderName>\r\n  <DateTimeUTC>2014-08-07T10:23:47.0521891Z</DateTimeUTC>\r\n
        \ <Invoices>\r\n    <Invoice>\r\n      <Contact>\r\n        <ContactID>0a22d92b-a4f5-48c0-a097-0301ad248c4e</ContactID>\r\n
        \       <Name>Existing Company Inc.</Name>\r\n      </Contact>\r\n      <Date>2014-08-07T00:00:00</Date>\r\n
        \     <DueDate>2013-03-10T00:00:00</DueDate>\r\n      <Status>DRAFT</Status>\r\n
        \     <LineAmountTypes>Exclusive</LineAmountTypes>\r\n      <SubTotal>0.00</SubTotal>\r\n
        \     <TotalTax>0.00</TotalTax>\r\n      <Total>0.00</Total>\r\n      <UpdatedDateUTC>2014-08-07T10:23:43.107</UpdatedDateUTC>\r\n
        \     <CurrencyCode>GBP</CurrencyCode>\r\n      <Type>ACCREC</Type>\r\n      <InvoiceID>82879c02-7108-4e2a-a0a4-cabdd24c0b99</InvoiceID>\r\n
        \     <InvoiceNumber>INV-0043</InvoiceNumber>\r\n      <AmountDue>0.00</AmountDue>\r\n
        \     <AmountPaid>0.00</AmountPaid>\r\n      <AmountCredited>0.00</AmountCredited>\r\n
        \     <CurrencyRate>1.000000</CurrencyRate>\r\n      <HasAttachments>false</HasAttachments>\r\n
        \   </Invoice>\r\n  </Invoices>\r\n</Response>"
    http_version: 
  recorded_at: Thu, 07 Aug 2014 10:23:50 GMT
- request:
    method: get
    uri: https://api.xero.com/api.xro/2.0/Invoices/82879c02-7108-4e2a-a0a4-cabdd24c0b99
    body:
      encoding: US-ASCII
      string: ''
    headers:
      Charset:
      - utf-8
      Accept:
      - ! '*/*'
      User-Agent:
      - OAuth gem v0.4.7
      Authorization:
      - OAuth oauth_consumer_key="<XERO_CONSUMER_KEY>", oauth_nonce="aXLFeYTATNR5aaCY8ZfOaG7D1Vk5SgioXgX2y1jnBkk",
        oauth_signature="jm13L57ICCiBtyDQBXQayFSUVjR0s7%2BZLrD01WHM3yt2XV7SJwF51W0ZZbP6ZbRB6J3unvKqR59MNTft23GEx7d94u2U02Y8IEp65WZXQ%2Fj4M%2BOsN7HnludjwPVQ4COSWUzZI2fBt%2FBrXGp8P5gVL2%2B4GdYtHIZUSQd8GTDorn4%3D",
        oauth_signature_method="RSA-SHA1", oauth_timestamp="1407407030", oauth_token="<XERO_CONSUMER_KEY>",
        oauth_version="1.0"
  response:
    status:
      code: 200
      message: OK
    headers:
      Cache-Control:
      - private
      Content-Type:
      - text/xml; charset=utf-8
      Www-Authenticate:
      - OAuth Realm="api.xero.com"
      X-S:
      - 445761-O1VMAP04
      Strict-Transport-Security:
      - max-age=31536000
      Date:
      - Thu, 07 Aug 2014 10:23:48 GMT
      Content-Length:
      - '2359'
    body:
      encoding: US-ASCII
      string: ! "<Response xmlns:xsd=\"http://www.w3.org/2001/XMLSchema\" xmlns:xsi=\"http://www.w3.org/2001/XMLSchema-instance\">\r\n
        \ <Id>ed34db85-e405-44b9-8819-f1c88a404b1a</Id>\r\n  <Status>OK</Status>\r\n
        \ <ProviderName>Beardstroke</ProviderName>\r\n  <DateTimeUTC>2014-08-07T10:23:49.1582296Z</DateTimeUTC>\r\n
        \ <Invoices>\r\n    <Invoice>\r\n      <Contact>\r\n        <ContactID>0a22d92b-a4f5-48c0-a097-0301ad248c4e</ContactID>\r\n
        \       <ContactStatus>ACTIVE</ContactStatus>\r\n        <Name>Existing Company
        Inc.</Name>\r\n        <Addresses>\r\n          <Address>\r\n            <AddressType>POBOX</AddressType>\r\n
        \         </Address>\r\n          <Address>\r\n            <AddressType>STREET</AddressType>\r\n
        \         </Address>\r\n        </Addresses>\r\n        <Phones>\r\n          <Phone>\r\n
        \           <PhoneType>MOBILE</PhoneType>\r\n          </Phone>\r\n          <Phone>\r\n
        \           <PhoneType>FAX</PhoneType>\r\n          </Phone>\r\n          <Phone>\r\n
        \           <PhoneType>DEFAULT</PhoneType>\r\n          </Phone>\r\n          <Phone>\r\n
        \           <PhoneType>DDI</PhoneType>\r\n          </Phone>\r\n        </Phones>\r\n
        \       <UpdatedDateUTC>2014-08-07T10:23:35.93</UpdatedDateUTC>\r\n        <IsSupplier>false</IsSupplier>\r\n
        \       <IsCustomer>true</IsCustomer>\r\n      </Contact>\r\n      <Date>2014-08-07T00:00:00</Date>\r\n
        \     <DueDate>2013-03-10T00:00:00</DueDate>\r\n      <Status>DRAFT</Status>\r\n
        \     <LineAmountTypes>Exclusive</LineAmountTypes>\r\n      <LineItems>\r\n
        \       <LineItem>\r\n          <Description>my fantastic invoice description</Description>\r\n
        \       </LineItem>\r\n        <LineItem>\r\n          <Description>PAID WITH
        PAYPAL</Description>\r\n          <UnitAmount>0.00</UnitAmount>\r\n          <LineAmount>0.00</LineAmount>\r\n
        \         <Quantity>0.0000</Quantity>\r\n        </LineItem>\r\n      </LineItems>\r\n
        \     <SubTotal>0.00</SubTotal>\r\n      <TotalTax>0.00</TotalTax>\r\n      <Total>0.00</Total>\r\n
        \     <UpdatedDateUTC>2014-08-07T10:23:43.107</UpdatedDateUTC>\r\n      <CurrencyCode>GBP</CurrencyCode>\r\n
        \     <Type>ACCREC</Type>\r\n      <InvoiceID>82879c02-7108-4e2a-a0a4-cabdd24c0b99</InvoiceID>\r\n
        \     <InvoiceNumber>INV-0043</InvoiceNumber>\r\n      <AmountDue>0.00</AmountDue>\r\n
        \     <AmountPaid>0.00</AmountPaid>\r\n      <SentToContact>false</SentToContact>\r\n
        \     <CurrencyRate>1.000000</CurrencyRate>\r\n      <HasAttachments>false</HasAttachments>\r\n
        \   </Invoice>\r\n  </Invoices>\r\n</Response>"
    http_version: 
  recorded_at: Thu, 07 Aug 2014 10:23:52 GMT
- request:
    method: get
    uri: https://api.xero.com/api.xro/2.0/Invoices?where=Contact.ContactID%20=%20GUID(%22797a3c68-9a39-4b08-816d-4db751e09edd%22)
    body:
      encoding: US-ASCII
      string: ''
    headers:
      Charset:
      - utf-8
      Accept:
      - ! '*/*'
      User-Agent:
      - OAuth gem v0.4.7
      Authorization:
      - OAuth oauth_consumer_key="<XERO_CONSUMER_KEY>", oauth_nonce="WnaNMxrx4xJXO4csyBnjAo3ZSbaXv9zA9RJZ4vdthc",
        oauth_signature="h218cScEzVBwqMdk8tD%2Bd0iNauF0EPSVxQlm7PlQTOL77ggfhmkoP0eOKvnpwyNSY%2BNP0G0KzyHJMqoTQMafYQ1U7C1tfWinNWn8YPsI5wpz2naM0NZB%2BaGFqaO6bMXjMjzXAIZMv%2Fw7oxuyhSrQh1azDaPL5p9X1bngywcS7AE%3D",
        oauth_signature_method="RSA-SHA1", oauth_timestamp="1407408633", oauth_token="<XERO_CONSUMER_KEY>",
        oauth_version="1.0"
  response:
    status:
      code: 200
      message: OK
    headers:
      Cache-Control:
      - private
      Content-Type:
      - text/xml; charset=utf-8
      Www-Authenticate:
      - OAuth Realm="api.xero.com"
      X-S:
      - 445761-O1VMAP04
      Strict-Transport-Security:
      - max-age=31536000
      Date:
      - Thu, 07 Aug 2014 10:50:31 GMT
      Content-Length:
      - '297'
    body:
      encoding: US-ASCII
      string: ! "<Response xmlns:xsd=\"http://www.w3.org/2001/XMLSchema\" xmlns:xsi=\"http://www.w3.org/2001/XMLSchema-instance\">\r\n
        \ <Id>3636d476-2374-40d8-a34b-62fa15d75f1c</Id>\r\n  <Status>OK</Status>\r\n
        \ <ProviderName>Beardstroke</ProviderName>\r\n  <DateTimeUTC>2014-08-07T10:50:31.8082492Z</DateTimeUTC>\r\n</Response>"
    http_version: 
  recorded_at: Thu, 07 Aug 2014 10:50:34 GMT
- request:
    method: get
    uri: https://api.xero.com/api.xro/2.0/Invoices?where=Contact.ContactID%20=%20GUID(%22797a3c68-9a39-4b08-816d-4db751e09edd%22)%20AND%20Status%20!=%20%22DELETED%22
    body:
      encoding: US-ASCII
      string: ''
    headers:
      Charset:
      - utf-8
      Accept:
      - ! '*/*'
      User-Agent:
      - OAuth gem v0.4.7
      Authorization:
      - OAuth oauth_consumer_key="<XERO_CONSUMER_KEY>", oauth_nonce="fT8Ww1IqnnmOe0QF8YDiFjkOQiXu31D2cG3ztWqITg",
        oauth_signature="Xivx9aYx%2B8cfKw0Ddi38ITje6dvayqA6GUl5RUJf%2FgnxZ%2B1WbJ63haeg3iZzaxh2tjX6hrZ%2FJ3hyjQa7iLErjFoN3u%2B8EhjE5wpQKTprGI1boBE7cDafqT3wYO312reXih23MYd%2FVAAVQWvcaOFy06WkLrsbjZ9vo%2FCRupmTgmQ%3D",
        oauth_signature_method="RSA-SHA1", oauth_timestamp="1407408641", oauth_token="<XERO_CONSUMER_KEY>",
        oauth_version="1.0"
  response:
    status:
      code: 200
      message: OK
    headers:
      Cache-Control:
      - private
      Content-Type:
      - text/xml; charset=utf-8
      Www-Authenticate:
      - OAuth Realm="api.xero.com"
      X-S:
      - 445761-O1VMAP04
      Strict-Transport-Security:
      - max-age=31536000
      Date:
      - Thu, 07 Aug 2014 10:50:41 GMT
      Content-Length:
      - '1219'
    body:
      encoding: US-ASCII
      string: ! "<Response xmlns:xsd=\"http://www.w3.org/2001/XMLSchema\" xmlns:xsi=\"http://www.w3.org/2001/XMLSchema-instance\">\r\n
        \ <Id>b14a6dbe-9fdd-4a45-8a60-54e45d841b1e</Id>\r\n  <Status>OK</Status>\r\n
        \ <ProviderName>Beardstroke</ProviderName>\r\n  <DateTimeUTC>2014-08-07T10:50:42.0888469Z</DateTimeUTC>\r\n
        \ <Invoices>\r\n    <Invoice>\r\n      <Contact>\r\n        <ContactID>797a3c68-9a39-4b08-816d-4db751e09edd</ContactID>\r\n
        \       <Name>Existing Company Inc.</Name>\r\n      </Contact>\r\n      <Date>2014-08-07T00:00:00</Date>\r\n
        \     <DueDate>2013-03-10T00:00:00</DueDate>\r\n      <Status>DRAFT</Status>\r\n
        \     <LineAmountTypes>Exclusive</LineAmountTypes>\r\n      <SubTotal>1.00</SubTotal>\r\n
        \     <TotalTax>0.20</TotalTax>\r\n      <Total>1.20</Total>\r\n      <UpdatedDateUTC>2014-08-07T10:50:35.943</UpdatedDateUTC>\r\n
        \     <CurrencyCode>GBP</CurrencyCode>\r\n      <Type>ACCREC</Type>\r\n      <InvoiceID>5793d3be-7b0a-4b84-899d-c9fde0fee20a</InvoiceID>\r\n
        \     <InvoiceNumber>INV-0061</InvoiceNumber>\r\n      <AmountDue>1.20</AmountDue>\r\n
        \     <AmountPaid>0.00</AmountPaid>\r\n      <AmountCredited>0.00</AmountCredited>\r\n
        \     <CurrencyRate>1.000000</CurrencyRate>\r\n      <HasAttachments>false</HasAttachments>\r\n
        \   </Invoice>\r\n  </Invoices>\r\n</Response>"
    http_version: 
  recorded_at: Thu, 07 Aug 2014 10:50:45 GMT
- request:
    method: get
    uri: https://api.xero.com/api.xro/2.0/Invoices/5793d3be-7b0a-4b84-899d-c9fde0fee20a
    body:
      encoding: US-ASCII
      string: ''
    headers:
      Charset:
      - utf-8
      Accept:
      - ! '*/*'
      User-Agent:
      - OAuth gem v0.4.7
      Authorization:
      - OAuth oauth_consumer_key="<XERO_CONSUMER_KEY>", oauth_nonce="GkfnDckQ3anuCcOVTjxf1AYhM0lY2swluYci4sPIXN0",
        oauth_signature="ldN174FtkNkZpff23Nyo5luBia2PE5E1iQwnKuxYQVhuoCE27Nkh4VmEU5tiu9VaeXOr48kNNboj02v%2BYH5Hji%2FK9JBrP2vBR0XiY5M5Jy567jsn6p5AMebH464D5mOA0D3vmbN6q4nLec1Qn%2B%2BDp2XO58NRkTzMoHSCLs5sr8Q%3D",
        oauth_signature_method="RSA-SHA1", oauth_timestamp="1407408645", oauth_token="<XERO_CONSUMER_KEY>",
        oauth_version="1.0"
  response:
    status:
      code: 200
      message: OK
    headers:
      Cache-Control:
      - private
      Content-Type:
      - text/xml; charset=utf-8
      Www-Authenticate:
      - OAuth Realm="api.xero.com"
      X-S:
      - 445761-O1VMAP04
      Strict-Transport-Security:
      - max-age=31536000
      Date:
      - Thu, 07 Aug 2014 10:50:44 GMT
      Content-Length:
      - '2557'
    body:
      encoding: US-ASCII
      string: ! "<Response xmlns:xsd=\"http://www.w3.org/2001/XMLSchema\" xmlns:xsi=\"http://www.w3.org/2001/XMLSchema-instance\">\r\n
        \ <Id>9ecac55d-3630-447d-ba6b-5bfe383029bc</Id>\r\n  <Status>OK</Status>\r\n
        \ <ProviderName>Beardstroke</ProviderName>\r\n  <DateTimeUTC>2014-08-07T10:50:45.006103Z</DateTimeUTC>\r\n
        \ <Invoices>\r\n    <Invoice>\r\n      <Contact>\r\n        <ContactID>797a3c68-9a39-4b08-816d-4db751e09edd</ContactID>\r\n
        \       <ContactStatus>ACTIVE</ContactStatus>\r\n        <Name>Existing Company
        Inc.</Name>\r\n        <Addresses>\r\n          <Address>\r\n            <AddressType>STREET</AddressType>\r\n
        \         </Address>\r\n          <Address>\r\n            <AddressType>POBOX</AddressType>\r\n
        \         </Address>\r\n        </Addresses>\r\n        <Phones>\r\n          <Phone>\r\n
        \           <PhoneType>FAX</PhoneType>\r\n          </Phone>\r\n          <Phone>\r\n
        \           <PhoneType>DDI</PhoneType>\r\n          </Phone>\r\n          <Phone>\r\n
        \           <PhoneType>DEFAULT</PhoneType>\r\n          </Phone>\r\n          <Phone>\r\n
        \           <PhoneType>MOBILE</PhoneType>\r\n          </Phone>\r\n        </Phones>\r\n
        \       <UpdatedDateUTC>2014-08-07T10:50:25.333</UpdatedDateUTC>\r\n        <IsSupplier>false</IsSupplier>\r\n
        \       <IsCustomer>true</IsCustomer>\r\n      </Contact>\r\n      <Date>2014-08-07T00:00:00</Date>\r\n
        \     <DueDate>2013-03-10T00:00:00</DueDate>\r\n      <Status>DRAFT</Status>\r\n
        \     <LineAmountTypes>Exclusive</LineAmountTypes>\r\n      <LineItems>\r\n
        \       <LineItem>\r\n          <Description>my fantastic invoice description</Description>\r\n
        \         <UnitAmount>1.00</UnitAmount>\r\n          <TaxType>OUTPUT2</TaxType>\r\n
        \         <TaxAmount>0.20</TaxAmount>\r\n          <LineAmount>1.00</LineAmount>\r\n
        \         <Quantity>1.0000</Quantity>\r\n        </LineItem>\r\n        <LineItem>\r\n
        \         <Description>PAID WITH PAYPAL</Description>\r\n          <UnitAmount>0.00</UnitAmount>\r\n
        \         <LineAmount>0.00</LineAmount>\r\n          <Quantity>0.0000</Quantity>\r\n
        \       </LineItem>\r\n      </LineItems>\r\n      <SubTotal>1.00</SubTotal>\r\n
        \     <TotalTax>0.20</TotalTax>\r\n      <Total>1.20</Total>\r\n      <UpdatedDateUTC>2014-08-07T10:50:35.943</UpdatedDateUTC>\r\n
        \     <CurrencyCode>GBP</CurrencyCode>\r\n      <Type>ACCREC</Type>\r\n      <InvoiceID>5793d3be-7b0a-4b84-899d-c9fde0fee20a</InvoiceID>\r\n
        \     <InvoiceNumber>INV-0061</InvoiceNumber>\r\n      <AmountDue>1.20</AmountDue>\r\n
        \     <AmountPaid>0.00</AmountPaid>\r\n      <SentToContact>false</SentToContact>\r\n
        \     <CurrencyRate>1.000000</CurrencyRate>\r\n      <HasAttachments>false</HasAttachments>\r\n
        \   </Invoice>\r\n  </Invoices>\r\n</Response>"
    http_version: 
  recorded_at: Thu, 07 Aug 2014 10:50:48 GMT
- request:
    method: get
    uri: https://api.xero.com/api.xro/2.0/Invoices?where=Contact.ContactID%20=%20GUID(%22c05e38f1-94b1-4c59-ae77-5f2c9b835021%22)
    body:
      encoding: US-ASCII
      string: ''
    headers:
      Charset:
      - utf-8
      Accept:
      - ! '*/*'
      User-Agent:
      - OAuth gem v0.4.7
      Authorization:
      - OAuth oauth_consumer_key="<XERO_CONSUMER_KEY>", oauth_nonce="SiG513LDWz8e6CFXgs3bEqykEv23fqjBXDqQ425Mo",
        oauth_signature="dhAYwQCY1JW%2BErSFhPeK8gVacsaBiV9UajOJTXFEVhLiXg9tsbajTv0oQLkR6T0%2FBULXXehANn35S57Qs%2F8DjVZ8kWd60TKxondYN1VasMOo1Q3Y9mMah%2Ft0Efiw18eRz0x9rvJJo3C9NI9I3y9Bt8c%2F%2B1tGT1khlk7wR9JN1DE%3D",
        oauth_signature_method="RSA-SHA1", oauth_timestamp="1407414580", oauth_token="<XERO_CONSUMER_KEY>",
        oauth_version="1.0"
  response:
    status:
      code: 200
      message: OK
    headers:
      Cache-Control:
      - private
      Content-Type:
      - text/xml; charset=utf-8
      Www-Authenticate:
      - OAuth Realm="api.xero.com"
      X-S:
      - 505390-O1VMAP05
      Strict-Transport-Security:
      - max-age=31536000
      Date:
      - Thu, 07 Aug 2014 12:29:36 GMT
      Content-Length:
      - '297'
    body:
      encoding: US-ASCII
      string: ! "<Response xmlns:xsd=\"http://www.w3.org/2001/XMLSchema\" xmlns:xsi=\"http://www.w3.org/2001/XMLSchema-instance\">\r\n
        \ <Id>fedd906d-ebff-4a80-8b49-1ea9eff4e92b</Id>\r\n  <Status>OK</Status>\r\n
        \ <ProviderName>Beardstroke</ProviderName>\r\n  <DateTimeUTC>2014-08-07T12:29:37.3160736Z</DateTimeUTC>\r\n</Response>"
    http_version: 
  recorded_at: Thu, 07 Aug 2014 12:29:42 GMT
- request:
    method: get
    uri: https://api.xero.com/api.xro/2.0/Invoices?where=Contact.ContactID%20=%20GUID(%22c05e38f1-94b1-4c59-ae77-5f2c9b835021%22)%20AND%20Status%20!=%20%22DELETED%22
    body:
      encoding: US-ASCII
      string: ''
    headers:
      Charset:
      - utf-8
      Accept:
      - ! '*/*'
      User-Agent:
      - OAuth gem v0.4.7
      Authorization:
      - OAuth oauth_consumer_key="<XERO_CONSUMER_KEY>", oauth_nonce="rbZczq020PVeeMOVG2sppcTc6d1GJrpE338Sf8ffy4",
        oauth_signature="pvLIhgYqUsV6drlhxKKjlTenoBBC1ejrAe1jnT%2Bktz7psCt6%2BcX5ywPr7OLmV6fhk7kvCwlyJidmINZl2bAlmv4S3dHzRlHGFkICOVciYc21gTCclDJ44gUeRkCHL%2F8TRING5leyq%2BgiUYkmfQ3B9QbqiGkOEL%2FErQ5ZrD%2F0R0U%3D",
        oauth_signature_method="RSA-SHA1", oauth_timestamp="1407414593", oauth_token="<XERO_CONSUMER_KEY>",
        oauth_version="1.0"
  response:
    status:
      code: 200
      message: OK
    headers:
      Cache-Control:
      - private
      Content-Type:
      - text/xml; charset=utf-8
      Www-Authenticate:
      - OAuth Realm="api.xero.com"
      X-S:
      - 505390-O1VMAP05
      Strict-Transport-Security:
      - max-age=31536000
      Date:
      - Thu, 07 Aug 2014 12:29:51 GMT
      Content-Length:
      - '1219'
    body:
      encoding: US-ASCII
      string: ! "<Response xmlns:xsd=\"http://www.w3.org/2001/XMLSchema\" xmlns:xsi=\"http://www.w3.org/2001/XMLSchema-instance\">\r\n
        \ <Id>5342fb5b-19fb-4291-8238-af12c748f833</Id>\r\n  <Status>OK</Status>\r\n
        \ <ProviderName>Beardstroke</ProviderName>\r\n  <DateTimeUTC>2014-08-07T12:29:51.2783421Z</DateTimeUTC>\r\n
        \ <Invoices>\r\n    <Invoice>\r\n      <Contact>\r\n        <ContactID>c05e38f1-94b1-4c59-ae77-5f2c9b835021</ContactID>\r\n
        \       <Name>Existing Company Inc.</Name>\r\n      </Contact>\r\n      <Date>2014-08-07T00:00:00</Date>\r\n
        \     <DueDate>2013-03-10T00:00:00</DueDate>\r\n      <Status>DRAFT</Status>\r\n
        \     <LineAmountTypes>Exclusive</LineAmountTypes>\r\n      <SubTotal>1.00</SubTotal>\r\n
        \     <TotalTax>0.20</TotalTax>\r\n      <Total>1.20</Total>\r\n      <UpdatedDateUTC>2014-08-07T12:29:44.943</UpdatedDateUTC>\r\n
        \     <CurrencyCode>GBP</CurrencyCode>\r\n      <Type>ACCREC</Type>\r\n      <InvoiceID>c5c77012-fe72-41da-8603-3fc4fed8f2ef</InvoiceID>\r\n
        \     <InvoiceNumber>INV-0082</InvoiceNumber>\r\n      <AmountDue>1.20</AmountDue>\r\n
        \     <AmountPaid>0.00</AmountPaid>\r\n      <AmountCredited>0.00</AmountCredited>\r\n
        \     <CurrencyRate>1.000000</CurrencyRate>\r\n      <HasAttachments>false</HasAttachments>\r\n
        \   </Invoice>\r\n  </Invoices>\r\n</Response>"
    http_version: 
  recorded_at: Thu, 07 Aug 2014 12:29:56 GMT
- request:
    method: get
    uri: https://api.xero.com/api.xro/2.0/Invoices/c5c77012-fe72-41da-8603-3fc4fed8f2ef
    body:
      encoding: US-ASCII
      string: ''
    headers:
      Charset:
      - utf-8
      Accept:
      - ! '*/*'
      User-Agent:
      - OAuth gem v0.4.7
      Authorization:
      - OAuth oauth_consumer_key="<XERO_CONSUMER_KEY>", oauth_nonce="dISpjoO4aEnDz02H7DKMEeloTalonmclyDSUR7C00",
        oauth_signature="qzEdtP2JbSzfGB5edGYzfO85Wk6EgOlpa%2F9LtihUKOBrB9zGYEpDX%2BewybbKBcsMDCQxuHD4hnfHj5Wob6nkCNzXFG8lZYsrFB4x7LG5RYjV3ERZbb%2F8v4Dd4Sb36R2Jkp1KEKLntqwl5D1UVihUV30FzXYFW8r%2FlkSRt1jE%2BEo%3D",
        oauth_signature_method="RSA-SHA1", oauth_timestamp="1407414596", oauth_token="<XERO_CONSUMER_KEY>",
        oauth_version="1.0"
  response:
    status:
      code: 200
      message: OK
    headers:
      Cache-Control:
      - private
      Content-Type:
      - text/xml; charset=utf-8
      Www-Authenticate:
      - OAuth Realm="api.xero.com"
      X-S:
      - 505390-O1VMAP05
      Strict-Transport-Security:
      - max-age=31536000
      Date:
      - Thu, 07 Aug 2014 12:29:54 GMT
      Content-Length:
      - '2544'
    body:
      encoding: US-ASCII
      string: ! "<Response xmlns:xsd=\"http://www.w3.org/2001/XMLSchema\" xmlns:xsi=\"http://www.w3.org/2001/XMLSchema-instance\">\r\n
        \ <Id>512862c9-0ef5-4ca7-839e-58998d8c976e</Id>\r\n  <Status>OK</Status>\r\n
        \ <ProviderName>Beardstroke</ProviderName>\r\n  <DateTimeUTC>2014-08-07T12:29:54.3516012Z</DateTimeUTC>\r\n
        \ <Invoices>\r\n    <Invoice>\r\n      <Contact>\r\n        <ContactID>c05e38f1-94b1-4c59-ae77-5f2c9b835021</ContactID>\r\n
        \       <ContactStatus>ACTIVE</ContactStatus>\r\n        <Name>Existing Company
        Inc.</Name>\r\n        <Addresses>\r\n          <Address>\r\n            <AddressType>STREET</AddressType>\r\n
        \         </Address>\r\n          <Address>\r\n            <AddressType>POBOX</AddressType>\r\n
        \         </Address>\r\n        </Addresses>\r\n        <Phones>\r\n          <Phone>\r\n
        \           <PhoneType>MOBILE</PhoneType>\r\n          </Phone>\r\n          <Phone>\r\n
        \           <PhoneType>DDI</PhoneType>\r\n          </Phone>\r\n          <Phone>\r\n
        \           <PhoneType>DEFAULT</PhoneType>\r\n          </Phone>\r\n          <Phone>\r\n
        \           <PhoneType>FAX</PhoneType>\r\n          </Phone>\r\n        </Phones>\r\n
        \       <UpdatedDateUTC>2014-08-07T12:29:31.497</UpdatedDateUTC>\r\n        <IsSupplier>false</IsSupplier>\r\n
        \       <IsCustomer>true</IsCustomer>\r\n      </Contact>\r\n      <Date>2014-08-07T00:00:00</Date>\r\n
        \     <DueDate>2013-03-10T00:00:00</DueDate>\r\n      <Status>DRAFT</Status>\r\n
        \     <LineAmountTypes>Exclusive</LineAmountTypes>\r\n      <LineItems>\r\n
        \       <LineItem>\r\n          <Description>Line Item Number 0</Description>\r\n
        \         <UnitAmount>1.00</UnitAmount>\r\n          <TaxType>OUTPUT2</TaxType>\r\n
        \         <TaxAmount>0.20</TaxAmount>\r\n          <LineAmount>1.00</LineAmount>\r\n
        \         <Quantity>1.0000</Quantity>\r\n        </LineItem>\r\n        <LineItem>\r\n
        \         <Description>PAID WITH PAYPAL</Description>\r\n          <UnitAmount>0.00</UnitAmount>\r\n
        \         <LineAmount>0.00</LineAmount>\r\n          <Quantity>0.0000</Quantity>\r\n
        \       </LineItem>\r\n      </LineItems>\r\n      <SubTotal>1.00</SubTotal>\r\n
        \     <TotalTax>0.20</TotalTax>\r\n      <Total>1.20</Total>\r\n      <UpdatedDateUTC>2014-08-07T12:29:44.943</UpdatedDateUTC>\r\n
        \     <CurrencyCode>GBP</CurrencyCode>\r\n      <Type>ACCREC</Type>\r\n      <InvoiceID>c5c77012-fe72-41da-8603-3fc4fed8f2ef</InvoiceID>\r\n
        \     <InvoiceNumber>INV-0082</InvoiceNumber>\r\n      <AmountDue>1.20</AmountDue>\r\n
        \     <AmountPaid>0.00</AmountPaid>\r\n      <SentToContact>false</SentToContact>\r\n
        \     <CurrencyRate>1.000000</CurrencyRate>\r\n      <HasAttachments>false</HasAttachments>\r\n
        \   </Invoice>\r\n  </Invoices>\r\n</Response>"
    http_version: 
  recorded_at: Thu, 07 Aug 2014 12:29:59 GMT
- request:
    method: put
    uri: https://api.xero.com/api.xro/2.0/Contacts
    body:
      encoding: US-ASCII
      string: xml=%3CContact%3E%0A%20%20%3CName%3EExisting%20Company%20Inc.%3C%2FName%3E%0A%3C%2FContact%3E%0A
    headers:
      Charset:
      - utf-8
      Content-Type:
      - application/x-www-form-urlencoded
      Accept:
      - ! '*/*'
      User-Agent:
      - OAuth gem v0.4.7
      Content-Length:
      - '0'
      Authorization:
      - OAuth oauth_consumer_key="<XERO_CONSUMER_KEY>", oauth_nonce="NO0zgEgQEef8yN4rvSBDYS0s7hkSSlbsAWSuQa30",
        oauth_signature="nLQybnr0NZobeweHQcWgB3yLa6FhqCm0dmYCVLj7mcBa9e1CN37%2Fe2HekM6QM1sJfJzhr01HCZ%2BR8AT88ta9RWzdisi3HCevtI3hBtd%2BBKyReTBDdtQIA2epzDWttfpebtrZSQmiQQI4wPpXrYETZ8E%2Bxtth4nM9YV9kPeB0x14%3D",
        oauth_signature_method="RSA-SHA1", oauth_timestamp="1407415853", oauth_token="<XERO_CONSUMER_KEY>",
        oauth_version="1.0"
  response:
    status:
      code: 200
      message: OK
    headers:
      Cache-Control:
      - private
      Content-Type:
      - text/xml; charset=utf-8
      Www-Authenticate:
      - OAuth Realm="api.xero.com"
      X-S:
      - 505390-O1VMAP05
      Strict-Transport-Security:
      - max-age=31536000
      Date:
      - Thu, 07 Aug 2014 12:50:49 GMT
      Content-Length:
      - '1189'
    body:
      encoding: US-ASCII
      string: ! "<Response xmlns:xsd=\"http://www.w3.org/2001/XMLSchema\" xmlns:xsi=\"http://www.w3.org/2001/XMLSchema-instance\">\r\n
        \ <Id>c64667ee-a4e2-41d2-808c-d1420eed328b</Id>\r\n  <Status>OK</Status>\r\n
        \ <ProviderName>Beardstroke</ProviderName>\r\n  <DateTimeUTC>2014-08-07T12:50:50.5657587Z</DateTimeUTC>\r\n
        \ <Contacts>\r\n    <Contact>\r\n      <ContactID>265072e2-c470-463f-b35d-467543cd80c5</ContactID>\r\n
        \     <ContactStatus>ACTIVE</ContactStatus>\r\n      <Name>Existing Company
        Inc.</Name>\r\n      <Addresses>\r\n        <Address>\r\n          <AddressType>STREET</AddressType>\r\n
        \       </Address>\r\n        <Address>\r\n          <AddressType>POBOX</AddressType>\r\n
        \       </Address>\r\n      </Addresses>\r\n      <Phones>\r\n        <Phone>\r\n
        \         <PhoneType>DDI</PhoneType>\r\n        </Phone>\r\n        <Phone>\r\n
        \         <PhoneType>MOBILE</PhoneType>\r\n        </Phone>\r\n        <Phone>\r\n
        \         <PhoneType>DEFAULT</PhoneType>\r\n        </Phone>\r\n        <Phone>\r\n
        \         <PhoneType>FAX</PhoneType>\r\n        </Phone>\r\n      </Phones>\r\n
        \     <UpdatedDateUTC>2014-08-07T12:50:50.473</UpdatedDateUTC>\r\n      <IsSupplier>false</IsSupplier>\r\n
        \     <IsCustomer>false</IsCustomer>\r\n    </Contact>\r\n  </Contacts>\r\n</Response>"
    http_version: 
  recorded_at: Thu, 07 Aug 2014 12:50:55 GMT
- request:
    method: get
    uri: https://api.xero.com/api.xro/2.0/Contacts?where=Name.ToLower()%20==%20%22existing%20company%20inc.%22
    body:
      encoding: US-ASCII
      string: ''
    headers:
      Charset:
      - utf-8
      Accept:
      - ! '*/*'
      User-Agent:
      - OAuth gem v0.4.7
      Authorization:
      - OAuth oauth_consumer_key="<XERO_CONSUMER_KEY>", oauth_nonce="emS4rEngDzn5tZkNlGm7IZhuR2XTl8zwmrXMIE0TU",
        oauth_signature="M1FqyCWhX23%2FO38R8h6RQeFqQS9fm3mF6osyqIhOh28Guh%2BObkA7bn2S0Yy4%2FaKkClo4S8S7mqlb04v1K7GjDnn1l%2FetVoagdCiIR%2Bu%2B3t3%2F86rEmPpz0e3VZpMjajwAlr2cE6a9PMp%2BrYI3QcpcCCSuC3D0teEEYFFU9oXVfy0%3D",
        oauth_signature_method="RSA-SHA1", oauth_timestamp="1407415855", oauth_token="<XERO_CONSUMER_KEY>",
        oauth_version="1.0"
  response:
    status:
      code: 200
      message: OK
    headers:
      Cache-Control:
      - private
      Content-Type:
      - text/xml; charset=utf-8
      Www-Authenticate:
      - OAuth Realm="api.xero.com"
      X-S:
      - 505390-O1VMAP05
      Strict-Transport-Security:
      - max-age=31536000
      Date:
      - Thu, 07 Aug 2014 12:50:52 GMT
      Content-Length:
      - '1235'
    body:
      encoding: US-ASCII
      string: ! "<Response xmlns:xsd=\"http://www.w3.org/2001/XMLSchema\" xmlns:xsi=\"http://www.w3.org/2001/XMLSchema-instance\">\r\n
        \ <Id>964f4445-7d54-40fd-8a1b-082d64796d5c</Id>\r\n  <Status>OK</Status>\r\n
        \ <ProviderName>Beardstroke</ProviderName>\r\n  <DateTimeUTC>2014-08-07T12:50:52.5469968Z</DateTimeUTC>\r\n
        \ <Contacts>\r\n    <Contact>\r\n      <ContactID>265072e2-c470-463f-b35d-467543cd80c5</ContactID>\r\n
        \     <ContactStatus>ACTIVE</ContactStatus>\r\n      <Name>Existing Company
        Inc.</Name>\r\n      <Addresses>\r\n        <Address>\r\n          <AddressType>STREET</AddressType>\r\n
        \       </Address>\r\n        <Address>\r\n          <AddressType>POBOX</AddressType>\r\n
        \       </Address>\r\n      </Addresses>\r\n      <Phones>\r\n        <Phone>\r\n
        \         <PhoneType>DDI</PhoneType>\r\n        </Phone>\r\n        <Phone>\r\n
        \         <PhoneType>DEFAULT</PhoneType>\r\n        </Phone>\r\n        <Phone>\r\n
        \         <PhoneType>FAX</PhoneType>\r\n        </Phone>\r\n        <Phone>\r\n
        \         <PhoneType>MOBILE</PhoneType>\r\n        </Phone>\r\n      </Phones>\r\n
        \     <UpdatedDateUTC>2014-08-07T12:50:50.473</UpdatedDateUTC>\r\n      <IsSupplier>false</IsSupplier>\r\n
        \     <IsCustomer>false</IsCustomer>\r\n      <HasAttachments>false</HasAttachments>\r\n
        \   </Contact>\r\n  </Contacts>\r\n</Response>"
    http_version: 
  recorded_at: Thu, 07 Aug 2014 12:50:57 GMT
- request:
    method: get
    uri: https://api.xero.com/api.xro/2.0/Invoices?where=Contact.ContactID%20=%20GUID(%22265072e2-c470-463f-b35d-467543cd80c5%22)
    body:
      encoding: US-ASCII
      string: ''
    headers:
      Charset:
      - utf-8
      Accept:
      - ! '*/*'
      User-Agent:
      - OAuth gem v0.4.7
      Authorization:
      - OAuth oauth_consumer_key="<XERO_CONSUMER_KEY>", oauth_nonce="y2Gvs0qmwJr9nsZCF1bUzP81JcGkcyOIDui2F6Brrk",
        oauth_signature="tDgigP4lP9l9C1I96WqFUCXDjYbf0F4pe5UziunoTlEvvjsW0z95K4rXx5u4aSoYxGy7qDOZNAZiUy5ot8eh8bGJUWVaLW8k7fn4aelM%2FufVBXT%2B%2Fdrak6qx8GYRGEUy2Uk2kXT3PyBi2UA1A0mIPim0ctRy45GlGiCAP6djYEw%3D",
        oauth_signature_method="RSA-SHA1", oauth_timestamp="1407415857", oauth_token="<XERO_CONSUMER_KEY>",
        oauth_version="1.0"
  response:
    status:
      code: 200
      message: OK
    headers:
      Cache-Control:
      - private
      Content-Type:
      - text/xml; charset=utf-8
      Www-Authenticate:
      - OAuth Realm="api.xero.com"
      X-S:
      - 505390-O1VMAP05
      Strict-Transport-Security:
      - max-age=31536000
      Date:
      - Thu, 07 Aug 2014 12:50:55 GMT
      Content-Length:
      - '297'
    body:
      encoding: US-ASCII
      string: ! "<Response xmlns:xsd=\"http://www.w3.org/2001/XMLSchema\" xmlns:xsi=\"http://www.w3.org/2001/XMLSchema-instance\">\r\n
        \ <Id>3f07992c-ae23-40b8-b1f5-5ae9fe2c8167</Id>\r\n  <Status>OK</Status>\r\n
        \ <ProviderName>Beardstroke</ProviderName>\r\n  <DateTimeUTC>2014-08-07T12:50:56.3846706Z</DateTimeUTC>\r\n</Response>"
    http_version: 
  recorded_at: Thu, 07 Aug 2014 12:51:01 GMT
- request:
    method: put
    uri: https://api.xero.com/api.xro/2.0/Invoices
    body:
      encoding: US-ASCII
      string: xml=%3CInvoice%3E%0A%20%20%3CType%3EACCREC%3C%2FType%3E%0A%20%20%3CContact%3E%0A%20%20%20%20%3CContactID%3E265072e2-c470-463f-b35d-467543cd80c5%3C%2FContactID%3E%0A%20%20%20%20%3CContactStatus%3EACTIVE%3C%2FContactStatus%3E%0A%20%20%20%20%3CName%3EExisting%20Company%20Inc.%3C%2FName%3E%0A%20%20%20%20%3CAddresses%3E%0A%20%20%20%20%20%20%3CAddress%3E%0A%20%20%20%20%20%20%20%20%3CAddressType%3ESTREET%3C%2FAddressType%3E%0A%20%20%20%20%20%20%3C%2FAddress%3E%0A%20%20%20%20%20%20%3CAddress%3E%0A%20%20%20%20%20%20%20%20%3CAddressType%3EPOBOX%3C%2FAddressType%3E%0A%20%20%20%20%20%20%3C%2FAddress%3E%0A%20%20%20%20%3C%2FAddresses%3E%0A%20%20%20%20%3CPhones%3E%0A%20%20%20%20%20%20%3CPhone%3E%0A%20%20%20%20%20%20%20%20%3CPhoneType%3EDDI%3C%2FPhoneType%3E%0A%20%20%20%20%20%20%3C%2FPhone%3E%0A%20%20%20%20%20%20%3CPhone%3E%0A%20%20%20%20%20%20%20%20%3CPhoneType%3EDEFAULT%3C%2FPhoneType%3E%0A%20%20%20%20%20%20%3C%2FPhone%3E%0A%20%20%20%20%20%20%3CPhone%3E%0A%20%20%20%20%20%20%20%20%3CPhoneType%3EFAX%3C%2FPhoneType%3E%0A%20%20%20%20%20%20%3C%2FPhone%3E%0A%20%20%20%20%20%20%3CPhone%3E%0A%20%20%20%20%20%20%20%20%3CPhoneType%3EMOBILE%3C%2FPhoneType%3E%0A%20%20%20%20%20%20%3C%2FPhone%3E%0A%20%20%20%20%3C%2FPhones%3E%0A%20%20%20%20%3CUpdatedDateUTC%3E2014-08-07T11%3A50%3A50%3C%2FUpdatedDateUTC%3E%0A%20%20%20%20%3CIsSupplier%3Efalse%3C%2FIsSupplier%3E%0A%20%20%20%20%3CIsCustomer%3Efalse%3C%2FIsCustomer%3E%0A%20%20%3C%2FContact%3E%0A%20%20%3CDueDate%3E2013-03-10%3C%2FDueDate%3E%0A%20%20%3CStatus%3EDRAFT%3C%2FStatus%3E%0A%20%20%3CLineItems%3E%0A%20%20%20%20%3CLineItem%3E%0A%20%20%20%20%20%20%3CDescription%3ELine%20Item%20Number%200%3C%2FDescription%3E%0A%20%20%20%20%20%20%3CUnitAmount%3E1.0%3C%2FUnitAmount%3E%0A%20%20%20%20%20%20%3CTaxType%3EOUTPUT2%3C%2FTaxType%3E%0A%20%20%20%20%3C%2FLineItem%3E%0A%20%20%20%20%3CLineItem%3E%0A%20%20%20%20%20%20%3CQuantity%3E0%3C%2FQuantity%3E%0A%20%20%20%20%20%20%3CUnitAmount%3E0%3C%2FUnitAmount%3E%0A%20%20%20%20%20%20%3CDescription%3EPAID%20WITH%20PAYPAL%3C%2FDescription%3E%0A%20%20%20%20%3C%2FLineItem%3E%0A%20%20%3C%2FLineItems%3E%0A%3C%2FInvoice%3E%0A
    headers:
      Charset:
      - utf-8
      Content-Type:
      - application/x-www-form-urlencoded
      Accept:
      - ! '*/*'
      User-Agent:
      - OAuth gem v0.4.7
      Content-Length:
      - '0'
      Authorization:
      - OAuth oauth_consumer_key="<XERO_CONSUMER_KEY>", oauth_nonce="LiiDJjs1gIiqmnMKJWhxa74jc6KK74PqcOGKx0aAgo",
        oauth_signature="BH3kAq0oOLWnjmqT0p%2BcDtrr4IJW91a%2FhbZjtcCulQEG%2FLiNZWCsJFE20wb2VrYdXDAl4bZrAXd4DFK%2BzQspmSxbhYNmhMOUWRAT0L%2BxMilFr5gNJO1hPlX%2BH8NqQfIF38LjNRehZZZ3BuYKeURgzp%2FkRYM4p%2FT1s%2BthtM5SzkE%3D",
        oauth_signature_method="RSA-SHA1", oauth_timestamp="1407415861", oauth_token="<XERO_CONSUMER_KEY>",
        oauth_version="1.0"
  response:
    status:
      code: 200
      message: OK
    headers:
      Cache-Control:
      - private
      Content-Type:
      - text/xml; charset=utf-8
      Www-Authenticate:
      - OAuth Realm="api.xero.com"
      X-S:
      - 505390-O1VMAP05
      Strict-Transport-Security:
      - max-age=31536000
      Date:
      - Thu, 07 Aug 2014 12:50:57 GMT
      Content-Length:
      - '2498'
    body:
      encoding: US-ASCII
      string: ! "<Response xmlns:xsd=\"http://www.w3.org/2001/XMLSchema\" xmlns:xsi=\"http://www.w3.org/2001/XMLSchema-instance\">\r\n
        \ <Id>486615c3-7f78-47d5-8596-0d7075a321c6</Id>\r\n  <Status>OK</Status>\r\n
        \ <ProviderName>Beardstroke</ProviderName>\r\n  <DateTimeUTC>2014-08-07T12:50:58.4439102Z</DateTimeUTC>\r\n
        \ <Invoices>\r\n    <Invoice>\r\n      <Contact>\r\n        <ContactID>265072e2-c470-463f-b35d-467543cd80c5</ContactID>\r\n
        \       <ContactStatus>ACTIVE</ContactStatus>\r\n        <Name>Existing Company
        Inc.</Name>\r\n        <Addresses>\r\n          <Address>\r\n            <AddressType>STREET</AddressType>\r\n
        \         </Address>\r\n          <Address>\r\n            <AddressType>POBOX</AddressType>\r\n
        \         </Address>\r\n        </Addresses>\r\n        <Phones>\r\n          <Phone>\r\n
        \           <PhoneType>DDI</PhoneType>\r\n          </Phone>\r\n          <Phone>\r\n
        \           <PhoneType>MOBILE</PhoneType>\r\n          </Phone>\r\n          <Phone>\r\n
        \           <PhoneType>DEFAULT</PhoneType>\r\n          </Phone>\r\n          <Phone>\r\n
        \           <PhoneType>FAX</PhoneType>\r\n          </Phone>\r\n        </Phones>\r\n
        \       <UpdatedDateUTC>2014-08-07T12:50:50.473</UpdatedDateUTC>\r\n        <IsSupplier>false</IsSupplier>\r\n
        \       <IsCustomer>true</IsCustomer>\r\n      </Contact>\r\n      <Date>2014-08-07T00:00:00</Date>\r\n
        \     <DueDate>2013-03-10T00:00:00</DueDate>\r\n      <Status>DRAFT</Status>\r\n
        \     <LineAmountTypes>Exclusive</LineAmountTypes>\r\n      <LineItems>\r\n
        \       <LineItem>\r\n          <Description>Line Item Number 0</Description>\r\n
        \         <UnitAmount>1.00</UnitAmount>\r\n          <TaxType>OUTPUT2</TaxType>\r\n
        \         <TaxAmount>0.20</TaxAmount>\r\n          <LineAmount>1.00</LineAmount>\r\n
        \         <Quantity>1.0000</Quantity>\r\n        </LineItem>\r\n        <LineItem>\r\n
        \         <Description>PAID WITH PAYPAL</Description>\r\n          <UnitAmount>0.00</UnitAmount>\r\n
        \         <LineAmount>0.00</LineAmount>\r\n          <Quantity>0.0000</Quantity>\r\n
        \       </LineItem>\r\n      </LineItems>\r\n      <SubTotal>1.00</SubTotal>\r\n
        \     <TotalTax>0.20</TotalTax>\r\n      <Total>1.20</Total>\r\n      <UpdatedDateUTC>2014-08-07T12:50:58.427</UpdatedDateUTC>\r\n
        \     <CurrencyCode>GBP</CurrencyCode>\r\n      <Type>ACCREC</Type>\r\n      <InvoiceID>b300e696-25ce-48db-a978-4f46beb2590c</InvoiceID>\r\n
        \     <InvoiceNumber>INV-0101</InvoiceNumber>\r\n      <AmountDue>1.20</AmountDue>\r\n
        \     <AmountPaid>0.00</AmountPaid>\r\n      <SentToContact>false</SentToContact>\r\n
        \     <CurrencyRate>1.000000</CurrencyRate>\r\n    </Invoice>\r\n  </Invoices>\r\n</Response>"
    http_version: 
  recorded_at: Thu, 07 Aug 2014 12:51:03 GMT
- request:
    method: post
    uri: https://api.xero.com/api.xro/2.0/Invoices
    body:
      encoding: US-ASCII
      string: xml=%3CInvoice%3E%0A%20%20%3CInvoice%3E%0A%20%20%20%20%3CContactID%3E265072e2-c470-463f-b35d-467543cd80c5%3C%2FContactID%3E%0A%20%20%20%20%3CContactStatus%3EACTIVE%3C%2FContactStatus%3E%0A%20%20%20%20%3CName%3EExisting%20Company%20Inc.%3C%2FName%3E%0A%20%20%20%20%3CAddresses%3E%0A%20%20%20%20%20%20%3CAddress%3E%0A%20%20%20%20%20%20%20%20%3CAddressType%3ESTREET%3C%2FAddressType%3E%0A%20%20%20%20%20%20%3C%2FAddress%3E%0A%20%20%20%20%20%20%3CAddress%3E%0A%20%20%20%20%20%20%20%20%3CAddressType%3EPOBOX%3C%2FAddressType%3E%0A%20%20%20%20%20%20%3C%2FAddress%3E%0A%20%20%20%20%3C%2FAddresses%3E%0A%20%20%20%20%3CPhones%3E%0A%20%20%20%20%20%20%3CPhone%3E%0A%20%20%20%20%20%20%20%20%3CPhoneType%3EDDI%3C%2FPhoneType%3E%0A%20%20%20%20%20%20%3C%2FPhone%3E%0A%20%20%20%20%20%20%3CPhone%3E%0A%20%20%20%20%20%20%20%20%3CPhoneType%3EMOBILE%3C%2FPhoneType%3E%0A%20%20%20%20%20%20%3C%2FPhone%3E%0A%20%20%20%20%20%20%3CPhone%3E%0A%20%20%20%20%20%20%20%20%3CPhoneType%3EDEFAULT%3C%2FPhoneType%3E%0A%20%20%20%20%20%20%3C%2FPhone%3E%0A%20%20%20%20%20%20%3CPhone%3E%0A%20%20%20%20%20%20%20%20%3CPhoneType%3EFAX%3C%2FPhoneType%3E%0A%20%20%20%20%20%20%3C%2FPhone%3E%0A%20%20%20%20%3C%2FPhones%3E%0A%20%20%20%20%3CUpdatedDateUTC%3E2014-08-07T11%3A50%3A50%3C%2FUpdatedDateUTC%3E%0A%20%20%20%20%3CIsSupplier%3Efalse%3C%2FIsSupplier%3E%0A%20%20%20%20%3CIsCustomer%3Etrue%3C%2FIsCustomer%3E%0A%20%20%3C%2FInvoice%3E%0A%20%20%3CDate%3E2014-08-07%3C%2FDate%3E%0A%20%20%3CDueDate%3E2013-03-10%3C%2FDueDate%3E%0A%20%20%3CStatus%3EDRAFT%3C%2FStatus%3E%0A%20%20%3CLineAmountTypes%3EExclusive%3C%2FLineAmountTypes%3E%0A%20%20%3CLineItems%3E%0A%20%20%20%20%3CLineItem%3E%0A%20%20%20%20%20%20%3CDescription%3ELine%20Item%20Number%200%3C%2FDescription%3E%0A%20%20%20%20%20%20%3CUnitAmount%3E1.0%3C%2FUnitAmount%3E%0A%20%20%20%20%20%20%3CTaxType%3EOUTPUT2%3C%2FTaxType%3E%0A%20%20%20%20%20%20%3CTaxAmount%3E0.2%3C%2FTaxAmount%3E%0A%20%20%20%20%20%20%3CLineAmount%3E1.0%3C%2FLineAmount%3E%0A%20%20%20%20%20%20%3CQuantity%3E1.0%3C%2FQuantity%3E%0A%20%20%20%20%3C%2FLineItem%3E%0A%20%20%20%20%3CLineItem%3E%0A%20%20%20%20%20%20%3CDescription%3EPAID%20WITH%20PAYPAL%3C%2FDescription%3E%0A%20%20%20%20%20%20%3CUnitAmount%3E0.0%3C%2FUnitAmount%3E%0A%20%20%20%20%20%20%3CLineAmount%3E0.0%3C%2FLineAmount%3E%0A%20%20%20%20%20%20%3CQuantity%3E0.0%3C%2FQuantity%3E%0A%20%20%20%20%3C%2FLineItem%3E%0A%20%20%3C%2FLineItems%3E%0A%20%20%3CSubTotal%3E1.0%3C%2FSubTotal%3E%0A%20%20%3CTotalTax%3E0.2%3C%2FTotalTax%3E%0A%20%20%3CTotal%3E1.2%3C%2FTotal%3E%0A%20%20%3CUpdatedDateUTC%3E2014-08-07T11%3A50%3A58%3C%2FUpdatedDateUTC%3E%0A%20%20%3CCurrencyCode%3EGBP%3C%2FCurrencyCode%3E%0A%20%20%3CType%3EACCREC%3C%2FType%3E%0A%20%20%3CInvoiceID%3Eb300e696-25ce-48db-a978-4f46beb2590c%3C%2FInvoiceID%3E%0A%20%20%3CInvoiceNumber%3EINV-0101%3C%2FInvoiceNumber%3E%0A%20%20%3CAmountDue%3E1.2%3C%2FAmountDue%3E%0A%20%20%3CAmountPaid%3E0.0%3C%2FAmountPaid%3E%0A%20%20%3CSentToContact%3Efalse%3C%2FSentToContact%3E%0A%3C%2FInvoice%3E%0A
    headers:
      Charset:
      - utf-8
      Content-Type:
      - application/x-www-form-urlencoded
      Accept:
      - ! '*/*'
      User-Agent:
      - OAuth gem v0.4.7
      Content-Length:
      - '0'
      Authorization:
      - OAuth oauth_consumer_key="<XERO_CONSUMER_KEY>", oauth_nonce="tDrKbPAt1TYUb9SkxVuRJ2VjUYYrfrZN5Bi7Uv2w",
        oauth_signature="HuECZSvTs5jHuoSwcefJnMLv1YWbhlQnlKT4CN6Kbl%2BIAQJfRL6Cpq6Io89xJnsIjllq7kiszNOKbeSEatq%2FathUTZwe68HTWqdUZx3QT%2FoSxJM8cZKLzihosCyOLiCN5zwyDBQTnPk075oQ2E50O4ucTQICTO3ehuQELuZxRfg%3D",
        oauth_signature_method="RSA-SHA1", oauth_timestamp="1407415863", oauth_token="<XERO_CONSUMER_KEY>",
        oauth_version="1.0"
  response:
    status:
      code: 200
      message: OK
    headers:
      Cache-Control:
      - private
      Content-Type:
      - text/xml; charset=utf-8
      Www-Authenticate:
      - OAuth Realm="api.xero.com"
      X-S:
      - 505390-O1VMAP05
      Strict-Transport-Security:
      - max-age=31536000
      Date:
      - Thu, 07 Aug 2014 12:51:00 GMT
      Content-Length:
      - '2661'
    body:
      encoding: US-ASCII
      string: ! "<Response xmlns:xsd=\"http://www.w3.org/2001/XMLSchema\" xmlns:xsi=\"http://www.w3.org/2001/XMLSchema-instance\">\r\n
        \ <Id>c5ac4e5f-bcac-4b46-ac12-3814bce2ded2</Id>\r\n  <Status>OK</Status>\r\n
        \ <ProviderName>Beardstroke</ProviderName>\r\n  <DateTimeUTC>2014-08-07T12:51:01.0179597Z</DateTimeUTC>\r\n
        \ <Invoices>\r\n    <Invoice>\r\n      <Warnings>\r\n        <Warning>\r\n
        \         <Message>Only AUTHORISED invoices may have SentToContact updated.</Message>\r\n
        \       </Warning>\r\n      </Warnings>\r\n      <Contact>\r\n        <ContactID>265072e2-c470-463f-b35d-467543cd80c5</ContactID>\r\n
        \       <ContactStatus>ACTIVE</ContactStatus>\r\n        <Name>Existing Company
        Inc.</Name>\r\n        <Addresses>\r\n          <Address>\r\n            <AddressType>STREET</AddressType>\r\n
        \         </Address>\r\n          <Address>\r\n            <AddressType>POBOX</AddressType>\r\n
        \         </Address>\r\n        </Addresses>\r\n        <Phones>\r\n          <Phone>\r\n
        \           <PhoneType>DDI</PhoneType>\r\n          </Phone>\r\n          <Phone>\r\n
        \           <PhoneType>MOBILE</PhoneType>\r\n          </Phone>\r\n          <Phone>\r\n
        \           <PhoneType>DEFAULT</PhoneType>\r\n          </Phone>\r\n          <Phone>\r\n
        \           <PhoneType>FAX</PhoneType>\r\n          </Phone>\r\n        </Phones>\r\n
        \       <UpdatedDateUTC>2014-08-07T12:50:50.473</UpdatedDateUTC>\r\n        <IsSupplier>false</IsSupplier>\r\n
        \       <IsCustomer>true</IsCustomer>\r\n      </Contact>\r\n      <Date>2014-08-07T00:00:00</Date>\r\n
        \     <DueDate>2013-03-10T00:00:00</DueDate>\r\n      <Status>DRAFT</Status>\r\n
        \     <LineAmountTypes>Exclusive</LineAmountTypes>\r\n      <LineItems>\r\n
        \       <LineItem>\r\n          <Description>Line Item Number 0</Description>\r\n
        \         <UnitAmount>1.00</UnitAmount>\r\n          <TaxType>OUTPUT2</TaxType>\r\n
        \         <TaxAmount>0.20</TaxAmount>\r\n          <LineAmount>1.00</LineAmount>\r\n
        \         <Quantity>1.0000</Quantity>\r\n        </LineItem>\r\n        <LineItem>\r\n
        \         <Description>PAID WITH PAYPAL</Description>\r\n          <UnitAmount>0.00</UnitAmount>\r\n
        \         <LineAmount>0.00</LineAmount>\r\n          <Quantity>0.0000</Quantity>\r\n
        \       </LineItem>\r\n      </LineItems>\r\n      <SubTotal>1.00</SubTotal>\r\n
        \     <TotalTax>0.20</TotalTax>\r\n      <Total>1.20</Total>\r\n      <UpdatedDateUTC>2014-08-07T12:51:00.957</UpdatedDateUTC>\r\n
        \     <CurrencyCode>GBP</CurrencyCode>\r\n      <Type>ACCREC</Type>\r\n      <InvoiceID>b300e696-25ce-48db-a978-4f46beb2590c</InvoiceID>\r\n
        \     <InvoiceNumber>INV-0101</InvoiceNumber>\r\n      <AmountDue>1.20</AmountDue>\r\n
        \     <AmountPaid>0.00</AmountPaid>\r\n      <SentToContact>false</SentToContact>\r\n
        \     <CurrencyRate>1.000000</CurrencyRate>\r\n    </Invoice>\r\n  </Invoices>\r\n</Response>"
    http_version: 
  recorded_at: Thu, 07 Aug 2014 12:51:06 GMT
- request:
    method: get
    uri: https://api.xero.com/api.xro/2.0/Contacts?where=Name%20==%20%22Existing%20Company%20Inc.%22
    body:
      encoding: US-ASCII
      string: ''
    headers:
      Charset:
      - utf-8
      Accept:
      - ! '*/*'
      User-Agent:
      - OAuth gem v0.4.7
      Authorization:
      - OAuth oauth_consumer_key="<XERO_CONSUMER_KEY>", oauth_nonce="tClcZRaDRu1tu3MkcAFO97NRneqGRE8UpCoMn9FFQ",
        oauth_signature="tVNmqBOVDhS4XxOFHgL7ZHS%2FfLv0ajrBDRmCLz7YLnuZLTFlPmfTcYp510hkXE3JGzrLJjjWr2Zm%2BkuaZIogTytz9Z0xdrpw4lD0cHjzXdtuwYPVlsVBh4zcviMUOvCFHJI5xysVwvOW%2BuYpKbY%2BNbaXYyGts487yNVrcRN78xw%3D",
        oauth_signature_method="RSA-SHA1", oauth_timestamp="1407415866", oauth_token="<XERO_CONSUMER_KEY>",
        oauth_version="1.0"
  response:
    status:
      code: 200
      message: OK
    headers:
      Cache-Control:
      - private
      Content-Type:
      - text/xml; charset=utf-8
      Www-Authenticate:
      - OAuth Realm="api.xero.com"
      X-S:
      - 505390-O1VMAP05
      Strict-Transport-Security:
      - max-age=31536000
      Date:
      - Thu, 07 Aug 2014 12:51:01 GMT
      Content-Length:
      - '1234'
    body:
      encoding: US-ASCII
      string: ! "<Response xmlns:xsd=\"http://www.w3.org/2001/XMLSchema\" xmlns:xsi=\"http://www.w3.org/2001/XMLSchema-instance\">\r\n
        \ <Id>a79ee580-d665-499f-b519-1dda2a84eae4</Id>\r\n  <Status>OK</Status>\r\n
        \ <ProviderName>Beardstroke</ProviderName>\r\n  <DateTimeUTC>2014-08-07T12:51:02.8743954Z</DateTimeUTC>\r\n
        \ <Contacts>\r\n    <Contact>\r\n      <ContactID>265072e2-c470-463f-b35d-467543cd80c5</ContactID>\r\n
        \     <ContactStatus>ACTIVE</ContactStatus>\r\n      <Name>Existing Company
        Inc.</Name>\r\n      <Addresses>\r\n        <Address>\r\n          <AddressType>STREET</AddressType>\r\n
        \       </Address>\r\n        <Address>\r\n          <AddressType>POBOX</AddressType>\r\n
        \       </Address>\r\n      </Addresses>\r\n      <Phones>\r\n        <Phone>\r\n
        \         <PhoneType>DDI</PhoneType>\r\n        </Phone>\r\n        <Phone>\r\n
        \         <PhoneType>DEFAULT</PhoneType>\r\n        </Phone>\r\n        <Phone>\r\n
        \         <PhoneType>FAX</PhoneType>\r\n        </Phone>\r\n        <Phone>\r\n
        \         <PhoneType>MOBILE</PhoneType>\r\n        </Phone>\r\n      </Phones>\r\n
        \     <UpdatedDateUTC>2014-08-07T12:50:50.473</UpdatedDateUTC>\r\n      <IsSupplier>false</IsSupplier>\r\n
        \     <IsCustomer>true</IsCustomer>\r\n      <HasAttachments>false</HasAttachments>\r\n
        \   </Contact>\r\n  </Contacts>\r\n</Response>"
    http_version: 
  recorded_at: Thu, 07 Aug 2014 12:51:08 GMT
- request:
    method: get
    uri: https://api.xero.com/api.xro/2.0/Invoices?where=Contact.ContactID%20=%20GUID(%22265072e2-c470-463f-b35d-467543cd80c5%22)%20AND%20Status%20!=%20%22DELETED%22
    body:
      encoding: US-ASCII
      string: ''
    headers:
      Charset:
      - utf-8
      Accept:
      - ! '*/*'
      User-Agent:
      - OAuth gem v0.4.7
      Authorization:
      - OAuth oauth_consumer_key="<XERO_CONSUMER_KEY>", oauth_nonce="sHvsHFBnuKNodHId8TS9NBoEJPRE6UTgSNfeSHjdwE",
        oauth_signature="qd%2FPK%2BlSStk9Hfw1cU4A1eIz6uE1jsVyvGGr0Y62cWZww2vjOasN%2FErAHfuzT7iCu%2Fl5ol9qTyCdAIZ6zOHVx%2FwgXvYJolXSi%2BKJP2DgmPOSt7ORJYiw%2F5EWMIPjAN1W9S1o7WSfyNCztP2Jl9cIx%2FSvAwEl%2FOWWtijjyDf2pbU%3D",
        oauth_signature_method="RSA-SHA1", oauth_timestamp="1407415868", oauth_token="<XERO_CONSUMER_KEY>",
        oauth_version="1.0"
  response:
    status:
      code: 200
      message: OK
    headers:
      Cache-Control:
      - private
      Content-Type:
      - text/xml; charset=utf-8
      Www-Authenticate:
      - OAuth Realm="api.xero.com"
      X-S:
      - 505390-O1VMAP05
      Strict-Transport-Security:
      - max-age=31536000
      Date:
      - Thu, 07 Aug 2014 12:51:05 GMT
      Content-Length:
      - '1219'
    body:
      encoding: US-ASCII
      string: ! "<Response xmlns:xsd=\"http://www.w3.org/2001/XMLSchema\" xmlns:xsi=\"http://www.w3.org/2001/XMLSchema-instance\">\r\n
        \ <Id>757db24d-69df-4ffc-a46f-3a236adc126e</Id>\r\n  <Status>OK</Status>\r\n
        \ <ProviderName>Beardstroke</ProviderName>\r\n  <DateTimeUTC>2014-08-07T12:51:06.5716665Z</DateTimeUTC>\r\n
        \ <Invoices>\r\n    <Invoice>\r\n      <Contact>\r\n        <ContactID>265072e2-c470-463f-b35d-467543cd80c5</ContactID>\r\n
        \       <Name>Existing Company Inc.</Name>\r\n      </Contact>\r\n      <Date>2014-08-07T00:00:00</Date>\r\n
        \     <DueDate>2013-03-10T00:00:00</DueDate>\r\n      <Status>DRAFT</Status>\r\n
        \     <LineAmountTypes>Exclusive</LineAmountTypes>\r\n      <SubTotal>1.00</SubTotal>\r\n
        \     <TotalTax>0.20</TotalTax>\r\n      <Total>1.20</Total>\r\n      <UpdatedDateUTC>2014-08-07T12:51:00.957</UpdatedDateUTC>\r\n
        \     <CurrencyCode>GBP</CurrencyCode>\r\n      <Type>ACCREC</Type>\r\n      <InvoiceID>b300e696-25ce-48db-a978-4f46beb2590c</InvoiceID>\r\n
        \     <InvoiceNumber>INV-0101</InvoiceNumber>\r\n      <AmountDue>1.20</AmountDue>\r\n
        \     <AmountPaid>0.00</AmountPaid>\r\n      <AmountCredited>0.00</AmountCredited>\r\n
        \     <CurrencyRate>1.000000</CurrencyRate>\r\n      <HasAttachments>false</HasAttachments>\r\n
        \   </Invoice>\r\n  </Invoices>\r\n</Response>"
    http_version: 
  recorded_at: Thu, 07 Aug 2014 12:51:12 GMT
- request:
    method: get
    uri: https://api.xero.com/api.xro/2.0/Invoices/b300e696-25ce-48db-a978-4f46beb2590c
    body:
      encoding: US-ASCII
      string: ''
    headers:
      Charset:
      - utf-8
      Accept:
      - ! '*/*'
      User-Agent:
      - OAuth gem v0.4.7
      Authorization:
      - OAuth oauth_consumer_key="<XERO_CONSUMER_KEY>", oauth_nonce="790zHE5ssDchLMVUQQGjzdPR3HmXIlfclqX6pRnQs",
        oauth_signature="YMivIxrJPEZUpqobPKTnL4AEvDtCl%2BYlkMD%2F4IT1JQ3OQwjPo61%2BT5R%2FizhrBUuksQ2b2VYs%2FRrQsF8NL2RbYgNG8xQ5vAIwXkjsPC7bqAjIezjGCYnptxnsbXX8SeFs87xGcQ55uyZJ7SDJV0NFm3XyW%2BnGsIJnEi3hMii0ewY%3D",
        oauth_signature_method="RSA-SHA1", oauth_timestamp="1407415872", oauth_token="<XERO_CONSUMER_KEY>",
        oauth_version="1.0"
  response:
    status:
      code: 200
      message: OK
    headers:
      Cache-Control:
      - private
      Content-Type:
      - text/xml; charset=utf-8
      Www-Authenticate:
      - OAuth Realm="api.xero.com"
      X-S:
      - 505390-O1VMAP05
      Strict-Transport-Security:
      - max-age=31536000
      Date:
      - Thu, 07 Aug 2014 12:51:15 GMT
      Content-Length:
      - '2544'
    body:
      encoding: US-ASCII
      string: ! "<Response xmlns:xsd=\"http://www.w3.org/2001/XMLSchema\" xmlns:xsi=\"http://www.w3.org/2001/XMLSchema-instance\">\r\n
        \ <Id>3b0c5b02-72a5-4582-bd49-84e03fcbab87</Id>\r\n  <Status>OK</Status>\r\n
        \ <ProviderName>Beardstroke</ProviderName>\r\n  <DateTimeUTC>2014-08-07T12:51:16.1034498Z</DateTimeUTC>\r\n
        \ <Invoices>\r\n    <Invoice>\r\n      <Contact>\r\n        <ContactID>265072e2-c470-463f-b35d-467543cd80c5</ContactID>\r\n
        \       <ContactStatus>ACTIVE</ContactStatus>\r\n        <Name>Existing Company
        Inc.</Name>\r\n        <Addresses>\r\n          <Address>\r\n            <AddressType>STREET</AddressType>\r\n
        \         </Address>\r\n          <Address>\r\n            <AddressType>POBOX</AddressType>\r\n
        \         </Address>\r\n        </Addresses>\r\n        <Phones>\r\n          <Phone>\r\n
        \           <PhoneType>DDI</PhoneType>\r\n          </Phone>\r\n          <Phone>\r\n
        \           <PhoneType>MOBILE</PhoneType>\r\n          </Phone>\r\n          <Phone>\r\n
        \           <PhoneType>DEFAULT</PhoneType>\r\n          </Phone>\r\n          <Phone>\r\n
        \           <PhoneType>FAX</PhoneType>\r\n          </Phone>\r\n        </Phones>\r\n
        \       <UpdatedDateUTC>2014-08-07T12:50:50.473</UpdatedDateUTC>\r\n        <IsSupplier>false</IsSupplier>\r\n
        \       <IsCustomer>true</IsCustomer>\r\n      </Contact>\r\n      <Date>2014-08-07T00:00:00</Date>\r\n
        \     <DueDate>2013-03-10T00:00:00</DueDate>\r\n      <Status>DRAFT</Status>\r\n
        \     <LineAmountTypes>Exclusive</LineAmountTypes>\r\n      <LineItems>\r\n
        \       <LineItem>\r\n          <Description>Line Item Number 0</Description>\r\n
        \         <UnitAmount>1.00</UnitAmount>\r\n          <TaxType>OUTPUT2</TaxType>\r\n
        \         <TaxAmount>0.20</TaxAmount>\r\n          <LineAmount>1.00</LineAmount>\r\n
        \         <Quantity>1.0000</Quantity>\r\n        </LineItem>\r\n        <LineItem>\r\n
        \         <Description>PAID WITH PAYPAL</Description>\r\n          <UnitAmount>0.00</UnitAmount>\r\n
        \         <LineAmount>0.00</LineAmount>\r\n          <Quantity>0.0000</Quantity>\r\n
        \       </LineItem>\r\n      </LineItems>\r\n      <SubTotal>1.00</SubTotal>\r\n
        \     <TotalTax>0.20</TotalTax>\r\n      <Total>1.20</Total>\r\n      <UpdatedDateUTC>2014-08-07T12:51:00.957</UpdatedDateUTC>\r\n
        \     <CurrencyCode>GBP</CurrencyCode>\r\n      <Type>ACCREC</Type>\r\n      <InvoiceID>b300e696-25ce-48db-a978-4f46beb2590c</InvoiceID>\r\n
        \     <InvoiceNumber>INV-0101</InvoiceNumber>\r\n      <AmountDue>1.20</AmountDue>\r\n
        \     <AmountPaid>0.00</AmountPaid>\r\n      <SentToContact>false</SentToContact>\r\n
        \     <CurrencyRate>1.000000</CurrencyRate>\r\n      <HasAttachments>false</HasAttachments>\r\n
        \   </Invoice>\r\n  </Invoices>\r\n</Response>"
    http_version: 
  recorded_at: Thu, 07 Aug 2014 12:51:21 GMT
- request:
    method: post
    uri: https://api.xero.com/api.xro/2.0/Invoices
    body:
      encoding: US-ASCII
      string: xml=%3CInvoice%3E%0A%20%20%3CInvoice%3E%0A%20%20%20%20%3CContactID%3E265072e2-c470-463f-b35d-467543cd80c5%3C%2FContactID%3E%0A%20%20%20%20%3CContactStatus%3EACTIVE%3C%2FContactStatus%3E%0A%20%20%20%20%3CName%3EExisting%20Company%20Inc.%3C%2FName%3E%0A%20%20%20%20%3CAddresses%3E%0A%20%20%20%20%20%20%3CAddress%3E%0A%20%20%20%20%20%20%20%20%3CAddressType%3ESTREET%3C%2FAddressType%3E%0A%20%20%20%20%20%20%3C%2FAddress%3E%0A%20%20%20%20%20%20%3CAddress%3E%0A%20%20%20%20%20%20%20%20%3CAddressType%3EPOBOX%3C%2FAddressType%3E%0A%20%20%20%20%20%20%3C%2FAddress%3E%0A%20%20%20%20%3C%2FAddresses%3E%0A%20%20%20%20%3CPhones%3E%0A%20%20%20%20%20%20%3CPhone%3E%0A%20%20%20%20%20%20%20%20%3CPhoneType%3EDDI%3C%2FPhoneType%3E%0A%20%20%20%20%20%20%3C%2FPhone%3E%0A%20%20%20%20%20%20%3CPhone%3E%0A%20%20%20%20%20%20%20%20%3CPhoneType%3EMOBILE%3C%2FPhoneType%3E%0A%20%20%20%20%20%20%3C%2FPhone%3E%0A%20%20%20%20%20%20%3CPhone%3E%0A%20%20%20%20%20%20%20%20%3CPhoneType%3EDEFAULT%3C%2FPhoneType%3E%0A%20%20%20%20%20%20%3C%2FPhone%3E%0A%20%20%20%20%20%20%3CPhone%3E%0A%20%20%20%20%20%20%20%20%3CPhoneType%3EFAX%3C%2FPhoneType%3E%0A%20%20%20%20%20%20%3C%2FPhone%3E%0A%20%20%20%20%3C%2FPhones%3E%0A%20%20%20%20%3CUpdatedDateUTC%3E2014-08-07T11%3A50%3A50%3C%2FUpdatedDateUTC%3E%0A%20%20%20%20%3CIsSupplier%3Efalse%3C%2FIsSupplier%3E%0A%20%20%20%20%3CIsCustomer%3Etrue%3C%2FIsCustomer%3E%0A%20%20%3C%2FInvoice%3E%0A%20%20%3CDate%3E2014-08-07%3C%2FDate%3E%0A%20%20%3CDueDate%3E2013-03-10%3C%2FDueDate%3E%0A%20%20%3CStatus%3EDELETED%3C%2FStatus%3E%0A%20%20%3CLineAmountTypes%3EExclusive%3C%2FLineAmountTypes%3E%0A%20%20%3CLineItems%3E%0A%20%20%20%20%3CLineItem%3E%0A%20%20%20%20%20%20%3CDescription%3ELine%20Item%20Number%200%3C%2FDescription%3E%0A%20%20%20%20%20%20%3CUnitAmount%3E1.0%3C%2FUnitAmount%3E%0A%20%20%20%20%20%20%3CTaxType%3EOUTPUT2%3C%2FTaxType%3E%0A%20%20%20%20%20%20%3CTaxAmount%3E0.2%3C%2FTaxAmount%3E%0A%20%20%20%20%20%20%3CLineAmount%3E1.0%3C%2FLineAmount%3E%0A%20%20%20%20%20%20%3CQuantity%3E1.0%3C%2FQuantity%3E%0A%20%20%20%20%3C%2FLineItem%3E%0A%20%20%20%20%3CLineItem%3E%0A%20%20%20%20%20%20%3CDescription%3EPAID%20WITH%20PAYPAL%3C%2FDescription%3E%0A%20%20%20%20%20%20%3CUnitAmount%3E0.0%3C%2FUnitAmount%3E%0A%20%20%20%20%20%20%3CLineAmount%3E0.0%3C%2FLineAmount%3E%0A%20%20%20%20%20%20%3CQuantity%3E0.0%3C%2FQuantity%3E%0A%20%20%20%20%3C%2FLineItem%3E%0A%20%20%3C%2FLineItems%3E%0A%20%20%3CSubTotal%3E1.0%3C%2FSubTotal%3E%0A%20%20%3CTotalTax%3E0.2%3C%2FTotalTax%3E%0A%20%20%3CTotal%3E1.2%3C%2FTotal%3E%0A%20%20%3CUpdatedDateUTC%3E2014-08-07T11%3A51%3A00%3C%2FUpdatedDateUTC%3E%0A%20%20%3CCurrencyCode%3EGBP%3C%2FCurrencyCode%3E%0A%20%20%3CType%3EACCREC%3C%2FType%3E%0A%20%20%3CInvoiceID%3Eb300e696-25ce-48db-a978-4f46beb2590c%3C%2FInvoiceID%3E%0A%20%20%3CInvoiceNumber%3EINV-0101%3C%2FInvoiceNumber%3E%0A%20%20%3CAmountDue%3E1.2%3C%2FAmountDue%3E%0A%20%20%3CAmountPaid%3E0.0%3C%2FAmountPaid%3E%0A%20%20%3CSentToContact%3Efalse%3C%2FSentToContact%3E%0A%3C%2FInvoice%3E%0A
    headers:
      Charset:
      - utf-8
      Content-Type:
      - application/x-www-form-urlencoded
      Accept:
      - ! '*/*'
      User-Agent:
      - OAuth gem v0.4.7
      Content-Length:
      - '0'
      Authorization:
      - OAuth oauth_consumer_key="<XERO_CONSUMER_KEY>", oauth_nonce="Hj1ZVuku9JnK2rcZF214wppJbPV49SjCW5ZHymHw",
        oauth_signature="BTdZX3ki83tw3rUqcXze%2FumC0rtXtJXTZjK%2Fu8NVsUwaLMhuGXpY%2BxbUlFwNIhpaas7sUZI3rl%2Fex%2BhyWWcxRvK8y74uGOURdcbg19c89Az%2BMioe3I1%2FvZI%2BCtneZqMV5F7ShAsbNk%2FjKDye08QnSPw1AzUPyhaLrclMCrof%2Bfc%3D",
        oauth_signature_method="RSA-SHA1", oauth_timestamp="1407415881", oauth_token="<XERO_CONSUMER_KEY>",
        oauth_version="1.0"
  response:
    status:
      code: 200
      message: OK
    headers:
      Cache-Control:
      - private
      Content-Type:
      - text/xml; charset=utf-8
      Www-Authenticate:
      - OAuth Realm="api.xero.com"
      X-S:
      - 505390-O1VMAP05
      Strict-Transport-Security:
      - max-age=31536000
      Date:
      - Thu, 07 Aug 2014 12:51:21 GMT
      Content-Length:
      - '2499'
    body:
      encoding: US-ASCII
      string: ! "<Response xmlns:xsd=\"http://www.w3.org/2001/XMLSchema\" xmlns:xsi=\"http://www.w3.org/2001/XMLSchema-instance\">\r\n
        \ <Id>4b0e95ce-9f43-47a6-8650-956ff2a0e382</Id>\r\n  <Status>OK</Status>\r\n
        \ <ProviderName>Beardstroke</ProviderName>\r\n  <DateTimeUTC>2014-08-07T12:51:22.717977Z</DateTimeUTC>\r\n
        \ <Invoices>\r\n    <Invoice>\r\n      <Contact>\r\n        <ContactID>265072e2-c470-463f-b35d-467543cd80c5</ContactID>\r\n
        \       <ContactStatus>ACTIVE</ContactStatus>\r\n        <Name>Existing Company
        Inc.</Name>\r\n        <Addresses>\r\n          <Address>\r\n            <AddressType>STREET</AddressType>\r\n
        \         </Address>\r\n          <Address>\r\n            <AddressType>POBOX</AddressType>\r\n
        \         </Address>\r\n        </Addresses>\r\n        <Phones>\r\n          <Phone>\r\n
        \           <PhoneType>DDI</PhoneType>\r\n          </Phone>\r\n          <Phone>\r\n
        \           <PhoneType>MOBILE</PhoneType>\r\n          </Phone>\r\n          <Phone>\r\n
        \           <PhoneType>DEFAULT</PhoneType>\r\n          </Phone>\r\n          <Phone>\r\n
        \           <PhoneType>FAX</PhoneType>\r\n          </Phone>\r\n        </Phones>\r\n
        \       <UpdatedDateUTC>2014-08-07T12:50:50.473</UpdatedDateUTC>\r\n        <IsSupplier>false</IsSupplier>\r\n
        \       <IsCustomer>true</IsCustomer>\r\n      </Contact>\r\n      <Date>2014-08-07T00:00:00</Date>\r\n
        \     <DueDate>2013-03-10T00:00:00</DueDate>\r\n      <Status>DELETED</Status>\r\n
        \     <LineAmountTypes>Exclusive</LineAmountTypes>\r\n      <LineItems>\r\n
        \       <LineItem>\r\n          <Description>Line Item Number 0</Description>\r\n
        \         <UnitAmount>1.00</UnitAmount>\r\n          <TaxType>OUTPUT2</TaxType>\r\n
        \         <TaxAmount>0.20</TaxAmount>\r\n          <LineAmount>1.00</LineAmount>\r\n
        \         <Quantity>1.0000</Quantity>\r\n        </LineItem>\r\n        <LineItem>\r\n
        \         <Description>PAID WITH PAYPAL</Description>\r\n          <UnitAmount>0.00</UnitAmount>\r\n
        \         <LineAmount>0.00</LineAmount>\r\n          <Quantity>0.0000</Quantity>\r\n
        \       </LineItem>\r\n      </LineItems>\r\n      <SubTotal>1.00</SubTotal>\r\n
        \     <TotalTax>0.20</TotalTax>\r\n      <Total>1.20</Total>\r\n      <UpdatedDateUTC>2014-08-07T12:51:22.687</UpdatedDateUTC>\r\n
        \     <CurrencyCode>GBP</CurrencyCode>\r\n      <Type>ACCREC</Type>\r\n      <InvoiceID>b300e696-25ce-48db-a978-4f46beb2590c</InvoiceID>\r\n
        \     <InvoiceNumber>INV-0101</InvoiceNumber>\r\n      <AmountDue>1.20</AmountDue>\r\n
        \     <AmountPaid>0.00</AmountPaid>\r\n      <SentToContact>false</SentToContact>\r\n
        \     <CurrencyRate>1.000000</CurrencyRate>\r\n    </Invoice>\r\n  </Invoices>\r\n</Response>"
    http_version: 
  recorded_at: Thu, 07 Aug 2014 12:51:27 GMT
- request:
    method: post
    uri: https://api.xero.com/api.xro/2.0/Contacts
    body:
      encoding: US-ASCII
      string: xml=%3CContact%3E%0A%20%20%3CContactID%3E265072e2-c470-463f-b35d-467543cd80c5%3C%2FContactID%3E%0A%20%20%3CContactStatus%3EACTIVE%3C%2FContactStatus%3E%0A%20%20%3CName%3EExisting%20Company%20Inc.%20265072e2-c470-463f-b35d-467543cd80c5%3C%2FName%3E%0A%20%20%3CAddresses%3E%0A%20%20%20%20%3CAddress%3E%0A%20%20%20%20%20%20%3CAddressType%3ESTREET%3C%2FAddressType%3E%0A%20%20%20%20%3C%2FAddress%3E%0A%20%20%20%20%3CAddress%3E%0A%20%20%20%20%20%20%3CAddressType%3EPOBOX%3C%2FAddressType%3E%0A%20%20%20%20%3C%2FAddress%3E%0A%20%20%3C%2FAddresses%3E%0A%20%20%3CPhones%3E%0A%20%20%20%20%3CPhone%3E%0A%20%20%20%20%20%20%3CPhoneType%3EDDI%3C%2FPhoneType%3E%0A%20%20%20%20%3C%2FPhone%3E%0A%20%20%20%20%3CPhone%3E%0A%20%20%20%20%20%20%3CPhoneType%3EDEFAULT%3C%2FPhoneType%3E%0A%20%20%20%20%3C%2FPhone%3E%0A%20%20%20%20%3CPhone%3E%0A%20%20%20%20%20%20%3CPhoneType%3EFAX%3C%2FPhoneType%3E%0A%20%20%20%20%3C%2FPhone%3E%0A%20%20%20%20%3CPhone%3E%0A%20%20%20%20%20%20%3CPhoneType%3EMOBILE%3C%2FPhoneType%3E%0A%20%20%20%20%3C%2FPhone%3E%0A%20%20%3C%2FPhones%3E%0A%20%20%3CUpdatedDateUTC%3E2014-08-07T11%3A50%3A50%3C%2FUpdatedDateUTC%3E%0A%20%20%3CIsSupplier%3Efalse%3C%2FIsSupplier%3E%0A%20%20%3CIsCustomer%3Etrue%3C%2FIsCustomer%3E%0A%3C%2FContact%3E%0A
    headers:
      Charset:
      - utf-8
      Content-Type:
      - application/x-www-form-urlencoded
      Accept:
      - ! '*/*'
      User-Agent:
      - OAuth gem v0.4.7
      Content-Length:
      - '0'
      Authorization:
      - OAuth oauth_consumer_key="<XERO_CONSUMER_KEY>", oauth_nonce="nFVtjFT3vWvhUe5oHOq4AIdgMj8HwtBqusCvFHjLw",
        oauth_signature="Zw4LiLaPyaWlY1XPpGf%2F7WwVf88gBCY0fh54YFaDltYHXMTAWnExLTsVkIX6wURNiOfKrcs8bBBhKirwK67ZBeQYduMyaAEEk3E0aBMawvWJHXCGcWIOUihT%2BDC%2BitaUN%2F51hwfFwNUnvv5g5PUou9%2FPbG0UoTvR8bionnYmNDI%3D",
        oauth_signature_method="RSA-SHA1", oauth_timestamp="1407415887", oauth_token="<XERO_CONSUMER_KEY>",
        oauth_version="1.0"
  response:
    status:
      code: 200
      message: OK
    headers:
      Cache-Control:
      - private
      Content-Type:
      - text/xml; charset=utf-8
      Www-Authenticate:
      - OAuth Realm="api.xero.com"
      X-S:
      - 505390-O1VMAP05
      Strict-Transport-Security:
      - max-age=31536000
      Date:
      - Thu, 07 Aug 2014 12:51:25 GMT
      Content-Length:
      - '1225'
    body:
      encoding: US-ASCII
      string: ! "<Response xmlns:xsd=\"http://www.w3.org/2001/XMLSchema\" xmlns:xsi=\"http://www.w3.org/2001/XMLSchema-instance\">\r\n
        \ <Id>a334ba98-5b19-41c0-abb7-d0630d19946b</Id>\r\n  <Status>OK</Status>\r\n
        \ <ProviderName>Beardstroke</ProviderName>\r\n  <DateTimeUTC>2014-08-07T12:51:25.5728319Z</DateTimeUTC>\r\n
        \ <Contacts>\r\n    <Contact>\r\n      <ContactID>265072e2-c470-463f-b35d-467543cd80c5</ContactID>\r\n
        \     <ContactStatus>ACTIVE</ContactStatus>\r\n      <Name>Existing Company
        Inc. 265072e2-c470-463f-b35d-467543cd80c5</Name>\r\n      <Addresses>\r\n
        \       <Address>\r\n          <AddressType>STREET</AddressType>\r\n        </Address>\r\n
        \       <Address>\r\n          <AddressType>POBOX</AddressType>\r\n        </Address>\r\n
        \     </Addresses>\r\n      <Phones>\r\n        <Phone>\r\n          <PhoneType>DDI</PhoneType>\r\n
        \       </Phone>\r\n        <Phone>\r\n          <PhoneType>MOBILE</PhoneType>\r\n
        \       </Phone>\r\n        <Phone>\r\n          <PhoneType>DEFAULT</PhoneType>\r\n
        \       </Phone>\r\n        <Phone>\r\n          <PhoneType>FAX</PhoneType>\r\n
        \       </Phone>\r\n      </Phones>\r\n      <UpdatedDateUTC>2014-08-07T12:51:25.557</UpdatedDateUTC>\r\n
        \     <IsSupplier>false</IsSupplier>\r\n      <IsCustomer>true</IsCustomer>\r\n
        \   </Contact>\r\n  </Contacts>\r\n</Response>"
    http_version: 
  recorded_at: Thu, 07 Aug 2014 12:51:30 GMT
recorded_with: VCR 2.8.0
