---
http_interactions:
- request:
    method: get
    uri: https://api.xero.com/api.xro/2.0/Contacts?where=Name%20==%20%22Existing%20Company%20Inc.%22
    body:
      encoding: US-ASCII
      string: ''
    headers:
      Charset:
      - utf-8
      Accept:
      - ! '*/*'
      User-Agent:
      - OAuth gem v0.4.7
      Authorization:
      - OAuth oauth_consumer_key="<XERO_CONSUMER_KEY>", oauth_nonce="Z3JppZmD71L2J8aOijoB7nCGTtt2rp6bk8oXtGNx1s",
        oauth_signature="N6IFPlSBBbcdEoSpByEehclqUMAPLnZ%2BG8swffzDJCRFJv6XoKQhpEyEunxy1DbyS0rj3Yl0kmIPwGCWNWr%2FazAmzxtqxP3fwjFUdpnkUkFS1v%2F%2BSI5V%2BKKT%2F3TiEX6BGafJFjnYkdLdF0jevoGd7IwAymbtUa2%2BWZdh19cP2GY%3D",
        oauth_signature_method="RSA-SHA1", oauth_timestamp="1360927399", oauth_token="<XERO_CONSUMER_KEY>",
        oauth_version="1.0"
  response:
    status:
      code: 200
      message: OK
    headers:
      Cache-Control:
      - private
      Content-Type:
      - text/xml; charset=utf-8
      Server:
      - Microsoft-IIS/7.5
      X-Aspnetmvc-Version:
      - '2.0'
      Www-Authenticate:
      - OAuth Realm="api.xero.com"
      X-Aspnet-Version:
      - 4.0.30319
      X-Powered-By:
      - TeamXero
      X-S:
      - 445761-O1VMAP04
      Date:
      - Fri, 15 Feb 2013 11:23:13 GMT
      Content-Length:
      - '1193'
    body:
      encoding: US-ASCII
      string: ! "<Response xmlns:xsd=\"http://www.w3.org/2001/XMLSchema\" xmlns:xsi=\"http://www.w3.org/2001/XMLSchema-instance\">\r\n
        \ <Id>c6f7cdfd-bd54-46d4-b377-6e27078a6c8f</Id>\r\n  <Status>OK</Status>\r\n
        \ <ProviderName>open-orgn-services</ProviderName>\r\n  <DateTimeUTC>2013-02-15T11:23:13.734043Z</DateTimeUTC>\r\n
        \ <Contacts>\r\n    <Contact>\r\n      <ContactID>214814d5-64bb-409b-8000-764aa0da91df</ContactID>\r\n
        \     <ContactStatus>ACTIVE</ContactStatus>\r\n      <Name>Existing Company
        Inc.</Name>\r\n      <Addresses>\r\n        <Address>\r\n          <AddressType>POBOX</AddressType>\r\n
        \       </Address>\r\n        <Address>\r\n          <AddressType>STREET</AddressType>\r\n
        \       </Address>\r\n      </Addresses>\r\n      <Phones>\r\n        <Phone>\r\n
        \         <PhoneType>DDI</PhoneType>\r\n        </Phone>\r\n        <Phone>\r\n
        \         <PhoneType>DEFAULT</PhoneType>\r\n        </Phone>\r\n        <Phone>\r\n
        \         <PhoneType>FAX</PhoneType>\r\n        </Phone>\r\n        <Phone>\r\n
        \         <PhoneType>MOBILE</PhoneType>\r\n        </Phone>\r\n      </Phones>\r\n
        \     <UpdatedDateUTC>2013-02-12T08:29:03.76</UpdatedDateUTC>\r\n      <IsSupplier>false</IsSupplier>\r\n
        \     <IsCustomer>true</IsCustomer>\r\n    </Contact>\r\n  </Contacts>\r\n</Response>"
    http_version: 
  recorded_at: Fri, 15 Feb 2013 11:23:20 GMT
- request:
    method: get
    uri: https://api.xero.com/api.xro/2.0/Contacts?where=Name%20==%20%22Existing%20Company%20Inc.%22
    body:
      encoding: US-ASCII
      string: ''
    headers:
      Charset:
      - utf-8
      Accept:
      - ! '*/*'
      User-Agent:
      - OAuth gem v0.4.7
      Authorization:
      - OAuth oauth_consumer_key="<XERO_CONSUMER_KEY>", oauth_nonce="dtkb6tJKfkAOPNi8QdFJojhVCZbJQhcBqHJU90w",
        oauth_signature="k11St3bb7npxVdEeOY1sOLNOglU2tDjfR6IJ%2BaGXr1l0O2n2BzXjP4iQsa97gaFRpdeddVKgSUcevn4wVpfHXK0WomZruZub461YA4sK9aigkP%2B6qxFHta6ZBpi3y0uiXAFnevtlvPnGq7Q9VHERb8cw1i8yIJnDwOBZKkCaxDs%3D",
        oauth_signature_method="RSA-SHA1", oauth_timestamp="1360927400", oauth_token="<XERO_CONSUMER_KEY>",
        oauth_version="1.0"
  response:
    status:
      code: 200
      message: OK
    headers:
      Cache-Control:
      - private
      Content-Type:
      - text/xml; charset=utf-8
      Server:
      - Microsoft-IIS/7.5
      X-Aspnetmvc-Version:
      - '2.0'
      Www-Authenticate:
      - OAuth Realm="api.xero.com"
      X-Aspnet-Version:
      - 4.0.30319
      X-Powered-By:
      - TeamXero
      X-S:
      - 445761-O1VMAP04
      Date:
      - Fri, 15 Feb 2013 11:23:13 GMT
      Content-Length:
      - '1194'
    body:
      encoding: US-ASCII
      string: ! "<Response xmlns:xsd=\"http://www.w3.org/2001/XMLSchema\" xmlns:xsi=\"http://www.w3.org/2001/XMLSchema-instance\">\r\n
        \ <Id>216bb0c0-4991-4630-8717-13ee8be7b4ed</Id>\r\n  <Status>OK</Status>\r\n
        \ <ProviderName>open-orgn-services</ProviderName>\r\n  <DateTimeUTC>2013-02-15T11:23:14.6388604Z</DateTimeUTC>\r\n
        \ <Contacts>\r\n    <Contact>\r\n      <ContactID>214814d5-64bb-409b-8000-764aa0da91df</ContactID>\r\n
        \     <ContactStatus>ACTIVE</ContactStatus>\r\n      <Name>Existing Company
        Inc.</Name>\r\n      <Addresses>\r\n        <Address>\r\n          <AddressType>POBOX</AddressType>\r\n
        \       </Address>\r\n        <Address>\r\n          <AddressType>STREET</AddressType>\r\n
        \       </Address>\r\n      </Addresses>\r\n      <Phones>\r\n        <Phone>\r\n
        \         <PhoneType>DDI</PhoneType>\r\n        </Phone>\r\n        <Phone>\r\n
        \         <PhoneType>DEFAULT</PhoneType>\r\n        </Phone>\r\n        <Phone>\r\n
        \         <PhoneType>FAX</PhoneType>\r\n        </Phone>\r\n        <Phone>\r\n
        \         <PhoneType>MOBILE</PhoneType>\r\n        </Phone>\r\n      </Phones>\r\n
        \     <UpdatedDateUTC>2013-02-12T08:29:03.76</UpdatedDateUTC>\r\n      <IsSupplier>false</IsSupplier>\r\n
        \     <IsCustomer>true</IsCustomer>\r\n    </Contact>\r\n  </Contacts>\r\n</Response>"
    http_version: 
  recorded_at: Fri, 15 Feb 2013 11:23:21 GMT
- request:
    method: get
    uri: https://api.xero.com/api.xro/2.0/Invoices?where=Contact.ContactID%20=%20GUID(%22214814d5-64bb-409b-8000-764aa0da91df%22)%20AND%20Status%20!=%20%22DELETED%22
    body:
      encoding: US-ASCII
      string: ''
    headers:
      Charset:
      - utf-8
      Accept:
      - ! '*/*'
      User-Agent:
      - OAuth gem v0.4.7
      Authorization:
      - OAuth oauth_consumer_key="<XERO_CONSUMER_KEY>", oauth_nonce="dS7hcq0dXG54HVgtJoD6mP8bjWt3OqMvPa6jO1ds",
        oauth_signature="DgbhCDqKbIwhyruCfndsY%2B2JmfypUla6eihir5NXFGouvF4CtDjeJaEz7%2FDstSDbQxleQnM8EWFCDjv5S68aEMmqyAbjIIPvvcgS24rgdUyImzplncMr4NK4O39BJKOSE6%2BH%2B4sLjiQw9Wy9ox0QfaUIQZ5NiAfXTOOPEQutQWs%3D",
        oauth_signature_method="RSA-SHA1", oauth_timestamp="1360927401", oauth_token="<XERO_CONSUMER_KEY>",
        oauth_version="1.0"
  response:
    status:
      code: 200
      message: OK
    headers:
      Cache-Control:
      - private
      Content-Type:
      - text/xml; charset=utf-8
      Server:
      - Microsoft-IIS/7.5
      X-Aspnetmvc-Version:
      - '2.0'
      Www-Authenticate:
      - OAuth Realm="api.xero.com"
      X-Aspnet-Version:
      - 4.0.30319
      X-Powered-By:
      - TeamXero
      X-S:
      - 445761-O1VMAP04
      Date:
      - Fri, 15 Feb 2013 11:23:14 GMT
      Content-Length:
      - '1136'
    body:
      encoding: US-ASCII
      string: ! "<Response xmlns:xsd=\"http://www.w3.org/2001/XMLSchema\" xmlns:xsi=\"http://www.w3.org/2001/XMLSchema-instance\">\r\n
        \ <Id>888bf038-ffbb-42b4-9656-8d5ccdcb2a85</Id>\r\n  <Status>OK</Status>\r\n
        \ <ProviderName>open-orgn-services</ProviderName>\r\n  <DateTimeUTC>2013-02-15T11:23:15.4032751Z</DateTimeUTC>\r\n
        \ <Invoices>\r\n    <Invoice>\r\n      <Contact>\r\n        <ContactID>214814d5-64bb-409b-8000-764aa0da91df</ContactID>\r\n
        \       <Name>Existing Company Inc.</Name>\r\n      </Contact>\r\n      <Date>2013-02-15T00:00:00</Date>\r\n
        \     <DueDate>2013-03-10T00:00:00</DueDate>\r\n      <Status>DRAFT</Status>\r\n
        \     <LineAmountTypes>Exclusive</LineAmountTypes>\r\n      <SubTotal>2.00</SubTotal>\r\n
        \     <TotalTax>0.00</TotalTax>\r\n      <Total>2.00</Total>\r\n      <UpdatedDateUTC>2013-02-15T11:17:38.033</UpdatedDateUTC>\r\n
        \     <CurrencyCode>GBP</CurrencyCode>\r\n      <Type>ACCREC</Type>\r\n      <InvoiceID>1746463b-f39e-4e8e-a410-8b7cd54c6596</InvoiceID>\r\n
        \     <InvoiceNumber>INV-0378</InvoiceNumber>\r\n      <AmountDue>2.00</AmountDue>\r\n
        \     <AmountPaid>0.00</AmountPaid>\r\n      <HasAttachments>false</HasAttachments>\r\n
        \   </Invoice>\r\n  </Invoices>\r\n</Response>"
    http_version: 
  recorded_at: Fri, 15 Feb 2013 11:23:22 GMT
- request:
    method: get
    uri: https://api.xero.com/api.xro/2.0/Invoices/1746463b-f39e-4e8e-a410-8b7cd54c6596
    body:
      encoding: US-ASCII
      string: ''
    headers:
      Charset:
      - utf-8
      Accept:
      - ! '*/*'
      User-Agent:
      - OAuth gem v0.4.7
      Authorization:
      - OAuth oauth_consumer_key="<XERO_CONSUMER_KEY>", oauth_nonce="mnGA87ZzooJqJZnOga6entMyLgjTNRSWCqNRGfK0",
        oauth_signature="GXqmvDSTiUamWC8858%2F6DFMEVWDnN1FALaWYIlycduitThEXJrWVM3UTeBoyT0sysKn62C%2F82jLnIcMNWb7w15x%2FUcqDZUNwdHgAJdumM05jPhz9teALSHcyax5oSII9H5qBgSCu%2ByGnC7B0EMguWaKMBEffjNdWsxmS5um5zoU%3D",
        oauth_signature_method="RSA-SHA1", oauth_timestamp="1360927402", oauth_token="<XERO_CONSUMER_KEY>",
        oauth_version="1.0"
  response:
    status:
      code: 200
      message: OK
    headers:
      Cache-Control:
      - private
      Content-Type:
      - text/xml; charset=utf-8
      Server:
      - Microsoft-IIS/7.5
      X-Aspnetmvc-Version:
      - '2.0'
      Www-Authenticate:
      - OAuth Realm="api.xero.com"
      X-Aspnet-Version:
      - 4.0.30319
      X-Powered-By:
      - TeamXero
      X-S:
      - 445761-O1VMAP04
      Date:
      - Fri, 15 Feb 2013 11:23:16 GMT
      Content-Length:
      - '2576'
    body:
      encoding: US-ASCII
      string: ! "<Response xmlns:xsd=\"http://www.w3.org/2001/XMLSchema\" xmlns:xsi=\"http://www.w3.org/2001/XMLSchema-instance\">\r\n
        \ <Id>fba911f1-1c33-4d39-90ad-c742e0f457b5</Id>\r\n  <Status>OK</Status>\r\n
        \ <ProviderName>open-orgn-services</ProviderName>\r\n  <DateTimeUTC>2013-02-15T11:23:16.1052886Z</DateTimeUTC>\r\n
        \ <Invoices>\r\n    <Invoice>\r\n      <Contact>\r\n        <ContactID>214814d5-64bb-409b-8000-764aa0da91df</ContactID>\r\n
        \       <ContactStatus>ACTIVE</ContactStatus>\r\n        <Name>Existing Company
        Inc.</Name>\r\n        <Addresses>\r\n          <Address>\r\n            <AddressType>POBOX</AddressType>\r\n
        \         </Address>\r\n          <Address>\r\n            <AddressType>STREET</AddressType>\r\n
        \         </Address>\r\n        </Addresses>\r\n        <Phones>\r\n          <Phone>\r\n
        \           <PhoneType>DDI</PhoneType>\r\n          </Phone>\r\n          <Phone>\r\n
        \           <PhoneType>FAX</PhoneType>\r\n          </Phone>\r\n          <Phone>\r\n
        \           <PhoneType>DEFAULT</PhoneType>\r\n          </Phone>\r\n          <Phone>\r\n
        \           <PhoneType>MOBILE</PhoneType>\r\n          </Phone>\r\n        </Phones>\r\n
        \       <UpdatedDateUTC>2013-02-12T08:29:03.76</UpdatedDateUTC>\r\n        <IsSupplier>false</IsSupplier>\r\n
        \       <IsCustomer>true</IsCustomer>\r\n      </Contact>\r\n      <Date>2013-02-15T00:00:00</Date>\r\n
        \     <DueDate>2013-03-10T00:00:00</DueDate>\r\n      <Status>DRAFT</Status>\r\n
        \     <LineAmountTypes>Exclusive</LineAmountTypes>\r\n      <LineItems>\r\n
        \       <LineItem>\r\n          <Description>Registration for '[Test Event
        00] Drupal: Down the Rabbit Hole (2013-03-17)' for Bob Fish &lt;bob.fish@example.com&gt;
        ()</Description>\r\n          <UnitAmount>1.00</UnitAmount>\r\n          <LineAmount>2.00</LineAmount>\r\n
        \         <Quantity>2.0000</Quantity>\r\n        </LineItem>\r\n        <LineItem>\r\n
        \         <Description>PAID WITH PAYPAL</Description>\r\n          <UnitAmount>0.00</UnitAmount>\r\n
        \         <LineAmount>0.00</LineAmount>\r\n          <Quantity>0.0000</Quantity>\r\n
        \       </LineItem>\r\n      </LineItems>\r\n      <SubTotal>2.00</SubTotal>\r\n
        \     <TotalTax>0.00</TotalTax>\r\n      <Total>2.00</Total>\r\n      <UpdatedDateUTC>2013-02-15T11:17:38.033</UpdatedDateUTC>\r\n
        \     <CurrencyCode>GBP</CurrencyCode>\r\n      <Type>ACCREC</Type>\r\n      <InvoiceID>1746463b-f39e-4e8e-a410-8b7cd54c6596</InvoiceID>\r\n
        \     <InvoiceNumber>INV-0378</InvoiceNumber>\r\n      <AmountDue>2.00</AmountDue>\r\n
        \     <AmountPaid>0.00</AmountPaid>\r\n      <SentToContact>false</SentToContact>\r\n
        \     <CurrencyRate>1.000000</CurrencyRate>\r\n      <HasAttachments>false</HasAttachments>\r\n
        \   </Invoice>\r\n  </Invoices>\r\n</Response>"
    http_version: 
  recorded_at: Fri, 15 Feb 2013 11:23:22 GMT
- request:
    method: put
    uri: https://api.xero.com/api.xro/2.0/Invoices
    body:
      encoding: US-ASCII
      string: xml=%3CInvoice%3E%0A%20%20%3CType%3EACCREC%3C%2FType%3E%0A%20%20%3CContact%3E%0A%20%20%20%20%3CContactID%3E214814d5-64bb-409b-8000-764aa0da91df%3C%2FContactID%3E%0A%20%20%20%20%3CContactStatus%3EACTIVE%3C%2FContactStatus%3E%0A%20%20%20%20%3CName%3EExisting%20Company%20Inc.%3C%2FName%3E%0A%20%20%20%20%3CAddresses%3E%0A%20%20%20%20%20%20%3CAddress%3E%0A%20%20%20%20%20%20%20%20%3CAddressType%3EPOBOX%3C%2FAddressType%3E%0A%20%20%20%20%20%20%3C%2FAddress%3E%0A%20%20%20%20%20%20%3CAddress%3E%0A%20%20%20%20%20%20%20%20%3CAddressType%3ESTREET%3C%2FAddressType%3E%0A%20%20%20%20%20%20%3C%2FAddress%3E%0A%20%20%20%20%3C%2FAddresses%3E%0A%20%20%20%20%3CPhones%3E%0A%20%20%20%20%20%20%3CPhone%3E%0A%20%20%20%20%20%20%20%20%3CPhoneType%3EDDI%3C%2FPhoneType%3E%0A%20%20%20%20%20%20%3C%2FPhone%3E%0A%20%20%20%20%20%20%3CPhone%3E%0A%20%20%20%20%20%20%20%20%3CPhoneType%3EDEFAULT%3C%2FPhoneType%3E%0A%20%20%20%20%20%20%3C%2FPhone%3E%0A%20%20%20%20%20%20%3CPhone%3E%0A%20%20%20%20%20%20%20%20%3CPhoneType%3EFAX%3C%2FPhoneType%3E%0A%20%20%20%20%20%20%3C%2FPhone%3E%0A%20%20%20%20%20%20%3CPhone%3E%0A%20%20%20%20%20%20%20%20%3CPhoneType%3EMOBILE%3C%2FPhoneType%3E%0A%20%20%20%20%20%20%3C%2FPhone%3E%0A%20%20%20%20%3C%2FPhones%3E%0A%20%20%20%20%3CUpdatedDateUTC%3E2013-02-12T08%3A29%3A03%3C%2FUpdatedDateUTC%3E%0A%20%20%20%20%3CIsSupplier%3Efalse%3C%2FIsSupplier%3E%0A%20%20%20%20%3CIsCustomer%3Etrue%3C%2FIsCustomer%3E%0A%20%20%3C%2FContact%3E%0A%20%20%3CDueDate%3E2013-03-10%3C%2FDueDate%3E%0A%20%20%3CStatus%3EDRAFT%3C%2FStatus%3E%0A%20%20%3CLineItems%3E%0A%20%20%20%20%3CLineItem%3E%0A%20%20%20%20%20%20%3CDescription%3ERegistration%20for%20%27%5BTest%20Event%2000%5D%20Drupal%3A%20Down%20the%20Rabbit%20Hole%20%282013-03-17%29%27%20for%20Bob%20Fish%20%26lt%3Bbob.fish%40example.com%26gt%3B%20%28%29%3C%2FDescription%3E%0A%20%20%20%20%20%20%3CQuantity%3E1%3C%2FQuantity%3E%0A%20%20%20%20%20%20%3CUnitAmount%3E1.0%3C%2FUnitAmount%3E%0A%20%20%20%20%3C%2FLineItem%3E%0A%20%20%3C%2FLineItems%3E%0A%3C%2FInvoice%3E%0A
    headers:
      Charset:
      - utf-8
      Content-Type:
      - application/x-www-form-urlencoded
      Accept:
      - ! '*/*'
      User-Agent:
      - OAuth gem v0.4.7
      Content-Length:
      - '0'
      Authorization:
      - OAuth oauth_consumer_key="<XERO_CONSUMER_KEY>", oauth_nonce="9N4cpkPyRMMAHwc2qooYg4DJunh44inG2VUpod2U",
        oauth_signature="j4WA6H9DjPQK4%2BENqu%2B6ifdHUfkgmQQdklY3p0udagrWRuiqIGSbnTy%2BXrI%2FXJsmfKsNO%2BdFViKaDxJsgjc0w3ItsVbGP%2Blc1wkCtBXKSM%2B3K4lnj4xuRTTZqzFEUBJVwwmcFkS%2FwHqgxs%2BW5vJ7ZZwOkrDaUxQnODDtlX8nvnE%3D",
        oauth_signature_method="RSA-SHA1", oauth_timestamp="1360927403", oauth_token="<XERO_CONSUMER_KEY>",
        oauth_version="1.0"
  response:
    status:
      code: 200
      message: OK
    headers:
      Cache-Control:
      - private
      Content-Type:
      - text/xml; charset=utf-8
      Server:
      - Microsoft-IIS/7.5
      X-Aspnetmvc-Version:
      - '2.0'
      Www-Authenticate:
      - OAuth Realm="api.xero.com"
      X-Aspnet-Version:
      - 4.0.30319
      X-Powered-By:
      - TeamXero
      X-S:
      - 445761-O1VMAP04
      Date:
      - Fri, 15 Feb 2013 11:23:16 GMT
      Content-Length:
      - '2359'
    body:
      encoding: US-ASCII
      string: ! "<Response xmlns:xsd=\"http://www.w3.org/2001/XMLSchema\" xmlns:xsi=\"http://www.w3.org/2001/XMLSchema-instance\">\r\n
        \ <Id>ad6a2070-a7be-4a34-87bf-c9f614082fd7</Id>\r\n  <Status>OK</Status>\r\n
        \ <ProviderName>open-orgn-services</ProviderName>\r\n  <DateTimeUTC>2013-02-15T11:23:16.9009039Z</DateTimeUTC>\r\n
        \ <Invoices>\r\n    <Invoice>\r\n      <Contact>\r\n        <ContactID>214814d5-64bb-409b-8000-764aa0da91df</ContactID>\r\n
        \       <ContactStatus>ACTIVE</ContactStatus>\r\n        <Name>Existing Company
        Inc.</Name>\r\n        <Addresses>\r\n          <Address>\r\n            <AddressType>POBOX</AddressType>\r\n
        \         </Address>\r\n          <Address>\r\n            <AddressType>STREET</AddressType>\r\n
        \         </Address>\r\n        </Addresses>\r\n        <Phones>\r\n          <Phone>\r\n
        \           <PhoneType>DDI</PhoneType>\r\n          </Phone>\r\n          <Phone>\r\n
        \           <PhoneType>FAX</PhoneType>\r\n          </Phone>\r\n          <Phone>\r\n
        \           <PhoneType>DEFAULT</PhoneType>\r\n          </Phone>\r\n          <Phone>\r\n
        \           <PhoneType>MOBILE</PhoneType>\r\n          </Phone>\r\n        </Phones>\r\n
        \       <UpdatedDateUTC>2013-02-12T08:29:03.76</UpdatedDateUTC>\r\n        <IsSupplier>false</IsSupplier>\r\n
        \       <IsCustomer>true</IsCustomer>\r\n      </Contact>\r\n      <Date>2013-02-15T00:00:00</Date>\r\n
        \     <DueDate>2013-03-10T00:00:00</DueDate>\r\n      <Status>DRAFT</Status>\r\n
        \     <LineAmountTypes>Exclusive</LineAmountTypes>\r\n      <LineItems>\r\n
        \       <LineItem>\r\n          <Description>Registration for '[Test Event
        00] Drupal: Down the Rabbit Hole (2013-03-17)' for Bob Fish &lt;bob.fish@example.com&gt;
        ()</Description>\r\n          <UnitAmount>1.00</UnitAmount>\r\n          <LineAmount>1.00</LineAmount>\r\n
        \         <Quantity>1.0000</Quantity>\r\n        </LineItem>\r\n      </LineItems>\r\n
        \     <SubTotal>1.00</SubTotal>\r\n      <TotalTax>0.00</TotalTax>\r\n      <Total>1.00</Total>\r\n
        \     <UpdatedDateUTC>2013-02-15T11:23:16.853</UpdatedDateUTC>\r\n      <CurrencyCode>GBP</CurrencyCode>\r\n
        \     <Type>ACCREC</Type>\r\n      <InvoiceID>45cec4a9-98fa-4163-87a2-c05bd61566bc</InvoiceID>\r\n
        \     <InvoiceNumber>INV-0384</InvoiceNumber>\r\n      <AmountDue>1.00</AmountDue>\r\n
        \     <AmountPaid>0.00</AmountPaid>\r\n      <SentToContact>false</SentToContact>\r\n
        \     <CurrencyRate>1.000000</CurrencyRate>\r\n      <HasAttachments>false</HasAttachments>\r\n
        \   </Invoice>\r\n  </Invoices>\r\n</Response>"
    http_version: 
  recorded_at: Fri, 15 Feb 2013 11:23:23 GMT
- request:
    method: post
    uri: https://api.xero.com/api.xro/2.0/Invoices
    body:
      encoding: US-ASCII
      string: xml=%3CInvoice%3E%0A%20%20%3CInvoice%3E%0A%20%20%20%20%3CContactID%3E214814d5-64bb-409b-8000-764aa0da91df%3C%2FContactID%3E%0A%20%20%20%20%3CContactStatus%3EACTIVE%3C%2FContactStatus%3E%0A%20%20%20%20%3CName%3EExisting%20Company%20Inc.%3C%2FName%3E%0A%20%20%20%20%3CAddresses%3E%0A%20%20%20%20%20%20%3CAddress%3E%0A%20%20%20%20%20%20%20%20%3CAddressType%3EPOBOX%3C%2FAddressType%3E%0A%20%20%20%20%20%20%3C%2FAddress%3E%0A%20%20%20%20%20%20%3CAddress%3E%0A%20%20%20%20%20%20%20%20%3CAddressType%3ESTREET%3C%2FAddressType%3E%0A%20%20%20%20%20%20%3C%2FAddress%3E%0A%20%20%20%20%3C%2FAddresses%3E%0A%20%20%20%20%3CPhones%3E%0A%20%20%20%20%20%20%3CPhone%3E%0A%20%20%20%20%20%20%20%20%3CPhoneType%3EDDI%3C%2FPhoneType%3E%0A%20%20%20%20%20%20%3C%2FPhone%3E%0A%20%20%20%20%20%20%3CPhone%3E%0A%20%20%20%20%20%20%20%20%3CPhoneType%3EFAX%3C%2FPhoneType%3E%0A%20%20%20%20%20%20%3C%2FPhone%3E%0A%20%20%20%20%20%20%3CPhone%3E%0A%20%20%20%20%20%20%20%20%3CPhoneType%3EDEFAULT%3C%2FPhoneType%3E%0A%20%20%20%20%20%20%3C%2FPhone%3E%0A%20%20%20%20%20%20%3CPhone%3E%0A%20%20%20%20%20%20%20%20%3CPhoneType%3EMOBILE%3C%2FPhoneType%3E%0A%20%20%20%20%20%20%3C%2FPhone%3E%0A%20%20%20%20%3C%2FPhones%3E%0A%20%20%20%20%3CUpdatedDateUTC%3E2013-02-12T08%3A29%3A03%3C%2FUpdatedDateUTC%3E%0A%20%20%20%20%3CIsSupplier%3Efalse%3C%2FIsSupplier%3E%0A%20%20%20%20%3CIsCustomer%3Etrue%3C%2FIsCustomer%3E%0A%20%20%3C%2FInvoice%3E%0A%20%20%3CDate%3E2013-02-15%3C%2FDate%3E%0A%20%20%3CDueDate%3E2013-03-10%3C%2FDueDate%3E%0A%20%20%3CStatus%3EDRAFT%3C%2FStatus%3E%0A%20%20%3CLineAmountTypes%3EExclusive%3C%2FLineAmountTypes%3E%0A%20%20%3CLineItems%3E%0A%20%20%20%20%3CLineItem%3E%0A%20%20%20%20%20%20%3CDescription%3ERegistration%20for%20%27%5BTest%20Event%2000%5D%20Drupal%3A%20Down%20the%20Rabbit%20Hole%20%282013-03-17%29%27%20for%20Bob%20Fish%20%26lt%3Bbob.fish%40example.com%26gt%3B%20%28%29%3C%2FDescription%3E%0A%20%20%20%20%20%20%3CUnitAmount%3E1.0%3C%2FUnitAmount%3E%0A%20%20%20%20%20%20%3CLineAmount%3E1.0%3C%2FLineAmount%3E%0A%20%20%20%20%20%20%3CQuantity%3E1.0%3C%2FQuantity%3E%0A%20%20%20%20%3C%2FLineItem%3E%0A%20%20%3C%2FLineItems%3E%0A%20%20%3CSubTotal%3E1.0%3C%2FSubTotal%3E%0A%20%20%3CTotalTax%3E0.0%3C%2FTotalTax%3E%0A%20%20%3CTotal%3E1.0%3C%2FTotal%3E%0A%20%20%3CUpdatedDateUTC%3E2013-02-15T11%3A23%3A16%3C%2FUpdatedDateUTC%3E%0A%20%20%3CCurrencyCode%3EGBP%3C%2FCurrencyCode%3E%0A%20%20%3CType%3EACCREC%3C%2FType%3E%0A%20%20%3CInvoiceID%3E45cec4a9-98fa-4163-87a2-c05bd61566bc%3C%2FInvoiceID%3E%0A%20%20%3CInvoiceNumber%3EINV-0384%3C%2FInvoiceNumber%3E%0A%20%20%3CAmountDue%3E1.0%3C%2FAmountDue%3E%0A%20%20%3CAmountPaid%3E0.0%3C%2FAmountPaid%3E%0A%20%20%3CSentToContact%3Efalse%3C%2FSentToContact%3E%0A%3C%2FInvoice%3E%0A
    headers:
      Charset:
      - utf-8
      Content-Type:
      - application/x-www-form-urlencoded
      Accept:
      - ! '*/*'
      User-Agent:
      - OAuth gem v0.4.7
      Content-Length:
      - '0'
      Authorization:
      - OAuth oauth_consumer_key="<XERO_CONSUMER_KEY>", oauth_nonce="HkFu9oXDiiaQjTbD7I3YmVGfiRCujhvjHmTq2avE",
        oauth_signature="Tn5WOkPx5%2B4WZMkz1EP7wYgOTyrdyOSvymQMDqRhr4Hvl0FIp5K9j5a7usVvYQZ3mRU9cdVxvUbmyAU7ddUMc96gtijt7m4xBzv39XOaEbhlfq2lS%2FT%2BZ69bdpNLRETop%2FTNsR7Qt3PZTkTX9WhBo%2BXjMIWOyEwLdGyiPJAXGqo%3D",
        oauth_signature_method="RSA-SHA1", oauth_timestamp="1360927403", oauth_token="<XERO_CONSUMER_KEY>",
        oauth_version="1.0"
  response:
    status:
      code: 200
      message: OK
    headers:
      Cache-Control:
      - private
      Content-Type:
      - text/xml; charset=utf-8
      Server:
      - Microsoft-IIS/7.5
      X-Aspnetmvc-Version:
      - '2.0'
      Www-Authenticate:
      - OAuth Realm="api.xero.com"
      X-Aspnet-Version:
      - 4.0.30319
      X-Powered-By:
      - TeamXero
      X-S:
      - 445761-O1VMAP04
      Date:
      - Fri, 15 Feb 2013 11:23:17 GMT
      Content-Length:
      - '2521'
    body:
      encoding: US-ASCII
      string: ! "<Response xmlns:xsd=\"http://www.w3.org/2001/XMLSchema\" xmlns:xsi=\"http://www.w3.org/2001/XMLSchema-instance\">\r\n
        \ <Id>21797275-e938-4334-beae-80fd3fb2a6b0</Id>\r\n  <Status>OK</Status>\r\n
        \ <ProviderName>open-orgn-services</ProviderName>\r\n  <DateTimeUTC>2013-02-15T11:23:17.6965192Z</DateTimeUTC>\r\n
        \ <Invoices>\r\n    <Invoice>\r\n      <Warnings>\r\n        <Warning>\r\n
        \         <Message>Only AUTHORISED invoices may have SentToContact updated.</Message>\r\n
        \       </Warning>\r\n      </Warnings>\r\n      <Contact>\r\n        <ContactID>214814d5-64bb-409b-8000-764aa0da91df</ContactID>\r\n
        \       <ContactStatus>ACTIVE</ContactStatus>\r\n        <Name>Existing Company
        Inc.</Name>\r\n        <Addresses>\r\n          <Address>\r\n            <AddressType>POBOX</AddressType>\r\n
        \         </Address>\r\n          <Address>\r\n            <AddressType>STREET</AddressType>\r\n
        \         </Address>\r\n        </Addresses>\r\n        <Phones>\r\n          <Phone>\r\n
        \           <PhoneType>DDI</PhoneType>\r\n          </Phone>\r\n          <Phone>\r\n
        \           <PhoneType>FAX</PhoneType>\r\n          </Phone>\r\n          <Phone>\r\n
        \           <PhoneType>DEFAULT</PhoneType>\r\n          </Phone>\r\n          <Phone>\r\n
        \           <PhoneType>MOBILE</PhoneType>\r\n          </Phone>\r\n        </Phones>\r\n
        \       <UpdatedDateUTC>2013-02-12T08:29:03.76</UpdatedDateUTC>\r\n        <IsSupplier>false</IsSupplier>\r\n
        \       <IsCustomer>true</IsCustomer>\r\n      </Contact>\r\n      <Date>2013-02-15T00:00:00</Date>\r\n
        \     <DueDate>2013-03-10T00:00:00</DueDate>\r\n      <Status>DRAFT</Status>\r\n
        \     <LineAmountTypes>Exclusive</LineAmountTypes>\r\n      <LineItems>\r\n
        \       <LineItem>\r\n          <Description>Registration for '[Test Event
        00] Drupal: Down the Rabbit Hole (2013-03-17)' for Bob Fish &lt;bob.fish@example.com&gt;
        ()</Description>\r\n          <UnitAmount>1.00</UnitAmount>\r\n          <LineAmount>1.00</LineAmount>\r\n
        \         <Quantity>1.0000</Quantity>\r\n        </LineItem>\r\n      </LineItems>\r\n
        \     <SubTotal>1.00</SubTotal>\r\n      <TotalTax>0.00</TotalTax>\r\n      <Total>1.00</Total>\r\n
        \     <UpdatedDateUTC>2013-02-15T11:23:17.68</UpdatedDateUTC>\r\n      <CurrencyCode>GBP</CurrencyCode>\r\n
        \     <Type>ACCREC</Type>\r\n      <InvoiceID>45cec4a9-98fa-4163-87a2-c05bd61566bc</InvoiceID>\r\n
        \     <InvoiceNumber>INV-0384</InvoiceNumber>\r\n      <AmountDue>1.00</AmountDue>\r\n
        \     <AmountPaid>0.00</AmountPaid>\r\n      <SentToContact>false</SentToContact>\r\n
        \     <CurrencyRate>1.000000</CurrencyRate>\r\n      <HasAttachments>false</HasAttachments>\r\n
        \   </Invoice>\r\n  </Invoices>\r\n</Response>"
    http_version: 
  recorded_at: Fri, 15 Feb 2013 11:23:24 GMT
- request:
    method: get
    uri: https://api.xero.com/api.xro/2.0/Contacts?where=Name%20==%20%22Existing%20Company%20Inc.%22
    body:
      encoding: US-ASCII
      string: ''
    headers:
      Charset:
      - utf-8
      Accept:
      - ! '*/*'
      User-Agent:
      - OAuth gem v0.4.7
      Authorization:
      - OAuth oauth_consumer_key="<XERO_CONSUMER_KEY>", oauth_nonce="2Y1sBWVtbRHKh4foybZUfwEEyG3FNn79icVA9eHGE",
        oauth_signature="av1W4NJ%2FOYqoErgg6jaYUmaNP9ZRXA3zNeFIhs4gvEv%2FRn7cEBKUR6%2BlEackFnk%2F9vEnG8EOUet4gA7aqUjUImxE%2B6juFQsOR2vQmaZz1nvvR7LjM%2FWDMZtMZgYlJkSMEClxIWrNZamnhsyAbTf9EcqLZ3zjpwBfiLqXjqsZ9IM%3D",
        oauth_signature_method="RSA-SHA1", oauth_timestamp="1360927404", oauth_token="<XERO_CONSUMER_KEY>",
        oauth_version="1.0"
  response:
    status:
      code: 200
      message: OK
    headers:
      Cache-Control:
      - private
      Content-Type:
      - text/xml; charset=utf-8
      Server:
      - Microsoft-IIS/7.5
      X-Aspnetmvc-Version:
      - '2.0'
      Www-Authenticate:
      - OAuth Realm="api.xero.com"
      X-Aspnet-Version:
      - 4.0.30319
      X-Powered-By:
      - TeamXero
      X-S:
      - 445761-O1VMAP04
      Date:
      - Fri, 15 Feb 2013 11:23:19 GMT
      Content-Length:
      - '1194'
    body:
      encoding: US-ASCII
      string: ! "<Response xmlns:xsd=\"http://www.w3.org/2001/XMLSchema\" xmlns:xsi=\"http://www.w3.org/2001/XMLSchema-instance\">\r\n
        \ <Id>3da7204d-6e0e-4687-b5eb-206595499b03</Id>\r\n  <Status>OK</Status>\r\n
        \ <ProviderName>open-orgn-services</ProviderName>\r\n  <DateTimeUTC>2013-02-15T11:23:18.9913441Z</DateTimeUTC>\r\n
        \ <Contacts>\r\n    <Contact>\r\n      <ContactID>214814d5-64bb-409b-8000-764aa0da91df</ContactID>\r\n
        \     <ContactStatus>ACTIVE</ContactStatus>\r\n      <Name>Existing Company
        Inc.</Name>\r\n      <Addresses>\r\n        <Address>\r\n          <AddressType>POBOX</AddressType>\r\n
        \       </Address>\r\n        <Address>\r\n          <AddressType>STREET</AddressType>\r\n
        \       </Address>\r\n      </Addresses>\r\n      <Phones>\r\n        <Phone>\r\n
        \         <PhoneType>DDI</PhoneType>\r\n        </Phone>\r\n        <Phone>\r\n
        \         <PhoneType>DEFAULT</PhoneType>\r\n        </Phone>\r\n        <Phone>\r\n
        \         <PhoneType>FAX</PhoneType>\r\n        </Phone>\r\n        <Phone>\r\n
        \         <PhoneType>MOBILE</PhoneType>\r\n        </Phone>\r\n      </Phones>\r\n
        \     <UpdatedDateUTC>2013-02-12T08:29:03.76</UpdatedDateUTC>\r\n      <IsSupplier>false</IsSupplier>\r\n
        \     <IsCustomer>true</IsCustomer>\r\n    </Contact>\r\n  </Contacts>\r\n</Response>"
    http_version: 
  recorded_at: Fri, 15 Feb 2013 11:23:26 GMT
- request:
    method: get
    uri: https://api.xero.com/api.xro/2.0/Invoices?where=Contact.ContactID%20=%20GUID(%22214814d5-64bb-409b-8000-764aa0da91df%22)%20AND%20Status%20!=%20%22DELETED%22
    body:
      encoding: US-ASCII
      string: ''
    headers:
      Charset:
      - utf-8
      Accept:
      - ! '*/*'
      User-Agent:
      - OAuth gem v0.4.7
      Authorization:
      - OAuth oauth_consumer_key="<XERO_CONSUMER_KEY>", oauth_nonce="JPsAYoMTAbfuysE3D7qF97nzDRaCIoo1wHCvMIwEI4",
        oauth_signature="mK7wf7oH9GhVjZwORibBWod69sN%2FqadOOclxzF6gGfbaVIWH%2Fn7Br8%2BDGvoLcVbAGTG21Xi9%2FTes294VomP1jmAVrbTwYGYBByoZYPo8bPCA33teRu3dpzlVWLOlaeTFhk0zQsLWRk8He4Hk6EA2kKUBoeFCD0eN4YI6Srbmtqg%3D",
        oauth_signature_method="RSA-SHA1", oauth_timestamp="1360927406", oauth_token="<XERO_CONSUMER_KEY>",
        oauth_version="1.0"
  response:
    status:
      code: 200
      message: OK
    headers:
      Cache-Control:
      - private
      Content-Type:
      - text/xml; charset=utf-8
      Server:
      - Microsoft-IIS/7.5
      X-Aspnetmvc-Version:
      - '2.0'
      Www-Authenticate:
      - OAuth Realm="api.xero.com"
      X-Aspnet-Version:
      - 4.0.30319
      X-Powered-By:
      - TeamXero
      X-S:
      - 445761-O1VMAP04
      Date:
      - Fri, 15 Feb 2013 11:23:19 GMT
      Content-Length:
      - '1938'
    body:
      encoding: US-ASCII
      string: ! "<Response xmlns:xsd=\"http://www.w3.org/2001/XMLSchema\" xmlns:xsi=\"http://www.w3.org/2001/XMLSchema-instance\">\r\n
        \ <Id>cad2ee4f-33a0-4925-9ee0-f0b40c58fd2a</Id>\r\n  <Status>OK</Status>\r\n
        \ <ProviderName>open-orgn-services</ProviderName>\r\n  <DateTimeUTC>2013-02-15T11:23:19.9585627Z</DateTimeUTC>\r\n
        \ <Invoices>\r\n    <Invoice>\r\n      <Contact>\r\n        <ContactID>214814d5-64bb-409b-8000-764aa0da91df</ContactID>\r\n
        \       <Name>Existing Company Inc.</Name>\r\n      </Contact>\r\n      <Date>2013-02-15T00:00:00</Date>\r\n
        \     <DueDate>2013-03-10T00:00:00</DueDate>\r\n      <Status>DRAFT</Status>\r\n
        \     <LineAmountTypes>Exclusive</LineAmountTypes>\r\n      <SubTotal>2.00</SubTotal>\r\n
        \     <TotalTax>0.00</TotalTax>\r\n      <Total>2.00</Total>\r\n      <UpdatedDateUTC>2013-02-15T11:17:38.033</UpdatedDateUTC>\r\n
        \     <CurrencyCode>GBP</CurrencyCode>\r\n      <Type>ACCREC</Type>\r\n      <InvoiceID>1746463b-f39e-4e8e-a410-8b7cd54c6596</InvoiceID>\r\n
        \     <InvoiceNumber>INV-0378</InvoiceNumber>\r\n      <AmountDue>2.00</AmountDue>\r\n
        \     <AmountPaid>0.00</AmountPaid>\r\n      <HasAttachments>false</HasAttachments>\r\n
        \   </Invoice>\r\n    <Invoice>\r\n      <Contact>\r\n        <ContactID>214814d5-64bb-409b-8000-764aa0da91df</ContactID>\r\n
        \       <Name>Existing Company Inc.</Name>\r\n      </Contact>\r\n      <Date>2013-02-15T00:00:00</Date>\r\n
        \     <DueDate>2013-03-10T00:00:00</DueDate>\r\n      <Status>DRAFT</Status>\r\n
        \     <LineAmountTypes>Exclusive</LineAmountTypes>\r\n      <SubTotal>1.00</SubTotal>\r\n
        \     <TotalTax>0.00</TotalTax>\r\n      <Total>1.00</Total>\r\n      <UpdatedDateUTC>2013-02-15T11:23:17.68</UpdatedDateUTC>\r\n
        \     <CurrencyCode>GBP</CurrencyCode>\r\n      <Type>ACCREC</Type>\r\n      <InvoiceID>45cec4a9-98fa-4163-87a2-c05bd61566bc</InvoiceID>\r\n
        \     <InvoiceNumber>INV-0384</InvoiceNumber>\r\n      <AmountDue>1.00</AmountDue>\r\n
        \     <AmountPaid>0.00</AmountPaid>\r\n      <HasAttachments>false</HasAttachments>\r\n
        \   </Invoice>\r\n  </Invoices>\r\n</Response>"
    http_version: 
  recorded_at: Fri, 15 Feb 2013 11:23:26 GMT
- request:
    method: get
    uri: https://api.xero.com/api.xro/2.0/Invoices/45cec4a9-98fa-4163-87a2-c05bd61566bc
    body:
      encoding: US-ASCII
      string: ''
    headers:
      Charset:
      - utf-8
      Accept:
      - ! '*/*'
      User-Agent:
      - OAuth gem v0.4.7
      Authorization:
      - OAuth oauth_consumer_key="<XERO_CONSUMER_KEY>", oauth_nonce="ZpXFuwqbKABO7vhd6fTFG36fP1fruiqPMOh8xNSHRQ",
        oauth_signature="XK7BiwGTh3XBFqIOlN%2FSkfflle%2F3FTQHvFppc6Utr9irn%2BNVOYXSLj7xz3hfl9eagtMNImPZ4DPBqbQyOGMb8PN90SZiygaKaR8TUfNWPemfSywQtzpBQTfilHwfCCyxjw%2BfVCem7aDdzMMj1eZ2ywtNnTichz4Kxyh99A8zZ58%3D",
        oauth_signature_method="RSA-SHA1", oauth_timestamp="1360927406", oauth_token="<XERO_CONSUMER_KEY>",
        oauth_version="1.0"
  response:
    status:
      code: 200
      message: OK
    headers:
      Cache-Control:
      - private
      Content-Type:
      - text/xml; charset=utf-8
      Server:
      - Microsoft-IIS/7.5
      X-Aspnetmvc-Version:
      - '2.0'
      Www-Authenticate:
      - OAuth Realm="api.xero.com"
      X-Aspnet-Version:
      - 4.0.30319
      X-Powered-By:
      - TeamXero
      X-S:
      - 445761-O1VMAP04
      Date:
      - Fri, 15 Feb 2013 11:23:20 GMT
      Content-Length:
      - '2358'
    body:
      encoding: US-ASCII
      string: ! "<Response xmlns:xsd=\"http://www.w3.org/2001/XMLSchema\" xmlns:xsi=\"http://www.w3.org/2001/XMLSchema-instance\">\r\n
        \ <Id>d9b3219c-3c3b-4f38-bb14-664be8b505b0</Id>\r\n  <Status>OK</Status>\r\n
        \ <ProviderName>open-orgn-services</ProviderName>\r\n  <DateTimeUTC>2013-02-15T11:23:20.8477798Z</DateTimeUTC>\r\n
        \ <Invoices>\r\n    <Invoice>\r\n      <Contact>\r\n        <ContactID>214814d5-64bb-409b-8000-764aa0da91df</ContactID>\r\n
        \       <ContactStatus>ACTIVE</ContactStatus>\r\n        <Name>Existing Company
        Inc.</Name>\r\n        <Addresses>\r\n          <Address>\r\n            <AddressType>POBOX</AddressType>\r\n
        \         </Address>\r\n          <Address>\r\n            <AddressType>STREET</AddressType>\r\n
        \         </Address>\r\n        </Addresses>\r\n        <Phones>\r\n          <Phone>\r\n
        \           <PhoneType>DDI</PhoneType>\r\n          </Phone>\r\n          <Phone>\r\n
        \           <PhoneType>FAX</PhoneType>\r\n          </Phone>\r\n          <Phone>\r\n
        \           <PhoneType>DEFAULT</PhoneType>\r\n          </Phone>\r\n          <Phone>\r\n
        \           <PhoneType>MOBILE</PhoneType>\r\n          </Phone>\r\n        </Phones>\r\n
        \       <UpdatedDateUTC>2013-02-12T08:29:03.76</UpdatedDateUTC>\r\n        <IsSupplier>false</IsSupplier>\r\n
        \       <IsCustomer>true</IsCustomer>\r\n      </Contact>\r\n      <Date>2013-02-15T00:00:00</Date>\r\n
        \     <DueDate>2013-03-10T00:00:00</DueDate>\r\n      <Status>DRAFT</Status>\r\n
        \     <LineAmountTypes>Exclusive</LineAmountTypes>\r\n      <LineItems>\r\n
        \       <LineItem>\r\n          <Description>Registration for '[Test Event
        00] Drupal: Down the Rabbit Hole (2013-03-17)' for Bob Fish &lt;bob.fish@example.com&gt;
        ()</Description>\r\n          <UnitAmount>1.00</UnitAmount>\r\n          <LineAmount>1.00</LineAmount>\r\n
        \         <Quantity>1.0000</Quantity>\r\n        </LineItem>\r\n      </LineItems>\r\n
        \     <SubTotal>1.00</SubTotal>\r\n      <TotalTax>0.00</TotalTax>\r\n      <Total>1.00</Total>\r\n
        \     <UpdatedDateUTC>2013-02-15T11:23:17.68</UpdatedDateUTC>\r\n      <CurrencyCode>GBP</CurrencyCode>\r\n
        \     <Type>ACCREC</Type>\r\n      <InvoiceID>45cec4a9-98fa-4163-87a2-c05bd61566bc</InvoiceID>\r\n
        \     <InvoiceNumber>INV-0384</InvoiceNumber>\r\n      <AmountDue>1.00</AmountDue>\r\n
        \     <AmountPaid>0.00</AmountPaid>\r\n      <SentToContact>false</SentToContact>\r\n
        \     <CurrencyRate>1.000000</CurrencyRate>\r\n      <HasAttachments>false</HasAttachments>\r\n
        \   </Invoice>\r\n  </Invoices>\r\n</Response>"
    http_version: 
  recorded_at: Fri, 15 Feb 2013 11:23:27 GMT
- request:
    method: post
    uri: https://api.xero.com/api.xro/2.0/Invoices
    body:
      encoding: US-ASCII
      string: xml=%3CInvoice%3E%0A%20%20%3CInvoice%3E%0A%20%20%20%20%3CContactID%3E214814d5-64bb-409b-8000-764aa0da91df%3C%2FContactID%3E%0A%20%20%20%20%3CContactStatus%3EACTIVE%3C%2FContactStatus%3E%0A%20%20%20%20%3CName%3EExisting%20Company%20Inc.%3C%2FName%3E%0A%20%20%20%20%3CAddresses%3E%0A%20%20%20%20%20%20%3CAddress%3E%0A%20%20%20%20%20%20%20%20%3CAddressType%3EPOBOX%3C%2FAddressType%3E%0A%20%20%20%20%20%20%3C%2FAddress%3E%0A%20%20%20%20%20%20%3CAddress%3E%0A%20%20%20%20%20%20%20%20%3CAddressType%3ESTREET%3C%2FAddressType%3E%0A%20%20%20%20%20%20%3C%2FAddress%3E%0A%20%20%20%20%3C%2FAddresses%3E%0A%20%20%20%20%3CPhones%3E%0A%20%20%20%20%20%20%3CPhone%3E%0A%20%20%20%20%20%20%20%20%3CPhoneType%3EDDI%3C%2FPhoneType%3E%0A%20%20%20%20%20%20%3C%2FPhone%3E%0A%20%20%20%20%20%20%3CPhone%3E%0A%20%20%20%20%20%20%20%20%3CPhoneType%3EFAX%3C%2FPhoneType%3E%0A%20%20%20%20%20%20%3C%2FPhone%3E%0A%20%20%20%20%20%20%3CPhone%3E%0A%20%20%20%20%20%20%20%20%3CPhoneType%3EDEFAULT%3C%2FPhoneType%3E%0A%20%20%20%20%20%20%3C%2FPhone%3E%0A%20%20%20%20%20%20%3CPhone%3E%0A%20%20%20%20%20%20%20%20%3CPhoneType%3EMOBILE%3C%2FPhoneType%3E%0A%20%20%20%20%20%20%3C%2FPhone%3E%0A%20%20%20%20%3C%2FPhones%3E%0A%20%20%20%20%3CUpdatedDateUTC%3E2013-02-12T08%3A29%3A03%3C%2FUpdatedDateUTC%3E%0A%20%20%20%20%3CIsSupplier%3Efalse%3C%2FIsSupplier%3E%0A%20%20%20%20%3CIsCustomer%3Etrue%3C%2FIsCustomer%3E%0A%20%20%3C%2FInvoice%3E%0A%20%20%3CDate%3E2013-02-15%3C%2FDate%3E%0A%20%20%3CDueDate%3E2013-03-10%3C%2FDueDate%3E%0A%20%20%3CStatus%3EDELETED%3C%2FStatus%3E%0A%20%20%3CLineAmountTypes%3EExclusive%3C%2FLineAmountTypes%3E%0A%20%20%3CLineItems%3E%0A%20%20%20%20%3CLineItem%3E%0A%20%20%20%20%20%20%3CDescription%3ERegistration%20for%20%27%5BTest%20Event%2000%5D%20Drupal%3A%20Down%20the%20Rabbit%20Hole%20%282013-03-17%29%27%20for%20Bob%20Fish%20%26lt%3Bbob.fish%40example.com%26gt%3B%20%28%29%3C%2FDescription%3E%0A%20%20%20%20%20%20%3CUnitAmount%3E1.0%3C%2FUnitAmount%3E%0A%20%20%20%20%20%20%3CLineAmount%3E1.0%3C%2FLineAmount%3E%0A%20%20%20%20%20%20%3CQuantity%3E1.0%3C%2FQuantity%3E%0A%20%20%20%20%3C%2FLineItem%3E%0A%20%20%3C%2FLineItems%3E%0A%20%20%3CSubTotal%3E1.0%3C%2FSubTotal%3E%0A%20%20%3CTotalTax%3E0.0%3C%2FTotalTax%3E%0A%20%20%3CTotal%3E1.0%3C%2FTotal%3E%0A%20%20%3CUpdatedDateUTC%3E2013-02-15T11%3A23%3A17%3C%2FUpdatedDateUTC%3E%0A%20%20%3CCurrencyCode%3EGBP%3C%2FCurrencyCode%3E%0A%20%20%3CType%3EACCREC%3C%2FType%3E%0A%20%20%3CInvoiceID%3E45cec4a9-98fa-4163-87a2-c05bd61566bc%3C%2FInvoiceID%3E%0A%20%20%3CInvoiceNumber%3EINV-0384%3C%2FInvoiceNumber%3E%0A%20%20%3CAmountDue%3E1.0%3C%2FAmountDue%3E%0A%20%20%3CAmountPaid%3E0.0%3C%2FAmountPaid%3E%0A%20%20%3CSentToContact%3Efalse%3C%2FSentToContact%3E%0A%3C%2FInvoice%3E%0A
    headers:
      Charset:
      - utf-8
      Content-Type:
      - application/x-www-form-urlencoded
      Accept:
      - ! '*/*'
      User-Agent:
      - OAuth gem v0.4.7
      Content-Length:
      - '0'
      Authorization:
      - OAuth oauth_consumer_key="<XERO_CONSUMER_KEY>", oauth_nonce="cd9HuGcFwaGJ2jKkrSj1znPtltVMV8FvyimT3IqACA",
        oauth_signature="Y5hD5cZoU3bKjpIpvfFfXqoy043OslMoLbIJ60lXw1FWpOvR%2FrTjnppg0FoF6z8AaOWPP6%2B7Y1QYORNKzzwMmm6L3SXyC%2BLM8xbny%2Fc8nJ7yq43e0dgXG3AwjyFhNWLioIVngCfEf7YUE1yu%2FEdfMudJMC%2BkpY3nB8AXOxkUsHg%3D",
        oauth_signature_method="RSA-SHA1", oauth_timestamp="1360927407", oauth_token="<XERO_CONSUMER_KEY>",
        oauth_version="1.0"
  response:
    status:
      code: 200
      message: OK
    headers:
      Cache-Control:
      - private
      Content-Type:
      - text/xml; charset=utf-8
      Server:
      - Microsoft-IIS/7.5
      X-Aspnetmvc-Version:
      - '2.0'
      Www-Authenticate:
      - OAuth Realm="api.xero.com"
      X-Aspnet-Version:
      - 4.0.30319
      X-Powered-By:
      - TeamXero
      X-S:
      - 445761-O1VMAP04
      Date:
      - Fri, 15 Feb 2013 11:23:21 GMT
      Content-Length:
      - '2360'
    body:
      encoding: US-ASCII
      string: ! "<Response xmlns:xsd=\"http://www.w3.org/2001/XMLSchema\" xmlns:xsi=\"http://www.w3.org/2001/XMLSchema-instance\">\r\n
        \ <Id>a6835b0f-3249-4b81-a472-5d58feb7ecfb</Id>\r\n  <Status>OK</Status>\r\n
        \ <ProviderName>open-orgn-services</ProviderName>\r\n  <DateTimeUTC>2013-02-15T11:23:21.690196Z</DateTimeUTC>\r\n
        \ <Invoices>\r\n    <Invoice>\r\n      <Contact>\r\n        <ContactID>214814d5-64bb-409b-8000-764aa0da91df</ContactID>\r\n
        \       <ContactStatus>ACTIVE</ContactStatus>\r\n        <Name>Existing Company
        Inc.</Name>\r\n        <Addresses>\r\n          <Address>\r\n            <AddressType>POBOX</AddressType>\r\n
        \         </Address>\r\n          <Address>\r\n            <AddressType>STREET</AddressType>\r\n
        \         </Address>\r\n        </Addresses>\r\n        <Phones>\r\n          <Phone>\r\n
        \           <PhoneType>DDI</PhoneType>\r\n          </Phone>\r\n          <Phone>\r\n
        \           <PhoneType>FAX</PhoneType>\r\n          </Phone>\r\n          <Phone>\r\n
        \           <PhoneType>DEFAULT</PhoneType>\r\n          </Phone>\r\n          <Phone>\r\n
        \           <PhoneType>MOBILE</PhoneType>\r\n          </Phone>\r\n        </Phones>\r\n
        \       <UpdatedDateUTC>2013-02-12T08:29:03.76</UpdatedDateUTC>\r\n        <IsSupplier>false</IsSupplier>\r\n
        \       <IsCustomer>true</IsCustomer>\r\n      </Contact>\r\n      <Date>2013-02-15T00:00:00</Date>\r\n
        \     <DueDate>2013-03-10T00:00:00</DueDate>\r\n      <Status>DELETED</Status>\r\n
        \     <LineAmountTypes>Exclusive</LineAmountTypes>\r\n      <LineItems>\r\n
        \       <LineItem>\r\n          <Description>Registration for '[Test Event
        00] Drupal: Down the Rabbit Hole (2013-03-17)' for Bob Fish &lt;bob.fish@example.com&gt;
        ()</Description>\r\n          <UnitAmount>1.00</UnitAmount>\r\n          <LineAmount>1.00</LineAmount>\r\n
        \         <Quantity>1.0000</Quantity>\r\n        </LineItem>\r\n      </LineItems>\r\n
        \     <SubTotal>1.00</SubTotal>\r\n      <TotalTax>0.00</TotalTax>\r\n      <Total>1.00</Total>\r\n
        \     <UpdatedDateUTC>2013-02-15T11:23:21.673</UpdatedDateUTC>\r\n      <CurrencyCode>GBP</CurrencyCode>\r\n
        \     <Type>ACCREC</Type>\r\n      <InvoiceID>45cec4a9-98fa-4163-87a2-c05bd61566bc</InvoiceID>\r\n
        \     <InvoiceNumber>INV-0384</InvoiceNumber>\r\n      <AmountDue>1.00</AmountDue>\r\n
        \     <AmountPaid>0.00</AmountPaid>\r\n      <SentToContact>false</SentToContact>\r\n
        \     <CurrencyRate>1.000000</CurrencyRate>\r\n      <HasAttachments>false</HasAttachments>\r\n
        \   </Invoice>\r\n  </Invoices>\r\n</Response>"
    http_version: 
  recorded_at: Fri, 15 Feb 2013 11:23:28 GMT
recorded_with: VCR 2.4.0
