---
http_interactions:
- request:
    method: get
    uri: https://api.xero.com/api.xro/2.0/Contacts?where=Name%20==%20%22Existing%20Company%20Inc.%22
    body:
      encoding: US-ASCII
      string: ''
    headers:
      Charset:
      - utf-8
      Accept:
      - ! '*/*'
      User-Agent:
      - OAuth gem v0.4.7
      Authorization:
      - OAuth oauth_consumer_key="<XERO_CONSUMER_KEY>", oauth_nonce="SE3DVCVY0DCnHfP2p6C8EsNzb7rYJ7Ul1FykpxPJI",
        oauth_signature="WQcTdu%2BaWuN191b0rGFbwsiXrXKmHxMHRqJMcQknKgk7a0qSWzL0yBYCQUAxmXMyXUMh%2Bcclt%2BlByvqDVv64g4U7ad7BUX9ys7ZJm1lHm92RUTGnRkI3gIwkEF%2BSMKOubxZzQBarU0%2F4jA5fdUHHo43h2Un5WiFdgfN%2BDEl%2F3Qs%3D",
        oauth_signature_method="RSA-SHA1", oauth_timestamp="1360928403", oauth_token="<XERO_CONSUMER_KEY>",
        oauth_version="1.0"
  response:
    status:
      code: 200
      message: OK
    headers:
      Cache-Control:
      - private
      Content-Type:
      - text/xml; charset=utf-8
      Server:
      - Microsoft-IIS/7.5
      X-Aspnetmvc-Version:
      - '2.0'
      Www-Authenticate:
      - OAuth Realm="api.xero.com"
      X-Aspnet-Version:
      - 4.0.30319
      X-Powered-By:
      - TeamXero
      X-S:
      - 445758-O1VMAP01
      Date:
      - Fri, 15 Feb 2013 11:39:56 GMT
      Content-Length:
      - '1194'
    body:
      encoding: US-ASCII
      string: ! "<Response xmlns:xsd=\"http://www.w3.org/2001/XMLSchema\" xmlns:xsi=\"http://www.w3.org/2001/XMLSchema-instance\">\r\n
        \ <Id>819f1f94-0732-4514-966e-91d38c60d71a</Id>\r\n  <Status>OK</Status>\r\n
        \ <ProviderName>open-orgn-services</ProviderName>\r\n  <DateTimeUTC>2013-02-15T11:39:56.7982187Z</DateTimeUTC>\r\n
        \ <Contacts>\r\n    <Contact>\r\n      <ContactID>214814d5-64bb-409b-8000-764aa0da91df</ContactID>\r\n
        \     <ContactStatus>ACTIVE</ContactStatus>\r\n      <Name>Existing Company
        Inc.</Name>\r\n      <Addresses>\r\n        <Address>\r\n          <AddressType>POBOX</AddressType>\r\n
        \       </Address>\r\n        <Address>\r\n          <AddressType>STREET</AddressType>\r\n
        \       </Address>\r\n      </Addresses>\r\n      <Phones>\r\n        <Phone>\r\n
        \         <PhoneType>DDI</PhoneType>\r\n        </Phone>\r\n        <Phone>\r\n
        \         <PhoneType>DEFAULT</PhoneType>\r\n        </Phone>\r\n        <Phone>\r\n
        \         <PhoneType>FAX</PhoneType>\r\n        </Phone>\r\n        <Phone>\r\n
        \         <PhoneType>MOBILE</PhoneType>\r\n        </Phone>\r\n      </Phones>\r\n
        \     <UpdatedDateUTC>2013-02-12T08:29:03.76</UpdatedDateUTC>\r\n      <IsSupplier>false</IsSupplier>\r\n
        \     <IsCustomer>true</IsCustomer>\r\n    </Contact>\r\n  </Contacts>\r\n</Response>"
    http_version: 
  recorded_at: Fri, 15 Feb 2013 11:40:04 GMT
- request:
    method: get
    uri: https://api.xero.com/api.xro/2.0/Contacts?where=Name%20==%20%22Existing%20Company%20Inc.%22
    body:
      encoding: US-ASCII
      string: ''
    headers:
      Charset:
      - utf-8
      Accept:
      - ! '*/*'
      User-Agent:
      - OAuth gem v0.4.7
      Authorization:
      - OAuth oauth_consumer_key="<XERO_CONSUMER_KEY>", oauth_nonce="e3OlzhXNOWwOFZcdzVKtJRgQkt5haj6ultVyIztc1s",
        oauth_signature="DSMr4RwfY3gscq18LaUEHoakPncLaO9jCTxZxIoiLJ7wJ9KDg87F6pNVcKVJoyx8wtGIfqZZDNiSQ46bMVs0%2BFi4XT51H2oLDELk14QiphgjC%2FAsrnWVSNSzZhxYyMbTNRyXWB1N1QfZ0klMAgNodljDZDFNOrrVOkFnuuOIYW8%3D",
        oauth_signature_method="RSA-SHA1", oauth_timestamp="1360928404", oauth_token="<XERO_CONSUMER_KEY>",
        oauth_version="1.0"
  response:
    status:
      code: 200
      message: OK
    headers:
      Cache-Control:
      - private
      Content-Type:
      - text/xml; charset=utf-8
      Server:
      - Microsoft-IIS/7.5
      X-Aspnetmvc-Version:
      - '2.0'
      Www-Authenticate:
      - OAuth Realm="api.xero.com"
      X-Aspnet-Version:
      - 4.0.30319
      X-Powered-By:
      - TeamXero
      X-S:
      - 445758-O1VMAP01
      Date:
      - Fri, 15 Feb 2013 11:39:56 GMT
      Content-Length:
      - '1194'
    body:
      encoding: US-ASCII
      string: ! "<Response xmlns:xsd=\"http://www.w3.org/2001/XMLSchema\" xmlns:xsi=\"http://www.w3.org/2001/XMLSchema-instance\">\r\n
        \ <Id>255e26c8-29e2-4fc6-8c34-6c99fb377812</Id>\r\n  <Status>OK</Status>\r\n
        \ <ProviderName>open-orgn-services</ProviderName>\r\n  <DateTimeUTC>2013-02-15T11:39:57.4846451Z</DateTimeUTC>\r\n
        \ <Contacts>\r\n    <Contact>\r\n      <ContactID>214814d5-64bb-409b-8000-764aa0da91df</ContactID>\r\n
        \     <ContactStatus>ACTIVE</ContactStatus>\r\n      <Name>Existing Company
        Inc.</Name>\r\n      <Addresses>\r\n        <Address>\r\n          <AddressType>POBOX</AddressType>\r\n
        \       </Address>\r\n        <Address>\r\n          <AddressType>STREET</AddressType>\r\n
        \       </Address>\r\n      </Addresses>\r\n      <Phones>\r\n        <Phone>\r\n
        \         <PhoneType>DDI</PhoneType>\r\n        </Phone>\r\n        <Phone>\r\n
        \         <PhoneType>DEFAULT</PhoneType>\r\n        </Phone>\r\n        <Phone>\r\n
        \         <PhoneType>FAX</PhoneType>\r\n        </Phone>\r\n        <Phone>\r\n
        \         <PhoneType>MOBILE</PhoneType>\r\n        </Phone>\r\n      </Phones>\r\n
        \     <UpdatedDateUTC>2013-02-12T08:29:03.76</UpdatedDateUTC>\r\n      <IsSupplier>false</IsSupplier>\r\n
        \     <IsCustomer>true</IsCustomer>\r\n    </Contact>\r\n  </Contacts>\r\n</Response>"
    http_version: 
  recorded_at: Fri, 15 Feb 2013 11:40:04 GMT
- request:
    method: get
    uri: https://api.xero.com/api.xro/2.0/Invoices?where=Contact.ContactID%20=%20GUID(%22214814d5-64bb-409b-8000-764aa0da91df%22)%20AND%20Status%20!=%20%22DELETED%22
    body:
      encoding: US-ASCII
      string: ''
    headers:
      Charset:
      - utf-8
      Accept:
      - ! '*/*'
      User-Agent:
      - OAuth gem v0.4.7
      Authorization:
      - OAuth oauth_consumer_key="<XERO_CONSUMER_KEY>", oauth_nonce="sFzYZDnNGquK0Ap0gP6GtMvBJdkuHi0HxgL35cKCQ",
        oauth_signature="QT6F6Trkz5GQ%2BRX9RiUJERmSvJuO2%2FO0UaFV8larsqVY%2B5NQ%2BxBbmnj8wWncSWMmnTX%2FyD03uoDuw%2FBDO8dUdHmqiy3ClODmqde4CcuyqmNWYDHEvQaC2A2MRPuZCVCAcT4usoP%2F7ubf%2BsOtcDL4MDiPeQsbYegm2GZZPTr272o%3D",
        oauth_signature_method="RSA-SHA1", oauth_timestamp="1360928404", oauth_token="<XERO_CONSUMER_KEY>",
        oauth_version="1.0"
  response:
    status:
      code: 200
      message: OK
    headers:
      Cache-Control:
      - private
      Content-Type:
      - text/xml; charset=utf-8
      Server:
      - Microsoft-IIS/7.5
      X-Aspnetmvc-Version:
      - '2.0'
      Www-Authenticate:
      - OAuth Realm="api.xero.com"
      X-Aspnet-Version:
      - 4.0.30319
      X-Powered-By:
      - TeamXero
      X-S:
      - 445758-O1VMAP01
      Date:
      - Fri, 15 Feb 2013 11:39:58 GMT
      Content-Length:
      - '1213'
    body:
      encoding: US-ASCII
      string: ! "<Response xmlns:xsd=\"http://www.w3.org/2001/XMLSchema\" xmlns:xsi=\"http://www.w3.org/2001/XMLSchema-instance\">\r\n
        \ <Id>b67bc4bb-66b1-4d5e-bf8c-3d9c89112e57</Id>\r\n  <Status>OK</Status>\r\n
        \ <ProviderName>open-orgn-services</ProviderName>\r\n  <DateTimeUTC>2013-02-15T11:39:58.8262967Z</DateTimeUTC>\r\n
        \ <Invoices>\r\n    <Invoice>\r\n      <Contact>\r\n        <ContactID>214814d5-64bb-409b-8000-764aa0da91df</ContactID>\r\n
        \       <Name>Existing Company Inc.</Name>\r\n      </Contact>\r\n      <Date>2013-02-15T00:00:00</Date>\r\n
        \     <DueDate>2013-02-22T00:00:00</DueDate>\r\n      <BrandingThemeID>5d4dd402-c851-497e-aae1-9ff265c0d15a</BrandingThemeID>\r\n
        \     <Status>DRAFT</Status>\r\n      <LineAmountTypes>Exclusive</LineAmountTypes>\r\n
        \     <SubTotal>1.00</SubTotal>\r\n      <TotalTax>0.20</TotalTax>\r\n      <Total>1.20</Total>\r\n
        \     <UpdatedDateUTC>2013-02-15T11:36:45.4</UpdatedDateUTC>\r\n      <CurrencyCode>GBP</CurrencyCode>\r\n
        \     <Type>ACCREC</Type>\r\n      <InvoiceID>6db9e7a7-c0e8-440d-b997-c0bf1e7c22c3</InvoiceID>\r\n
        \     <InvoiceNumber>INV-0395</InvoiceNumber>\r\n      <AmountDue>1.20</AmountDue>\r\n
        \     <AmountPaid>0.00</AmountPaid>\r\n      <HasAttachments>false</HasAttachments>\r\n
        \   </Invoice>\r\n  </Invoices>\r\n</Response>"
    http_version: 
  recorded_at: Fri, 15 Feb 2013 11:40:06 GMT
- request:
    method: get
    uri: https://api.xero.com/api.xro/2.0/Invoices/6db9e7a7-c0e8-440d-b997-c0bf1e7c22c3
    body:
      encoding: US-ASCII
      string: ''
    headers:
      Charset:
      - utf-8
      Accept:
      - ! '*/*'
      User-Agent:
      - OAuth gem v0.4.7
      Authorization:
      - OAuth oauth_consumer_key="<XERO_CONSUMER_KEY>", oauth_nonce="6CCksZXvkLaJiGA9E4TnjX7vJMNtDZXgbanYZ01Wmrw",
        oauth_signature="nN7qD7V7Uo9sQS9X%2BKCRjw9aC9gwc9xS9gzVGL5V3tnvbxVRrAOQcEHfiEpfHi6GAd6A5%2FADhKtyPAqRocbXEhRMhdTLTWhL%2F7eBo3Sw68hiphBThegS86rzRLdhVCohFIVa2GwM1LYxRyxwuxJ55lx5tOy0iQmKTQQ63CQB9DQ%3D",
        oauth_signature_method="RSA-SHA1", oauth_timestamp="1360928406", oauth_token="<XERO_CONSUMER_KEY>",
        oauth_version="1.0"
  response:
    status:
      code: 200
      message: OK
    headers:
      Cache-Control:
      - private
      Content-Type:
      - text/xml; charset=utf-8
      Server:
      - Microsoft-IIS/7.5
      X-Aspnetmvc-Version:
      - '2.0'
      Www-Authenticate:
      - OAuth Realm="api.xero.com"
      X-Aspnet-Version:
      - 4.0.30319
      X-Powered-By:
      - TeamXero
      X-S:
      - 445758-O1VMAP01
      Date:
      - Fri, 15 Feb 2013 11:39:58 GMT
      Content-Length:
      - '2398'
    body:
      encoding: US-ASCII
      string: ! "<Response xmlns:xsd=\"http://www.w3.org/2001/XMLSchema\" xmlns:xsi=\"http://www.w3.org/2001/XMLSchema-instance\">\r\n
        \ <Id>f33f0c0d-10b5-4a38-bf22-88f2ab6313ce</Id>\r\n  <Status>OK</Status>\r\n
        \ <ProviderName>open-orgn-services</ProviderName>\r\n  <DateTimeUTC>2013-02-15T11:39:59.5127231Z</DateTimeUTC>\r\n
        \ <Invoices>\r\n    <Invoice>\r\n      <Contact>\r\n        <ContactID>214814d5-64bb-409b-8000-764aa0da91df</ContactID>\r\n
        \       <ContactStatus>ACTIVE</ContactStatus>\r\n        <Name>Existing Company
        Inc.</Name>\r\n        <Addresses>\r\n          <Address>\r\n            <AddressType>POBOX</AddressType>\r\n
        \         </Address>\r\n          <Address>\r\n            <AddressType>STREET</AddressType>\r\n
        \         </Address>\r\n        </Addresses>\r\n        <Phones>\r\n          <Phone>\r\n
        \           <PhoneType>DDI</PhoneType>\r\n          </Phone>\r\n          <Phone>\r\n
        \           <PhoneType>FAX</PhoneType>\r\n          </Phone>\r\n          <Phone>\r\n
        \           <PhoneType>DEFAULT</PhoneType>\r\n          </Phone>\r\n          <Phone>\r\n
        \           <PhoneType>MOBILE</PhoneType>\r\n          </Phone>\r\n        </Phones>\r\n
        \       <UpdatedDateUTC>2013-02-12T08:29:03.76</UpdatedDateUTC>\r\n        <IsSupplier>false</IsSupplier>\r\n
        \       <IsCustomer>true</IsCustomer>\r\n      </Contact>\r\n      <Date>2013-02-15T00:00:00</Date>\r\n
        \     <DueDate>2013-02-22T00:00:00</DueDate>\r\n      <BrandingThemeID>5d4dd402-c851-497e-aae1-9ff265c0d15a</BrandingThemeID>\r\n
        \     <Status>DRAFT</Status>\r\n      <LineAmountTypes>Exclusive</LineAmountTypes>\r\n
        \     <LineItems>\r\n        <LineItem>\r\n          <Description>fdsfds</Description>\r\n
        \         <UnitAmount>1.00</UnitAmount>\r\n          <TaxType>OUTPUT2</TaxType>\r\n
        \         <TaxAmount>0.20</TaxAmount>\r\n          <LineAmount>1.00</LineAmount>\r\n
        \         <Quantity>1.0000</Quantity>\r\n        </LineItem>\r\n      </LineItems>\r\n
        \     <SubTotal>1.00</SubTotal>\r\n      <TotalTax>0.20</TotalTax>\r\n      <Total>1.20</Total>\r\n
        \     <UpdatedDateUTC>2013-02-15T11:36:45.4</UpdatedDateUTC>\r\n      <CurrencyCode>GBP</CurrencyCode>\r\n
        \     <Type>ACCREC</Type>\r\n      <InvoiceID>6db9e7a7-c0e8-440d-b997-c0bf1e7c22c3</InvoiceID>\r\n
        \     <InvoiceNumber>INV-0395</InvoiceNumber>\r\n      <AmountDue>1.20</AmountDue>\r\n
        \     <AmountPaid>0.00</AmountPaid>\r\n      <SentToContact>false</SentToContact>\r\n
        \     <CurrencyRate>1.000000</CurrencyRate>\r\n      <HasAttachments>false</HasAttachments>\r\n
        \   </Invoice>\r\n  </Invoices>\r\n</Response>"
    http_version: 
  recorded_at: Fri, 15 Feb 2013 11:40:06 GMT
- request:
    method: put
    uri: https://api.xero.com/api.xro/2.0/Invoices
    body:
      encoding: US-ASCII
      string: xml=%3CInvoice%3E%0A%20%20%3CType%3EACCREC%3C%2FType%3E%0A%20%20%3CContact%3E%0A%20%20%20%20%3CContactID%3E214814d5-64bb-409b-8000-764aa0da91df%3C%2FContactID%3E%0A%20%20%20%20%3CContactStatus%3EACTIVE%3C%2FContactStatus%3E%0A%20%20%20%20%3CName%3EExisting%20Company%20Inc.%3C%2FName%3E%0A%20%20%20%20%3CAddresses%3E%0A%20%20%20%20%20%20%3CAddress%3E%0A%20%20%20%20%20%20%20%20%3CAddressType%3EPOBOX%3C%2FAddressType%3E%0A%20%20%20%20%20%20%3C%2FAddress%3E%0A%20%20%20%20%20%20%3CAddress%3E%0A%20%20%20%20%20%20%20%20%3CAddressType%3ESTREET%3C%2FAddressType%3E%0A%20%20%20%20%20%20%3C%2FAddress%3E%0A%20%20%20%20%3C%2FAddresses%3E%0A%20%20%20%20%3CPhones%3E%0A%20%20%20%20%20%20%3CPhone%3E%0A%20%20%20%20%20%20%20%20%3CPhoneType%3EDDI%3C%2FPhoneType%3E%0A%20%20%20%20%20%20%3C%2FPhone%3E%0A%20%20%20%20%20%20%3CPhone%3E%0A%20%20%20%20%20%20%20%20%3CPhoneType%3EDEFAULT%3C%2FPhoneType%3E%0A%20%20%20%20%20%20%3C%2FPhone%3E%0A%20%20%20%20%20%20%3CPhone%3E%0A%20%20%20%20%20%20%20%20%3CPhoneType%3EFAX%3C%2FPhoneType%3E%0A%20%20%20%20%20%20%3C%2FPhone%3E%0A%20%20%20%20%20%20%3CPhone%3E%0A%20%20%20%20%20%20%20%20%3CPhoneType%3EMOBILE%3C%2FPhoneType%3E%0A%20%20%20%20%20%20%3C%2FPhone%3E%0A%20%20%20%20%3C%2FPhones%3E%0A%20%20%20%20%3CUpdatedDateUTC%3E2013-02-12T08%3A29%3A03%3C%2FUpdatedDateUTC%3E%0A%20%20%20%20%3CIsSupplier%3Efalse%3C%2FIsSupplier%3E%0A%20%20%20%20%3CIsCustomer%3Etrue%3C%2FIsCustomer%3E%0A%20%20%3C%2FContact%3E%0A%20%20%3CDueDate%3E2013-03-10%3C%2FDueDate%3E%0A%20%20%3CStatus%3EDRAFT%3C%2FStatus%3E%0A%20%20%3CLineItems%3E%0A%20%20%20%20%3CLineItem%3E%0A%20%20%20%20%20%20%3CDescription%3ERegistration%20for%20%27%5BTest%20Event%2000%5D%20Drupal%3A%20Down%20the%20Rabbit%20Hole%20%282013-03-17%29%27%20for%20Bob%20Fish%20%26lt%3Bbob.fish%40example.com%26gt%3B%20%28%29%3C%2FDescription%3E%0A%20%20%20%20%20%20%3CQuantity%3E2%3C%2FQuantity%3E%0A%20%20%20%20%20%20%3CUnitAmount%3E1.0%3C%2FUnitAmount%3E%0A%20%20%20%20%20%20%3CTaxType%3EOUTPUT2%3C%2FTaxType%3E%0A%20%20%20%20%3C%2FLineItem%3E%0A%20%20%3C%2FLineItems%3E%0A%3C%2FInvoice%3E%0A
    headers:
      Charset:
      - utf-8
      Content-Type:
      - application/x-www-form-urlencoded
      Accept:
      - ! '*/*'
      User-Agent:
      - OAuth gem v0.4.7
      Content-Length:
      - '0'
      Authorization:
      - OAuth oauth_consumer_key="<XERO_CONSUMER_KEY>", oauth_nonce="dqDq7uMy59XED4un5vMj8IzbqTyyI8jvTIOKpdMwo",
        oauth_signature="OsYJb4IbsVRcHUZkAxwl%2FT6DDugCABiNBe5heJfwEo2waCA3QAc3NyDQKycQ2J0Ttd77P2yy2WmU0l9bEptU%2Be2rO4nhrHtc1nJ1eqLC3mgJ05qtaPPoV3Wu88KNN2VAK%2FkNQPm0abLkm1GmBTYXLjGD6XBn4vtjUALTsrDfftk%3D",
        oauth_signature_method="RSA-SHA1", oauth_timestamp="1360928406", oauth_token="<XERO_CONSUMER_KEY>",
        oauth_version="1.0"
  response:
    status:
      code: 200
      message: OK
    headers:
      Cache-Control:
      - private
      Content-Type:
      - text/xml; charset=utf-8
      Server:
      - Microsoft-IIS/7.5
      X-Aspnetmvc-Version:
      - '2.0'
      Www-Authenticate:
      - OAuth Realm="api.xero.com"
      X-Aspnet-Version:
      - 4.0.30319
      X-Powered-By:
      - TeamXero
      X-S:
      - 445758-O1VMAP01
      Date:
      - Fri, 15 Feb 2013 11:40:00 GMT
      Content-Length:
      - '2436'
    body:
      encoding: US-ASCII
      string: ! "<Response xmlns:xsd=\"http://www.w3.org/2001/XMLSchema\" xmlns:xsi=\"http://www.w3.org/2001/XMLSchema-instance\">\r\n
        \ <Id>c4bf4970-0d89-4d57-8fe0-da498848b14c</Id>\r\n  <Status>OK</Status>\r\n
        \ <ProviderName>open-orgn-services</ProviderName>\r\n  <DateTimeUTC>2013-02-15T11:40:00.2927531Z</DateTimeUTC>\r\n
        \ <Invoices>\r\n    <Invoice>\r\n      <Contact>\r\n        <ContactID>214814d5-64bb-409b-8000-764aa0da91df</ContactID>\r\n
        \       <ContactStatus>ACTIVE</ContactStatus>\r\n        <Name>Existing Company
        Inc.</Name>\r\n        <Addresses>\r\n          <Address>\r\n            <AddressType>POBOX</AddressType>\r\n
        \         </Address>\r\n          <Address>\r\n            <AddressType>STREET</AddressType>\r\n
        \         </Address>\r\n        </Addresses>\r\n        <Phones>\r\n          <Phone>\r\n
        \           <PhoneType>DDI</PhoneType>\r\n          </Phone>\r\n          <Phone>\r\n
        \           <PhoneType>FAX</PhoneType>\r\n          </Phone>\r\n          <Phone>\r\n
        \           <PhoneType>DEFAULT</PhoneType>\r\n          </Phone>\r\n          <Phone>\r\n
        \           <PhoneType>MOBILE</PhoneType>\r\n          </Phone>\r\n        </Phones>\r\n
        \       <UpdatedDateUTC>2013-02-12T08:29:03.76</UpdatedDateUTC>\r\n        <IsSupplier>false</IsSupplier>\r\n
        \       <IsCustomer>true</IsCustomer>\r\n      </Contact>\r\n      <Date>2013-02-15T00:00:00</Date>\r\n
        \     <DueDate>2013-03-10T00:00:00</DueDate>\r\n      <Status>DRAFT</Status>\r\n
        \     <LineAmountTypes>Exclusive</LineAmountTypes>\r\n      <LineItems>\r\n
        \       <LineItem>\r\n          <Description>Registration for '[Test Event
        00] Drupal: Down the Rabbit Hole (2013-03-17)' for Bob Fish &lt;bob.fish@example.com&gt;
        ()</Description>\r\n          <UnitAmount>1.00</UnitAmount>\r\n          <TaxType>OUTPUT2</TaxType>\r\n
        \         <TaxAmount>0.40</TaxAmount>\r\n          <LineAmount>2.00</LineAmount>\r\n
        \         <Quantity>2.0000</Quantity>\r\n        </LineItem>\r\n      </LineItems>\r\n
        \     <SubTotal>2.00</SubTotal>\r\n      <TotalTax>0.40</TotalTax>\r\n      <Total>2.40</Total>\r\n
        \     <UpdatedDateUTC>2013-02-15T11:40:00.277</UpdatedDateUTC>\r\n      <CurrencyCode>GBP</CurrencyCode>\r\n
        \     <Type>ACCREC</Type>\r\n      <InvoiceID>840a768b-02cf-4dbf-ba5a-0e98169f5af3</InvoiceID>\r\n
        \     <InvoiceNumber>INV-0397</InvoiceNumber>\r\n      <AmountDue>2.40</AmountDue>\r\n
        \     <AmountPaid>0.00</AmountPaid>\r\n      <SentToContact>false</SentToContact>\r\n
        \     <CurrencyRate>1.000000</CurrencyRate>\r\n      <HasAttachments>false</HasAttachments>\r\n
        \   </Invoice>\r\n  </Invoices>\r\n</Response>"
    http_version: 
  recorded_at: Fri, 15 Feb 2013 11:40:07 GMT
- request:
    method: post
    uri: https://api.xero.com/api.xro/2.0/Invoices
    body:
      encoding: US-ASCII
      string: xml=%3CInvoice%3E%0A%20%20%3CInvoice%3E%0A%20%20%20%20%3CContactID%3E214814d5-64bb-409b-8000-764aa0da91df%3C%2FContactID%3E%0A%20%20%20%20%3CContactStatus%3EACTIVE%3C%2FContactStatus%3E%0A%20%20%20%20%3CName%3EExisting%20Company%20Inc.%3C%2FName%3E%0A%20%20%20%20%3CAddresses%3E%0A%20%20%20%20%20%20%3CAddress%3E%0A%20%20%20%20%20%20%20%20%3CAddressType%3EPOBOX%3C%2FAddressType%3E%0A%20%20%20%20%20%20%3C%2FAddress%3E%0A%20%20%20%20%20%20%3CAddress%3E%0A%20%20%20%20%20%20%20%20%3CAddressType%3ESTREET%3C%2FAddressType%3E%0A%20%20%20%20%20%20%3C%2FAddress%3E%0A%20%20%20%20%3C%2FAddresses%3E%0A%20%20%20%20%3CPhones%3E%0A%20%20%20%20%20%20%3CPhone%3E%0A%20%20%20%20%20%20%20%20%3CPhoneType%3EDDI%3C%2FPhoneType%3E%0A%20%20%20%20%20%20%3C%2FPhone%3E%0A%20%20%20%20%20%20%3CPhone%3E%0A%20%20%20%20%20%20%20%20%3CPhoneType%3EFAX%3C%2FPhoneType%3E%0A%20%20%20%20%20%20%3C%2FPhone%3E%0A%20%20%20%20%20%20%3CPhone%3E%0A%20%20%20%20%20%20%20%20%3CPhoneType%3EDEFAULT%3C%2FPhoneType%3E%0A%20%20%20%20%20%20%3C%2FPhone%3E%0A%20%20%20%20%20%20%3CPhone%3E%0A%20%20%20%20%20%20%20%20%3CPhoneType%3EMOBILE%3C%2FPhoneType%3E%0A%20%20%20%20%20%20%3C%2FPhone%3E%0A%20%20%20%20%3C%2FPhones%3E%0A%20%20%20%20%3CUpdatedDateUTC%3E2013-02-12T08%3A29%3A03%3C%2FUpdatedDateUTC%3E%0A%20%20%20%20%3CIsSupplier%3Efalse%3C%2FIsSupplier%3E%0A%20%20%20%20%3CIsCustomer%3Etrue%3C%2FIsCustomer%3E%0A%20%20%3C%2FInvoice%3E%0A%20%20%3CDate%3E2013-02-15%3C%2FDate%3E%0A%20%20%3CDueDate%3E2013-03-10%3C%2FDueDate%3E%0A%20%20%3CStatus%3EDRAFT%3C%2FStatus%3E%0A%20%20%3CLineAmountTypes%3EExclusive%3C%2FLineAmountTypes%3E%0A%20%20%3CLineItems%3E%0A%20%20%20%20%3CLineItem%3E%0A%20%20%20%20%20%20%3CDescription%3ERegistration%20for%20%27%5BTest%20Event%2000%5D%20Drupal%3A%20Down%20the%20Rabbit%20Hole%20%282013-03-17%29%27%20for%20Bob%20Fish%20%26lt%3Bbob.fish%40example.com%26gt%3B%20%28%29%3C%2FDescription%3E%0A%20%20%20%20%20%20%3CUnitAmount%3E1.0%3C%2FUnitAmount%3E%0A%20%20%20%20%20%20%3CTaxType%3EOUTPUT2%3C%2FTaxType%3E%0A%20%20%20%20%20%20%3CTaxAmount%3E0.4%3C%2FTaxAmount%3E%0A%20%20%20%20%20%20%3CLineAmount%3E2.0%3C%2FLineAmount%3E%0A%20%20%20%20%20%20%3CQuantity%3E2.0%3C%2FQuantity%3E%0A%20%20%20%20%3C%2FLineItem%3E%0A%20%20%3C%2FLineItems%3E%0A%20%20%3CSubTotal%3E2.0%3C%2FSubTotal%3E%0A%20%20%3CTotalTax%3E0.4%3C%2FTotalTax%3E%0A%20%20%3CTotal%3E2.4%3C%2FTotal%3E%0A%20%20%3CUpdatedDateUTC%3E2013-02-15T11%3A40%3A00%3C%2FUpdatedDateUTC%3E%0A%20%20%3CCurrencyCode%3EGBP%3C%2FCurrencyCode%3E%0A%20%20%3CType%3EACCREC%3C%2FType%3E%0A%20%20%3CInvoiceID%3E840a768b-02cf-4dbf-ba5a-0e98169f5af3%3C%2FInvoiceID%3E%0A%20%20%3CInvoiceNumber%3EINV-0397%3C%2FInvoiceNumber%3E%0A%20%20%3CAmountDue%3E2.4%3C%2FAmountDue%3E%0A%20%20%3CAmountPaid%3E0.0%3C%2FAmountPaid%3E%0A%20%20%3CSentToContact%3Efalse%3C%2FSentToContact%3E%0A%3C%2FInvoice%3E%0A
    headers:
      Charset:
      - utf-8
      Content-Type:
      - application/x-www-form-urlencoded
      Accept:
      - ! '*/*'
      User-Agent:
      - OAuth gem v0.4.7
      Content-Length:
      - '0'
      Authorization:
      - OAuth oauth_consumer_key="<XERO_CONSUMER_KEY>", oauth_nonce="geH5qtUrdZUbTZtSQr4Jfq0Ey4EGQCVXbQvqUp7rU",
        oauth_signature="qjR5K0dXHAjjyYKZ31DZqpfwV4yToqEsS%2BgFzgc1U27tgMDrPvkydcJwl%2BrDRf%2FDPtQRfyk0pgU3lhZmtl%2FTP2RnonI%2FuVsX1YriuUq%2BtX7h1%2FphVewIW94XzQuhZF%2BcJeKf2ebqyNlSBW%2BL%2FZKzhHjo%2BdiWc2PNVedT94AOGW4%3D",
        oauth_signature_method="RSA-SHA1", oauth_timestamp="1360928407", oauth_token="<XERO_CONSUMER_KEY>",
        oauth_version="1.0"
  response:
    status:
      code: 200
      message: OK
    headers:
      Cache-Control:
      - private
      Content-Type:
      - text/xml; charset=utf-8
      Server:
      - Microsoft-IIS/7.5
      X-Aspnetmvc-Version:
      - '2.0'
      Www-Authenticate:
      - OAuth Realm="api.xero.com"
      X-Aspnet-Version:
      - 4.0.30319
      X-Powered-By:
      - TeamXero
      X-S:
      - 445758-O1VMAP01
      Date:
      - Fri, 15 Feb 2013 11:40:00 GMT
      Content-Length:
      - '2598'
    body:
      encoding: US-ASCII
      string: ! "<Response xmlns:xsd=\"http://www.w3.org/2001/XMLSchema\" xmlns:xsi=\"http://www.w3.org/2001/XMLSchema-instance\">\r\n
        \ <Id>1380c716-b41f-4025-8b04-08dab2a30ae7</Id>\r\n  <Status>OK</Status>\r\n
        \ <ProviderName>open-orgn-services</ProviderName>\r\n  <DateTimeUTC>2013-02-15T11:40:01.0571825Z</DateTimeUTC>\r\n
        \ <Invoices>\r\n    <Invoice>\r\n      <Warnings>\r\n        <Warning>\r\n
        \         <Message>Only AUTHORISED invoices may have SentToContact updated.</Message>\r\n
        \       </Warning>\r\n      </Warnings>\r\n      <Contact>\r\n        <ContactID>214814d5-64bb-409b-8000-764aa0da91df</ContactID>\r\n
        \       <ContactStatus>ACTIVE</ContactStatus>\r\n        <Name>Existing Company
        Inc.</Name>\r\n        <Addresses>\r\n          <Address>\r\n            <AddressType>POBOX</AddressType>\r\n
        \         </Address>\r\n          <Address>\r\n            <AddressType>STREET</AddressType>\r\n
        \         </Address>\r\n        </Addresses>\r\n        <Phones>\r\n          <Phone>\r\n
        \           <PhoneType>DDI</PhoneType>\r\n          </Phone>\r\n          <Phone>\r\n
        \           <PhoneType>FAX</PhoneType>\r\n          </Phone>\r\n          <Phone>\r\n
        \           <PhoneType>DEFAULT</PhoneType>\r\n          </Phone>\r\n          <Phone>\r\n
        \           <PhoneType>MOBILE</PhoneType>\r\n          </Phone>\r\n        </Phones>\r\n
        \       <UpdatedDateUTC>2013-02-12T08:29:03.76</UpdatedDateUTC>\r\n        <IsSupplier>false</IsSupplier>\r\n
        \       <IsCustomer>true</IsCustomer>\r\n      </Contact>\r\n      <Date>2013-02-15T00:00:00</Date>\r\n
        \     <DueDate>2013-03-10T00:00:00</DueDate>\r\n      <Status>DRAFT</Status>\r\n
        \     <LineAmountTypes>Exclusive</LineAmountTypes>\r\n      <LineItems>\r\n
        \       <LineItem>\r\n          <Description>Registration for '[Test Event
        00] Drupal: Down the Rabbit Hole (2013-03-17)' for Bob Fish &lt;bob.fish@example.com&gt;
        ()</Description>\r\n          <UnitAmount>1.00</UnitAmount>\r\n          <TaxType>OUTPUT2</TaxType>\r\n
        \         <TaxAmount>0.40</TaxAmount>\r\n          <LineAmount>2.00</LineAmount>\r\n
        \         <Quantity>2.0000</Quantity>\r\n        </LineItem>\r\n      </LineItems>\r\n
        \     <SubTotal>2.00</SubTotal>\r\n      <TotalTax>0.40</TotalTax>\r\n      <Total>2.40</Total>\r\n
        \     <UpdatedDateUTC>2013-02-15T11:40:01.04</UpdatedDateUTC>\r\n      <CurrencyCode>GBP</CurrencyCode>\r\n
        \     <Type>ACCREC</Type>\r\n      <InvoiceID>840a768b-02cf-4dbf-ba5a-0e98169f5af3</InvoiceID>\r\n
        \     <InvoiceNumber>INV-0397</InvoiceNumber>\r\n      <AmountDue>2.40</AmountDue>\r\n
        \     <AmountPaid>0.00</AmountPaid>\r\n      <SentToContact>false</SentToContact>\r\n
        \     <CurrencyRate>1.000000</CurrencyRate>\r\n      <HasAttachments>false</HasAttachments>\r\n
        \   </Invoice>\r\n  </Invoices>\r\n</Response>"
    http_version: 
  recorded_at: Fri, 15 Feb 2013 11:40:08 GMT
- request:
    method: get
    uri: https://api.xero.com/api.xro/2.0/Contacts?where=Name%20==%20%22Existing%20Company%20Inc.%22
    body:
      encoding: US-ASCII
      string: ''
    headers:
      Charset:
      - utf-8
      Accept:
      - ! '*/*'
      User-Agent:
      - OAuth gem v0.4.7
      Authorization:
      - OAuth oauth_consumer_key="<XERO_CONSUMER_KEY>", oauth_nonce="eZ8FVR2L3B1vboPZnDAUoly7gA7XBwvl8CdmQPfK77c",
        oauth_signature="PFBiHRtR633kh798UlrRyV%2Fd%2BJbUWocIF7s%2BVSWKlv%2BorOS4AAZmnKj9J3LiNKSPUHkvCkiKKe7%2BO5fTvEQLfX4ryGwwoJ9lcbleqneH13S5KKJutcw5XwsTrYWZjCn8YnhXkMRm29yYyVGnlZmjyvi0igJ41pb8YCAFYzoGd8A%3D",
        oauth_signature_method="RSA-SHA1", oauth_timestamp="1360928408", oauth_token="<XERO_CONSUMER_KEY>",
        oauth_version="1.0"
  response:
    status:
      code: 200
      message: OK
    headers:
      Cache-Control:
      - private
      Content-Type:
      - text/xml; charset=utf-8
      Server:
      - Microsoft-IIS/7.5
      X-Aspnetmvc-Version:
      - '2.0'
      Www-Authenticate:
      - OAuth Realm="api.xero.com"
      X-Aspnet-Version:
      - 4.0.30319
      X-Powered-By:
      - TeamXero
      X-S:
      - 445758-O1VMAP01
      Date:
      - Fri, 15 Feb 2013 11:40:01 GMT
      Content-Length:
      - '1194'
    body:
      encoding: US-ASCII
      string: ! "<Response xmlns:xsd=\"http://www.w3.org/2001/XMLSchema\" xmlns:xsi=\"http://www.w3.org/2001/XMLSchema-instance\">\r\n
        \ <Id>14f16a54-8d1f-438f-be6a-2e282c091db7</Id>\r\n  <Status>OK</Status>\r\n
        \ <ProviderName>open-orgn-services</ProviderName>\r\n  <DateTimeUTC>2013-02-15T11:40:01.8060113Z</DateTimeUTC>\r\n
        \ <Contacts>\r\n    <Contact>\r\n      <ContactID>214814d5-64bb-409b-8000-764aa0da91df</ContactID>\r\n
        \     <ContactStatus>ACTIVE</ContactStatus>\r\n      <Name>Existing Company
        Inc.</Name>\r\n      <Addresses>\r\n        <Address>\r\n          <AddressType>POBOX</AddressType>\r\n
        \       </Address>\r\n        <Address>\r\n          <AddressType>STREET</AddressType>\r\n
        \       </Address>\r\n      </Addresses>\r\n      <Phones>\r\n        <Phone>\r\n
        \         <PhoneType>DDI</PhoneType>\r\n        </Phone>\r\n        <Phone>\r\n
        \         <PhoneType>DEFAULT</PhoneType>\r\n        </Phone>\r\n        <Phone>\r\n
        \         <PhoneType>FAX</PhoneType>\r\n        </Phone>\r\n        <Phone>\r\n
        \         <PhoneType>MOBILE</PhoneType>\r\n        </Phone>\r\n      </Phones>\r\n
        \     <UpdatedDateUTC>2013-02-12T08:29:03.76</UpdatedDateUTC>\r\n      <IsSupplier>false</IsSupplier>\r\n
        \     <IsCustomer>true</IsCustomer>\r\n    </Contact>\r\n  </Contacts>\r\n</Response>"
    http_version: 
  recorded_at: Fri, 15 Feb 2013 11:40:09 GMT
- request:
    method: get
    uri: https://api.xero.com/api.xro/2.0/Invoices?where=Contact.ContactID%20=%20GUID(%22214814d5-64bb-409b-8000-764aa0da91df%22)%20AND%20Status%20!=%20%22DELETED%22
    body:
      encoding: US-ASCII
      string: ''
    headers:
      Charset:
      - utf-8
      Accept:
      - ! '*/*'
      User-Agent:
      - OAuth gem v0.4.7
      Authorization:
      - OAuth oauth_consumer_key="<XERO_CONSUMER_KEY>", oauth_nonce="TEakxBySYKGXJDmUU22H5d6A0ltc6Tts8gehKZbbs",
        oauth_signature="noWn%2F5CG1iJSuaH43M1Vk%2FI4dsS7%2BFx8bpy%2FPwzg%2BaxYAKrNLgBWR%2BbzQDX%2BCQDv%2B9%2Fl9efj%2BUcvWCM8bDpiof5TOtKVOilzEKs1eXHHO3WelbPIm%2BGhzjaNn%2BcHrxzcyMn2Gg%2BXPrFWThD9V4BwIHg3Le7jNcC%2FH9Gir944aAg%3D",
        oauth_signature_method="RSA-SHA1", oauth_timestamp="1360928409", oauth_token="<XERO_CONSUMER_KEY>",
        oauth_version="1.0"
  response:
    status:
      code: 200
      message: OK
    headers:
      Cache-Control:
      - private
      Content-Type:
      - text/xml; charset=utf-8
      Server:
      - Microsoft-IIS/7.5
      X-Aspnetmvc-Version:
      - '2.0'
      Www-Authenticate:
      - OAuth Realm="api.xero.com"
      X-Aspnet-Version:
      - 4.0.30319
      X-Powered-By:
      - TeamXero
      X-S:
      - 445758-O1VMAP01
      Date:
      - Fri, 15 Feb 2013 11:40:02 GMT
      Content-Length:
      - '2015'
    body:
      encoding: US-ASCII
      string: ! "<Response xmlns:xsd=\"http://www.w3.org/2001/XMLSchema\" xmlns:xsi=\"http://www.w3.org/2001/XMLSchema-instance\">\r\n
        \ <Id>18a81688-6ff6-4970-a698-11c1db699bfc</Id>\r\n  <Status>OK</Status>\r\n
        \ <ProviderName>open-orgn-services</ProviderName>\r\n  <DateTimeUTC>2013-02-15T11:40:02.6640443Z</DateTimeUTC>\r\n
        \ <Invoices>\r\n    <Invoice>\r\n      <Contact>\r\n        <ContactID>214814d5-64bb-409b-8000-764aa0da91df</ContactID>\r\n
        \       <Name>Existing Company Inc.</Name>\r\n      </Contact>\r\n      <Date>2013-02-15T00:00:00</Date>\r\n
        \     <DueDate>2013-02-22T00:00:00</DueDate>\r\n      <BrandingThemeID>5d4dd402-c851-497e-aae1-9ff265c0d15a</BrandingThemeID>\r\n
        \     <Status>DRAFT</Status>\r\n      <LineAmountTypes>Exclusive</LineAmountTypes>\r\n
        \     <SubTotal>1.00</SubTotal>\r\n      <TotalTax>0.20</TotalTax>\r\n      <Total>1.20</Total>\r\n
        \     <UpdatedDateUTC>2013-02-15T11:36:45.4</UpdatedDateUTC>\r\n      <CurrencyCode>GBP</CurrencyCode>\r\n
        \     <Type>ACCREC</Type>\r\n      <InvoiceID>6db9e7a7-c0e8-440d-b997-c0bf1e7c22c3</InvoiceID>\r\n
        \     <InvoiceNumber>INV-0395</InvoiceNumber>\r\n      <AmountDue>1.20</AmountDue>\r\n
        \     <AmountPaid>0.00</AmountPaid>\r\n      <HasAttachments>false</HasAttachments>\r\n
        \   </Invoice>\r\n    <Invoice>\r\n      <Contact>\r\n        <ContactID>214814d5-64bb-409b-8000-764aa0da91df</ContactID>\r\n
        \       <Name>Existing Company Inc.</Name>\r\n      </Contact>\r\n      <Date>2013-02-15T00:00:00</Date>\r\n
        \     <DueDate>2013-03-10T00:00:00</DueDate>\r\n      <Status>DRAFT</Status>\r\n
        \     <LineAmountTypes>Exclusive</LineAmountTypes>\r\n      <SubTotal>2.00</SubTotal>\r\n
        \     <TotalTax>0.40</TotalTax>\r\n      <Total>2.40</Total>\r\n      <UpdatedDateUTC>2013-02-15T11:40:01.04</UpdatedDateUTC>\r\n
        \     <CurrencyCode>GBP</CurrencyCode>\r\n      <Type>ACCREC</Type>\r\n      <InvoiceID>840a768b-02cf-4dbf-ba5a-0e98169f5af3</InvoiceID>\r\n
        \     <InvoiceNumber>INV-0397</InvoiceNumber>\r\n      <AmountDue>2.40</AmountDue>\r\n
        \     <AmountPaid>0.00</AmountPaid>\r\n      <HasAttachments>false</HasAttachments>\r\n
        \   </Invoice>\r\n  </Invoices>\r\n</Response>"
    http_version: 
  recorded_at: Fri, 15 Feb 2013 11:40:10 GMT
- request:
    method: get
    uri: https://api.xero.com/api.xro/2.0/Invoices/840a768b-02cf-4dbf-ba5a-0e98169f5af3
    body:
      encoding: US-ASCII
      string: ''
    headers:
      Charset:
      - utf-8
      Accept:
      - ! '*/*'
      User-Agent:
      - OAuth gem v0.4.7
      Authorization:
      - OAuth oauth_consumer_key="<XERO_CONSUMER_KEY>", oauth_nonce="4D9IWoLvLXE7QYxrRxvY7vzQvASL5MhuvtBYORO3Mmc",
        oauth_signature="KDcDnkK12GvQn%2BoQ9rmJWBFqsiPRMtwxLVcsqc7ozE67MtAQTIZ3ioYId0bwqyS5KTqHrCZ2nGry9%2BPqoYKEjSpIISgK0GbBJSq8gy0JJ2Dcls9Z6l4R%2FFkNlcbhoj6kgvnQQaVT0UHRJZZRCJt8zEqf6dii07R3j5DJK3toeiY%3D",
        oauth_signature_method="RSA-SHA1", oauth_timestamp="1360928410", oauth_token="<XERO_CONSUMER_KEY>",
        oauth_version="1.0"
  response:
    status:
      code: 200
      message: OK
    headers:
      Cache-Control:
      - private
      Content-Type:
      - text/xml; charset=utf-8
      Server:
      - Microsoft-IIS/7.5
      X-Aspnetmvc-Version:
      - '2.0'
      Www-Authenticate:
      - OAuth Realm="api.xero.com"
      X-Aspnet-Version:
      - 4.0.30319
      X-Powered-By:
      - TeamXero
      X-S:
      - 445758-O1VMAP01
      Date:
      - Fri, 15 Feb 2013 11:40:02 GMT
      Content-Length:
      - '2435'
    body:
      encoding: US-ASCII
      string: ! "<Response xmlns:xsd=\"http://www.w3.org/2001/XMLSchema\" xmlns:xsi=\"http://www.w3.org/2001/XMLSchema-instance\">\r\n
        \ <Id>26e24753-7d0e-44a8-a4d5-4544e7cf3fa3</Id>\r\n  <Status>OK</Status>\r\n
        \ <ProviderName>open-orgn-services</ProviderName>\r\n  <DateTimeUTC>2013-02-15T11:40:03.4440743Z</DateTimeUTC>\r\n
        \ <Invoices>\r\n    <Invoice>\r\n      <Contact>\r\n        <ContactID>214814d5-64bb-409b-8000-764aa0da91df</ContactID>\r\n
        \       <ContactStatus>ACTIVE</ContactStatus>\r\n        <Name>Existing Company
        Inc.</Name>\r\n        <Addresses>\r\n          <Address>\r\n            <AddressType>POBOX</AddressType>\r\n
        \         </Address>\r\n          <Address>\r\n            <AddressType>STREET</AddressType>\r\n
        \         </Address>\r\n        </Addresses>\r\n        <Phones>\r\n          <Phone>\r\n
        \           <PhoneType>DDI</PhoneType>\r\n          </Phone>\r\n          <Phone>\r\n
        \           <PhoneType>FAX</PhoneType>\r\n          </Phone>\r\n          <Phone>\r\n
        \           <PhoneType>DEFAULT</PhoneType>\r\n          </Phone>\r\n          <Phone>\r\n
        \           <PhoneType>MOBILE</PhoneType>\r\n          </Phone>\r\n        </Phones>\r\n
        \       <UpdatedDateUTC>2013-02-12T08:29:03.76</UpdatedDateUTC>\r\n        <IsSupplier>false</IsSupplier>\r\n
        \       <IsCustomer>true</IsCustomer>\r\n      </Contact>\r\n      <Date>2013-02-15T00:00:00</Date>\r\n
        \     <DueDate>2013-03-10T00:00:00</DueDate>\r\n      <Status>DRAFT</Status>\r\n
        \     <LineAmountTypes>Exclusive</LineAmountTypes>\r\n      <LineItems>\r\n
        \       <LineItem>\r\n          <Description>Registration for '[Test Event
        00] Drupal: Down the Rabbit Hole (2013-03-17)' for Bob Fish &lt;bob.fish@example.com&gt;
        ()</Description>\r\n          <UnitAmount>1.00</UnitAmount>\r\n          <TaxType>OUTPUT2</TaxType>\r\n
        \         <TaxAmount>0.40</TaxAmount>\r\n          <LineAmount>2.00</LineAmount>\r\n
        \         <Quantity>2.0000</Quantity>\r\n        </LineItem>\r\n      </LineItems>\r\n
        \     <SubTotal>2.00</SubTotal>\r\n      <TotalTax>0.40</TotalTax>\r\n      <Total>2.40</Total>\r\n
        \     <UpdatedDateUTC>2013-02-15T11:40:01.04</UpdatedDateUTC>\r\n      <CurrencyCode>GBP</CurrencyCode>\r\n
        \     <Type>ACCREC</Type>\r\n      <InvoiceID>840a768b-02cf-4dbf-ba5a-0e98169f5af3</InvoiceID>\r\n
        \     <InvoiceNumber>INV-0397</InvoiceNumber>\r\n      <AmountDue>2.40</AmountDue>\r\n
        \     <AmountPaid>0.00</AmountPaid>\r\n      <SentToContact>false</SentToContact>\r\n
        \     <CurrencyRate>1.000000</CurrencyRate>\r\n      <HasAttachments>false</HasAttachments>\r\n
        \   </Invoice>\r\n  </Invoices>\r\n</Response>"
    http_version: 
  recorded_at: Fri, 15 Feb 2013 11:40:10 GMT
- request:
    method: post
    uri: https://api.xero.com/api.xro/2.0/Invoices
    body:
      encoding: US-ASCII
      string: xml=%3CInvoice%3E%0A%20%20%3CInvoice%3E%0A%20%20%20%20%3CContactID%3E214814d5-64bb-409b-8000-764aa0da91df%3C%2FContactID%3E%0A%20%20%20%20%3CContactStatus%3EACTIVE%3C%2FContactStatus%3E%0A%20%20%20%20%3CName%3EExisting%20Company%20Inc.%3C%2FName%3E%0A%20%20%20%20%3CAddresses%3E%0A%20%20%20%20%20%20%3CAddress%3E%0A%20%20%20%20%20%20%20%20%3CAddressType%3EPOBOX%3C%2FAddressType%3E%0A%20%20%20%20%20%20%3C%2FAddress%3E%0A%20%20%20%20%20%20%3CAddress%3E%0A%20%20%20%20%20%20%20%20%3CAddressType%3ESTREET%3C%2FAddressType%3E%0A%20%20%20%20%20%20%3C%2FAddress%3E%0A%20%20%20%20%3C%2FAddresses%3E%0A%20%20%20%20%3CPhones%3E%0A%20%20%20%20%20%20%3CPhone%3E%0A%20%20%20%20%20%20%20%20%3CPhoneType%3EDDI%3C%2FPhoneType%3E%0A%20%20%20%20%20%20%3C%2FPhone%3E%0A%20%20%20%20%20%20%3CPhone%3E%0A%20%20%20%20%20%20%20%20%3CPhoneType%3EFAX%3C%2FPhoneType%3E%0A%20%20%20%20%20%20%3C%2FPhone%3E%0A%20%20%20%20%20%20%3CPhone%3E%0A%20%20%20%20%20%20%20%20%3CPhoneType%3EDEFAULT%3C%2FPhoneType%3E%0A%20%20%20%20%20%20%3C%2FPhone%3E%0A%20%20%20%20%20%20%3CPhone%3E%0A%20%20%20%20%20%20%20%20%3CPhoneType%3EMOBILE%3C%2FPhoneType%3E%0A%20%20%20%20%20%20%3C%2FPhone%3E%0A%20%20%20%20%3C%2FPhones%3E%0A%20%20%20%20%3CUpdatedDateUTC%3E2013-02-12T08%3A29%3A03%3C%2FUpdatedDateUTC%3E%0A%20%20%20%20%3CIsSupplier%3Efalse%3C%2FIsSupplier%3E%0A%20%20%20%20%3CIsCustomer%3Etrue%3C%2FIsCustomer%3E%0A%20%20%3C%2FInvoice%3E%0A%20%20%3CDate%3E2013-02-15%3C%2FDate%3E%0A%20%20%3CDueDate%3E2013-03-10%3C%2FDueDate%3E%0A%20%20%3CStatus%3EDELETED%3C%2FStatus%3E%0A%20%20%3CLineAmountTypes%3EExclusive%3C%2FLineAmountTypes%3E%0A%20%20%3CLineItems%3E%0A%20%20%20%20%3CLineItem%3E%0A%20%20%20%20%20%20%3CDescription%3ERegistration%20for%20%27%5BTest%20Event%2000%5D%20Drupal%3A%20Down%20the%20Rabbit%20Hole%20%282013-03-17%29%27%20for%20Bob%20Fish%20%26lt%3Bbob.fish%40example.com%26gt%3B%20%28%29%3C%2FDescription%3E%0A%20%20%20%20%20%20%3CUnitAmount%3E1.0%3C%2FUnitAmount%3E%0A%20%20%20%20%20%20%3CTaxType%3EOUTPUT2%3C%2FTaxType%3E%0A%20%20%20%20%20%20%3CTaxAmount%3E0.4%3C%2FTaxAmount%3E%0A%20%20%20%20%20%20%3CLineAmount%3E2.0%3C%2FLineAmount%3E%0A%20%20%20%20%20%20%3CQuantity%3E2.0%3C%2FQuantity%3E%0A%20%20%20%20%3C%2FLineItem%3E%0A%20%20%3C%2FLineItems%3E%0A%20%20%3CSubTotal%3E2.0%3C%2FSubTotal%3E%0A%20%20%3CTotalTax%3E0.4%3C%2FTotalTax%3E%0A%20%20%3CTotal%3E2.4%3C%2FTotal%3E%0A%20%20%3CUpdatedDateUTC%3E2013-02-15T11%3A40%3A01%3C%2FUpdatedDateUTC%3E%0A%20%20%3CCurrencyCode%3EGBP%3C%2FCurrencyCode%3E%0A%20%20%3CType%3EACCREC%3C%2FType%3E%0A%20%20%3CInvoiceID%3E840a768b-02cf-4dbf-ba5a-0e98169f5af3%3C%2FInvoiceID%3E%0A%20%20%3CInvoiceNumber%3EINV-0397%3C%2FInvoiceNumber%3E%0A%20%20%3CAmountDue%3E2.4%3C%2FAmountDue%3E%0A%20%20%3CAmountPaid%3E0.0%3C%2FAmountPaid%3E%0A%20%20%3CSentToContact%3Efalse%3C%2FSentToContact%3E%0A%3C%2FInvoice%3E%0A
    headers:
      Charset:
      - utf-8
      Content-Type:
      - application/x-www-form-urlencoded
      Accept:
      - ! '*/*'
      User-Agent:
      - OAuth gem v0.4.7
      Content-Length:
      - '0'
      Authorization:
      - OAuth oauth_consumer_key="<XERO_CONSUMER_KEY>", oauth_nonce="XU2vEm5eBQVo3VVbNfE6Z28xhUVVSLyrxyNuJig568",
        oauth_signature="m1hgeSiIJrfhFNsQ4%2FDEgIRGoHzQgI%2FVOaJvRafMgoksppH%2BzoekZKoFqMX2sWHMFyKQtgwlvCQRFw9mpZP4pjk2cISusLHmx%2B3IFpAtXlZZ%2FPcPERv0EcDCB5FgD1uUr7nhaRpHqi2Vohqw9c8oSntP3JmSbjR1oVE9IbyiG6k%3D",
        oauth_signature_method="RSA-SHA1", oauth_timestamp="1360928410", oauth_token="<XERO_CONSUMER_KEY>",
        oauth_version="1.0"
  response:
    status:
      code: 200
      message: OK
    headers:
      Cache-Control:
      - private
      Content-Type:
      - text/xml; charset=utf-8
      Server:
      - Microsoft-IIS/7.5
      X-Aspnetmvc-Version:
      - '2.0'
      Www-Authenticate:
      - OAuth Realm="api.xero.com"
      X-Aspnet-Version:
      - 4.0.30319
      X-Powered-By:
      - TeamXero
      X-S:
      - 445758-O1VMAP01
      Date:
      - Fri, 15 Feb 2013 11:40:04 GMT
      Content-Length:
      - '2438'
    body:
      encoding: US-ASCII
      string: ! "<Response xmlns:xsd=\"http://www.w3.org/2001/XMLSchema\" xmlns:xsi=\"http://www.w3.org/2001/XMLSchema-instance\">\r\n
        \ <Id>c8cc33b8-6cf3-43ca-a947-d99afc1fd46f</Id>\r\n  <Status>OK</Status>\r\n
        \ <ProviderName>open-orgn-services</ProviderName>\r\n  <DateTimeUTC>2013-02-15T11:40:04.2085037Z</DateTimeUTC>\r\n
        \ <Invoices>\r\n    <Invoice>\r\n      <Contact>\r\n        <ContactID>214814d5-64bb-409b-8000-764aa0da91df</ContactID>\r\n
        \       <ContactStatus>ACTIVE</ContactStatus>\r\n        <Name>Existing Company
        Inc.</Name>\r\n        <Addresses>\r\n          <Address>\r\n            <AddressType>POBOX</AddressType>\r\n
        \         </Address>\r\n          <Address>\r\n            <AddressType>STREET</AddressType>\r\n
        \         </Address>\r\n        </Addresses>\r\n        <Phones>\r\n          <Phone>\r\n
        \           <PhoneType>DDI</PhoneType>\r\n          </Phone>\r\n          <Phone>\r\n
        \           <PhoneType>FAX</PhoneType>\r\n          </Phone>\r\n          <Phone>\r\n
        \           <PhoneType>DEFAULT</PhoneType>\r\n          </Phone>\r\n          <Phone>\r\n
        \           <PhoneType>MOBILE</PhoneType>\r\n          </Phone>\r\n        </Phones>\r\n
        \       <UpdatedDateUTC>2013-02-12T08:29:03.76</UpdatedDateUTC>\r\n        <IsSupplier>false</IsSupplier>\r\n
        \       <IsCustomer>true</IsCustomer>\r\n      </Contact>\r\n      <Date>2013-02-15T00:00:00</Date>\r\n
        \     <DueDate>2013-03-10T00:00:00</DueDate>\r\n      <Status>DELETED</Status>\r\n
        \     <LineAmountTypes>Exclusive</LineAmountTypes>\r\n      <LineItems>\r\n
        \       <LineItem>\r\n          <Description>Registration for '[Test Event
        00] Drupal: Down the Rabbit Hole (2013-03-17)' for Bob Fish &lt;bob.fish@example.com&gt;
        ()</Description>\r\n          <UnitAmount>1.00</UnitAmount>\r\n          <TaxType>OUTPUT2</TaxType>\r\n
        \         <TaxAmount>0.40</TaxAmount>\r\n          <LineAmount>2.00</LineAmount>\r\n
        \         <Quantity>2.0000</Quantity>\r\n        </LineItem>\r\n      </LineItems>\r\n
        \     <SubTotal>2.00</SubTotal>\r\n      <TotalTax>0.40</TotalTax>\r\n      <Total>2.40</Total>\r\n
        \     <UpdatedDateUTC>2013-02-15T11:40:04.193</UpdatedDateUTC>\r\n      <CurrencyCode>GBP</CurrencyCode>\r\n
        \     <Type>ACCREC</Type>\r\n      <InvoiceID>840a768b-02cf-4dbf-ba5a-0e98169f5af3</InvoiceID>\r\n
        \     <InvoiceNumber>INV-0397</InvoiceNumber>\r\n      <AmountDue>2.40</AmountDue>\r\n
        \     <AmountPaid>0.00</AmountPaid>\r\n      <SentToContact>false</SentToContact>\r\n
        \     <CurrencyRate>1.000000</CurrencyRate>\r\n      <HasAttachments>false</HasAttachments>\r\n
        \   </Invoice>\r\n  </Invoices>\r\n</Response>"
    http_version: 
  recorded_at: Fri, 15 Feb 2013 11:40:11 GMT
recorded_with: VCR 2.4.0
