---
http_interactions:
- request:
    method: put
    uri: https://api.xero.com/api.xro/2.0/Contacts
    body:
      encoding: US-ASCII
      string: xml=%3CContact%3E%0A%20%20%3CName%3EBob%20Fish%20%28bob.fish%40example.com%29%3C%2FName%3E%0A%3C%2FContact%3E%0A
    headers:
      Charset:
      - utf-8
      Content-Type:
      - application/x-www-form-urlencoded
      Accept:
      - ! '*/*'
      User-Agent:
      - OAuth gem v0.4.7
      Content-Length:
      - '0'
      Authorization:
      - OAuth oauth_consumer_key="<XERO_CONSUMER_KEY>", oauth_nonce="znk8SKB6oIx4G3y40wQUuXyvM7mI3iRiNTe1x4I4",
        oauth_signature="NBdvkK3LueubJEjDcTirJVVk%2BPCRGBTgHmL9JNA%2BgHcl6IWGe7Lq9AS%2BHQXJUA36zfKcm37tvO3ZrcaRVvhmIrRXox%2B9UEmnNHow4TSN4Uxs42qAHiiOUpdhHFaTOBs7sz7rLUi2hBpTRYuL3PUGQjz1WBT0ZbXYjT6%2BMswsmUU%3D",
        oauth_signature_method="RSA-SHA1", oauth_timestamp="1376576617", oauth_token="<XERO_CONSUMER_KEY>",
        oauth_version="1.0"
  response:
    status:
      code: 200
      message: OK
    headers:
      Cache-Control:
      - private
      Content-Type:
      - text/xml; charset=utf-8
      Www-Authenticate:
      - OAuth Realm="api.xero.com"
      X-S:
      - 445761-O1VMAP04
      Strict-Transport-Security:
      - max-age=31536000
      Date:
      - Thu, 15 Aug 2013 14:23:37 GMT
      Content-Length:
      - '1195'
    body:
      encoding: US-ASCII
      string: ! "<Response xmlns:xsd=\"http://www.w3.org/2001/XMLSchema\" xmlns:xsi=\"http://www.w3.org/2001/XMLSchema-instance\">\r\n
        \ <Id>82d474e7-0285-42ed-a80c-8c097e92745a</Id>\r\n  <Status>OK</Status>\r\n
        \ <ProviderName>Demo App</ProviderName>\r\n  <DateTimeUTC>2013-08-15T14:23:37.8399191Z</DateTimeUTC>\r\n
        \ <Contacts>\r\n    <Contact>\r\n      <ContactID>880f06e2-7b0b-45ec-a9d0-3a6fa38db95e</ContactID>\r\n
        \     <ContactStatus>ACTIVE</ContactStatus>\r\n      <Name>Bob Fish (bob.fish@example.com)</Name>\r\n
        \     <Addresses>\r\n        <Address>\r\n          <AddressType>POBOX</AddressType>\r\n
        \       </Address>\r\n        <Address>\r\n          <AddressType>STREET</AddressType>\r\n
        \       </Address>\r\n      </Addresses>\r\n      <Phones>\r\n        <Phone>\r\n
        \         <PhoneType>MOBILE</PhoneType>\r\n        </Phone>\r\n        <Phone>\r\n
        \         <PhoneType>FAX</PhoneType>\r\n        </Phone>\r\n        <Phone>\r\n
        \         <PhoneType>DEFAULT</PhoneType>\r\n        </Phone>\r\n        <Phone>\r\n
        \         <PhoneType>DDI</PhoneType>\r\n        </Phone>\r\n      </Phones>\r\n
        \     <UpdatedDateUTC>2013-08-15T14:23:37.81</UpdatedDateUTC>\r\n      <IsSupplier>false</IsSupplier>\r\n
        \     <IsCustomer>false</IsCustomer>\r\n    </Contact>\r\n  </Contacts>\r\n</Response>"
    http_version: 
  recorded_at: Thu, 15 Aug 2013 14:23:38 GMT
- request:
    method: get
    uri: https://api.xero.com/api.xro/2.0/Contacts?where=Name.ToLower()%20==%20%22bob%20fish%20(bob.fish@example.com)%22
    body:
      encoding: US-ASCII
      string: ''
    headers:
      Charset:
      - utf-8
      Accept:
      - ! '*/*'
      User-Agent:
      - OAuth gem v0.4.7
      Authorization:
      - OAuth oauth_consumer_key="<XERO_CONSUMER_KEY>", oauth_nonce="Jpnua1uK4EsrxWDYijpFdMdRpuw2EjQjBZ3B0AhdB0",
        oauth_signature="UIiopp%2BFXTHAKMfmebdDIueloKSlrtUoIm%2BLeDodeOzo2w7Yt7kQ8eWPDnnw2O2JlvURFowBEKfQlco%2FmLXyCtFn4vHHt9okMrw%2B6PljMpmmonYcgByFOMEuY9iWEMRyLBa%2Bm9bXu90dHhHsiM1qF2bW0hFParzPKnRrgScf8HU%3D",
        oauth_signature_method="RSA-SHA1", oauth_timestamp="1376576618", oauth_token="<XERO_CONSUMER_KEY>",
        oauth_version="1.0"
  response:
    status:
      code: 200
      message: OK
    headers:
      Cache-Control:
      - private
      Content-Type:
      - text/xml; charset=utf-8
      Www-Authenticate:
      - OAuth Realm="api.xero.com"
      X-S:
      - 445761-O1VMAP04
      Strict-Transport-Security:
      - max-age=31536000
      Date:
      - Thu, 15 Aug 2013 14:23:37 GMT
      Content-Length:
      - '1195'
    body:
      encoding: US-ASCII
      string: ! "<Response xmlns:xsd=\"http://www.w3.org/2001/XMLSchema\" xmlns:xsi=\"http://www.w3.org/2001/XMLSchema-instance\">\r\n
        \ <Id>89d76c5a-810e-4a7e-b1f7-73c027ccf582</Id>\r\n  <Status>OK</Status>\r\n
        \ <ProviderName>Demo App</ProviderName>\r\n  <DateTimeUTC>2013-08-15T14:23:38.5575191Z</DateTimeUTC>\r\n
        \ <Contacts>\r\n    <Contact>\r\n      <ContactID>880f06e2-7b0b-45ec-a9d0-3a6fa38db95e</ContactID>\r\n
        \     <ContactStatus>ACTIVE</ContactStatus>\r\n      <Name>Bob Fish (bob.fish@example.com)</Name>\r\n
        \     <Addresses>\r\n        <Address>\r\n          <AddressType>POBOX</AddressType>\r\n
        \       </Address>\r\n        <Address>\r\n          <AddressType>STREET</AddressType>\r\n
        \       </Address>\r\n      </Addresses>\r\n      <Phones>\r\n        <Phone>\r\n
        \         <PhoneType>DDI</PhoneType>\r\n        </Phone>\r\n        <Phone>\r\n
        \         <PhoneType>DEFAULT</PhoneType>\r\n        </Phone>\r\n        <Phone>\r\n
        \         <PhoneType>FAX</PhoneType>\r\n        </Phone>\r\n        <Phone>\r\n
        \         <PhoneType>MOBILE</PhoneType>\r\n        </Phone>\r\n      </Phones>\r\n
        \     <UpdatedDateUTC>2013-08-15T14:23:37.81</UpdatedDateUTC>\r\n      <IsSupplier>false</IsSupplier>\r\n
        \     <IsCustomer>false</IsCustomer>\r\n    </Contact>\r\n  </Contacts>\r\n</Response>"
    http_version: 
  recorded_at: Thu, 15 Aug 2013 14:23:38 GMT
- request:
    method: get
    uri: https://api.xero.com/api.xro/2.0/Invoices?where=Contact.ContactID%20=%20GUID(%22880f06e2-7b0b-45ec-a9d0-3a6fa38db95e%22)
    body:
      encoding: US-ASCII
      string: ''
    headers:
      Charset:
      - utf-8
      Accept:
      - ! '*/*'
      User-Agent:
      - OAuth gem v0.4.7
      Authorization:
      - OAuth oauth_consumer_key="<XERO_CONSUMER_KEY>", oauth_nonce="FV7ZXS0aExYcpbSBBkiHbLl9moNTaNtfPkXejVa7h0",
        oauth_signature="r04Iyre3aaXlefbrWe6%2BBfAwb2qg1Oydh4ZQpdnVzfykg%2FvYzJm0a0qFEZalucYDNYcpNf68i7tllV%2BMS8q%2BfdGlvDNhuMBSBzdsU5o7lvtsiDBtfP1FzsWIdn1NTkXPE0D1T6AIUwqqLOKe1zIFlig28FkNJEitqevLUraNVGc%3D",
        oauth_signature_method="RSA-SHA1", oauth_timestamp="1376576618", oauth_token="<XERO_CONSUMER_KEY>",
        oauth_version="1.0"
  response:
    status:
      code: 200
      message: OK
    headers:
      Cache-Control:
      - private
      Content-Type:
      - text/xml; charset=utf-8
      Www-Authenticate:
      - OAuth Realm="api.xero.com"
      X-S:
      - 445761-O1VMAP04
      Strict-Transport-Security:
      - max-age=31536000
      Date:
      - Thu, 15 Aug 2013 14:23:39 GMT
      Content-Length:
      - '294'
    body:
      encoding: US-ASCII
      string: ! "<Response xmlns:xsd=\"http://www.w3.org/2001/XMLSchema\" xmlns:xsi=\"http://www.w3.org/2001/XMLSchema-instance\">\r\n
        \ <Id>e1fd3b5a-5aee-487a-97f3-b41e87a184f9</Id>\r\n  <Status>OK</Status>\r\n
        \ <ProviderName>Demo App</ProviderName>\r\n  <DateTimeUTC>2013-08-15T14:23:39.3063191Z</DateTimeUTC>\r\n</Response>"
    http_version: 
  recorded_at: Thu, 15 Aug 2013 14:23:39 GMT
- request:
    method: put
    uri: https://api.xero.com/api.xro/2.0/Invoices
    body:
      encoding: US-ASCII
      string: xml=%3CInvoice%3E%0A%20%20%3CType%3EACCREC%3C%2FType%3E%0A%20%20%3CContact%3E%0A%20%20%20%20%3CContactID%3E880f06e2-7b0b-45ec-a9d0-3a6fa38db95e%3C%2FContactID%3E%0A%20%20%20%20%3CContactStatus%3EACTIVE%3C%2FContactStatus%3E%0A%20%20%20%20%3CName%3EBob%20Fish%20%28bob.fish%40example.com%29%3C%2FName%3E%0A%20%20%20%20%3CAddresses%3E%0A%20%20%20%20%20%20%3CAddress%3E%0A%20%20%20%20%20%20%20%20%3CAddressType%3EPOBOX%3C%2FAddressType%3E%0A%20%20%20%20%20%20%3C%2FAddress%3E%0A%20%20%20%20%20%20%3CAddress%3E%0A%20%20%20%20%20%20%20%20%3CAddressType%3ESTREET%3C%2FAddressType%3E%0A%20%20%20%20%20%20%3C%2FAddress%3E%0A%20%20%20%20%3C%2FAddresses%3E%0A%20%20%20%20%3CPhones%3E%0A%20%20%20%20%20%20%3CPhone%3E%0A%20%20%20%20%20%20%20%20%3CPhoneType%3EDDI%3C%2FPhoneType%3E%0A%20%20%20%20%20%20%3C%2FPhone%3E%0A%20%20%20%20%20%20%3CPhone%3E%0A%20%20%20%20%20%20%20%20%3CPhoneType%3EDEFAULT%3C%2FPhoneType%3E%0A%20%20%20%20%20%20%3C%2FPhone%3E%0A%20%20%20%20%20%20%3CPhone%3E%0A%20%20%20%20%20%20%20%20%3CPhoneType%3EFAX%3C%2FPhoneType%3E%0A%20%20%20%20%20%20%3C%2FPhone%3E%0A%20%20%20%20%20%20%3CPhone%3E%0A%20%20%20%20%20%20%20%20%3CPhoneType%3EMOBILE%3C%2FPhoneType%3E%0A%20%20%20%20%20%20%3C%2FPhone%3E%0A%20%20%20%20%3C%2FPhones%3E%0A%20%20%20%20%3CUpdatedDateUTC%3E2013-08-15T13%3A23%3A37%3C%2FUpdatedDateUTC%3E%0A%20%20%20%20%3CIsSupplier%3Efalse%3C%2FIsSupplier%3E%0A%20%20%20%20%3CIsCustomer%3Efalse%3C%2FIsCustomer%3E%0A%20%20%3C%2FContact%3E%0A%20%20%3CDueDate%3E2013-03-10%3C%2FDueDate%3E%0A%20%20%3CStatus%3EDRAFT%3C%2FStatus%3E%0A%20%20%3CLineItems%3E%0A%20%20%20%20%3CLineItem%3E%0A%20%20%20%20%20%20%3CDescription%3Emy%20fantastic%20invoice%20description%3C%2FDescription%3E%0A%20%20%20%20%20%20%3CQuantity%3E1%3C%2FQuantity%3E%0A%20%20%20%20%20%20%3CUnitAmount%3E1.0%3C%2FUnitAmount%3E%0A%20%20%20%20%20%20%3CTaxType%3EOUTPUT2%3C%2FTaxType%3E%0A%20%20%20%20%3C%2FLineItem%3E%0A%20%20%20%20%3CLineItem%3E%0A%20%20%20%20%20%20%3CDescription%3EPAID%20WITH%20PAYPAL%3C%2FDescription%3E%0A%20%20%20%20%20%20%3CQuantity%3E0%3C%2FQuantity%3E%0A%20%20%20%20%20%20%3CUnitAmount%3E0%3C%2FUnitAmount%3E%0A%20%20%20%20%3C%2FLineItem%3E%0A%20%20%3C%2FLineItems%3E%0A%3C%2FInvoice%3E%0A
    headers:
      Charset:
      - utf-8
      Content-Type:
      - application/x-www-form-urlencoded
      Accept:
      - ! '*/*'
      User-Agent:
      - OAuth gem v0.4.7
      Content-Length:
      - '0'
      Authorization:
      - OAuth oauth_consumer_key="<XERO_CONSUMER_KEY>", oauth_nonce="rY1IgYbUdnFeWuvYn5xNJVbL1HLu35XikloMKLDTc",
        oauth_signature="sNcX5jW9YYvSdeymQh1iNLAvfAylwT34HtQO%2BAm2zGoJMsChEuU7yLkHNTZWaIduyK9Nla5u2x6OtnKauYHNgHfwZ6supbglK7jsqi5EgwFwbG%2F%2BxOJfTgmxO7UQz%2BWanAsDobgUQRbv79K81DuwiCWn0rfe%2FFy6T5hexJaXIAI%3D",
        oauth_signature_method="RSA-SHA1", oauth_timestamp="1376576619", oauth_token="<XERO_CONSUMER_KEY>",
        oauth_version="1.0"
  response:
    status:
      code: 200
      message: OK
    headers:
      Cache-Control:
      - private
      Content-Type:
      - text/xml; charset=utf-8
      Www-Authenticate:
      - OAuth Realm="api.xero.com"
      X-S:
      - 445761-O1VMAP04
      Strict-Transport-Security:
      - max-age=31536000
      Date:
      - Thu, 15 Aug 2013 14:23:39 GMT
      Content-Length:
      - '2518'
    body:
      encoding: US-ASCII
      string: ! "<Response xmlns:xsd=\"http://www.w3.org/2001/XMLSchema\" xmlns:xsi=\"http://www.w3.org/2001/XMLSchema-instance\">\r\n
        \ <Id>bf7e3208-a822-4ac1-a092-c4e03712ebf3</Id>\r\n  <Status>OK</Status>\r\n
        \ <ProviderName>Demo App</ProviderName>\r\n  <DateTimeUTC>2013-08-15T14:23:39.9771191Z</DateTimeUTC>\r\n
        \ <Invoices>\r\n    <Invoice>\r\n      <Contact>\r\n        <ContactID>880f06e2-7b0b-45ec-a9d0-3a6fa38db95e</ContactID>\r\n
        \       <ContactStatus>ACTIVE</ContactStatus>\r\n        <Name>Bob Fish (bob.fish@example.com)</Name>\r\n
        \       <Addresses>\r\n          <Address>\r\n            <AddressType>POBOX</AddressType>\r\n
        \         </Address>\r\n          <Address>\r\n            <AddressType>STREET</AddressType>\r\n
        \         </Address>\r\n        </Addresses>\r\n        <Phones>\r\n          <Phone>\r\n
        \           <PhoneType>MOBILE</PhoneType>\r\n          </Phone>\r\n          <Phone>\r\n
        \           <PhoneType>FAX</PhoneType>\r\n          </Phone>\r\n          <Phone>\r\n
        \           <PhoneType>DEFAULT</PhoneType>\r\n          </Phone>\r\n          <Phone>\r\n
        \           <PhoneType>DDI</PhoneType>\r\n          </Phone>\r\n        </Phones>\r\n
        \       <UpdatedDateUTC>2013-08-15T14:23:37.81</UpdatedDateUTC>\r\n        <IsSupplier>false</IsSupplier>\r\n
        \       <IsCustomer>true</IsCustomer>\r\n      </Contact>\r\n      <Date>2013-08-15T00:00:00</Date>\r\n
        \     <DueDate>2013-03-10T00:00:00</DueDate>\r\n      <Status>DRAFT</Status>\r\n
        \     <LineAmountTypes>Exclusive</LineAmountTypes>\r\n      <LineItems>\r\n
        \       <LineItem>\r\n          <Description>my fantastic invoice description</Description>\r\n
        \         <UnitAmount>1.00</UnitAmount>\r\n          <TaxType>OUTPUT2</TaxType>\r\n
        \         <TaxAmount>0.20</TaxAmount>\r\n          <LineAmount>1.00</LineAmount>\r\n
        \         <Quantity>1.0000</Quantity>\r\n        </LineItem>\r\n        <LineItem>\r\n
        \         <Description>PAID WITH PAYPAL</Description>\r\n          <UnitAmount>0.00</UnitAmount>\r\n
        \         <LineAmount>0.00</LineAmount>\r\n          <Quantity>0.0000</Quantity>\r\n
        \       </LineItem>\r\n      </LineItems>\r\n      <SubTotal>1.00</SubTotal>\r\n
        \     <TotalTax>0.20</TotalTax>\r\n      <Total>1.20</Total>\r\n      <UpdatedDateUTC>2013-08-15T14:23:39.947</UpdatedDateUTC>\r\n
        \     <CurrencyCode>GBP</CurrencyCode>\r\n      <Type>ACCREC</Type>\r\n      <InvoiceID>eb16bab8-1876-499e-bfdc-f87b75279e05</InvoiceID>\r\n
        \     <InvoiceNumber>INV-0138</InvoiceNumber>\r\n      <AmountDue>1.20</AmountDue>\r\n
        \     <AmountPaid>0.00</AmountPaid>\r\n      <SentToContact>false</SentToContact>\r\n
        \     <CurrencyRate>1.000000</CurrencyRate>\r\n    </Invoice>\r\n  </Invoices>\r\n</Response>"
    http_version: 
  recorded_at: Thu, 15 Aug 2013 14:23:40 GMT
- request:
    method: post
    uri: https://api.xero.com/api.xro/2.0/Invoices
    body:
      encoding: US-ASCII
      string: xml=%3CInvoice%3E%0A%20%20%3CInvoice%3E%0A%20%20%20%20%3CContactID%3E880f06e2-7b0b-45ec-a9d0-3a6fa38db95e%3C%2FContactID%3E%0A%20%20%20%20%3CContactStatus%3EACTIVE%3C%2FContactStatus%3E%0A%20%20%20%20%3CName%3EBob%20Fish%20%28bob.fish%40example.com%29%3C%2FName%3E%0A%20%20%20%20%3CAddresses%3E%0A%20%20%20%20%20%20%3CAddress%3E%0A%20%20%20%20%20%20%20%20%3CAddressType%3EPOBOX%3C%2FAddressType%3E%0A%20%20%20%20%20%20%3C%2FAddress%3E%0A%20%20%20%20%20%20%3CAddress%3E%0A%20%20%20%20%20%20%20%20%3CAddressType%3ESTREET%3C%2FAddressType%3E%0A%20%20%20%20%20%20%3C%2FAddress%3E%0A%20%20%20%20%3C%2FAddresses%3E%0A%20%20%20%20%3CPhones%3E%0A%20%20%20%20%20%20%3CPhone%3E%0A%20%20%20%20%20%20%20%20%3CPhoneType%3EMOBILE%3C%2FPhoneType%3E%0A%20%20%20%20%20%20%3C%2FPhone%3E%0A%20%20%20%20%20%20%3CPhone%3E%0A%20%20%20%20%20%20%20%20%3CPhoneType%3EFAX%3C%2FPhoneType%3E%0A%20%20%20%20%20%20%3C%2FPhone%3E%0A%20%20%20%20%20%20%3CPhone%3E%0A%20%20%20%20%20%20%20%20%3CPhoneType%3EDEFAULT%3C%2FPhoneType%3E%0A%20%20%20%20%20%20%3C%2FPhone%3E%0A%20%20%20%20%20%20%3CPhone%3E%0A%20%20%20%20%20%20%20%20%3CPhoneType%3EDDI%3C%2FPhoneType%3E%0A%20%20%20%20%20%20%3C%2FPhone%3E%0A%20%20%20%20%3C%2FPhones%3E%0A%20%20%20%20%3CUpdatedDateUTC%3E2013-08-15T13%3A23%3A37%3C%2FUpdatedDateUTC%3E%0A%20%20%20%20%3CIsSupplier%3Efalse%3C%2FIsSupplier%3E%0A%20%20%20%20%3CIsCustomer%3Etrue%3C%2FIsCustomer%3E%0A%20%20%3C%2FInvoice%3E%0A%20%20%3CDate%3E2013-08-15%3C%2FDate%3E%0A%20%20%3CDueDate%3E2013-03-10%3C%2FDueDate%3E%0A%20%20%3CStatus%3EDRAFT%3C%2FStatus%3E%0A%20%20%3CLineAmountTypes%3EExclusive%3C%2FLineAmountTypes%3E%0A%20%20%3CLineItems%3E%0A%20%20%20%20%3CLineItem%3E%0A%20%20%20%20%20%20%3CDescription%3Emy%20fantastic%20invoice%20description%3C%2FDescription%3E%0A%20%20%20%20%20%20%3CUnitAmount%3E1.0%3C%2FUnitAmount%3E%0A%20%20%20%20%20%20%3CTaxType%3EOUTPUT2%3C%2FTaxType%3E%0A%20%20%20%20%20%20%3CTaxAmount%3E0.2%3C%2FTaxAmount%3E%0A%20%20%20%20%20%20%3CLineAmount%3E1.0%3C%2FLineAmount%3E%0A%20%20%20%20%20%20%3CQuantity%3E1.0%3C%2FQuantity%3E%0A%20%20%20%20%3C%2FLineItem%3E%0A%20%20%20%20%3CLineItem%3E%0A%20%20%20%20%20%20%3CDescription%3EPAID%20WITH%20PAYPAL%3C%2FDescription%3E%0A%20%20%20%20%20%20%3CUnitAmount%3E0.0%3C%2FUnitAmount%3E%0A%20%20%20%20%20%20%3CLineAmount%3E0.0%3C%2FLineAmount%3E%0A%20%20%20%20%20%20%3CQuantity%3E0.0%3C%2FQuantity%3E%0A%20%20%20%20%3C%2FLineItem%3E%0A%20%20%3C%2FLineItems%3E%0A%20%20%3CSubTotal%3E1.0%3C%2FSubTotal%3E%0A%20%20%3CTotalTax%3E0.2%3C%2FTotalTax%3E%0A%20%20%3CTotal%3E1.2%3C%2FTotal%3E%0A%20%20%3CUpdatedDateUTC%3E2013-08-15T13%3A23%3A39%3C%2FUpdatedDateUTC%3E%0A%20%20%3CCurrencyCode%3EGBP%3C%2FCurrencyCode%3E%0A%20%20%3CType%3EACCREC%3C%2FType%3E%0A%20%20%3CInvoiceID%3Eeb16bab8-1876-499e-bfdc-f87b75279e05%3C%2FInvoiceID%3E%0A%20%20%3CInvoiceNumber%3EINV-0138%3C%2FInvoiceNumber%3E%0A%20%20%3CAmountDue%3E1.2%3C%2FAmountDue%3E%0A%20%20%3CAmountPaid%3E0.0%3C%2FAmountPaid%3E%0A%20%20%3CSentToContact%3Efalse%3C%2FSentToContact%3E%0A%3C%2FInvoice%3E%0A
    headers:
      Charset:
      - utf-8
      Content-Type:
      - application/x-www-form-urlencoded
      Accept:
      - ! '*/*'
      User-Agent:
      - OAuth gem v0.4.7
      Content-Length:
      - '0'
      Authorization:
      - OAuth oauth_consumer_key="<XERO_CONSUMER_KEY>", oauth_nonce="AlImIHjyklNUGMb2PEvwQCJfFbPQ2FP9mUklTIlU",
        oauth_signature="IhFYh2Ql5LizJPMhP8fNOovl07kBlysOPu2caz7JodSVO93Ap4juMGB2cenygUbDnC8UxBt1Ko93UTM9cGorm5gk6qQ6CqsUeQhADDFmlzq272F7jHRyADQJX31sA5GOaOPTtmOj1aTk%2FPPXZgYybMAbcVxamaKVJZvuMlkRifQ%3D",
        oauth_signature_method="RSA-SHA1", oauth_timestamp="1376576620", oauth_token="<XERO_CONSUMER_KEY>",
        oauth_version="1.0"
  response:
    status:
      code: 200
      message: OK
    headers:
      Cache-Control:
      - private
      Content-Type:
      - text/xml; charset=utf-8
      Www-Authenticate:
      - OAuth Realm="api.xero.com"
      X-S:
      - 445761-O1VMAP04
      Strict-Transport-Security:
      - max-age=31536000
      Date:
      - Thu, 15 Aug 2013 14:23:40 GMT
      Content-Length:
      - '2681'
    body:
      encoding: US-ASCII
      string: ! "<Response xmlns:xsd=\"http://www.w3.org/2001/XMLSchema\" xmlns:xsi=\"http://www.w3.org/2001/XMLSchema-instance\">\r\n
        \ <Id>0754f709-f775-4d10-9712-1b9a75c4f1c0</Id>\r\n  <Status>OK</Status>\r\n
        \ <ProviderName>Demo App</ProviderName>\r\n  <DateTimeUTC>2013-08-15T14:23:40.9755191Z</DateTimeUTC>\r\n
        \ <Invoices>\r\n    <Invoice>\r\n      <Warnings>\r\n        <Warning>\r\n
        \         <Message>Only AUTHORISED invoices may have SentToContact updated.</Message>\r\n
        \       </Warning>\r\n      </Warnings>\r\n      <Contact>\r\n        <ContactID>880f06e2-7b0b-45ec-a9d0-3a6fa38db95e</ContactID>\r\n
        \       <ContactStatus>ACTIVE</ContactStatus>\r\n        <Name>Bob Fish (bob.fish@example.com)</Name>\r\n
        \       <Addresses>\r\n          <Address>\r\n            <AddressType>POBOX</AddressType>\r\n
        \         </Address>\r\n          <Address>\r\n            <AddressType>STREET</AddressType>\r\n
        \         </Address>\r\n        </Addresses>\r\n        <Phones>\r\n          <Phone>\r\n
        \           <PhoneType>MOBILE</PhoneType>\r\n          </Phone>\r\n          <Phone>\r\n
        \           <PhoneType>FAX</PhoneType>\r\n          </Phone>\r\n          <Phone>\r\n
        \           <PhoneType>DEFAULT</PhoneType>\r\n          </Phone>\r\n          <Phone>\r\n
        \           <PhoneType>DDI</PhoneType>\r\n          </Phone>\r\n        </Phones>\r\n
        \       <UpdatedDateUTC>2013-08-15T14:23:37.81</UpdatedDateUTC>\r\n        <IsSupplier>false</IsSupplier>\r\n
        \       <IsCustomer>true</IsCustomer>\r\n      </Contact>\r\n      <Date>2013-08-15T00:00:00</Date>\r\n
        \     <DueDate>2013-03-10T00:00:00</DueDate>\r\n      <Status>DRAFT</Status>\r\n
        \     <LineAmountTypes>Exclusive</LineAmountTypes>\r\n      <LineItems>\r\n
        \       <LineItem>\r\n          <Description>my fantastic invoice description</Description>\r\n
        \         <UnitAmount>1.00</UnitAmount>\r\n          <TaxType>OUTPUT2</TaxType>\r\n
        \         <TaxAmount>0.20</TaxAmount>\r\n          <LineAmount>1.00</LineAmount>\r\n
        \         <Quantity>1.0000</Quantity>\r\n        </LineItem>\r\n        <LineItem>\r\n
        \         <Description>PAID WITH PAYPAL</Description>\r\n          <UnitAmount>0.00</UnitAmount>\r\n
        \         <LineAmount>0.00</LineAmount>\r\n          <Quantity>0.0000</Quantity>\r\n
        \       </LineItem>\r\n      </LineItems>\r\n      <SubTotal>1.00</SubTotal>\r\n
        \     <TotalTax>0.20</TotalTax>\r\n      <Total>1.20</Total>\r\n      <UpdatedDateUTC>2013-08-15T14:23:40.943</UpdatedDateUTC>\r\n
        \     <CurrencyCode>GBP</CurrencyCode>\r\n      <Type>ACCREC</Type>\r\n      <InvoiceID>eb16bab8-1876-499e-bfdc-f87b75279e05</InvoiceID>\r\n
        \     <InvoiceNumber>INV-0138</InvoiceNumber>\r\n      <AmountDue>1.20</AmountDue>\r\n
        \     <AmountPaid>0.00</AmountPaid>\r\n      <SentToContact>false</SentToContact>\r\n
        \     <CurrencyRate>1.000000</CurrencyRate>\r\n    </Invoice>\r\n  </Invoices>\r\n</Response>"
    http_version: 
  recorded_at: Thu, 15 Aug 2013 14:23:41 GMT
- request:
    method: get
    uri: https://api.xero.com/api.xro/2.0/Contacts?where=Name%20==%20%22Bob%20Fish%20(bob.fish@example.com)%22
    body:
      encoding: US-ASCII
      string: ''
    headers:
      Charset:
      - utf-8
      Accept:
      - ! '*/*'
      User-Agent:
      - OAuth gem v0.4.7
      Authorization:
      - OAuth oauth_consumer_key="<XERO_CONSUMER_KEY>", oauth_nonce="bK8K4yFAKS7G8XNRTosERCxIzBlxLMnjLaGHdGeECpM",
        oauth_signature="nreK1B5FHtxiVmtgq3BXTusix0RfKgEhOt1RcfILGidoWtGCWfgjRincVVMAF1AKmIUS9lEO70eCdpdtJag7yapRXog6vaG352KJsRB2QHHIeFhwIJ9VwiL%2F%2FKTWpC4Yh9ptJ6P%2Bd6e2p3kokJuVIBibcVSms6AsxaZfeClH0pM%3D",
        oauth_signature_method="RSA-SHA1", oauth_timestamp="1376576621", oauth_token="<XERO_CONSUMER_KEY>",
        oauth_version="1.0"
  response:
    status:
      code: 200
      message: OK
    headers:
      Cache-Control:
      - private
      Content-Type:
      - text/xml; charset=utf-8
      Www-Authenticate:
      - OAuth Realm="api.xero.com"
      X-S:
      - 445761-O1VMAP04
      Strict-Transport-Security:
      - max-age=31536000
      Date:
      - Thu, 15 Aug 2013 14:23:40 GMT
      Content-Length:
      - '1194'
    body:
      encoding: US-ASCII
      string: ! "<Response xmlns:xsd=\"http://www.w3.org/2001/XMLSchema\" xmlns:xsi=\"http://www.w3.org/2001/XMLSchema-instance\">\r\n
        \ <Id>2d5fd969-756e-453a-8ec9-f67c6e3665f7</Id>\r\n  <Status>OK</Status>\r\n
        \ <ProviderName>Demo App</ProviderName>\r\n  <DateTimeUTC>2013-08-15T14:23:41.6619191Z</DateTimeUTC>\r\n
        \ <Contacts>\r\n    <Contact>\r\n      <ContactID>880f06e2-7b0b-45ec-a9d0-3a6fa38db95e</ContactID>\r\n
        \     <ContactStatus>ACTIVE</ContactStatus>\r\n      <Name>Bob Fish (bob.fish@example.com)</Name>\r\n
        \     <Addresses>\r\n        <Address>\r\n          <AddressType>POBOX</AddressType>\r\n
        \       </Address>\r\n        <Address>\r\n          <AddressType>STREET</AddressType>\r\n
        \       </Address>\r\n      </Addresses>\r\n      <Phones>\r\n        <Phone>\r\n
        \         <PhoneType>DDI</PhoneType>\r\n        </Phone>\r\n        <Phone>\r\n
        \         <PhoneType>DEFAULT</PhoneType>\r\n        </Phone>\r\n        <Phone>\r\n
        \         <PhoneType>FAX</PhoneType>\r\n        </Phone>\r\n        <Phone>\r\n
        \         <PhoneType>MOBILE</PhoneType>\r\n        </Phone>\r\n      </Phones>\r\n
        \     <UpdatedDateUTC>2013-08-15T14:23:37.81</UpdatedDateUTC>\r\n      <IsSupplier>false</IsSupplier>\r\n
        \     <IsCustomer>true</IsCustomer>\r\n    </Contact>\r\n  </Contacts>\r\n</Response>"
    http_version: 
  recorded_at: Thu, 15 Aug 2013 14:23:41 GMT
- request:
    method: get
    uri: https://api.xero.com/api.xro/2.0/Invoices?where=Contact.ContactID%20=%20GUID(%22880f06e2-7b0b-45ec-a9d0-3a6fa38db95e%22)%20AND%20Status%20!=%20%22DELETED%22
    body:
      encoding: US-ASCII
      string: ''
    headers:
      Charset:
      - utf-8
      Accept:
      - ! '*/*'
      User-Agent:
      - OAuth gem v0.4.7
      Authorization:
      - OAuth oauth_consumer_key="<XERO_CONSUMER_KEY>", oauth_nonce="lb2nVNSyfTN8pTPkvZ7VKaJHwOU8e5U8ZAKTmtZe1g",
        oauth_signature="VctAa82QrfK0aTBTJlU7xDM2FR5owVEHwwlI%2BIr2gjR3ADVQv6FeNM0vpRoI%2Fgl68x2jeXFh5AcjjZVxoODC9v3MLO1HcPCMMEHy%2Bd%2BFN7mPme0BN81fFJNKWMfp%2BaCfTUFteKcxSlwO8pmLxfe7Vxzd3E3cd7UoqZMDRwTTlk8%3D",
        oauth_signature_method="RSA-SHA1", oauth_timestamp="1376576621", oauth_token="<XERO_CONSUMER_KEY>",
        oauth_version="1.0"
  response:
    status:
      code: 200
      message: OK
    headers:
      Cache-Control:
      - private
      Content-Type:
      - text/xml; charset=utf-8
      Www-Authenticate:
      - OAuth Realm="api.xero.com"
      X-S:
      - 445761-O1VMAP04
      Strict-Transport-Security:
      - max-age=31536000
      Date:
      - Thu, 15 Aug 2013 14:23:42 GMT
      Content-Length:
      - '1136'
    body:
      encoding: US-ASCII
      string: ! "<Response xmlns:xsd=\"http://www.w3.org/2001/XMLSchema\" xmlns:xsi=\"http://www.w3.org/2001/XMLSchema-instance\">\r\n
        \ <Id>a7377560-7ff0-4fe3-b98d-6bd7562a3e84</Id>\r\n  <Status>OK</Status>\r\n
        \ <ProviderName>Demo App</ProviderName>\r\n  <DateTimeUTC>2013-08-15T14:23:42.3795191Z</DateTimeUTC>\r\n
        \ <Invoices>\r\n    <Invoice>\r\n      <Contact>\r\n        <ContactID>880f06e2-7b0b-45ec-a9d0-3a6fa38db95e</ContactID>\r\n
        \       <Name>Bob Fish (bob.fish@example.com)</Name>\r\n      </Contact>\r\n
        \     <Date>2013-08-15T00:00:00</Date>\r\n      <DueDate>2013-03-10T00:00:00</DueDate>\r\n
        \     <Status>DRAFT</Status>\r\n      <LineAmountTypes>Exclusive</LineAmountTypes>\r\n
        \     <SubTotal>1.00</SubTotal>\r\n      <TotalTax>0.20</TotalTax>\r\n      <Total>1.20</Total>\r\n
        \     <UpdatedDateUTC>2013-08-15T14:23:40.943</UpdatedDateUTC>\r\n      <CurrencyCode>GBP</CurrencyCode>\r\n
        \     <Type>ACCREC</Type>\r\n      <InvoiceID>eb16bab8-1876-499e-bfdc-f87b75279e05</InvoiceID>\r\n
        \     <InvoiceNumber>INV-0138</InvoiceNumber>\r\n      <AmountDue>1.20</AmountDue>\r\n
        \     <AmountPaid>0.00</AmountPaid>\r\n      <HasAttachments>false</HasAttachments>\r\n
        \   </Invoice>\r\n  </Invoices>\r\n</Response>"
    http_version: 
  recorded_at: Thu, 15 Aug 2013 14:23:42 GMT
- request:
    method: get
    uri: https://api.xero.com/api.xro/2.0/Invoices/eb16bab8-1876-499e-bfdc-f87b75279e05
    body:
      encoding: US-ASCII
      string: ''
    headers:
      Charset:
      - utf-8
      Accept:
      - ! '*/*'
      User-Agent:
      - OAuth gem v0.4.7
      Authorization:
      - OAuth oauth_consumer_key="<XERO_CONSUMER_KEY>", oauth_nonce="dJmtQpRy7rOvz33itxKkPF9mO6VjUfNxNRfVPS69GwY",
        oauth_signature="BIIQAPcTR8ow%2BniiM1Tktx%2FGhIqzItBVFtk%2BnMoQg52ikh9UMZk6iebLWNB4K0MtLk6cLaWkYEkll65dxW5ul7kGaE5cM1%2F7iPRij0ttlMHB1r8iCSVBx7jl2gb9Jxm0RLNHjO1X%2BKwlDZFD6uNG8R%2B2euNc20L7kldgh22Gl7k%3D",
        oauth_signature_method="RSA-SHA1", oauth_timestamp="1376576622", oauth_token="<XERO_CONSUMER_KEY>",
        oauth_version="1.0"
  response:
    status:
      code: 200
      message: OK
    headers:
      Cache-Control:
      - private
      Content-Type:
      - text/xml; charset=utf-8
      Www-Authenticate:
      - OAuth Realm="api.xero.com"
      X-S:
      - 445761-O1VMAP04
      Strict-Transport-Security:
      - max-age=31536000
      Date:
      - Thu, 15 Aug 2013 14:23:42 GMT
      Content-Length:
      - '2564'
    body:
      encoding: US-ASCII
      string: ! "<Response xmlns:xsd=\"http://www.w3.org/2001/XMLSchema\" xmlns:xsi=\"http://www.w3.org/2001/XMLSchema-instance\">\r\n
        \ <Id>0eb8acdf-9521-4c8d-a85b-b2900a0914da</Id>\r\n  <Status>OK</Status>\r\n
        \ <ProviderName>Demo App</ProviderName>\r\n  <DateTimeUTC>2013-08-15T14:23:42.9723191Z</DateTimeUTC>\r\n
        \ <Invoices>\r\n    <Invoice>\r\n      <Contact>\r\n        <ContactID>880f06e2-7b0b-45ec-a9d0-3a6fa38db95e</ContactID>\r\n
        \       <ContactStatus>ACTIVE</ContactStatus>\r\n        <Name>Bob Fish (bob.fish@example.com)</Name>\r\n
        \       <Addresses>\r\n          <Address>\r\n            <AddressType>POBOX</AddressType>\r\n
        \         </Address>\r\n          <Address>\r\n            <AddressType>STREET</AddressType>\r\n
        \         </Address>\r\n        </Addresses>\r\n        <Phones>\r\n          <Phone>\r\n
        \           <PhoneType>MOBILE</PhoneType>\r\n          </Phone>\r\n          <Phone>\r\n
        \           <PhoneType>FAX</PhoneType>\r\n          </Phone>\r\n          <Phone>\r\n
        \           <PhoneType>DEFAULT</PhoneType>\r\n          </Phone>\r\n          <Phone>\r\n
        \           <PhoneType>DDI</PhoneType>\r\n          </Phone>\r\n        </Phones>\r\n
        \       <UpdatedDateUTC>2013-08-15T14:23:37.81</UpdatedDateUTC>\r\n        <IsSupplier>false</IsSupplier>\r\n
        \       <IsCustomer>true</IsCustomer>\r\n      </Contact>\r\n      <Date>2013-08-15T00:00:00</Date>\r\n
        \     <DueDate>2013-03-10T00:00:00</DueDate>\r\n      <Status>DRAFT</Status>\r\n
        \     <LineAmountTypes>Exclusive</LineAmountTypes>\r\n      <LineItems>\r\n
        \       <LineItem>\r\n          <Description>my fantastic invoice description</Description>\r\n
        \         <UnitAmount>1.00</UnitAmount>\r\n          <TaxType>OUTPUT2</TaxType>\r\n
        \         <TaxAmount>0.20</TaxAmount>\r\n          <LineAmount>1.00</LineAmount>\r\n
        \         <Quantity>1.0000</Quantity>\r\n        </LineItem>\r\n        <LineItem>\r\n
        \         <Description>PAID WITH PAYPAL</Description>\r\n          <UnitAmount>0.00</UnitAmount>\r\n
        \         <LineAmount>0.00</LineAmount>\r\n          <Quantity>0.0000</Quantity>\r\n
        \       </LineItem>\r\n      </LineItems>\r\n      <SubTotal>1.00</SubTotal>\r\n
        \     <TotalTax>0.20</TotalTax>\r\n      <Total>1.20</Total>\r\n      <UpdatedDateUTC>2013-08-15T14:23:40.943</UpdatedDateUTC>\r\n
        \     <CurrencyCode>GBP</CurrencyCode>\r\n      <Type>ACCREC</Type>\r\n      <InvoiceID>eb16bab8-1876-499e-bfdc-f87b75279e05</InvoiceID>\r\n
        \     <InvoiceNumber>INV-0138</InvoiceNumber>\r\n      <AmountDue>1.20</AmountDue>\r\n
        \     <AmountPaid>0.00</AmountPaid>\r\n      <SentToContact>false</SentToContact>\r\n
        \     <CurrencyRate>1.000000</CurrencyRate>\r\n      <HasAttachments>false</HasAttachments>\r\n
        \   </Invoice>\r\n  </Invoices>\r\n</Response>"
    http_version: 
  recorded_at: Thu, 15 Aug 2013 14:23:43 GMT
- request:
    method: post
    uri: https://api.xero.com/api.xro/2.0/Invoices
    body:
      encoding: US-ASCII
      string: xml=%3CInvoice%3E%0A%20%20%3CInvoice%3E%0A%20%20%20%20%3CContactID%3E880f06e2-7b0b-45ec-a9d0-3a6fa38db95e%3C%2FContactID%3E%0A%20%20%20%20%3CContactStatus%3EACTIVE%3C%2FContactStatus%3E%0A%20%20%20%20%3CName%3EBob%20Fish%20%28bob.fish%40example.com%29%3C%2FName%3E%0A%20%20%20%20%3CAddresses%3E%0A%20%20%20%20%20%20%3CAddress%3E%0A%20%20%20%20%20%20%20%20%3CAddressType%3EPOBOX%3C%2FAddressType%3E%0A%20%20%20%20%20%20%3C%2FAddress%3E%0A%20%20%20%20%20%20%3CAddress%3E%0A%20%20%20%20%20%20%20%20%3CAddressType%3ESTREET%3C%2FAddressType%3E%0A%20%20%20%20%20%20%3C%2FAddress%3E%0A%20%20%20%20%3C%2FAddresses%3E%0A%20%20%20%20%3CPhones%3E%0A%20%20%20%20%20%20%3CPhone%3E%0A%20%20%20%20%20%20%20%20%3CPhoneType%3EMOBILE%3C%2FPhoneType%3E%0A%20%20%20%20%20%20%3C%2FPhone%3E%0A%20%20%20%20%20%20%3CPhone%3E%0A%20%20%20%20%20%20%20%20%3CPhoneType%3EFAX%3C%2FPhoneType%3E%0A%20%20%20%20%20%20%3C%2FPhone%3E%0A%20%20%20%20%20%20%3CPhone%3E%0A%20%20%20%20%20%20%20%20%3CPhoneType%3EDEFAULT%3C%2FPhoneType%3E%0A%20%20%20%20%20%20%3C%2FPhone%3E%0A%20%20%20%20%20%20%3CPhone%3E%0A%20%20%20%20%20%20%20%20%3CPhoneType%3EDDI%3C%2FPhoneType%3E%0A%20%20%20%20%20%20%3C%2FPhone%3E%0A%20%20%20%20%3C%2FPhones%3E%0A%20%20%20%20%3CUpdatedDateUTC%3E2013-08-15T13%3A23%3A37%3C%2FUpdatedDateUTC%3E%0A%20%20%20%20%3CIsSupplier%3Efalse%3C%2FIsSupplier%3E%0A%20%20%20%20%3CIsCustomer%3Etrue%3C%2FIsCustomer%3E%0A%20%20%3C%2FInvoice%3E%0A%20%20%3CDate%3E2013-08-15%3C%2FDate%3E%0A%20%20%3CDueDate%3E2013-03-10%3C%2FDueDate%3E%0A%20%20%3CStatus%3EDELETED%3C%2FStatus%3E%0A%20%20%3CLineAmountTypes%3EExclusive%3C%2FLineAmountTypes%3E%0A%20%20%3CLineItems%3E%0A%20%20%20%20%3CLineItem%3E%0A%20%20%20%20%20%20%3CDescription%3Emy%20fantastic%20invoice%20description%3C%2FDescription%3E%0A%20%20%20%20%20%20%3CUnitAmount%3E1.0%3C%2FUnitAmount%3E%0A%20%20%20%20%20%20%3CTaxType%3EOUTPUT2%3C%2FTaxType%3E%0A%20%20%20%20%20%20%3CTaxAmount%3E0.2%3C%2FTaxAmount%3E%0A%20%20%20%20%20%20%3CLineAmount%3E1.0%3C%2FLineAmount%3E%0A%20%20%20%20%20%20%3CQuantity%3E1.0%3C%2FQuantity%3E%0A%20%20%20%20%3C%2FLineItem%3E%0A%20%20%20%20%3CLineItem%3E%0A%20%20%20%20%20%20%3CDescription%3EPAID%20WITH%20PAYPAL%3C%2FDescription%3E%0A%20%20%20%20%20%20%3CUnitAmount%3E0.0%3C%2FUnitAmount%3E%0A%20%20%20%20%20%20%3CLineAmount%3E0.0%3C%2FLineAmount%3E%0A%20%20%20%20%20%20%3CQuantity%3E0.0%3C%2FQuantity%3E%0A%20%20%20%20%3C%2FLineItem%3E%0A%20%20%3C%2FLineItems%3E%0A%20%20%3CSubTotal%3E1.0%3C%2FSubTotal%3E%0A%20%20%3CTotalTax%3E0.2%3C%2FTotalTax%3E%0A%20%20%3CTotal%3E1.2%3C%2FTotal%3E%0A%20%20%3CUpdatedDateUTC%3E2013-08-15T13%3A23%3A40%3C%2FUpdatedDateUTC%3E%0A%20%20%3CCurrencyCode%3EGBP%3C%2FCurrencyCode%3E%0A%20%20%3CType%3EACCREC%3C%2FType%3E%0A%20%20%3CInvoiceID%3Eeb16bab8-1876-499e-bfdc-f87b75279e05%3C%2FInvoiceID%3E%0A%20%20%3CInvoiceNumber%3EINV-0138%3C%2FInvoiceNumber%3E%0A%20%20%3CAmountDue%3E1.2%3C%2FAmountDue%3E%0A%20%20%3CAmountPaid%3E0.0%3C%2FAmountPaid%3E%0A%20%20%3CSentToContact%3Efalse%3C%2FSentToContact%3E%0A%3C%2FInvoice%3E%0A
    headers:
      Charset:
      - utf-8
      Content-Type:
      - application/x-www-form-urlencoded
      Accept:
      - ! '*/*'
      User-Agent:
      - OAuth gem v0.4.7
      Content-Length:
      - '0'
      Authorization:
      - OAuth oauth_consumer_key="<XERO_CONSUMER_KEY>", oauth_nonce="ttiJnL2zEMQPookfV1KcBIPXPZgsVt8D7YGdQ8J4o",
        oauth_signature="Ez0zzToDFDGXmDlerlyj%2FEx9MDe4gIqn0sAsHpISgLXkJhMhjVo9TJNFSh0Yv5003tJIcz37A3JPcg3JRdOUCrcOtvwwtWJ%2BEz%2FO26qo5Wy%2FEiv2NQ2ozt%2FK0vU3FnOmYCJ%2FJY%2BO%2FeY8MSZTw2DoZ9sC0YBLZ2PXl4kNjrA7YJk%3D",
        oauth_signature_method="RSA-SHA1", oauth_timestamp="1376576623", oauth_token="<XERO_CONSUMER_KEY>",
        oauth_version="1.0"
  response:
    status:
      code: 200
      message: OK
    headers:
      Cache-Control:
      - private
      Content-Type:
      - text/xml; charset=utf-8
      Www-Authenticate:
      - OAuth Realm="api.xero.com"
      X-S:
      - 445761-O1VMAP04
      Strict-Transport-Security:
      - max-age=31536000
      Date:
      - Thu, 15 Aug 2013 14:23:43 GMT
      Content-Length:
      - '2520'
    body:
      encoding: US-ASCII
      string: ! "<Response xmlns:xsd=\"http://www.w3.org/2001/XMLSchema\" xmlns:xsi=\"http://www.w3.org/2001/XMLSchema-instance\">\r\n
        \ <Id>c6503956-464a-4e87-841e-a569ba3e4bf2</Id>\r\n  <Status>OK</Status>\r\n
        \ <ProviderName>Demo App</ProviderName>\r\n  <DateTimeUTC>2013-08-15T14:23:43.9239191Z</DateTimeUTC>\r\n
        \ <Invoices>\r\n    <Invoice>\r\n      <Contact>\r\n        <ContactID>880f06e2-7b0b-45ec-a9d0-3a6fa38db95e</ContactID>\r\n
        \       <ContactStatus>ACTIVE</ContactStatus>\r\n        <Name>Bob Fish (bob.fish@example.com)</Name>\r\n
        \       <Addresses>\r\n          <Address>\r\n            <AddressType>POBOX</AddressType>\r\n
        \         </Address>\r\n          <Address>\r\n            <AddressType>STREET</AddressType>\r\n
        \         </Address>\r\n        </Addresses>\r\n        <Phones>\r\n          <Phone>\r\n
        \           <PhoneType>MOBILE</PhoneType>\r\n          </Phone>\r\n          <Phone>\r\n
        \           <PhoneType>FAX</PhoneType>\r\n          </Phone>\r\n          <Phone>\r\n
        \           <PhoneType>DEFAULT</PhoneType>\r\n          </Phone>\r\n          <Phone>\r\n
        \           <PhoneType>DDI</PhoneType>\r\n          </Phone>\r\n        </Phones>\r\n
        \       <UpdatedDateUTC>2013-08-15T14:23:37.81</UpdatedDateUTC>\r\n        <IsSupplier>false</IsSupplier>\r\n
        \       <IsCustomer>true</IsCustomer>\r\n      </Contact>\r\n      <Date>2013-08-15T00:00:00</Date>\r\n
        \     <DueDate>2013-03-10T00:00:00</DueDate>\r\n      <Status>DELETED</Status>\r\n
        \     <LineAmountTypes>Exclusive</LineAmountTypes>\r\n      <LineItems>\r\n
        \       <LineItem>\r\n          <Description>my fantastic invoice description</Description>\r\n
        \         <UnitAmount>1.00</UnitAmount>\r\n          <TaxType>OUTPUT2</TaxType>\r\n
        \         <TaxAmount>0.20</TaxAmount>\r\n          <LineAmount>1.00</LineAmount>\r\n
        \         <Quantity>1.0000</Quantity>\r\n        </LineItem>\r\n        <LineItem>\r\n
        \         <Description>PAID WITH PAYPAL</Description>\r\n          <UnitAmount>0.00</UnitAmount>\r\n
        \         <LineAmount>0.00</LineAmount>\r\n          <Quantity>0.0000</Quantity>\r\n
        \       </LineItem>\r\n      </LineItems>\r\n      <SubTotal>1.00</SubTotal>\r\n
        \     <TotalTax>0.20</TotalTax>\r\n      <Total>1.20</Total>\r\n      <UpdatedDateUTC>2013-08-15T14:23:43.893</UpdatedDateUTC>\r\n
        \     <CurrencyCode>GBP</CurrencyCode>\r\n      <Type>ACCREC</Type>\r\n      <InvoiceID>eb16bab8-1876-499e-bfdc-f87b75279e05</InvoiceID>\r\n
        \     <InvoiceNumber>INV-0138</InvoiceNumber>\r\n      <AmountDue>1.20</AmountDue>\r\n
        \     <AmountPaid>0.00</AmountPaid>\r\n      <SentToContact>false</SentToContact>\r\n
        \     <CurrencyRate>1.000000</CurrencyRate>\r\n    </Invoice>\r\n  </Invoices>\r\n</Response>"
    http_version: 
  recorded_at: Thu, 15 Aug 2013 14:23:44 GMT
- request:
    method: post
    uri: https://api.xero.com/api.xro/2.0/Contacts
    body:
      encoding: US-ASCII
      string: xml=%3CContact%3E%0A%20%20%3CContactID%3E880f06e2-7b0b-45ec-a9d0-3a6fa38db95e%3C%2FContactID%3E%0A%20%20%3CContactStatus%3EACTIVE%3C%2FContactStatus%3E%0A%20%20%3CName%3EBob%20Fish%20%28bob.fish%40example.com%29%20880f06e2-7b0b-45ec-a9d0-3a6fa38db95e%3C%2FName%3E%0A%20%20%3CAddresses%3E%0A%20%20%20%20%3CAddress%3E%0A%20%20%20%20%20%20%3CAddressType%3EPOBOX%3C%2FAddressType%3E%0A%20%20%20%20%3C%2FAddress%3E%0A%20%20%20%20%3CAddress%3E%0A%20%20%20%20%20%20%3CAddressType%3ESTREET%3C%2FAddressType%3E%0A%20%20%20%20%3C%2FAddress%3E%0A%20%20%3C%2FAddresses%3E%0A%20%20%3CPhones%3E%0A%20%20%20%20%3CPhone%3E%0A%20%20%20%20%20%20%3CPhoneType%3EDDI%3C%2FPhoneType%3E%0A%20%20%20%20%3C%2FPhone%3E%0A%20%20%20%20%3CPhone%3E%0A%20%20%20%20%20%20%3CPhoneType%3EDEFAULT%3C%2FPhoneType%3E%0A%20%20%20%20%3C%2FPhone%3E%0A%20%20%20%20%3CPhone%3E%0A%20%20%20%20%20%20%3CPhoneType%3EFAX%3C%2FPhoneType%3E%0A%20%20%20%20%3C%2FPhone%3E%0A%20%20%20%20%3CPhone%3E%0A%20%20%20%20%20%20%3CPhoneType%3EMOBILE%3C%2FPhoneType%3E%0A%20%20%20%20%3C%2FPhone%3E%0A%20%20%3C%2FPhones%3E%0A%20%20%3CUpdatedDateUTC%3E2013-08-15T13%3A23%3A37%3C%2FUpdatedDateUTC%3E%0A%20%20%3CIsSupplier%3Efalse%3C%2FIsSupplier%3E%0A%20%20%3CIsCustomer%3Etrue%3C%2FIsCustomer%3E%0A%3C%2FContact%3E%0A
    headers:
      Charset:
      - utf-8
      Content-Type:
      - application/x-www-form-urlencoded
      Accept:
      - ! '*/*'
      User-Agent:
      - OAuth gem v0.4.7
      Content-Length:
      - '0'
      Authorization:
      - OAuth oauth_consumer_key="<XERO_CONSUMER_KEY>", oauth_nonce="FMScNSWvjmwFSAnt08LjBeYGHZjYvpXxoVM7FC5DuY",
        oauth_signature="MLN1K4oN8mX4O7xfQJLzhcf1nk%2BwxFq4yIPnNMIBA48nXMdXNCHGjFMONkXhLV0%2FYv3ULzgtqt0OIaD9Eq281B6Y4t1dnMetoKCoNe5zMUY70x2KphxSIWsdLLJd4lHwdKgogNNppQ9%2Bgm0wq0F2kRZ5c18%2FvueuL7LCVjNyvyE%3D",
        oauth_signature_method="RSA-SHA1", oauth_timestamp="1376576624", oauth_token="<XERO_CONSUMER_KEY>",
        oauth_version="1.0"
  response:
    status:
      code: 200
      message: OK
    headers:
      Cache-Control:
      - private
      Content-Type:
      - text/xml; charset=utf-8
      Www-Authenticate:
      - OAuth Realm="api.xero.com"
      X-S:
      - 445761-O1VMAP04
      Strict-Transport-Security:
      - max-age=31536000
      Date:
      - Thu, 15 Aug 2013 14:23:44 GMT
      Content-Length:
      - '1231'
    body:
      encoding: US-ASCII
      string: ! "<Response xmlns:xsd=\"http://www.w3.org/2001/XMLSchema\" xmlns:xsi=\"http://www.w3.org/2001/XMLSchema-instance\">\r\n
        \ <Id>7597e188-acfd-4bc9-8ef3-07d39e9ffca1</Id>\r\n  <Status>OK</Status>\r\n
        \ <ProviderName>Demo App</ProviderName>\r\n  <DateTimeUTC>2013-08-15T14:23:44.8755191Z</DateTimeUTC>\r\n
        \ <Contacts>\r\n    <Contact>\r\n      <ContactID>880f06e2-7b0b-45ec-a9d0-3a6fa38db95e</ContactID>\r\n
        \     <ContactStatus>ACTIVE</ContactStatus>\r\n      <Name>Bob Fish (bob.fish@example.com)
        880f06e2-7b0b-45ec-a9d0-3a6fa38db95e</Name>\r\n      <Addresses>\r\n        <Address>\r\n
        \         <AddressType>POBOX</AddressType>\r\n        </Address>\r\n        <Address>\r\n
        \         <AddressType>STREET</AddressType>\r\n        </Address>\r\n      </Addresses>\r\n
        \     <Phones>\r\n        <Phone>\r\n          <PhoneType>MOBILE</PhoneType>\r\n
        \       </Phone>\r\n        <Phone>\r\n          <PhoneType>FAX</PhoneType>\r\n
        \       </Phone>\r\n        <Phone>\r\n          <PhoneType>DEFAULT</PhoneType>\r\n
        \       </Phone>\r\n        <Phone>\r\n          <PhoneType>DDI</PhoneType>\r\n
        \       </Phone>\r\n      </Phones>\r\n      <UpdatedDateUTC>2013-08-15T14:23:44.83</UpdatedDateUTC>\r\n
        \     <IsSupplier>false</IsSupplier>\r\n      <IsCustomer>true</IsCustomer>\r\n
        \   </Contact>\r\n  </Contacts>\r\n</Response>"
    http_version: 
  recorded_at: Thu, 15 Aug 2013 14:23:45 GMT
recorded_with: VCR 2.5.0
