---
http_interactions:
- request:
    method: post
    uri: https://<CAPSULECRM_API_TOKEN>:x@<CAPSULECRM_ACCOUNT_NAME>.capsulecrm.com/api/party/37342988/opportunity
    body:
      encoding: US-ASCII
      string: ! "<?xml version=\"1.0\" encoding=\"UTF-8\"?>\n<opportunity>\n  <name>Membership
        at member level</name>\n  <currency>GBP</currency>\n  <value type=\"integer\">400</value>\n
        \ <milestone>Won</milestone>\n  <probability type=\"integer\">100</probability>\n
        \ <description>Membership #: AB1234YZ</description>\n  <duration type=\"integer\">12</duration>\n
        \ <durationBasis>MONTH</durationBasis>\n  <expectedCloseDate type=\"date\">2013-01-01</expectedCloseDate>\n
        \ <owner><CAPSULECRM_DEFAULT_OWNER></owner>\n</opportunity>\n"
    headers:
      Content-Type:
      - text/xml
  response:
    status:
      code: 201
      message: Created
    headers:
      Date:
      - Wed, 06 Mar 2013 18:05:11 GMT
      Server:
      - Apache
      Set-Cookie:
      - JSESSIONID=ECD886D8F837F723FD6E02E6A8EEA12E.nodec11; Path=/; Secure
      Location:
      - https://<CAPSULECRM_ACCOUNT_NAME>.capsulecrm.com/api/opportunity/1211553
      Content-Length:
      - '0'
      Content-Type:
      - text/plain
    body:
      encoding: US-ASCII
      string: ''
    http_version: 
  recorded_at: Tue, 01 Jan 2013 14:35:00 GMT
- request:
    method: put
    uri: https://<CAPSULECRM_API_TOKEN>:x@<CAPSULECRM_ACCOUNT_NAME>.capsulecrm.com/api/party/37342988/customfields
    body:
      encoding: US-ASCII
      string: ! "<?xml version=\"1.0\" encoding=\"UTF-8\"?>\n<customFields>\n  <customField>\n
        \   <label>Level</label>\n    <text>member</text>\n  </customField>\n</customFields>\n"
    headers:
      Content-Type:
      - text/xml
  response:
    status:
      code: 404
      message: Not Found
    headers:
      Date:
      - Wed, 06 Mar 2013 18:05:11 GMT
      Server:
      - Apache
      Content-Length:
      - '140'
      Vary:
      - Accept-Encoding
      Content-Type:
      - text/xml
    body:
      encoding: US-ASCII
      string: <?xml version="1.0" encoding="UTF-8" standalone="yes"?><response><message>custom
        field Level definition cannot be found</message></response>
    http_version: 
  recorded_at: Tue, 01 Jan 2013 14:35:00 GMT
- request:
    method: put
    uri: https://<CAPSULECRM_API_TOKEN>:x@<CAPSULECRM_ACCOUNT_NAME>.capsulecrm.com/api/party/37342988/customfields
    body:
      encoding: US-ASCII
      string: ! "<?xml version=\"1.0\" encoding=\"UTF-8\"?>\n<customFields>\n  <customField>\n
        \   <label>Membership number</label>\n    <text>AB1234YZ</text>\n  </customField>\n</customFields>\n"
    headers:
      Content-Type:
      - text/xml
  response:
    status:
      code: 404
      message: Not Found
    headers:
      Date:
      - Wed, 06 Mar 2013 18:05:12 GMT
      Server:
      - Apache
      Content-Length:
      - '152'
      Vary:
      - Accept-Encoding
      Content-Type:
      - text/xml
    body:
      encoding: US-ASCII
      string: <?xml version="1.0" encoding="UTF-8" standalone="yes"?><response><message>custom
        field Membership number definition cannot be found</message></response>
    http_version: 
  recorded_at: Tue, 01 Jan 2013 14:35:00 GMT
- request:
    method: put
    uri: https://<CAPSULECRM_API_TOKEN>:x@<CAPSULECRM_ACCOUNT_NAME>.capsulecrm.com/api/party/37342988/customfields
    body:
      encoding: US-ASCII
      string: ! "<?xml version=\"1.0\" encoding=\"UTF-8\"?>\n<customFields>\n  <customField>\n
        \   <label>Joined</label>\n    <text nil=\"true\"/>\n  </customField>\n</customFields>\n"
    headers:
      Content-Type:
      - text/xml
  response:
    status:
      code: 404
      message: Not Found
    headers:
      Date:
      - Wed, 06 Mar 2013 18:05:13 GMT
      Server:
      - Apache
      Content-Length:
      - '141'
      Vary:
      - Accept-Encoding
      Content-Type:
      - text/xml
    body:
      encoding: US-ASCII
      string: <?xml version="1.0" encoding="UTF-8" standalone="yes"?><response><message>custom
        field Joined definition cannot be found</message></response>
    http_version: 
  recorded_at: Tue, 01 Jan 2013 14:35:00 GMT
- request:
    method: get
    uri: https://<CAPSULECRM_API_TOKEN>:x@<CAPSULECRM_ACCOUNT_NAME>.capsulecrm.com/api/party/37342988/opportunity
    body:
      encoding: US-ASCII
      string: ''
    headers:
      User-Agent:
      - CapsuleCRM ruby gem
  response:
    status:
      code: 200
      message: OK
    headers:
      Date:
      - Wed, 06 Mar 2013 18:05:15 GMT
      Server:
      - Apache
      Set-Cookie:
      - JSESSIONID=97FFA09662523CF7A409B69087AFA0ED.nodec09; Path=/; Secure
      Content-Length:
      - '672'
      Content-Type:
      - ! '*/*'
    body:
      encoding: US-ASCII
      string: ! '<?xml version="1.0" encoding="UTF-8" standalone="yes"?><opportunities
        size="1"><opportunity><id>1211553</id><name>Membership at member level</name><description>Membership
        #: AB1234YZ</description><partyId>37342988</partyId><currency>GBP</currency><value>400.00</value><durationBasis>MONTH</durationBasis><duration>12</duration><expectedCloseDate>2013-01-01T00:00:00Z</expectedCloseDate><actualCloseDate>2013-03-06T00:00:00Z</actualCloseDate><milestoneId>154049</milestoneId><milestone>Won</milestone><probability>100</probability><owner><CAPSULECRM_DEFAULT_OWNER></owner><createdOn>2013-03-06T18:05:22Z</createdOn><updatedOn>2013-03-06T18:05:22Z</updatedOn></opportunity></opportunities>'
    http_version: 
  recorded_at: Tue, 01 Jan 2013 14:35:00 GMT
- request:
    method: get
    uri: https://<CAPSULECRM_API_TOKEN>:x@<CAPSULECRM_ACCOUNT_NAME>.capsulecrm.com/api/opportunity/1211553/customfield
    body:
      encoding: US-ASCII
      string: ''
    headers:
      User-Agent:
      - CapsuleCRM ruby gem
  response:
    status:
      code: 200
      message: OK
    headers:
      Date:
      - Wed, 06 Mar 2013 18:05:16 GMT
      Server:
      - Apache
      Set-Cookie:
      - JSESSIONID=678BBD38D8B06A1416FFDFA114639558.nodec12; Path=/; Secure
      Content-Length:
      - '79'
      Content-Type:
      - ! '*/*'
    body:
      encoding: US-ASCII
      string: <?xml version="1.0" encoding="UTF-8" standalone="yes"?><customFields
        size="0"/>
    http_version: 
  recorded_at: Tue, 01 Jan 2013 14:35:00 GMT
- request:
    method: delete
    uri: https://<CAPSULECRM_API_TOKEN>:x@<CAPSULECRM_ACCOUNT_NAME>.capsulecrm.com/api/party/37342988
    body:
      encoding: US-ASCII
      string: ''
    headers:
      User-Agent:
      - CapsuleCRM ruby gem
  response:
    status:
      code: 200
      message: OK
    headers:
      Date:
      - Wed, 06 Mar 2013 18:05:16 GMT
      Server:
      - Apache
      Set-Cookie:
      - JSESSIONID=5D80F562BE4D8613F5A40E569DE65851.nodec01; Path=/; Secure
      Content-Length:
      - '0'
      Content-Type:
      - text/plain
    body:
      encoding: US-ASCII
      string: ''
    http_version: 
  recorded_at: Tue, 01 Jan 2013 14:35:00 GMT
- request:
    method: post
    uri: https://<CAPSULECRM_API_TOKEN>:x@<CAPSULECRM_ACCOUNT_NAME>.capsulecrm.com/api/party/37343000/opportunity
    body:
      encoding: US-ASCII
      string: ! "<?xml version=\"1.0\" encoding=\"UTF-8\"?>\n<opportunity>\n  <name>Membership
        at member level</name>\n  <currency>GBP</currency>\n  <value type=\"integer\">400</value>\n
        \ <milestone>Won</milestone>\n  <probability type=\"integer\">100</probability>\n
        \ <description>Membership #: AB1234YZ</description>\n  <duration type=\"integer\">12</duration>\n
        \ <durationBasis>MONTH</durationBasis>\n  <expectedCloseDate type=\"date\">2013-01-01</expectedCloseDate>\n
        \ <owner><CAPSULECRM_DEFAULT_OWNER></owner>\n</opportunity>\n"
    headers:
      Content-Type:
      - text/xml
  response:
    status:
      code: 201
      message: Created
    headers:
      Date:
      - Wed, 06 Mar 2013 18:06:14 GMT
      Server:
      - Apache
      Set-Cookie:
      - JSESSIONID=CEF9E8294444E3CDF4368FEAD2D6536A.nodec04; Path=/; Secure
      Location:
      - https://<CAPSULECRM_ACCOUNT_NAME>.capsulecrm.com/api/opportunity/1211557
      Content-Length:
      - '0'
      Content-Type:
      - text/plain
    body:
      encoding: US-ASCII
      string: ''
    http_version: 
  recorded_at: Tue, 01 Jan 2013 14:35:00 GMT
- request:
    method: put
    uri: https://<CAPSULECRM_API_TOKEN>:x@<CAPSULECRM_ACCOUNT_NAME>.capsulecrm.com/api/opportunity/1211557/customfields
    body:
      encoding: US-ASCII
      string: ! "<?xml version=\"1.0\" encoding=\"UTF-8\"?>\n<customFields>\n  <customField>\n
        \   <label>Type</label>\n    <text>Membership</text>\n  </customField>\n</customFields>\n"
    headers:
      Content-Type:
      - text/xml
  response:
    status:
      code: 200
      message: OK
    headers:
      Date:
      - Wed, 06 Mar 2013 18:06:15 GMT
      Server:
      - Apache
      Set-Cookie:
      - JSESSIONID=DC4B83236EE4D44558C573348F5F23D5.nodec01; Path=/; Secure
      Content-Length:
      - '178'
      Content-Type:
      - ! '*/*'
    body:
      encoding: US-ASCII
      string: <?xml version="1.0" encoding="UTF-8" standalone="yes"?><customFields
        size="1"><customField><id>1460151</id><label>Type</label><text>Membership</text></customField></customFields>
    http_version: 
  recorded_at: Tue, 01 Jan 2013 14:35:00 GMT
- request:
    method: put
    uri: https://<CAPSULECRM_API_TOKEN>:x@<CAPSULECRM_ACCOUNT_NAME>.capsulecrm.com/api/party/37343000/customfields
    body:
      encoding: US-ASCII
      string: ! "<?xml version=\"1.0\" encoding=\"UTF-8\"?>\n<customFields>\n  <customField>\n
        \   <label>Level</label>\n    <text>member</text>\n  </customField>\n</customFields>\n"
    headers:
      Content-Type:
      - text/xml
  response:
    status:
      code: 404
      message: Not Found
    headers:
      Date:
      - Wed, 06 Mar 2013 18:06:15 GMT
      Server:
      - Apache
      Content-Length:
      - '140'
      Vary:
      - Accept-Encoding
      Content-Type:
      - text/xml
    body:
      encoding: US-ASCII
      string: <?xml version="1.0" encoding="UTF-8" standalone="yes"?><response><message>custom
        field Level definition cannot be found</message></response>
    http_version: 
  recorded_at: Tue, 01 Jan 2013 14:35:00 GMT
- request:
    method: put
    uri: https://<CAPSULECRM_API_TOKEN>:x@<CAPSULECRM_ACCOUNT_NAME>.capsulecrm.com/api/party/37343000/customfields
    body:
      encoding: US-ASCII
      string: ! "<?xml version=\"1.0\" encoding=\"UTF-8\"?>\n<customFields>\n  <customField>\n
        \   <label>Membership number</label>\n    <text>AB1234YZ</text>\n  </customField>\n</customFields>\n"
    headers:
      Content-Type:
      - text/xml
  response:
    status:
      code: 404
      message: Not Found
    headers:
      Date:
      - Wed, 06 Mar 2013 18:06:16 GMT
      Server:
      - Apache
      Content-Length:
      - '152'
      Vary:
      - Accept-Encoding
      Content-Type:
      - text/xml
    body:
      encoding: US-ASCII
      string: <?xml version="1.0" encoding="UTF-8" standalone="yes"?><response><message>custom
        field Membership number definition cannot be found</message></response>
    http_version: 
  recorded_at: Tue, 01 Jan 2013 14:35:00 GMT
- request:
    method: put
    uri: https://<CAPSULECRM_API_TOKEN>:x@<CAPSULECRM_ACCOUNT_NAME>.capsulecrm.com/api/party/37343000/customfields
    body:
      encoding: US-ASCII
      string: ! "<?xml version=\"1.0\" encoding=\"UTF-8\"?>\n<customFields>\n  <customField>\n
        \   <label>Joined</label>\n    <text nil=\"true\"/>\n  </customField>\n</customFields>\n"
    headers:
      Content-Type:
      - text/xml
  response:
    status:
      code: 404
      message: Not Found
    headers:
      Date:
      - Wed, 06 Mar 2013 18:06:16 GMT
      Server:
      - Apache
      Content-Length:
      - '141'
      Vary:
      - Accept-Encoding
      Connection:
      - close
      Content-Type:
      - text/xml
    body:
      encoding: US-ASCII
      string: <?xml version="1.0" encoding="UTF-8" standalone="yes"?><response><message>custom
        field Joined definition cannot be found</message></response>
    http_version: 
  recorded_at: Tue, 01 Jan 2013 14:35:00 GMT
- request:
    method: get
    uri: https://<CAPSULECRM_API_TOKEN>:x@<CAPSULECRM_ACCOUNT_NAME>.capsulecrm.com/api/party/37343000/opportunity
    body:
      encoding: US-ASCII
      string: ''
    headers:
      User-Agent:
      - CapsuleCRM ruby gem
  response:
    status:
      code: 200
      message: OK
    headers:
      Date:
      - Wed, 06 Mar 2013 18:06:18 GMT
      Server:
      - Apache
      Set-Cookie:
      - JSESSIONID=813D408E4217169F52EF5D5625CE8657.nodec10; Path=/; Secure
      Content-Length:
      - '672'
      Content-Type:
      - ! '*/*'
    body:
      encoding: US-ASCII
      string: ! '<?xml version="1.0" encoding="UTF-8" standalone="yes"?><opportunities
        size="1"><opportunity><id>1211557</id><name>Membership at member level</name><description>Membership
        #: AB1234YZ</description><partyId>37343000</partyId><currency>GBP</currency><value>400.00</value><durationBasis>MONTH</durationBasis><duration>12</duration><expectedCloseDate>2013-01-01T00:00:00Z</expectedCloseDate><actualCloseDate>2013-03-06T00:00:00Z</actualCloseDate><milestoneId>154049</milestoneId><milestone>Won</milestone><probability>100</probability><owner><CAPSULECRM_DEFAULT_OWNER></owner><createdOn>2013-03-06T18:06:25Z</createdOn><updatedOn>2013-03-06T18:06:26Z</updatedOn></opportunity></opportunities>'
    http_version: 
  recorded_at: Tue, 01 Jan 2013 14:35:00 GMT
- request:
    method: get
    uri: https://<CAPSULECRM_API_TOKEN>:x@<CAPSULECRM_ACCOUNT_NAME>.capsulecrm.com/api/opportunity/1211557/customfield
    body:
      encoding: US-ASCII
      string: ''
    headers:
      User-Agent:
      - CapsuleCRM ruby gem
  response:
    status:
      code: 200
      message: OK
    headers:
      Date:
      - Wed, 06 Mar 2013 18:06:18 GMT
      Server:
      - Apache
      Set-Cookie:
      - JSESSIONID=B58E59F7CCC943F8C2070788DDD0A472.nodec10; Path=/; Secure
      Content-Length:
      - '178'
      Content-Type:
      - ! '*/*'
    body:
      encoding: US-ASCII
      string: <?xml version="1.0" encoding="UTF-8" standalone="yes"?><customFields
        size="1"><customField><id>1460151</id><label>Type</label><text>Membership</text></customField></customFields>
    http_version: 
  recorded_at: Tue, 01 Jan 2013 14:35:00 GMT
- request:
    method: delete
    uri: https://<CAPSULECRM_API_TOKEN>:x@<CAPSULECRM_ACCOUNT_NAME>.capsulecrm.com/api/party/37343000
    body:
      encoding: US-ASCII
      string: ''
    headers:
      User-Agent:
      - CapsuleCRM ruby gem
  response:
    status:
      code: 200
      message: OK
    headers:
      Date:
      - Wed, 06 Mar 2013 18:06:18 GMT
      Server:
      - Apache
      Set-Cookie:
      - JSESSIONID=2E8B8C3BE88F787FE0452FDE1A48F67F.nodec11; Path=/; Secure
      Content-Length:
      - '0'
      Content-Type:
      - text/plain
    body:
      encoding: US-ASCII
      string: ''
    http_version: 
  recorded_at: Tue, 01 Jan 2013 14:35:00 GMT
- request:
    method: get
    uri: https://<CAPSULECRM_API_TOKEN>:x@<CAPSULECRM_ACCOUNT_NAME>.capsulecrm.com/api/party?q=ACME%20widgets%20Inc.
    body:
      encoding: US-ASCII
      string: ''
    headers:
      User-Agent:
      - CapsuleCRM ruby gem
  response:
    status:
      code: 200
      message: OK
    headers:
      Date:
      - Wed, 06 Mar 2013 18:07:11 GMT
      Server:
      - Apache
      Set-Cookie:
      - JSESSIONID=F324FEF5BFF87B611EC7351B9DD913C9.nodec05; Path=/; Secure
      Content-Length:
      - '74'
      Content-Type:
      - ! '*/*'
    body:
      encoding: US-ASCII
      string: <?xml version="1.0" encoding="UTF-8" standalone="yes"?><parties size="0"/>
    http_version: 
  recorded_at: Tue, 01 Jan 2013 14:35:00 GMT
- request:
    method: post
    uri: https://<CAPSULECRM_API_TOKEN>:x@<CAPSULECRM_ACCOUNT_NAME>.capsulecrm.com/api/organisation
    body:
      encoding: US-ASCII
      string: ! "<?xml version=\"1.0\" encoding=\"UTF-8\"?>\n<organisation>\n  <about
        nil=\"true\"/>\n  <name>ACME widgets Inc.</name>\n</organisation>\n"
    headers:
      Content-Type:
      - text/xml
  response:
    status:
      code: 201
      message: Created
    headers:
      Date:
      - Wed, 06 Mar 2013 18:07:11 GMT
      Server:
      - Apache
      Set-Cookie:
      - JSESSIONID=C97545305CF2C015B4BDC05AD1F925A7.nodec04; Path=/; Secure
      Location:
      - https://<CAPSULECRM_ACCOUNT_NAME>.capsulecrm.com/api/party/37343008
      Content-Length:
      - '0'
      Content-Type:
      - text/plain
    body:
      encoding: US-ASCII
      string: ''
    http_version: 
  recorded_at: Tue, 01 Jan 2013 14:35:00 GMT
- request:
    method: get
    uri: https://<CAPSULECRM_API_TOKEN>:x@<CAPSULECRM_ACCOUNT_NAME>.capsulecrm.com/api/party?q=ACME%20widgets%20Inc.
    body:
      encoding: US-ASCII
      string: ''
    headers:
      User-Agent:
      - CapsuleCRM ruby gem
  response:
    status:
      code: 200
      message: OK
    headers:
      Date:
      - Wed, 06 Mar 2013 18:07:12 GMT
      Server:
      - Apache
      Set-Cookie:
      - JSESSIONID=74D5BDAA767BB08BD8A314939AC50F67.nodec11; Path=/; Secure
      Content-Length:
      - '369'
      Content-Type:
      - ! '*/*'
    body:
      encoding: US-ASCII
      string: <?xml version="1.0" encoding="UTF-8" standalone="yes"?><parties size="1"><organisation><id>37343008</id><contacts/><pictureURL>https://d365sd3k9yw37.cloudfront.net/a/1362503395/theme/default/images/org_avatar_70.png</pictureURL><createdOn>2013-03-06T18:07:22Z</createdOn><updatedOn>2013-03-06T18:07:22Z</updatedOn><name>ACME
        widgets Inc.</name></organisation></parties>
    http_version: 
  recorded_at: Tue, 01 Jan 2013 14:35:00 GMT
- request:
    method: get
    uri: https://<CAPSULECRM_API_TOKEN>:x@<CAPSULECRM_ACCOUNT_NAME>.capsulecrm.com/api/party?q=ACME%20widgets%20Inc.
    body:
      encoding: US-ASCII
      string: ''
    headers:
      User-Agent:
      - CapsuleCRM ruby gem
  response:
    status:
      code: 200
      message: OK
    headers:
      Date:
      - Wed, 06 Mar 2013 18:07:12 GMT
      Server:
      - Apache
      Set-Cookie:
      - JSESSIONID=E217DF3C9CFB7EC7946BA29D42A20600.nodec05; Path=/; Secure
      Content-Length:
      - '369'
      Content-Type:
      - ! '*/*'
    body:
      encoding: US-ASCII
      string: <?xml version="1.0" encoding="UTF-8" standalone="yes"?><parties size="1"><organisation><id>37343008</id><contacts/><pictureURL>https://d365sd3k9yw37.cloudfront.net/a/1362503395/theme/default/images/org_avatar_70.png</pictureURL><createdOn>2013-03-06T18:07:22Z</createdOn><updatedOn>2013-03-06T18:07:22Z</updatedOn><name>ACME
        widgets Inc.</name></organisation></parties>
    http_version: 
  recorded_at: Tue, 01 Jan 2013 14:35:00 GMT
- request:
    method: post
    uri: https://<CAPSULECRM_API_TOKEN>:x@<CAPSULECRM_ACCOUNT_NAME>.capsulecrm.com/api/party/37343008/opportunity
    body:
      encoding: US-ASCII
      string: ! "<?xml version=\"1.0\" encoding=\"UTF-8\"?>\n<opportunity>\n  <name>Membership
        at member level</name>\n  <currency>GBP</currency>\n  <value type=\"integer\">400</value>\n
        \ <milestone>Won</milestone>\n  <probability type=\"integer\">100</probability>\n
        \ <description>Membership #: AB1234YZ</description>\n  <duration type=\"integer\">12</duration>\n
        \ <durationBasis>MONTH</durationBasis>\n  <expectedCloseDate type=\"date\">2013-01-01</expectedCloseDate>\n
        \ <owner><CAPSULECRM_DEFAULT_OWNER></owner>\n</opportunity>\n"
    headers:
      Content-Type:
      - text/xml
  response:
    status:
      code: 201
      message: Created
    headers:
      Date:
      - Wed, 06 Mar 2013 18:07:13 GMT
      Server:
      - Apache
      Set-Cookie:
      - JSESSIONID=E3831AA5793BDF9D232858947746C40A.nodec11; Path=/; Secure
      Location:
      - https://<CAPSULECRM_ACCOUNT_NAME>.capsulecrm.com/api/opportunity/1211563
      Content-Length:
      - '0'
      Content-Type:
      - text/plain
    body:
      encoding: US-ASCII
      string: ''
    http_version: 
  recorded_at: Tue, 01 Jan 2013 14:35:00 GMT
- request:
    method: put
    uri: https://<CAPSULECRM_API_TOKEN>:x@<CAPSULECRM_ACCOUNT_NAME>.capsulecrm.com/api/opportunity/1211563/customfields
    body:
      encoding: US-ASCII
      string: ! "<?xml version=\"1.0\" encoding=\"UTF-8\"?>\n<customFields>\n  <customField>\n
        \   <label>Type</label>\n    <text>Membership</text>\n  </customField>\n</customFields>\n"
    headers:
      Content-Type:
      - text/xml
  response:
    status:
      code: 200
      message: OK
    headers:
      Date:
      - Wed, 06 Mar 2013 18:07:13 GMT
      Server:
      - Apache
      Set-Cookie:
      - JSESSIONID=A92BFC54D94EC4FBFDD42D05631D441B.nodec08; Path=/; Secure
      Content-Length:
      - '178'
      Content-Type:
      - ! '*/*'
    body:
      encoding: US-ASCII
      string: <?xml version="1.0" encoding="UTF-8" standalone="yes"?><customFields
        size="1"><customField><id>1460159</id><label>Type</label><text>Membership</text></customField></customFields>
    http_version: 
  recorded_at: Tue, 01 Jan 2013 14:35:00 GMT
- request:
    method: put
    uri: https://<CAPSULECRM_API_TOKEN>:x@<CAPSULECRM_ACCOUNT_NAME>.capsulecrm.com/api/party/37343008/customfields
    body:
      encoding: US-ASCII
      string: ! "<?xml version=\"1.0\" encoding=\"UTF-8\"?>\n<customFields>\n  <customField>\n
        \   <label>Level</label>\n    <text>member</text>\n  </customField>\n</customFields>\n"
    headers:
      Content-Type:
      - text/xml
  response:
    status:
      code: 404
      message: Not Found
    headers:
      Date:
      - Wed, 06 Mar 2013 18:07:14 GMT
      Server:
      - Apache
      Content-Length:
      - '140'
      Vary:
      - Accept-Encoding
      Content-Type:
      - text/xml
    body:
      encoding: US-ASCII
      string: <?xml version="1.0" encoding="UTF-8" standalone="yes"?><response><message>custom
        field Level definition cannot be found</message></response>
    http_version: 
  recorded_at: Tue, 01 Jan 2013 14:35:00 GMT
- request:
    method: put
    uri: https://<CAPSULECRM_API_TOKEN>:x@<CAPSULECRM_ACCOUNT_NAME>.capsulecrm.com/api/party/37343008/customfields
    body:
      encoding: US-ASCII
      string: ! "<?xml version=\"1.0\" encoding=\"UTF-8\"?>\n<customFields>\n  <customField>\n
        \   <label>Membership number</label>\n    <text>AB1234YZ</text>\n  </customField>\n</customFields>\n"
    headers:
      Content-Type:
      - text/xml
  response:
    status:
      code: 404
      message: Not Found
    headers:
      Date:
      - Wed, 06 Mar 2013 18:07:14 GMT
      Server:
      - Apache
      Content-Length:
      - '152'
      Vary:
      - Accept-Encoding
      Content-Type:
      - text/xml
    body:
      encoding: US-ASCII
      string: <?xml version="1.0" encoding="UTF-8" standalone="yes"?><response><message>custom
        field Membership number definition cannot be found</message></response>
    http_version: 
  recorded_at: Tue, 01 Jan 2013 14:35:00 GMT
- request:
    method: put
    uri: https://<CAPSULECRM_API_TOKEN>:x@<CAPSULECRM_ACCOUNT_NAME>.capsulecrm.com/api/party/37343008/customfields
    body:
      encoding: US-ASCII
      string: ! "<?xml version=\"1.0\" encoding=\"UTF-8\"?>\n<customFields>\n  <customField>\n
        \   <label>Joined</label>\n    <text nil=\"true\"/>\n  </customField>\n</customFields>\n"
    headers:
      Content-Type:
      - text/xml
  response:
    status:
      code: 404
      message: Not Found
    headers:
      Date:
      - Wed, 06 Mar 2013 18:07:15 GMT
      Server:
      - Apache
      Content-Length:
      - '141'
      Vary:
      - Accept-Encoding
      Content-Type:
      - text/xml
    body:
      encoding: US-ASCII
      string: <?xml version="1.0" encoding="UTF-8" standalone="yes"?><response><message>custom
        field Joined definition cannot be found</message></response>
    http_version: 
  recorded_at: Tue, 01 Jan 2013 14:35:00 GMT
- request:
    method: get
    uri: https://<CAPSULECRM_API_TOKEN>:x@<CAPSULECRM_ACCOUNT_NAME>.capsulecrm.com/api/party?q=ACME%20widgets%20Inc.
    body:
      encoding: US-ASCII
      string: ''
    headers:
      User-Agent:
      - CapsuleCRM ruby gem
  response:
    status:
      code: 200
      message: OK
    headers:
      Date:
      - Wed, 06 Mar 2013 18:07:15 GMT
      Server:
      - Apache
      Set-Cookie:
      - JSESSIONID=E03AB4A85F793E80E59BAC817FF82D4B.nodec07; Path=/; Secure
      Content-Length:
      - '369'
      Content-Type:
      - ! '*/*'
    body:
      encoding: US-ASCII
      string: <?xml version="1.0" encoding="UTF-8" standalone="yes"?><parties size="1"><organisation><id>37343008</id><contacts/><pictureURL>https://d365sd3k9yw37.cloudfront.net/a/1362503395/theme/default/images/org_avatar_70.png</pictureURL><createdOn>2013-03-06T18:07:22Z</createdOn><updatedOn>2013-03-06T18:07:22Z</updatedOn><name>ACME
        widgets Inc.</name></organisation></parties>
    http_version: 
  recorded_at: Tue, 01 Jan 2013 14:35:00 GMT
- request:
    method: get
    uri: https://<CAPSULECRM_API_TOKEN>:x@<CAPSULECRM_ACCOUNT_NAME>.capsulecrm.com/api/party/37343008/opportunity
    body:
      encoding: US-ASCII
      string: ''
    headers:
      User-Agent:
      - CapsuleCRM ruby gem
  response:
    status:
      code: 200
      message: OK
    headers:
      Date:
      - Wed, 06 Mar 2013 18:07:16 GMT
      Server:
      - Apache
      Set-Cookie:
      - JSESSIONID=11B5624EAEAA6C6E5884AB275E1B049C.nodec08; Path=/; Secure
      Content-Length:
      - '672'
      Content-Type:
      - ! '*/*'
    body:
      encoding: US-ASCII
      string: ! '<?xml version="1.0" encoding="UTF-8" standalone="yes"?><opportunities
        size="1"><opportunity><id>1211563</id><name>Membership at member level</name><description>Membership
        #: AB1234YZ</description><partyId>37343008</partyId><currency>GBP</currency><value>400.00</value><durationBasis>MONTH</durationBasis><duration>12</duration><expectedCloseDate>2013-01-01T00:00:00Z</expectedCloseDate><actualCloseDate>2013-03-06T00:00:00Z</actualCloseDate><milestoneId>154049</milestoneId><milestone>Won</milestone><probability>100</probability><owner><CAPSULECRM_DEFAULT_OWNER></owner><createdOn>2013-03-06T18:07:24Z</createdOn><updatedOn>2013-03-06T18:07:24Z</updatedOn></opportunity></opportunities>'
    http_version: 
  recorded_at: Tue, 01 Jan 2013 14:35:00 GMT
- request:
    method: get
    uri: https://<CAPSULECRM_API_TOKEN>:x@<CAPSULECRM_ACCOUNT_NAME>.capsulecrm.com/api/opportunity/1211563/customfield
    body:
      encoding: US-ASCII
      string: ''
    headers:
      User-Agent:
      - CapsuleCRM ruby gem
  response:
    status:
      code: 200
      message: OK
    headers:
      Date:
      - Wed, 06 Mar 2013 18:07:17 GMT
      Server:
      - Apache
      Set-Cookie:
      - JSESSIONID=578F083E939F5EB7AE49F981F585AF88.nodec02; Path=/; Secure
      Content-Length:
      - '178'
      Content-Type:
      - ! '*/*'
    body:
      encoding: US-ASCII
      string: <?xml version="1.0" encoding="UTF-8" standalone="yes"?><customFields
        size="1"><customField><id>1460159</id><label>Type</label><text>Membership</text></customField></customFields>
    http_version: 
  recorded_at: Tue, 01 Jan 2013 14:35:00 GMT
- request:
    method: delete
    uri: https://<CAPSULECRM_API_TOKEN>:x@<CAPSULECRM_ACCOUNT_NAME>.capsulecrm.com/api/party/37343008
    body:
      encoding: US-ASCII
      string: ''
    headers:
      User-Agent:
      - CapsuleCRM ruby gem
  response:
    status:
      code: 200
      message: OK
    headers:
      Date:
      - Wed, 06 Mar 2013 18:07:17 GMT
      Server:
      - Apache
      Set-Cookie:
      - JSESSIONID=57155528124D933708BABDC0CAFB4317.nodec09; Path=/; Secure
      Content-Length:
      - '0'
      Content-Type:
      - text/plain
    body:
      encoding: US-ASCII
      string: ''
    http_version: 
  recorded_at: Tue, 01 Jan 2013 14:35:00 GMT
recorded_with: VCR 2.4.0
