---
http_interactions:
- request:
    method: get
    uri: https://api.xero.com/api.xro/2.0/Invoices?where=Contact.ContactID<TMUX_PANE>0=<TMUX_PANE>0GUID(<TMUX_PANE>2b94f9c4b-4aab-4c3a-bbef-58adb1fa8b0d<TMUX_PANE>2)
    body:
      encoding: US-ASCII
      string: ''
    headers:
      Charset:
      - utf-8
      Accept:
      - ! '*/*'
      User-Agent:
      - OAuth gem v0.4.7
      Authorization:
      - OAuth oauth_consumer_key="<XERO_CONSUMER_KEY>", oauth_nonce="i58SwNUGx4y6CTCAP5KN0HYy5FthezAD5LLvO7tvA",
        oauth_signature="jFGxqiIMkf79EYufxpvVCZBo<TMUX_PANE>BwN3dmt2xgSxis6CYiiboatQklDAgOWhnC2BEZrP9WXf7Rw1D5<TMUX_PANE>B8umVsKxON2Sk2<TMUX_PANE>BuHu<TMUX_PANE>FI2TtsRk4M0HDK4y<TMUX_PANE>BHGTfY2LXU7aLSTgdRve2oACO9xXYgLKjbwV3nUkBPIpzgz<TMUX_PANE>ByIkuJT8VirDQZcs%3D",
        oauth_signature_method="RSA-SHA1", oauth_timestamp="1439384141", oauth_token="<XERO_CONSUMER_KEY>",
        oauth_version="1.0"
  response:
    status:
      code: 200
      message: OK
    headers:
      Cache-Control:
      - private
      Content-Length:
      - '292'
      Content-Type:
      - text/xml; charset=utf-8
      X-S:
      - 445759-O1VMAP02
      - 445761-O1VMAP04
      Www-Authenticate:
      - OAuth Realm="api.xero.com"
      Strict-Transport-Security:
      - max-age=31536000
      Date:
      - Wed, 12 Aug 2015 12:55:39 GMT
    body:
      encoding: US-ASCII
      string: ! "<Response xmlns:xsd=\"http://www.w3.org/2001/XMLSchema\" xmlns:xsi=\"http://www.w3.org/2001/XMLSchema-instance\">\r\n
        \ <Id>d4eac3b2-436c-4c8a-9f3c-cc054f1c7425</Id>\r\n  <Status>OK</Status>\r\n
        \ <ProviderName>Jordan</ProviderName>\r\n  <DateTimeUTC>2015-08-12T12:55:39.9417546Z</DateTimeUTC>\r\n</Response>"
    http_version: 
  recorded_at: Wed, 12 Aug 2015 12:55:42 GMT
- request:
    method: get
    uri: https://api.xero.com/api.xro/2.0/Invoices?where=Contact.ContactID<TMUX_PANE>0=<TMUX_PANE>0GUID(<TMUX_PANE>2b94f9c4b-4aab-4c3a-bbef-58adb1fa8b0d<TMUX_PANE>2)<TMUX_PANE>0AND<TMUX_PANE>0Status<TMUX_PANE>0!=<TMUX_PANE>0<TMUX_PANE>2DELETED<TMUX_PANE>2
    body:
      encoding: US-ASCII
      string: ''
    headers:
      Charset:
      - utf-8
      Accept:
      - ! '*/*'
      User-Agent:
      - OAuth gem v0.4.7
      Authorization:
      - OAuth oauth_consumer_key="<XERO_CONSUMER_KEY>", oauth_nonce="TPGHY7uKCaTOZ1enAeMdPucMxHzSPz9AsKkYTFFtDlY",
        oauth_signature="vMfXG3COEWaV<TMUX_PANE>FRe00H7LDMbqCoImeV5tS<TMUX_PANE>Bnhx5C4IR0V8OkN<TMUX_PANE>Bcv12CmdCu2NdC7ag7H<TMUX_PANE>BCZWoSlzqY0<TMUX_PANE>BNwRUhtKnyhGDPPpAou<TMUX_PANE>B9KvH7Xpnc<TMUX_PANE>FV6UvUKTox5SU8VIrL<TMUX_PANE>F7uy5qO0nLxQmqH5d9xCF0P5mYov<TMUX_PANE>FA<TMUX_PANE>FLjHFaC<TMUX_PANE>B01padOHM%3D",
        oauth_signature_method="RSA-SHA1", oauth_timestamp="1439384144", oauth_token="<XERO_CONSUMER_KEY>",
        oauth_version="1.0"
  response:
    status:
      code: 200
      message: OK
    headers:
      Cache-Control:
      - private
      Content-Length:
      - '1213'
      Content-Type:
      - text/xml; charset=utf-8
      X-S:
      - 445759-O1VMAP02
      - 445761-O1VMAP04
      Www-Authenticate:
      - OAuth Realm="api.xero.com"
      Strict-Transport-Security:
      - max-age=31536000
      Date:
      - Wed, 12 Aug 2015 12:55:41 GMT
    body:
      encoding: US-ASCII
      string: ! "<Response xmlns:xsd=\"http://www.w3.org/2001/XMLSchema\" xmlns:xsi=\"http://www.w3.org/2001/XMLSchema-instance\">\r\n
        \ <Id>9a5806c7-2ec1-459a-bc78-09d0fdc0a4c3</Id>\r\n  <Status>OK</Status>\r\n
        \ <ProviderName>Jordan</ProviderName>\r\n  <DateTimeUTC>2015-08-12T12:55:42.313061Z</DateTimeUTC>\r\n
        \ <Invoices>\r\n    <Invoice>\r\n      <Contact>\r\n        <ContactID>b94f9c4b-4aab-4c3a-bbef-58adb1fa8b0d</ContactID>\r\n
        \       <Name>Existing Company Inc.</Name>\r\n      </Contact>\r\n      <Date>2015-08-12T00:00:00</Date>\r\n
        \     <DueDate>2013-03-10T00:00:00</DueDate>\r\n      <Status>DRAFT</Status>\r\n
        \     <LineAmountTypes>Exclusive</LineAmountTypes>\r\n      <SubTotal>2.00</SubTotal>\r\n
        \     <TotalTax>0.40</TotalTax>\r\n      <Total>2.40</Total>\r\n      <UpdatedDateUTC>2015-08-12T12:55:41.113</UpdatedDateUTC>\r\n
        \     <CurrencyCode>GBP</CurrencyCode>\r\n      <Type>ACCREC</Type>\r\n      <InvoiceID>2ba14c21-4b37-4829-8ddb-a7bd652eabf8</InvoiceID>\r\n
        \     <InvoiceNumber>INV-0127</InvoiceNumber>\r\n      <AmountDue>2.40</AmountDue>\r\n
        \     <AmountPaid>0.00</AmountPaid>\r\n      <AmountCredited>0.00</AmountCredited>\r\n
        \     <CurrencyRate>1.000000</CurrencyRate>\r\n      <HasAttachments>false</HasAttachments>\r\n
        \   </Invoice>\r\n  </Invoices>\r\n</Response>"
    http_version: 
  recorded_at: Wed, 12 Aug 2015 12:55:44 GMT
- request:
    method: get
    uri: https://api.xero.com/api.xro/2.0/Invoices/2ba14c21-4b37-4829-8ddb-a7bd652eabf8
    body:
      encoding: US-ASCII
      string: ''
    headers:
      Charset:
      - utf-8
      Accept:
      - ! '*/*'
      User-Agent:
      - OAuth gem v0.4.7
      Authorization:
      - OAuth oauth_consumer_key="<XERO_CONSUMER_KEY>", oauth_nonce="XB0NqvOkJR38PRnunFsDoEjytbE8oVMwMHOxdVFNRo",
        oauth_signature="ZrBhAz7O3cV<TMUX_PANE>Fv<TMUX_PANE>Fo56aGQsfdU8OuvP1NqpVJNbZOD0Pnx4rR<TMUX_PANE>BymjCTSKo6A8<TMUX_PANE>FxjlsSj<TMUX_PANE>BeYiuckKRd1g7UFE1W3Fe35pRpHNjaaCGB6aP46MwLkkJZh6DaZCI<TMUX_PANE>BYEE8AOaYpKHObLhl4kwz5aM9d2tZ9BkgMQgojoPz5NmMd1LJKsI%3D",
        oauth_signature_method="RSA-SHA1", oauth_timestamp="1439384144", oauth_token="<XERO_CONSUMER_KEY>",
        oauth_version="1.0"
  response:
    status:
      code: 200
      message: OK
    headers:
      Cache-Control:
      - private
      Content-Length:
      - '2764'
      Content-Type:
      - text/xml; charset=utf-8
      X-S:
      - 445759-O1VMAP02
      - 445761-O1VMAP04
      Www-Authenticate:
      - OAuth Realm="api.xero.com"
      Strict-Transport-Security:
      - max-age=31536000
      Date:
      - Wed, 12 Aug 2015 12:55:41 GMT
    body:
      encoding: US-ASCII
      string: ! "<Response xmlns:xsd=\"http://www.w3.org/2001/XMLSchema\" xmlns:xsi=\"http://www.w3.org/2001/XMLSchema-instance\">\r\n
        \ <Id>b621639c-ee35-44c5-8363-2d40a21b0cbc</Id>\r\n  <Status>OK</Status>\r\n
        \ <ProviderName>Jordan</ProviderName>\r\n  <DateTimeUTC>2015-08-12T12:55:42.8434848Z</DateTimeUTC>\r\n
        \ <Invoices>\r\n    <Invoice>\r\n      <Contact>\r\n        <ContactID>b94f9c4b-4aab-4c3a-bbef-58adb1fa8b0d</ContactID>\r\n
        \       <ContactStatus>ACTIVE</ContactStatus>\r\n        <Name>Existing Company
        Inc.</Name>\r\n        <Addresses>\r\n          <Address>\r\n            <AddressType>STREET</AddressType>\r\n
        \         </Address>\r\n          <Address>\r\n            <AddressType>POBOX</AddressType>\r\n
        \         </Address>\r\n        </Addresses>\r\n        <Phones>\r\n          <Phone>\r\n
        \           <PhoneType>DEFAULT</PhoneType>\r\n          </Phone>\r\n          <Phone>\r\n
        \           <PhoneType>DDI</PhoneType>\r\n          </Phone>\r\n          <Phone>\r\n
        \           <PhoneType>MOBILE</PhoneType>\r\n          </Phone>\r\n          <Phone>\r\n
        \           <PhoneType>FAX</PhoneType>\r\n          </Phone>\r\n        </Phones>\r\n
        \       <UpdatedDateUTC>2015-08-12T12:55:38.757</UpdatedDateUTC>\r\n        <IsSupplier>false</IsSupplier>\r\n
        \       <IsCustomer>true</IsCustomer>\r\n      </Contact>\r\n      <Date>2015-08-12T00:00:00</Date>\r\n
        \     <DueDate>2013-03-10T00:00:00</DueDate>\r\n      <Status>DRAFT</Status>\r\n
        \     <LineAmountTypes>Exclusive</LineAmountTypes>\r\n      <LineItems>\r\n
        \       <LineItem>\r\n          <Description>Line Item Number 1</Description>\r\n
        \         <UnitAmount>1.00</UnitAmount>\r\n          <TaxType>OUTPUT2</TaxType>\r\n
        \         <TaxAmount>0.20</TaxAmount>\r\n          <LineAmount>1.00</LineAmount>\r\n
        \         <Quantity>1.0000</Quantity>\r\n          <LineItemID>d5e6f977-0df0-4f35-a2bc-d7f471f6c7ce</LineItemID>\r\n
        \       </LineItem>\r\n        <LineItem>\r\n          <Description>Line Item
        Number 2</Description>\r\n          <UnitAmount>1.00</UnitAmount>\r\n          <TaxType>OUTPUT2</TaxType>\r\n
        \         <TaxAmount>0.20</TaxAmount>\r\n          <LineAmount>1.00</LineAmount>\r\n
        \         <Quantity>1.0000</Quantity>\r\n          <LineItemID>3a116e38-7f1b-4532-82c8-bb13bc72988a</LineItemID>\r\n
        \       </LineItem>\r\n      </LineItems>\r\n      <SubTotal>2.00</SubTotal>\r\n
        \     <TotalTax>0.40</TotalTax>\r\n      <Total>2.40</Total>\r\n      <UpdatedDateUTC>2015-08-12T12:55:41.113</UpdatedDateUTC>\r\n
        \     <CurrencyCode>GBP</CurrencyCode>\r\n      <Type>ACCREC</Type>\r\n      <InvoiceID>2ba14c21-4b37-4829-8ddb-a7bd652eabf8</InvoiceID>\r\n
        \     <InvoiceNumber>INV-0127</InvoiceNumber>\r\n      <AmountDue>2.40</AmountDue>\r\n
        \     <AmountPaid>0.00</AmountPaid>\r\n      <SentToContact>false</SentToContact>\r\n
        \     <CurrencyRate>1.000000</CurrencyRate>\r\n      <HasAttachments>false</HasAttachments>\r\n
        \   </Invoice>\r\n  </Invoices>\r\n</Response>"
    http_version: 
  recorded_at: Wed, 12 Aug 2015 12:55:45 GMT
- request:
    method: get
    uri: https://api.xero.com/api.xro/2.0/Invoices?where=Contact.ContactID<TMUX_PANE>0=<TMUX_PANE>0GUID(<TMUX_PANE>23b855eeb-77ce-4597-9f64-b49512945820<TMUX_PANE>2)
    body:
      encoding: US-ASCII
      string: ''
    headers:
      Charset:
      - utf-8
      Accept:
      - ! '*/*'
      User-Agent:
      - OAuth gem v0.4.7
      Authorization:
      - OAuth oauth_consumer_key="<XERO_CONSUMER_KEY>", oauth_nonce="W0bqnNik6YkXlClXdNez0HiwUTHVsyGxogLhA27Tk4",
        oauth_signature="VDxwKAD<TMUX_PANE>BpgyUTFStHBv2ArknQWOMqoQPw54QVCpn4x76k<TMUX_PANE>FYBrqfZISgaKFUaA2<TMUX_PANE>FYORCATS0<TMUX_PANE>B0NetUW4VGcqTlffDvt<TMUX_PANE>BLEGOOFRwiq5Fd6P7L4f<TMUX_PANE>FH0<TMUX_PANE>BEXvWJZVmUBhEuazPc<TMUX_PANE>Fq9a1ZwRbJ2vrh1myOj4wasDbaduosgg11nAdJgA%3D",
        oauth_signature_method="RSA-SHA1", oauth_timestamp="1439388704", oauth_token="<XERO_CONSUMER_KEY>",
        oauth_version="1.0"
  response:
    status:
      code: 200
      message: OK
    headers:
      Cache-Control:
      - private
      Content-Length:
      - '292'
      Content-Type:
      - text/xml; charset=utf-8
      X-S:
      - 445760-O1VMAP03
      - 445761-O1VMAP04
      Www-Authenticate:
      - OAuth Realm="api.xero.com"
      Strict-Transport-Security:
      - max-age=31536000
      Date:
      - Wed, 12 Aug 2015 14:11:41 GMT
    body:
      encoding: US-ASCII
      string: ! "<Response xmlns:xsd=\"http://www.w3.org/2001/XMLSchema\" xmlns:xsi=\"http://www.w3.org/2001/XMLSchema-instance\">\r\n
        \ <Id>859f6549-be26-49f5-a55a-68648d9b8e71</Id>\r\n  <Status>OK</Status>\r\n
        \ <ProviderName>Jordan</ProviderName>\r\n  <DateTimeUTC>2015-08-12T14:11:42.3352682Z</DateTimeUTC>\r\n</Response>"
    http_version: 
  recorded_at: Wed, 12 Aug 2015 14:11:44 GMT
- request:
    method: get
    uri: https://api.xero.com/api.xro/2.0/Invoices?where=Contact.ContactID<TMUX_PANE>0=<TMUX_PANE>0GUID(<TMUX_PANE>23b855eeb-77ce-4597-9f64-b49512945820<TMUX_PANE>2)<TMUX_PANE>0AND<TMUX_PANE>0Status<TMUX_PANE>0!=<TMUX_PANE>0<TMUX_PANE>2DELETED<TMUX_PANE>2
    body:
      encoding: US-ASCII
      string: ''
    headers:
      Charset:
      - utf-8
      Accept:
      - ! '*/*'
      User-Agent:
      - OAuth gem v0.4.7
      Authorization:
      - OAuth oauth_consumer_key="<XERO_CONSUMER_KEY>", oauth_nonce="CD6JkPbUAuNMyXDTwCcFzMogiiuqBaYyfBLNuTMfdCA",
        oauth_signature="Z<TMUX_PANE>B9UrA7gg9eYD5vpAOheMCw37KviVG<TMUX_PANE>BYkiApZLSZfvqH9iY12wvkLlvJy<TMUX_PANE>BE<TMUX_PANE>BiZHrluCgCNr71wi7GZzt5t<TMUX_PANE>Fy5F5lveske0yXfzPINpDGqRhg55<TMUX_PANE>F<TMUX_PANE>FaIFVU1j2928WPZqznBt2tsYXzbkl0nYExYzVxIzdh<TMUX_PANE>BDotIMkPdv5f0EZ9Z8%3D",
        oauth_signature_method="RSA-SHA1", oauth_timestamp="1439388707", oauth_token="<XERO_CONSUMER_KEY>",
        oauth_version="1.0"
  response:
    status:
      code: 200
      message: OK
    headers:
      Cache-Control:
      - private
      Content-Length:
      - '1214'
      Content-Type:
      - text/xml; charset=utf-8
      X-S:
      - 445760-O1VMAP03
      - 445761-O1VMAP04
      Www-Authenticate:
      - OAuth Realm="api.xero.com"
      Strict-Transport-Security:
      - max-age=31536000
      Date:
      - Wed, 12 Aug 2015 14:11:45 GMT
    body:
      encoding: US-ASCII
      string: ! "<Response xmlns:xsd=\"http://www.w3.org/2001/XMLSchema\" xmlns:xsi=\"http://www.w3.org/2001/XMLSchema-instance\">\r\n
        \ <Id>69927210-a436-4470-89e9-79b088ddc512</Id>\r\n  <Status>OK</Status>\r\n
        \ <ProviderName>Jordan</ProviderName>\r\n  <DateTimeUTC>2015-08-12T14:11:45.2681998Z</DateTimeUTC>\r\n
        \ <Invoices>\r\n    <Invoice>\r\n      <Contact>\r\n        <ContactID>3b855eeb-77ce-4597-9f64-b49512945820</ContactID>\r\n
        \       <Name>Existing Company Inc.</Name>\r\n      </Contact>\r\n      <Date>2015-08-12T00:00:00</Date>\r\n
        \     <DueDate>2013-03-10T00:00:00</DueDate>\r\n      <Status>DRAFT</Status>\r\n
        \     <LineAmountTypes>Exclusive</LineAmountTypes>\r\n      <SubTotal>2.00</SubTotal>\r\n
        \     <TotalTax>0.40</TotalTax>\r\n      <Total>2.40</Total>\r\n      <UpdatedDateUTC>2015-08-12T14:11:43.707</UpdatedDateUTC>\r\n
        \     <CurrencyCode>GBP</CurrencyCode>\r\n      <Type>ACCREC</Type>\r\n      <InvoiceID>e3eebfbe-363c-40e4-9d4f-669f4a9736a0</InvoiceID>\r\n
        \     <InvoiceNumber>INV-0136</InvoiceNumber>\r\n      <AmountDue>2.40</AmountDue>\r\n
        \     <AmountPaid>0.00</AmountPaid>\r\n      <AmountCredited>0.00</AmountCredited>\r\n
        \     <CurrencyRate>1.000000</CurrencyRate>\r\n      <HasAttachments>false</HasAttachments>\r\n
        \   </Invoice>\r\n  </Invoices>\r\n</Response>"
    http_version: 
  recorded_at: Wed, 12 Aug 2015 14:11:47 GMT
- request:
    method: get
    uri: https://api.xero.com/api.xro/2.0/Invoices/e3eebfbe-363c-40e4-9d4f-669f4a9736a0
    body:
      encoding: US-ASCII
      string: ''
    headers:
      Charset:
      - utf-8
      Accept:
      - ! '*/*'
      User-Agent:
      - OAuth gem v0.4.7
      Authorization:
      - OAuth oauth_consumer_key="<XERO_CONSUMER_KEY>", oauth_nonce="ROgAOmNZRoR8wDaNwCvOzURI2nWs8hMpAf09ucP5KZg",
        oauth_signature="rMFj42CI<TMUX_PANE>FjR<TMUX_PANE>BgPW<TMUX_PANE>BI8o<TMUX_PANE>B5M3JJ3lX4Sb8VBh0do37ZKKD<TMUX_PANE>BbAOBp72Rxmpiiyzy9thoQ6dWuPgG0IrsoRaB8EJZH<TMUX_PANE>BUaWj8PlHs<TMUX_PANE>BdyRdg<TMUX_PANE>BIfKrUSTE<TMUX_PANE>FvHH6i9lWeRJrG0AnczR4oR7tZ75EnyB7qie2Yz85pmDhPkm4oYazrHe<TMUX_PANE>F<TMUX_PANE>FU8%3D",
        oauth_signature_method="RSA-SHA1", oauth_timestamp="1439388707", oauth_token="<XERO_CONSUMER_KEY>",
        oauth_version="1.0"
  response:
    status:
      code: 200
      message: OK
    headers:
      Cache-Control:
      - private
      Content-Length:
      - '2764'
      Content-Type:
      - text/xml; charset=utf-8
      X-S:
      - 445760-O1VMAP03
      - 445760-O1VMAP03
      Www-Authenticate:
      - OAuth Realm="api.xero.com"
      Strict-Transport-Security:
      - max-age=31536000
      Date:
      - Wed, 12 Aug 2015 14:11:45 GMT
    body:
      encoding: US-ASCII
      string: ! "<Response xmlns:xsd=\"http://www.w3.org/2001/XMLSchema\" xmlns:xsi=\"http://www.w3.org/2001/XMLSchema-instance\">\r\n
        \ <Id>e6e72fb8-ae31-4aec-9624-12419eefb2a9</Id>\r\n  <Status>OK</Status>\r\n
        \ <ProviderName>Jordan</ProviderName>\r\n  <DateTimeUTC>2015-08-12T14:11:45.9196606Z</DateTimeUTC>\r\n
        \ <Invoices>\r\n    <Invoice>\r\n      <Contact>\r\n        <ContactID>3b855eeb-77ce-4597-9f64-b49512945820</ContactID>\r\n
        \       <ContactStatus>ACTIVE</ContactStatus>\r\n        <Name>Existing Company
        Inc.</Name>\r\n        <Addresses>\r\n          <Address>\r\n            <AddressType>POBOX</AddressType>\r\n
        \         </Address>\r\n          <Address>\r\n            <AddressType>STREET</AddressType>\r\n
        \         </Address>\r\n        </Addresses>\r\n        <Phones>\r\n          <Phone>\r\n
        \           <PhoneType>FAX</PhoneType>\r\n          </Phone>\r\n          <Phone>\r\n
        \           <PhoneType>MOBILE</PhoneType>\r\n          </Phone>\r\n          <Phone>\r\n
        \           <PhoneType>DEFAULT</PhoneType>\r\n          </Phone>\r\n          <Phone>\r\n
        \           <PhoneType>DDI</PhoneType>\r\n          </Phone>\r\n        </Phones>\r\n
        \       <UpdatedDateUTC>2015-08-12T14:11:24.177</UpdatedDateUTC>\r\n        <IsSupplier>false</IsSupplier>\r\n
        \       <IsCustomer>true</IsCustomer>\r\n      </Contact>\r\n      <Date>2015-08-12T00:00:00</Date>\r\n
        \     <DueDate>2013-03-10T00:00:00</DueDate>\r\n      <Status>DRAFT</Status>\r\n
        \     <LineAmountTypes>Exclusive</LineAmountTypes>\r\n      <LineItems>\r\n
        \       <LineItem>\r\n          <Description>Line Item Number 1</Description>\r\n
        \         <UnitAmount>1.00</UnitAmount>\r\n          <TaxType>OUTPUT2</TaxType>\r\n
        \         <TaxAmount>0.20</TaxAmount>\r\n          <LineAmount>1.00</LineAmount>\r\n
        \         <Quantity>1.0000</Quantity>\r\n          <LineItemID>6a78ff9f-aa69-4e7c-94aa-1ba58e29645f</LineItemID>\r\n
        \       </LineItem>\r\n        <LineItem>\r\n          <Description>Line Item
        Number 2</Description>\r\n          <UnitAmount>1.00</UnitAmount>\r\n          <TaxType>OUTPUT2</TaxType>\r\n
        \         <TaxAmount>0.20</TaxAmount>\r\n          <LineAmount>1.00</LineAmount>\r\n
        \         <Quantity>1.0000</Quantity>\r\n          <LineItemID>a24f1570-eb8c-44ce-89bf-58f962747748</LineItemID>\r\n
        \       </LineItem>\r\n      </LineItems>\r\n      <SubTotal>2.00</SubTotal>\r\n
        \     <TotalTax>0.40</TotalTax>\r\n      <Total>2.40</Total>\r\n      <UpdatedDateUTC>2015-08-12T14:11:43.707</UpdatedDateUTC>\r\n
        \     <CurrencyCode>GBP</CurrencyCode>\r\n      <Type>ACCREC</Type>\r\n      <InvoiceID>e3eebfbe-363c-40e4-9d4f-669f4a9736a0</InvoiceID>\r\n
        \     <InvoiceNumber>INV-0136</InvoiceNumber>\r\n      <AmountDue>2.40</AmountDue>\r\n
        \     <AmountPaid>0.00</AmountPaid>\r\n      <SentToContact>false</SentToContact>\r\n
        \     <CurrencyRate>1.000000</CurrencyRate>\r\n      <HasAttachments>false</HasAttachments>\r\n
        \   </Invoice>\r\n  </Invoices>\r\n</Response>"
    http_version: 
  recorded_at: Wed, 12 Aug 2015 14:11:48 GMT
- request:
    method: get
    uri: https://api.xero.com/api.xro/2.0/Contacts?where=Name.ToLower()<TMUX_PANE>0==<TMUX_PANE>0<TMUX_PANE>2existing<TMUX_PANE>0company<TMUX_PANE>0inc.<TMUX_PANE>2
    body:
      encoding: US-ASCII
      string: ''
    headers:
      Charset:
      - utf-8
      Accept:
      - ! '*/*'
      User-Agent:
      - OAuth gem v0.4.7
      Authorization:
      - OAuth oauth_consumer_key="<XERO_CONSUMER_KEY>", oauth_nonce="Cu32lQpwNmdPYz6eHFOBaxC6SLLWBpmWAWhuQ4eyh4",
        oauth_signature="K<TMUX_PANE>BJAEp2Emam<TMUX_PANE>Bx0H3ySGJ2K<TMUX_PANE>FSIToAETivMqoiErw<TMUX_PANE>B2aht2GC845w<TMUX_PANE>Bud7wCJRcV<TMUX_PANE>BCNgdtumrzFtYUM6GsrNjnPufSsgfhFxH1kYZoEtN61JW1fCSgdE5tNiZSU<TMUX_PANE>Ftqv01ZbPGSHetptLB6qydQkzEEmgLh4Q5AerLwt<TMUX_PANE>FP0zJreqEnQ%3D",
        oauth_signature_method="RSA-SHA1", oauth_timestamp="1439388890", oauth_token="<XERO_CONSUMER_KEY>",
        oauth_version="1.0"
  response:
    status:
      code: 503
      message: Service Unavailable
    headers:
      Cache-Control:
      - private
      Content-Type:
      - text/html; charset=utf-8
      Www-Authenticate:
      - OAuth Realm="165.120.48.19"
      X-S:
      - 445760-O1VMAP03
      Strict-Transport-Security:
      - max-age=31536000
      Date:
      - Wed, 12 Aug 2015 14:14:48 GMT
      Content-Length:
      - '111'
    body:
      encoding: US-ASCII
      string: oauth_problem=rate<TMUX_PANE>0limit<TMUX_PANE>0exceeded&oauth_problem_advice=please<TMUX_PANE>0wait<TMUX_PANE>0before<TMUX_PANE>0retrying<TMUX_PANE>0the<TMUX_PANE>0xero<TMUX_PANE>0api
    http_version: 
  recorded_at: Wed, 12 Aug 2015 14:14:51 GMT
- request:
    method: get
    uri: https://api.xero.com/api.xro/2.0/Contacts?where=Name.ToLower()<TMUX_PANE>0==<TMUX_PANE>0<TMUX_PANE>2existing<TMUX_PANE>0company<TMUX_PANE>0inc.<TMUX_PANE>2
    body:
      encoding: US-ASCII
      string: ''
    headers:
      Charset:
      - utf-8
      Accept:
      - ! '*/*'
      User-Agent:
      - OAuth gem v0.4.7
      Authorization:
      - OAuth oauth_consumer_key="<XERO_CONSUMER_KEY>", oauth_nonce="WrrZCSbVgQAA9McFhXUEQCwNVzh5LXFJXD5fhfJAk",
        oauth_signature="AMrlucjJ<TMUX_PANE>FcyfdLPvnJNP2mtg8CJ7impaEbOkdu9NVeOP1AUqtF<TMUX_PANE>FtM<TMUX_PANE>BdprVa7u6GFb6phtta9l7VbDR01ceDuT<TMUX_PANE>Behdy6CdjLmrT7Wu6Xg<TMUX_PANE>F3AkWNUL7Pu8wyMh3aGeo0bJQeH89ZpZ<TMUX_PANE>FwYa9xFTxk4NLveF<TMUX_PANE>FkzJAo3ExfDBdImTiYE%3D",
        oauth_signature_method="RSA-SHA1", oauth_timestamp="1439388896", oauth_token="<XERO_CONSUMER_KEY>",
        oauth_version="1.0"
  response:
    status:
      code: 503
      message: Service Unavailable
    headers:
      Cache-Control:
      - private
      Content-Type:
      - text/html; charset=utf-8
      Www-Authenticate:
      - OAuth Realm="165.120.48.19"
      X-S:
      - 445760-O1VMAP03
      Strict-Transport-Security:
      - max-age=31536000
      Date:
      - Wed, 12 Aug 2015 14:14:54 GMT
      Content-Length:
      - '111'
    body:
      encoding: US-ASCII
      string: oauth_problem=rate<TMUX_PANE>0limit<TMUX_PANE>0exceeded&oauth_problem_advice=please<TMUX_PANE>0wait<TMUX_PANE>0before<TMUX_PANE>0retrying<TMUX_PANE>0the<TMUX_PANE>0xero<TMUX_PANE>0api
    http_version: 
  recorded_at: Wed, 12 Aug 2015 14:14:56 GMT
- request:
    method: get
    uri: https://api.xero.com/api.xro/2.0/Contacts?where=Name.ToLower()<TMUX_PANE>0==<TMUX_PANE>0<TMUX_PANE>2existing<TMUX_PANE>0company<TMUX_PANE>0inc.<TMUX_PANE>2
    body:
      encoding: US-ASCII
      string: ''
    headers:
      Charset:
      - utf-8
      Accept:
      - ! '*/*'
      User-Agent:
      - OAuth gem v0.4.7
      Authorization:
      - OAuth oauth_consumer_key="<XERO_CONSUMER_KEY>", oauth_nonce="P7FYzdej9qEcIo2BAQH8SlGsxBWaS32PzbQ7Qu602cU",
        oauth_signature="R16YO87j7v1G<TMUX_PANE>FD6YWITFxU0j3jjW4c4FvSLjAa4OnbO0xwRnUGyUMdI1G4VjTIoOl89G0NM4fRgTLy1G3yPX1Vh6SZlMcvmqPxWKFc4ed02v7Xbyg8jcJVFqtOHEQBq<TMUX_PANE>BqZY8kd2ydFySN3dUM1oYKE7xx1uKORNqUnQ3tkA<TMUX_PANE>F5o0%3D",
        oauth_signature_method="RSA-SHA1", oauth_timestamp="1439388901", oauth_token="<XERO_CONSUMER_KEY>",
        oauth_version="1.0"
  response:
    status:
      code: 503
      message: Service Unavailable
    headers:
      Cache-Control:
      - private
      Content-Type:
      - text/html; charset=utf-8
      Www-Authenticate:
      - OAuth Realm="165.120.48.19"
      X-S:
      - 445760-O1VMAP03
      Strict-Transport-Security:
      - max-age=31536000
      Date:
      - Wed, 12 Aug 2015 14:14:59 GMT
      Content-Length:
      - '111'
    body:
      encoding: US-ASCII
      string: oauth_problem=rate<TMUX_PANE>0limit<TMUX_PANE>0exceeded&oauth_problem_advice=please<TMUX_PANE>0wait<TMUX_PANE>0before<TMUX_PANE>0retrying<TMUX_PANE>0the<TMUX_PANE>0xero<TMUX_PANE>0api
    http_version: 
  recorded_at: Wed, 12 Aug 2015 14:15:02 GMT
- request:
    method: get
    uri: https://api.xero.com/api.xro/2.0/Contacts?where=Name.ToLower()<TMUX_PANE>0==<TMUX_PANE>0<TMUX_PANE>2existing<TMUX_PANE>0company<TMUX_PANE>0inc.<TMUX_PANE>2
    body:
      encoding: US-ASCII
      string: ''
    headers:
      Charset:
      - utf-8
      Accept:
      - ! '*/*'
      User-Agent:
      - OAuth gem v0.4.7
      Authorization:
      - OAuth oauth_consumer_key="<XERO_CONSUMER_KEY>", oauth_nonce="s2V67QBvwB5vM7Vpf8NgA7ugO6wGcpNRMt3ZrJ9iacw",
        oauth_signature="l6a9lQZRLhDpwFDm0TNqKRQS3rw6BCjqdq1sfihG<TMUX_PANE>B7My<TMUX_PANE>Fwv<TMUX_PANE>F120ujVJmp<TMUX_PANE>FZ82rbplAR67y8hFXTe8B1hdCDvgyhz2<TMUX_PANE>FXJhAJ<TMUX_PANE>F8fTlqDpm9CvPTp3ycxWrptwMTwelJBHBPE5FwsjBG116YfuYRDx02dgrtawZfxcP8Z9Ao<TMUX_PANE>BNgX<TMUX_PANE>FQ%3D",
        oauth_signature_method="RSA-SHA1", oauth_timestamp="1439388907", oauth_token="<XERO_CONSUMER_KEY>",
        oauth_version="1.0"
  response:
    status:
      code: 200
      message: OK
    headers:
      Cache-Control:
      - private
      Content-Length:
      - '1227'
      Content-Type:
      - text/xml; charset=utf-8
      X-S:
      - 445760-O1VMAP03
      - 505390-O1VMAP05
      Www-Authenticate:
      - OAuth Realm="api.xero.com"
      Strict-Transport-Security:
      - max-age=31536000
      Date:
      - Wed, 12 Aug 2015 14:15:04 GMT
    body:
      encoding: US-ASCII
      string: ! "<Response xmlns:xsd=\"http://www.w3.org/2001/XMLSchema\" xmlns:xsi=\"http://www.w3.org/2001/XMLSchema-instance\">\r\n
        \ <Id>82ca532e-6f25-4635-a809-15e453ef2242</Id>\r\n  <Status>OK</Status>\r\n
        \ <ProviderName>Jordan</ProviderName>\r\n  <DateTimeUTC>2015-08-12T14:15:06.25013Z</DateTimeUTC>\r\n
        \ <Contacts>\r\n    <Contact>\r\n      <ContactID>78e3f9b1-2cb2-4fb6-a7f8-16e9da04279b</ContactID>\r\n
        \     <ContactStatus>ACTIVE</ContactStatus>\r\n      <Name>Existing Company
        Inc.</Name>\r\n      <Addresses>\r\n        <Address>\r\n          <AddressType>POBOX</AddressType>\r\n
        \       </Address>\r\n        <Address>\r\n          <AddressType>STREET</AddressType>\r\n
        \       </Address>\r\n      </Addresses>\r\n      <Phones>\r\n        <Phone>\r\n
        \         <PhoneType>DDI</PhoneType>\r\n        </Phone>\r\n        <Phone>\r\n
        \         <PhoneType>DEFAULT</PhoneType>\r\n        </Phone>\r\n        <Phone>\r\n
        \         <PhoneType>FAX</PhoneType>\r\n        </Phone>\r\n        <Phone>\r\n
        \         <PhoneType>MOBILE</PhoneType>\r\n        </Phone>\r\n      </Phones>\r\n
        \     <UpdatedDateUTC>2015-08-12T14:14:48.95</UpdatedDateUTC>\r\n      <IsSupplier>false</IsSupplier>\r\n
        \     <IsCustomer>false</IsCustomer>\r\n      <HasAttachments>false</HasAttachments>\r\n
        \   </Contact>\r\n  </Contacts>\r\n</Response>"
    http_version: 
  recorded_at: Wed, 12 Aug 2015 14:15:08 GMT
- request:
    method: get
    uri: https://api.xero.com/api.xro/2.0/Invoices?where=Contact.ContactID<TMUX_PANE>0=<TMUX_PANE>0GUID(<TMUX_PANE>278e3f9b1-2cb2-4fb6-a7f8-16e9da04279b<TMUX_PANE>2)
    body:
      encoding: US-ASCII
      string: ''
    headers:
      Charset:
      - utf-8
      Accept:
      - ! '*/*'
      User-Agent:
      - OAuth gem v0.4.7
      Authorization:
      - OAuth oauth_consumer_key="<XERO_CONSUMER_KEY>", oauth_nonce="buUPRU0JV8tftxB1H5aihSzIbkQt8KXpvmaq4vCrDYg",
        oauth_signature="Qren<TMUX_PANE>FULbLstfB4T3FWdTaCLhfY1TR0Iy2msFwiYiwtKPnceFQ30dg5T3SMwRfpusWzueQXoWP1jxALblU<TMUX_PANE>B3QyQNw<TMUX_PANE>F2Si5O0Z<TMUX_PANE>FIRe5L050PadLRSucVI8o41epEwtNWy4kP1Y0FiMeyBDCne7NymOvjLyxmJwZPA3ohbdWM2Pe0s%3D",
        oauth_signature_method="RSA-SHA1", oauth_timestamp="1439388908", oauth_token="<XERO_CONSUMER_KEY>",
        oauth_version="1.0"
  response:
    status:
      code: 200
      message: OK
    headers:
      Cache-Control:
      - private
      Content-Length:
      - '292'
      Content-Type:
      - text/xml; charset=utf-8
      X-S:
      - 445760-O1VMAP03
      - 445761-O1VMAP04
      Www-Authenticate:
      - OAuth Realm="api.xero.com"
      Strict-Transport-Security:
      - max-age=31536000
      Date:
      - Wed, 12 Aug 2015 14:15:06 GMT
    body:
      encoding: US-ASCII
      string: ! "<Response xmlns:xsd=\"http://www.w3.org/2001/XMLSchema\" xmlns:xsi=\"http://www.w3.org/2001/XMLSchema-instance\">\r\n
        \ <Id>f9ff6488-527e-4caf-9c86-eda5f5343f36</Id>\r\n  <Status>OK</Status>\r\n
        \ <ProviderName>Jordan</ProviderName>\r\n  <DateTimeUTC>2015-08-12T14:15:06.4704277Z</DateTimeUTC>\r\n</Response>"
    http_version: 
  recorded_at: Wed, 12 Aug 2015 14:15:08 GMT
- request:
    method: get
    uri: https://api.xero.com/api.xro/2.0/Contacts?where=Name<TMUX_PANE>0==<TMUX_PANE>0<TMUX_PANE>2Existing<TMUX_PANE>0Company<TMUX_PANE>0Inc.<TMUX_PANE>2
    body:
      encoding: US-ASCII
      string: ''
    headers:
      Charset:
      - utf-8
      Accept:
      - ! '*/*'
      User-Agent:
      - OAuth gem v0.4.7
      Authorization:
      - OAuth oauth_consumer_key="<XERO_CONSUMER_KEY>", oauth_nonce="kfy7gc3OX4pTAkonw1E6zhaB9r2zaZG7VztDoCjfuU",
        oauth_signature="F4ebR3dBMSwWzk1OP3cTxLbOk8GKRfCilClwPcbg172XT7cl3Hyd4NesZaFteSp44wqDVtgB2cncQBEkBFAEeuF6kxe0tsA6mlio5Yf6coJb6VI73BTQ1nm5gEkBCvZBrSzf81K<TMUX_PANE>FS<TMUX_PANE>FgkW0PTLXIVBV9FxRwLK2zEWoc56wvSu2Y%3D",
        oauth_signature_method="RSA-SHA1", oauth_timestamp="1439388910", oauth_token="<XERO_CONSUMER_KEY>",
        oauth_version="1.0"
  response:
    status:
      code: 503
      message: Service Unavailable
    headers:
      Cache-Control:
      - private
      Content-Type:
      - text/html; charset=utf-8
      Www-Authenticate:
      - OAuth Realm="165.120.48.19"
      X-S:
      - 445760-O1VMAP03
      Strict-Transport-Security:
      - max-age=31536000
      Date:
      - Wed, 12 Aug 2015 14:15:08 GMT
      Content-Length:
      - '111'
    body:
      encoding: US-ASCII
      string: oauth_problem=rate<TMUX_PANE>0limit<TMUX_PANE>0exceeded&oauth_problem_advice=please<TMUX_PANE>0wait<TMUX_PANE>0before<TMUX_PANE>0retrying<TMUX_PANE>0the<TMUX_PANE>0xero<TMUX_PANE>0api
    http_version: 
  recorded_at: Wed, 12 Aug 2015 14:15:10 GMT
- request:
    method: get
    uri: https://api.xero.com/api.xro/2.0/Contacts?where=Name<TMUX_PANE>0==<TMUX_PANE>0<TMUX_PANE>2Existing<TMUX_PANE>0Company<TMUX_PANE>0Inc.<TMUX_PANE>2
    body:
      encoding: US-ASCII
      string: ''
    headers:
      Charset:
      - utf-8
      Accept:
      - ! '*/*'
      User-Agent:
      - OAuth gem v0.4.7
      Authorization:
      - OAuth oauth_consumer_key="<XERO_CONSUMER_KEY>", oauth_nonce="CWf3b9hgAc8AEhtJA0PI4bA3bZG9YEejN2S6c2JlS08",
        oauth_signature="R<TMUX_PANE>BUBOlRNTJmmjmiQTo7N<TMUX_PANE>FC1fpDlYf8xElSoGxX5Y5xhZ2<TMUX_PANE>FGpfg6ida6S<TMUX_PANE>BpcFjlBXj9ytKVHJZ7xOQLzJjL0uEL35kDSOpWwXQ4ipbUK37FiF9Bb0pcD35590iywCppcHnrFaeP2hiMZnhiNAECp<TMUX_PANE>FSzsFCypF77Q2<TMUX_PANE>BlnlAQDTisg%3D",
        oauth_signature_method="RSA-SHA1", oauth_timestamp="1439388915", oauth_token="<XERO_CONSUMER_KEY>",
        oauth_version="1.0"
  response:
    status:
      code: 200
      message: OK
    headers:
      Cache-Control:
      - private
      Content-Length:
      - '1228'
      Content-Type:
      - text/xml; charset=utf-8
      X-S:
      - 445760-O1VMAP03
      - 445760-O1VMAP03
      Www-Authenticate:
      - OAuth Realm="api.xero.com"
      Strict-Transport-Security:
      - max-age=31536000
      Date:
      - Wed, 12 Aug 2015 14:15:13 GMT
    body:
      encoding: US-ASCII
      string: ! "<Response xmlns:xsd=\"http://www.w3.org/2001/XMLSchema\" xmlns:xsi=\"http://www.w3.org/2001/XMLSchema-instance\">\r\n
        \ <Id>23f11b9c-b53a-49d0-9583-f10199601078</Id>\r\n  <Status>OK</Status>\r\n
        \ <ProviderName>Jordan</ProviderName>\r\n  <DateTimeUTC>2015-08-12T14:15:14.1110021Z</DateTimeUTC>\r\n
        \ <Contacts>\r\n    <Contact>\r\n      <ContactID>78e3f9b1-2cb2-4fb6-a7f8-16e9da04279b</ContactID>\r\n
        \     <ContactStatus>ACTIVE</ContactStatus>\r\n      <Name>Existing Company
        Inc.</Name>\r\n      <Addresses>\r\n        <Address>\r\n          <AddressType>POBOX</AddressType>\r\n
        \       </Address>\r\n        <Address>\r\n          <AddressType>STREET</AddressType>\r\n
        \       </Address>\r\n      </Addresses>\r\n      <Phones>\r\n        <Phone>\r\n
        \         <PhoneType>DDI</PhoneType>\r\n        </Phone>\r\n        <Phone>\r\n
        \         <PhoneType>DEFAULT</PhoneType>\r\n        </Phone>\r\n        <Phone>\r\n
        \         <PhoneType>FAX</PhoneType>\r\n        </Phone>\r\n        <Phone>\r\n
        \         <PhoneType>MOBILE</PhoneType>\r\n        </Phone>\r\n      </Phones>\r\n
        \     <UpdatedDateUTC>2015-08-12T14:14:48.95</UpdatedDateUTC>\r\n      <IsSupplier>false</IsSupplier>\r\n
        \     <IsCustomer>true</IsCustomer>\r\n      <HasAttachments>false</HasAttachments>\r\n
        \   </Contact>\r\n  </Contacts>\r\n</Response>"
    http_version: 
  recorded_at: Wed, 12 Aug 2015 14:15:16 GMT
- request:
    method: get
    uri: https://api.xero.com/api.xro/2.0/Invoices?where=Contact.ContactID<TMUX_PANE>0=<TMUX_PANE>0GUID(<TMUX_PANE>278e3f9b1-2cb2-4fb6-a7f8-16e9da04279b<TMUX_PANE>2)<TMUX_PANE>0AND<TMUX_PANE>0Status<TMUX_PANE>0!=<TMUX_PANE>0<TMUX_PANE>2DELETED<TMUX_PANE>2
    body:
      encoding: US-ASCII
      string: ''
    headers:
      Charset:
      - utf-8
      Accept:
      - ! '*/*'
      User-Agent:
      - OAuth gem v0.4.7
      Authorization:
      - OAuth oauth_consumer_key="<XERO_CONSUMER_KEY>", oauth_nonce="clMECSDfmckuURWbPxRmazlXd4HvNyxezzsQgI1Mwjk",
        oauth_signature="q9u8FwEqrYIqSDMnE5Vg5b9Hhjq2kOVmfZx8HVAQ9aA<TMUX_PANE>FBgXDf1YMNQDWsIHXkTs36Cdu1zBP7ZMkmclQwEPoAEbFV4x2<TMUX_PANE>BJkW0dpebon8x1ZIRmEEFTd0<TMUX_PANE>F2kv1EToYi46ffs1gRXPOzPlaHTGgXcu8yTuNQPuldFSTCOnVk2kXco%3D",
        oauth_signature_method="RSA-SHA1", oauth_timestamp="1439388916", oauth_token="<XERO_CONSUMER_KEY>",
        oauth_version="1.0"
  response:
    status:
      code: 200
      message: OK
    headers:
      Cache-Control:
      - private
      Content-Length:
      - '1213'
      Content-Type:
      - text/xml; charset=utf-8
      X-S:
      - 445760-O1VMAP03
      - 505390-O1VMAP05
      Www-Authenticate:
      - OAuth Realm="api.xero.com"
      Strict-Transport-Security:
      - max-age=31536000
      Date:
      - Wed, 12 Aug 2015 14:15:13 GMT
    body:
      encoding: US-ASCII
      string: ! "<Response xmlns:xsd=\"http://www.w3.org/2001/XMLSchema\" xmlns:xsi=\"http://www.w3.org/2001/XMLSchema-instance\">\r\n
        \ <Id>3cb8c75a-c51e-48e6-bf6e-ba690f0572c2</Id>\r\n  <Status>OK</Status>\r\n
        \ <ProviderName>Jordan</ProviderName>\r\n  <DateTimeUTC>2015-08-12T14:15:15.220475Z</DateTimeUTC>\r\n
        \ <Invoices>\r\n    <Invoice>\r\n      <Contact>\r\n        <ContactID>78e3f9b1-2cb2-4fb6-a7f8-16e9da04279b</ContactID>\r\n
        \       <Name>Existing Company Inc.</Name>\r\n      </Contact>\r\n      <Date>2015-08-12T00:00:00</Date>\r\n
        \     <DueDate>2013-03-10T00:00:00</DueDate>\r\n      <Status>DRAFT</Status>\r\n
        \     <LineAmountTypes>Exclusive</LineAmountTypes>\r\n      <SubTotal>2.00</SubTotal>\r\n
        \     <TotalTax>0.40</TotalTax>\r\n      <Total>2.40</Total>\r\n      <UpdatedDateUTC>2015-08-12T14:15:07.917</UpdatedDateUTC>\r\n
        \     <CurrencyCode>GBP</CurrencyCode>\r\n      <Type>ACCREC</Type>\r\n      <InvoiceID>7f60aa78-7a30-4d77-ae3e-4385e7b2c685</InvoiceID>\r\n
        \     <InvoiceNumber>INV-0151</InvoiceNumber>\r\n      <AmountDue>2.40</AmountDue>\r\n
        \     <AmountPaid>0.00</AmountPaid>\r\n      <AmountCredited>0.00</AmountCredited>\r\n
        \     <CurrencyRate>1.000000</CurrencyRate>\r\n      <HasAttachments>false</HasAttachments>\r\n
        \   </Invoice>\r\n  </Invoices>\r\n</Response>"
    http_version: 
  recorded_at: Wed, 12 Aug 2015 14:15:17 GMT
- request:
    method: get
    uri: https://api.xero.com/api.xro/2.0/Invoices/7f60aa78-7a30-4d77-ae3e-4385e7b2c685
    body:
      encoding: US-ASCII
      string: ''
    headers:
      Charset:
      - utf-8
      Accept:
      - ! '*/*'
      User-Agent:
      - OAuth gem v0.4.7
      Authorization:
      - OAuth oauth_consumer_key="<XERO_CONSUMER_KEY>", oauth_nonce="79M0TIBLHARAPeuGzULlYZCR8PVqvrDmR40cwHSSO4",
        oauth_signature="tnxC5rWCQA8rQhdKTK9OKbtikuS<TMUX_PANE>BvTzYZ9ElsxJN21qZvi<TMUX_PANE>F5Lh2hOaiG9Zma<TMUX_PANE>BA1gz64sHYcv0JEKe5<TMUX_PANE>FF71BLXeelak1pjVWECLAlVyyhyIOFfy<TMUX_PANE>FBDtcpx08Ms5nvEQlKPNR9BR2C0LhVHGB9KtW9R6RB2hyXS4d0v3<TMUX_PANE>F7PRTVDlE%3D",
        oauth_signature_method="RSA-SHA1", oauth_timestamp="1439388917", oauth_token="<XERO_CONSUMER_KEY>",
        oauth_version="1.0"
  response:
    status:
      code: 200
      message: OK
    headers:
      Cache-Control:
      - private
      Content-Length:
      - '2763'
      Content-Type:
      - text/xml; charset=utf-8
      X-S:
      - 445760-O1VMAP03
      - 445761-O1VMAP04
      Www-Authenticate:
      - OAuth Realm="api.xero.com"
      Strict-Transport-Security:
      - max-age=31536000
      Date:
      - Wed, 12 Aug 2015 14:15:14 GMT
    body:
      encoding: US-ASCII
      string: ! "<Response xmlns:xsd=\"http://www.w3.org/2001/XMLSchema\" xmlns:xsi=\"http://www.w3.org/2001/XMLSchema-instance\">\r\n
        \ <Id>2fa4ca63-1eb0-498a-af18-41435923546b</Id>\r\n  <Status>OK</Status>\r\n
        \ <ProviderName>Jordan</ProviderName>\r\n  <DateTimeUTC>2015-08-12T14:15:15.4252295Z</DateTimeUTC>\r\n
        \ <Invoices>\r\n    <Invoice>\r\n      <Contact>\r\n        <ContactID>78e3f9b1-2cb2-4fb6-a7f8-16e9da04279b</ContactID>\r\n
        \       <ContactStatus>ACTIVE</ContactStatus>\r\n        <Name>Existing Company
        Inc.</Name>\r\n        <Addresses>\r\n          <Address>\r\n            <AddressType>POBOX</AddressType>\r\n
        \         </Address>\r\n          <Address>\r\n            <AddressType>STREET</AddressType>\r\n
        \         </Address>\r\n        </Addresses>\r\n        <Phones>\r\n          <Phone>\r\n
        \           <PhoneType>MOBILE</PhoneType>\r\n          </Phone>\r\n          <Phone>\r\n
        \           <PhoneType>DDI</PhoneType>\r\n          </Phone>\r\n          <Phone>\r\n
        \           <PhoneType>DEFAULT</PhoneType>\r\n          </Phone>\r\n          <Phone>\r\n
        \           <PhoneType>FAX</PhoneType>\r\n          </Phone>\r\n        </Phones>\r\n
        \       <UpdatedDateUTC>2015-08-12T14:14:48.95</UpdatedDateUTC>\r\n        <IsSupplier>false</IsSupplier>\r\n
        \       <IsCustomer>true</IsCustomer>\r\n      </Contact>\r\n      <Date>2015-08-12T00:00:00</Date>\r\n
        \     <DueDate>2013-03-10T00:00:00</DueDate>\r\n      <Status>DRAFT</Status>\r\n
        \     <LineAmountTypes>Exclusive</LineAmountTypes>\r\n      <LineItems>\r\n
        \       <LineItem>\r\n          <Description>Line Item Number 1</Description>\r\n
        \         <UnitAmount>1.00</UnitAmount>\r\n          <TaxType>OUTPUT2</TaxType>\r\n
        \         <TaxAmount>0.20</TaxAmount>\r\n          <LineAmount>1.00</LineAmount>\r\n
        \         <Quantity>1.0000</Quantity>\r\n          <LineItemID>1799a89d-87bc-44ca-98f0-d26de0dee579</LineItemID>\r\n
        \       </LineItem>\r\n        <LineItem>\r\n          <Description>Line Item
        Number 2</Description>\r\n          <UnitAmount>1.00</UnitAmount>\r\n          <TaxType>OUTPUT2</TaxType>\r\n
        \         <TaxAmount>0.20</TaxAmount>\r\n          <LineAmount>1.00</LineAmount>\r\n
        \         <Quantity>1.0000</Quantity>\r\n          <LineItemID>09648c3e-5b74-4c9b-9aea-782ff8f648bd</LineItemID>\r\n
        \       </LineItem>\r\n      </LineItems>\r\n      <SubTotal>2.00</SubTotal>\r\n
        \     <TotalTax>0.40</TotalTax>\r\n      <Total>2.40</Total>\r\n      <UpdatedDateUTC>2015-08-12T14:15:07.917</UpdatedDateUTC>\r\n
        \     <CurrencyCode>GBP</CurrencyCode>\r\n      <Type>ACCREC</Type>\r\n      <InvoiceID>7f60aa78-7a30-4d77-ae3e-4385e7b2c685</InvoiceID>\r\n
        \     <InvoiceNumber>INV-0151</InvoiceNumber>\r\n      <AmountDue>2.40</AmountDue>\r\n
        \     <AmountPaid>0.00</AmountPaid>\r\n      <SentToContact>false</SentToContact>\r\n
        \     <CurrencyRate>1.000000</CurrencyRate>\r\n      <HasAttachments>false</HasAttachments>\r\n
        \   </Invoice>\r\n  </Invoices>\r\n</Response>"
    http_version: 
  recorded_at: Wed, 12 Aug 2015 14:15:17 GMT
- request:
    method: get
    uri: https://api.xero.com/api.xro/2.0/Invoices?where=Contact.ContactID%20=%20GUID(%22fa25713e-3f88-46f7-803c-eb565d6f6484%22)
    body:
      encoding: US-ASCII
      string: ''
    headers:
      Charset:
      - utf-8
      Accept:
      - ! '*/*'
      User-Agent:
      - OAuth gem v0.4.7
      Authorization:
      - OAuth oauth_consumer_key="<XERO_CONSUMER_KEY>", oauth_nonce="UykGq0nWN6lHIR9PBOOnaNU483HqACHSUJhgcvhPXf8",
        oauth_signature="D8jWcTqVJ%2FadeTs0Ria4eubsU178BsWK7big8tbNZhr9DPUb2ynDC4TwWDCdUpqNwFHnsFbmjiUXdScOg4U%2BdWAJYVSneIO1A96ghvKTVy1KPMQYCU9gei472BISmQZi3rgkj2rpG1IrsVkDfl%2FFw3Cyj%2B01punT5WdqFzbqU5U%3D",
        oauth_signature_method="RSA-SHA1", oauth_timestamp="1439543032", oauth_token="<XERO_CONSUMER_KEY>",
        oauth_version="1.0"
  response:
    status:
      code: 200
      message: OK
    headers:
      Cache-Control:
      - private
      Content-Length:
      - '292'
      Content-Type:
      - text/xml; charset=utf-8
      X-S:
      - 445759-O1VMAP02
      - 445760-O1VMAP03
      Www-Authenticate:
      - OAuth Realm="api.xero.com"
      Strict-Transport-Security:
      - max-age=31536000
      Date:
      - Fri, 14 Aug 2015 09:03:42 GMT
    body:
      encoding: US-ASCII
      string: ! "<Response xmlns:xsd=\"http://www.w3.org/2001/XMLSchema\" xmlns:xsi=\"http://www.w3.org/2001/XMLSchema-instance\">\r\n
        \ <Id>35426e39-3fbd-45a8-92d9-3f26e4991c57</Id>\r\n  <Status>OK</Status>\r\n
        \ <ProviderName>Jordan</ProviderName>\r\n  <DateTimeUTC>2015-08-14T09:03:43.0722963Z</DateTimeUTC>\r\n</Response>"
    http_version: 
  recorded_at: Fri, 14 Aug 2015 09:03:53 GMT
- request:
    method: get
    uri: https://api.xero.com/api.xro/2.0/Invoices?where=Contact.ContactID%20=%20GUID(%22fa25713e-3f88-46f7-803c-eb565d6f6484%22)%20AND%20Status%20!=%20%22DELETED%22
    body:
      encoding: US-ASCII
      string: ''
    headers:
      Charset:
      - utf-8
      Accept:
      - ! '*/*'
      User-Agent:
      - OAuth gem v0.4.7
      Authorization:
      - OAuth oauth_consumer_key="<XERO_CONSUMER_KEY>", oauth_nonce="B2rOSLzC0nhx367gKRspVjBKItr5meUU03YiDwWa5o",
        oauth_signature="HYP9Q84OzZjA7LgqMLAX1oU9eKHHSaK0wH2pbOTHTdaLUgtC4D%2Fea7F%2Bw3pAYNNRaDKIlu0XtzpB22bOUvA2kBpfXfRknsjS%2B5eHnfqE%2BJK89wPwtrPDd8SbUZRx7Yi%2BmsBta78P8fCaaHbe8AnOm1EmyM3zLUUz0ut3qopYGrI%3D",
        oauth_signature_method="RSA-SHA1", oauth_timestamp="1439543035", oauth_token="<XERO_CONSUMER_KEY>",
        oauth_version="1.0"
  response:
    status:
      code: 200
      message: OK
    headers:
      Cache-Control:
      - private
      Content-Length:
      - '1209'
      Content-Type:
      - text/xml; charset=utf-8
      X-S:
      - 445759-O1VMAP02
      - 505390-O1VMAP05
      Www-Authenticate:
      - OAuth Realm="api.xero.com"
      Strict-Transport-Security:
      - max-age=31536000
      Date:
      - Fri, 14 Aug 2015 09:03:45 GMT
    body:
      encoding: US-ASCII
      string: ! "<Response xmlns:xsd=\"http://www.w3.org/2001/XMLSchema\" xmlns:xsi=\"http://www.w3.org/2001/XMLSchema-instance\">\r\n
        \ <Id>18ffb8e8-4e59-44c1-ba68-eeba066fb6d0</Id>\r\n  <Status>OK</Status>\r\n
        \ <ProviderName>Jordan</ProviderName>\r\n  <DateTimeUTC>2015-08-14T09:03:46.2056551Z</DateTimeUTC>\r\n
        \ <Invoices>\r\n    <Invoice>\r\n      <Contact>\r\n        <ContactID>fa25713e-3f88-46f7-803c-eb565d6f6484</ContactID>\r\n
        \       <Name>Existing Company</Name>\r\n      </Contact>\r\n      <Date>2015-08-14T00:00:00</Date>\r\n
        \     <DueDate>2013-03-10T00:00:00</DueDate>\r\n      <Status>DRAFT</Status>\r\n
        \     <LineAmountTypes>Exclusive</LineAmountTypes>\r\n      <SubTotal>2.00</SubTotal>\r\n
        \     <TotalTax>0.40</TotalTax>\r\n      <Total>2.40</Total>\r\n      <UpdatedDateUTC>2015-08-14T09:03:44.803</UpdatedDateUTC>\r\n
        \     <CurrencyCode>GBP</CurrencyCode>\r\n      <Type>ACCREC</Type>\r\n      <InvoiceID>14caabc7-8f98-4480-b675-9350139f1a10</InvoiceID>\r\n
        \     <InvoiceNumber>INV-0243</InvoiceNumber>\r\n      <AmountDue>2.40</AmountDue>\r\n
        \     <AmountPaid>0.00</AmountPaid>\r\n      <AmountCredited>0.00</AmountCredited>\r\n
        \     <CurrencyRate>1.000000</CurrencyRate>\r\n      <HasAttachments>false</HasAttachments>\r\n
        \   </Invoice>\r\n  </Invoices>\r\n</Response>"
    http_version: 
  recorded_at: Fri, 14 Aug 2015 09:03:56 GMT
- request:
    method: get
    uri: https://api.xero.com/api.xro/2.0/Invoices/14caabc7-8f98-4480-b675-9350139f1a10
    body:
      encoding: US-ASCII
      string: ''
    headers:
      Charset:
      - utf-8
      Accept:
      - ! '*/*'
      User-Agent:
      - OAuth gem v0.4.7
      Authorization:
      - OAuth oauth_consumer_key="<XERO_CONSUMER_KEY>", oauth_nonce="dQnioY0KiH8K6XnverMexdVQQUTDFgRKT3LmxF6Gvk",
        oauth_signature="E4H2xM%2Bq083Ato0r9MxPszPSkjcn3S8tBnC9%2FJwrkjwMsupso4Ppiv8lB%2FqppTo7jmqxjRFOfc107kRckHNWMk2ulP1fA7ogEZ0qlgu2cw4%2FT42WmXz8DSBTA7Xe%2Bd8w9rzAYVNjRn%2FC8vcoHOWcKeLTw8JBmoFDmhF32TqzI9c%3D",
        oauth_signature_method="RSA-SHA1", oauth_timestamp="1439543036", oauth_token="<XERO_CONSUMER_KEY>",
        oauth_version="1.0"
  response:
    status:
      code: 200
      message: OK
    headers:
      Cache-Control:
      - private
      Content-Length:
      - '2759'
      Content-Type:
      - text/xml; charset=utf-8
      X-S:
      - 445759-O1VMAP02
      - 505390-O1VMAP05
      Www-Authenticate:
      - OAuth Realm="api.xero.com"
      Strict-Transport-Security:
      - max-age=31536000
      Date:
      - Fri, 14 Aug 2015 09:03:45 GMT
    body:
      encoding: US-ASCII
      string: ! "<Response xmlns:xsd=\"http://www.w3.org/2001/XMLSchema\" xmlns:xsi=\"http://www.w3.org/2001/XMLSchema-instance\">\r\n
        \ <Id>1681ff41-b7f4-4ace-8277-bbc9aba6163f</Id>\r\n  <Status>OK</Status>\r\n
        \ <ProviderName>Jordan</ProviderName>\r\n  <DateTimeUTC>2015-08-14T09:03:46.7672767Z</DateTimeUTC>\r\n
        \ <Invoices>\r\n    <Invoice>\r\n      <Contact>\r\n        <ContactID>fa25713e-3f88-46f7-803c-eb565d6f6484</ContactID>\r\n
        \       <ContactStatus>ACTIVE</ContactStatus>\r\n        <Name>Existing Company</Name>\r\n
        \       <Addresses>\r\n          <Address>\r\n            <AddressType>STREET</AddressType>\r\n
        \         </Address>\r\n          <Address>\r\n            <AddressType>POBOX</AddressType>\r\n
        \         </Address>\r\n        </Addresses>\r\n        <Phones>\r\n          <Phone>\r\n
        \           <PhoneType>DDI</PhoneType>\r\n          </Phone>\r\n          <Phone>\r\n
        \           <PhoneType>DEFAULT</PhoneType>\r\n          </Phone>\r\n          <Phone>\r\n
        \           <PhoneType>FAX</PhoneType>\r\n          </Phone>\r\n          <Phone>\r\n
        \           <PhoneType>MOBILE</PhoneType>\r\n          </Phone>\r\n        </Phones>\r\n
        \       <UpdatedDateUTC>2015-08-14T09:03:36.363</UpdatedDateUTC>\r\n        <IsSupplier>false</IsSupplier>\r\n
        \       <IsCustomer>true</IsCustomer>\r\n      </Contact>\r\n      <Date>2015-08-14T00:00:00</Date>\r\n
        \     <DueDate>2013-03-10T00:00:00</DueDate>\r\n      <Status>DRAFT</Status>\r\n
        \     <LineAmountTypes>Exclusive</LineAmountTypes>\r\n      <LineItems>\r\n
        \       <LineItem>\r\n          <Description>Line Item Number 1</Description>\r\n
        \         <UnitAmount>1.00</UnitAmount>\r\n          <TaxType>OUTPUT2</TaxType>\r\n
        \         <TaxAmount>0.20</TaxAmount>\r\n          <LineAmount>1.00</LineAmount>\r\n
        \         <Quantity>1.0000</Quantity>\r\n          <LineItemID>88f94b83-f100-49b6-a3ed-0e2f17358bdd</LineItemID>\r\n
        \       </LineItem>\r\n        <LineItem>\r\n          <Description>Line Item
        Number 2</Description>\r\n          <UnitAmount>1.00</UnitAmount>\r\n          <TaxType>OUTPUT2</TaxType>\r\n
        \         <TaxAmount>0.20</TaxAmount>\r\n          <LineAmount>1.00</LineAmount>\r\n
        \         <Quantity>1.0000</Quantity>\r\n          <LineItemID>cab7ef8b-deb7-430f-a6d1-26d0f62a7846</LineItemID>\r\n
        \       </LineItem>\r\n      </LineItems>\r\n      <SubTotal>2.00</SubTotal>\r\n
        \     <TotalTax>0.40</TotalTax>\r\n      <Total>2.40</Total>\r\n      <UpdatedDateUTC>2015-08-14T09:03:44.803</UpdatedDateUTC>\r\n
        \     <CurrencyCode>GBP</CurrencyCode>\r\n      <Type>ACCREC</Type>\r\n      <InvoiceID>14caabc7-8f98-4480-b675-9350139f1a10</InvoiceID>\r\n
        \     <InvoiceNumber>INV-0243</InvoiceNumber>\r\n      <AmountDue>2.40</AmountDue>\r\n
        \     <AmountPaid>0.00</AmountPaid>\r\n      <SentToContact>false</SentToContact>\r\n
        \     <CurrencyRate>1.000000</CurrencyRate>\r\n      <HasAttachments>false</HasAttachments>\r\n
        \   </Invoice>\r\n  </Invoices>\r\n</Response>"
    http_version: 
  recorded_at: Fri, 14 Aug 2015 09:03:56 GMT
- request:
    method: get
    uri: https://api.xero.com/api.xro/2.0/Contacts?where=Name.ToLower()%20==%20%22existing%20company%22
    body:
      encoding: US-ASCII
      string: ''
    headers:
      Charset:
      - utf-8
      Accept:
      - ! '*/*'
      User-Agent:
      - OAuth gem v0.4.7
      Authorization:
      - OAuth oauth_consumer_key="<XERO_CONSUMER_KEY>", oauth_nonce="ff7ExYx8hy8fgyxeCPJhKDi5vhLKFTui92dwP0PS2M",
        oauth_signature="i%2BjrIJq6aT7vANyHc3UaYAwl%2BYuUb6tkBJ%2FmOMTCeCCozScFQr%2Fwz%2BgJNuM5ohwV13ZwU5ehfT3TMGMGlHDGtyvz3eFM%2BooDZIo7LQ591GSO5VMkf2Rqw%2F2ovrXeDNQ%2Fi3BadWMiTGK0cuu%2BCC77Og45%2Fa12DEIeaAefiWbx7nk%3D",
        oauth_signature_method="RSA-SHA1", oauth_timestamp="1439543960", oauth_token="<XERO_CONSUMER_KEY>",
        oauth_version="1.0"
  response:
    status:
      code: 503
      message: Service Unavailable
    headers:
      Cache-Control:
      - private
      Content-Type:
      - text/html; charset=utf-8
      Www-Authenticate:
      - OAuth Realm="165.120.48.19"
      X-S:
      - 445761-O1VMAP04
      Strict-Transport-Security:
      - max-age=31536000
      Date:
      - Fri, 14 Aug 2015 09:19:10 GMT
      Content-Length:
      - '111'
    body:
      encoding: US-ASCII
      string: oauth_problem=rate%20limit%20exceeded&oauth_problem_advice=please%20wait%20before%20retrying%20the%20xero%20api
    http_version: 
  recorded_at: Fri, 14 Aug 2015 09:19:21 GMT
- request:
    method: get
    uri: https://api.xero.com/api.xro/2.0/Contacts?where=Name.ToLower()%20==%20%22existing%20company%22
    body:
      encoding: US-ASCII
      string: ''
    headers:
      Charset:
      - utf-8
      Accept:
      - ! '*/*'
      User-Agent:
      - OAuth gem v0.4.7
      Authorization:
      - OAuth oauth_consumer_key="<XERO_CONSUMER_KEY>", oauth_nonce="7M30BLZeqFG5oXmyixArzXJh6a3d0l3EsiPRvoqYAPs",
        oauth_signature="vaHoKtWauNbwsjb5ajd5vDH%2Fe9GceS1U6frIYQ7mkwVa7o3VoDJxYLcNvRsHVEeM6UgmVYLkwhQ2ZMTdCt5AMSgDpQsaq276EwditZaQ0GhXi9%2FCu2kwwRynrYTkE6uwYSJN%2Bqc4%2FQXMfKxJVIK4UFiPxfPt7Xk76aWdPLmSkk4%3D",
        oauth_signature_method="RSA-SHA1", oauth_timestamp="1439543966", oauth_token="<XERO_CONSUMER_KEY>",
        oauth_version="1.0"
  response:
    status:
      code: 200
      message: OK
    headers:
      Cache-Control:
      - private
      Content-Length:
      - '1225'
      Content-Type:
      - text/xml; charset=utf-8
      X-S:
      - 445758-O1VMAP01
      - 445761-O1VMAP04
      Www-Authenticate:
      - OAuth Realm="api.xero.com"
      Strict-Transport-Security:
      - max-age=31536000
      Date:
      - Fri, 14 Aug 2015 09:19:17 GMT
    body:
      encoding: US-ASCII
      string: ! "<Response xmlns:xsd=\"http://www.w3.org/2001/XMLSchema\" xmlns:xsi=\"http://www.w3.org/2001/XMLSchema-instance\">\r\n
        \ <Id>2aa4f13f-11ae-414e-82b7-20a1ca257049</Id>\r\n  <Status>OK</Status>\r\n
        \ <ProviderName>Jordan</ProviderName>\r\n  <DateTimeUTC>2015-08-14T09:19:17.4432055Z</DateTimeUTC>\r\n
        \ <Contacts>\r\n    <Contact>\r\n      <ContactID>0d0ada07-905a-4099-b6b6-6916f82d184e</ContactID>\r\n
        \     <ContactStatus>ACTIVE</ContactStatus>\r\n      <Name>Existing Company</Name>\r\n
        \     <Addresses>\r\n        <Address>\r\n          <AddressType>POBOX</AddressType>\r\n
        \       </Address>\r\n        <Address>\r\n          <AddressType>STREET</AddressType>\r\n
        \       </Address>\r\n      </Addresses>\r\n      <Phones>\r\n        <Phone>\r\n
        \         <PhoneType>DDI</PhoneType>\r\n        </Phone>\r\n        <Phone>\r\n
        \         <PhoneType>DEFAULT</PhoneType>\r\n        </Phone>\r\n        <Phone>\r\n
        \         <PhoneType>FAX</PhoneType>\r\n        </Phone>\r\n        <Phone>\r\n
        \         <PhoneType>MOBILE</PhoneType>\r\n        </Phone>\r\n      </Phones>\r\n
        \     <UpdatedDateUTC>2015-08-14T09:19:10.563</UpdatedDateUTC>\r\n      <IsSupplier>false</IsSupplier>\r\n
        \     <IsCustomer>false</IsCustomer>\r\n      <HasAttachments>false</HasAttachments>\r\n
        \   </Contact>\r\n  </Contacts>\r\n</Response>"
    http_version: 
  recorded_at: Fri, 14 Aug 2015 09:19:27 GMT
- request:
    method: get
    uri: https://api.xero.com/api.xro/2.0/Invoices?where=Contact.ContactID%20=%20GUID(%220d0ada07-905a-4099-b6b6-6916f82d184e%22)
    body:
      encoding: US-ASCII
      string: ''
    headers:
      Charset:
      - utf-8
      Accept:
      - ! '*/*'
      User-Agent:
      - OAuth gem v0.4.7
      Authorization:
      - OAuth oauth_consumer_key="<XERO_CONSUMER_KEY>", oauth_nonce="L9WrsndVIH5UYjSZlPNZm8O594QOGmocmt97Ih3GP4",
        oauth_signature="nrEKM4akPMpiIOuNLLycrq1cdFJkx0wR1kErSunzFiZL8OUdv%2FURoINvSy3FxpsSaAb%2FnNsWy8Dn4PwvNEiqir0NVIk%2FEqvLcSK7fm5S6czKNX5uPH8U065U86YTIQNOD1aphNf7ZBtkeJtdyViD18YEPx1SJRb7RjFFipr%2FNn4%3D",
        oauth_signature_method="RSA-SHA1", oauth_timestamp="1439543967", oauth_token="<XERO_CONSUMER_KEY>",
        oauth_version="1.0"
  response:
    status:
      code: 200
      message: OK
    headers:
      Cache-Control:
      - private
      Content-Length:
      - '292'
      Content-Type:
      - text/xml; charset=utf-8
      X-S:
      - 445758-O1VMAP01
      - 445761-O1VMAP04
      Www-Authenticate:
      - OAuth Realm="api.xero.com"
      Strict-Transport-Security:
      - max-age=31536000
      Date:
      - Fri, 14 Aug 2015 09:19:18 GMT
    body:
      encoding: US-ASCII
      string: ! "<Response xmlns:xsd=\"http://www.w3.org/2001/XMLSchema\" xmlns:xsi=\"http://www.w3.org/2001/XMLSchema-instance\">\r\n
        \ <Id>27dc58ec-8124-4359-a52d-6019a81d33ee</Id>\r\n  <Status>OK</Status>\r\n
        \ <ProviderName>Jordan</ProviderName>\r\n  <DateTimeUTC>2015-08-14T09:19:18.0672055Z</DateTimeUTC>\r\n</Response>"
    http_version: 
  recorded_at: Fri, 14 Aug 2015 09:19:28 GMT
- request:
    method: get
    uri: https://api.xero.com/api.xro/2.0/Contacts?where=Name%20==%20%22Existing%20Company%22
    body:
      encoding: US-ASCII
      string: ''
    headers:
      Charset:
      - utf-8
      Accept:
      - ! '*/*'
      User-Agent:
      - OAuth gem v0.4.7
      Authorization:
      - OAuth oauth_consumer_key="<XERO_CONSUMER_KEY>", oauth_nonce="AUpcw4NT6yBFRe5qCgueCFUBvkvvv9Tpl00gGJunM",
        oauth_signature="hMLPOgvBz9vK86NpIxMwUEAz8kBEFQFMdDXgHwXqq3WBVfA6b39Taz1it6XnFGfmFMRd%2F%2F%2BVJPFZQM89G6cmaci6szRL1hkpJ2Rq%2BFXu1N7nKRRH4%2FkMiDXq0Am31YWFpf6bswrKr6Qkujwgc9FNDM0z1jTlyxDrceE3blsZHHo%3D",
        oauth_signature_method="RSA-SHA1", oauth_timestamp="1439543970", oauth_token="<XERO_CONSUMER_KEY>",
        oauth_version="1.0"
  response:
    status:
      code: 200
      message: OK
    headers:
      Cache-Control:
      - private
      Content-Length:
      - '1224'
      Content-Type:
      - text/xml; charset=utf-8
      X-S:
      - 445758-O1VMAP01
      - 445761-O1VMAP04
      Www-Authenticate:
      - OAuth Realm="api.xero.com"
      Strict-Transport-Security:
      - max-age=31536000
      Date:
      - Fri, 14 Aug 2015 09:19:20 GMT
    body:
      encoding: US-ASCII
      string: ! "<Response xmlns:xsd=\"http://www.w3.org/2001/XMLSchema\" xmlns:xsi=\"http://www.w3.org/2001/XMLSchema-instance\">\r\n
        \ <Id>53006e04-89c0-4dfc-aff8-a33d320769e9</Id>\r\n  <Status>OK</Status>\r\n
        \ <ProviderName>Jordan</ProviderName>\r\n  <DateTimeUTC>2015-08-14T09:19:20.7192055Z</DateTimeUTC>\r\n
        \ <Contacts>\r\n    <Contact>\r\n      <ContactID>0d0ada07-905a-4099-b6b6-6916f82d184e</ContactID>\r\n
        \     <ContactStatus>ACTIVE</ContactStatus>\r\n      <Name>Existing Company</Name>\r\n
        \     <Addresses>\r\n        <Address>\r\n          <AddressType>POBOX</AddressType>\r\n
        \       </Address>\r\n        <Address>\r\n          <AddressType>STREET</AddressType>\r\n
        \       </Address>\r\n      </Addresses>\r\n      <Phones>\r\n        <Phone>\r\n
        \         <PhoneType>DDI</PhoneType>\r\n        </Phone>\r\n        <Phone>\r\n
        \         <PhoneType>DEFAULT</PhoneType>\r\n        </Phone>\r\n        <Phone>\r\n
        \         <PhoneType>FAX</PhoneType>\r\n        </Phone>\r\n        <Phone>\r\n
        \         <PhoneType>MOBILE</PhoneType>\r\n        </Phone>\r\n      </Phones>\r\n
        \     <UpdatedDateUTC>2015-08-14T09:19:10.563</UpdatedDateUTC>\r\n      <IsSupplier>false</IsSupplier>\r\n
        \     <IsCustomer>true</IsCustomer>\r\n      <HasAttachments>false</HasAttachments>\r\n
        \   </Contact>\r\n  </Contacts>\r\n</Response>"
    http_version: 
  recorded_at: Fri, 14 Aug 2015 09:19:31 GMT
- request:
    method: get
    uri: https://api.xero.com/api.xro/2.0/Invoices?where=Contact.ContactID%20=%20GUID(%220d0ada07-905a-4099-b6b6-6916f82d184e%22)%20AND%20Status%20!=%20%22DELETED%22
    body:
      encoding: US-ASCII
      string: ''
    headers:
      Charset:
      - utf-8
      Accept:
      - ! '*/*'
      User-Agent:
      - OAuth gem v0.4.7
      Authorization:
      - OAuth oauth_consumer_key="<XERO_CONSUMER_KEY>", oauth_nonce="N9BzvS2UEwYuzxvrM0rTXO8kEclrsaGhSVsEiG7g",
        oauth_signature="ubk5dPVTeBqm9FCyBSwMJxK1ezDsIG834ZvUVlVNG9gGCi%2BzOcnYrW0bMsvOfPUA564M%2BdiENAMS6v1q2M%2BB8T%2F9liUO6%2FQQhb6%2BFNQO1eQUxx8%2FA9jvwLgUDpGnLD0DSFhIAQ49MQGMDOIaWfdtTsvz3iCOpsc04sr%2B02DTx6Y%3D",
        oauth_signature_method="RSA-SHA1", oauth_timestamp="1439543971", oauth_token="<XERO_CONSUMER_KEY>",
        oauth_version="1.0"
  response:
    status:
      code: 200
      message: OK
    headers:
      Cache-Control:
      - private
      Content-Length:
      - '1209'
      Content-Type:
      - text/xml; charset=utf-8
      X-S:
      - 445758-O1VMAP01
      - 445761-O1VMAP04
      Www-Authenticate:
      - OAuth Realm="api.xero.com"
      Strict-Transport-Security:
      - max-age=31536000
      Date:
      - Fri, 14 Aug 2015 09:19:21 GMT
    body:
      encoding: US-ASCII
      string: ! "<Response xmlns:xsd=\"http://www.w3.org/2001/XMLSchema\" xmlns:xsi=\"http://www.w3.org/2001/XMLSchema-instance\">\r\n
        \ <Id>0a5ebc60-cd6e-4773-a4e5-2f0774d8b28b</Id>\r\n  <Status>OK</Status>\r\n
        \ <ProviderName>Jordan</ProviderName>\r\n  <DateTimeUTC>2015-08-14T09:19:21.4056055Z</DateTimeUTC>\r\n
        \ <Invoices>\r\n    <Invoice>\r\n      <Contact>\r\n        <ContactID>0d0ada07-905a-4099-b6b6-6916f82d184e</ContactID>\r\n
        \       <Name>Existing Company</Name>\r\n      </Contact>\r\n      <Date>2015-08-14T00:00:00</Date>\r\n
        \     <DueDate>2013-03-10T00:00:00</DueDate>\r\n      <Status>DRAFT</Status>\r\n
        \     <LineAmountTypes>Exclusive</LineAmountTypes>\r\n      <SubTotal>2.00</SubTotal>\r\n
        \     <TotalTax>0.40</TotalTax>\r\n      <Total>2.40</Total>\r\n      <UpdatedDateUTC>2015-08-14T09:19:19.847</UpdatedDateUTC>\r\n
        \     <CurrencyCode>GBP</CurrencyCode>\r\n      <Type>ACCREC</Type>\r\n      <InvoiceID>4fff91d6-8873-4afc-976c-a59e0479997a</InvoiceID>\r\n
        \     <InvoiceNumber>INV-0257</InvoiceNumber>\r\n      <AmountDue>2.40</AmountDue>\r\n
        \     <AmountPaid>0.00</AmountPaid>\r\n      <AmountCredited>0.00</AmountCredited>\r\n
        \     <CurrencyRate>1.000000</CurrencyRate>\r\n      <HasAttachments>false</HasAttachments>\r\n
        \   </Invoice>\r\n  </Invoices>\r\n</Response>"
    http_version: 
  recorded_at: Fri, 14 Aug 2015 09:19:31 GMT
- request:
    method: get
    uri: https://api.xero.com/api.xro/2.0/Invoices/4fff91d6-8873-4afc-976c-a59e0479997a
    body:
      encoding: US-ASCII
      string: ''
    headers:
      Charset:
      - utf-8
      Accept:
      - ! '*/*'
      User-Agent:
      - OAuth gem v0.4.7
      Authorization:
      - OAuth oauth_consumer_key="<XERO_CONSUMER_KEY>", oauth_nonce="QGZ975GUNdjo1glkQlacDjjdo2tC895qivEbzhA",
        oauth_signature="o4cwrMYjT0aUdiDUm3SSMOH8eVum9O5qYjxZU%2F6jR3RK9gWZrDmrqKxhBwVq7ZWSIkmAN1JbmIbWoHSnDpHVHQbfCEAKbazbDY0tQ14S%2BdgKGtxackWSTNIVOYb4sMBhvIeug%2FLK5RMuoR62JLwYKj0llY3yy4pKqVqT3aFrfwo%3D",
        oauth_signature_method="RSA-SHA1", oauth_timestamp="1439543971", oauth_token="<XERO_CONSUMER_KEY>",
        oauth_version="1.0"
  response:
    status:
      code: 200
      message: OK
    headers:
      Cache-Control:
      - private
      Content-Length:
      - '2759'
      Content-Type:
      - text/xml; charset=utf-8
      X-S:
      - 445758-O1VMAP01
      - 445761-O1VMAP04
      Www-Authenticate:
      - OAuth Realm="api.xero.com"
      Strict-Transport-Security:
      - max-age=31536000
      Date:
      - Fri, 14 Aug 2015 09:19:22 GMT
    body:
      encoding: US-ASCII
      string: ! "<Response xmlns:xsd=\"http://www.w3.org/2001/XMLSchema\" xmlns:xsi=\"http://www.w3.org/2001/XMLSchema-instance\">\r\n
        \ <Id>cf4d1d76-375e-4a27-822f-2aa4727c2fd6</Id>\r\n  <Status>OK</Status>\r\n
        \ <ProviderName>Jordan</ProviderName>\r\n  <DateTimeUTC>2015-08-14T09:19:22.2324055Z</DateTimeUTC>\r\n
        \ <Invoices>\r\n    <Invoice>\r\n      <Contact>\r\n        <ContactID>0d0ada07-905a-4099-b6b6-6916f82d184e</ContactID>\r\n
        \       <ContactStatus>ACTIVE</ContactStatus>\r\n        <Name>Existing Company</Name>\r\n
        \       <Addresses>\r\n          <Address>\r\n            <AddressType>POBOX</AddressType>\r\n
        \         </Address>\r\n          <Address>\r\n            <AddressType>STREET</AddressType>\r\n
        \         </Address>\r\n        </Addresses>\r\n        <Phones>\r\n          <Phone>\r\n
        \           <PhoneType>DDI</PhoneType>\r\n          </Phone>\r\n          <Phone>\r\n
        \           <PhoneType>DEFAULT</PhoneType>\r\n          </Phone>\r\n          <Phone>\r\n
        \           <PhoneType>FAX</PhoneType>\r\n          </Phone>\r\n          <Phone>\r\n
        \           <PhoneType>MOBILE</PhoneType>\r\n          </Phone>\r\n        </Phones>\r\n
        \       <UpdatedDateUTC>2015-08-14T09:19:10.563</UpdatedDateUTC>\r\n        <IsSupplier>false</IsSupplier>\r\n
        \       <IsCustomer>true</IsCustomer>\r\n      </Contact>\r\n      <Date>2015-08-14T00:00:00</Date>\r\n
        \     <DueDate>2013-03-10T00:00:00</DueDate>\r\n      <Status>DRAFT</Status>\r\n
        \     <LineAmountTypes>Exclusive</LineAmountTypes>\r\n      <LineItems>\r\n
        \       <LineItem>\r\n          <Description>Line Item Number 1</Description>\r\n
        \         <UnitAmount>1.00</UnitAmount>\r\n          <TaxType>OUTPUT2</TaxType>\r\n
        \         <TaxAmount>0.20</TaxAmount>\r\n          <LineAmount>1.00</LineAmount>\r\n
        \         <Quantity>1.0000</Quantity>\r\n          <LineItemID>d8ebaff3-4cee-4fe6-bf18-aea4e75f7d70</LineItemID>\r\n
        \       </LineItem>\r\n        <LineItem>\r\n          <Description>Line Item
        Number 2</Description>\r\n          <UnitAmount>1.00</UnitAmount>\r\n          <TaxType>OUTPUT2</TaxType>\r\n
        \         <TaxAmount>0.20</TaxAmount>\r\n          <LineAmount>1.00</LineAmount>\r\n
        \         <Quantity>1.0000</Quantity>\r\n          <LineItemID>66dc4fb0-8af4-43a3-bcc4-7570429e30e4</LineItemID>\r\n
        \       </LineItem>\r\n      </LineItems>\r\n      <SubTotal>2.00</SubTotal>\r\n
        \     <TotalTax>0.40</TotalTax>\r\n      <Total>2.40</Total>\r\n      <UpdatedDateUTC>2015-08-14T09:19:19.847</UpdatedDateUTC>\r\n
        \     <CurrencyCode>GBP</CurrencyCode>\r\n      <Type>ACCREC</Type>\r\n      <InvoiceID>4fff91d6-8873-4afc-976c-a59e0479997a</InvoiceID>\r\n
        \     <InvoiceNumber>INV-0257</InvoiceNumber>\r\n      <AmountDue>2.40</AmountDue>\r\n
        \     <AmountPaid>0.00</AmountPaid>\r\n      <SentToContact>false</SentToContact>\r\n
        \     <CurrencyRate>1.000000</CurrencyRate>\r\n      <HasAttachments>false</HasAttachments>\r\n
        \   </Invoice>\r\n  </Invoices>\r\n</Response>"
    http_version: 
  recorded_at: Fri, 14 Aug 2015 09:19:32 GMT
- request:
    method: put
    uri: https://api.xero.com/api.xro/2.0/Contacts
    body:
      encoding: US-ASCII
      string: xml=%3CContact%3E<TMUX_PANE>A%20%20%3CName%3EExisting%20Company%20Inc.%3C%2FName%3E<TMUX_PANE>A%3C%2FContact%3E<TMUX_PANE>A
    headers:
      Charset:
      - utf-8
      Content-Type:
      - application/x-www-form-urlencoded
      Accept:
      - ! '*/*'
      User-Agent:
      - OAuth gem v0.4.7
      Content-Length:
      - '0'
      Authorization:
      - OAuth oauth_consumer_key="<XERO_CONSUMER_KEY>", oauth_nonce="i3wJuMZFmgG4ds9TVFwQIt0TdWlhKDUWHzGXCYugoM",
        oauth_signature="bu%2FD%2ByiIKCnFYo9uZeyZxFBWTyU5ZwYXDjcmwjj3zr8AWd4lbp6MviSVKwAHtbeThqte7ygOrzBX01KD0qtwm8QaoGhaL3Fbtpayt0lvBT7s9YaIgKLg1VnPTpKunyFIbgtmuYprsVcOOaw4KQsbGZOnyO%2FOLKTQQZ5UDClxcBQ%3D",
        oauth_signature_method="RSA-SHA1", oauth_timestamp="1439544546", oauth_token="<XERO_CONSUMER_KEY>",
        oauth_version="1.0"
  response:
    status:
      code: 200
      message: OK
    headers:
      Cache-Control:
      - private
      Content-Length:
      - '1184'
      Content-Type:
      - text/xml; charset=utf-8
      X-S:
      - 445759-O1VMAP02
      - 505390-O1VMAP05
      Www-Authenticate:
      - OAuth Realm="api.xero.com"
      Strict-Transport-Security:
      - max-age=31536000
      Date:
      - Fri, 14 Aug 2015 09:28:56 GMT
    body:
      encoding: US-ASCII
      string: ! "<Response xmlns:xsd=\"http://www.w3.org/2001/XMLSchema\" xmlns:xsi=\"http://www.w3.org/2001/XMLSchema-instance\">\r\n
        \ <Id>be8b7108-5298-4e47-9128-d1f95df075e7</Id>\r\n  <Status>OK</Status>\r\n
        \ <ProviderName>Jordan</ProviderName>\r\n  <DateTimeUTC>2015-08-14T09:28:57.6043889Z</DateTimeUTC>\r\n
        \ <Contacts>\r\n    <Contact>\r\n      <ContactID>74338697-d3b8-490d-817b-f8c8bd1d11cb</ContactID>\r\n
        \     <ContactStatus>ACTIVE</ContactStatus>\r\n      <Name>Existing Company
        Inc.</Name>\r\n      <Addresses>\r\n        <Address>\r\n          <AddressType>STREET</AddressType>\r\n
        \       </Address>\r\n        <Address>\r\n          <AddressType>POBOX</AddressType>\r\n
        \       </Address>\r\n      </Addresses>\r\n      <Phones>\r\n        <Phone>\r\n
        \         <PhoneType>DDI</PhoneType>\r\n        </Phone>\r\n        <Phone>\r\n
        \         <PhoneType>DEFAULT</PhoneType>\r\n        </Phone>\r\n        <Phone>\r\n
        \         <PhoneType>FAX</PhoneType>\r\n        </Phone>\r\n        <Phone>\r\n
        \         <PhoneType>MOBILE</PhoneType>\r\n        </Phone>\r\n      </Phones>\r\n
        \     <UpdatedDateUTC>2015-08-14T09:28:57.557</UpdatedDateUTC>\r\n      <IsSupplier>false</IsSupplier>\r\n
        \     <IsCustomer>false</IsCustomer>\r\n    </Contact>\r\n  </Contacts>\r\n</Response>"
    http_version: 
  recorded_at: Fri, 14 Aug 2015 09:29:07 GMT
- request:
    method: get
    uri: https://api.xero.com/api.xro/2.0/Contacts?where=Name.ToLower()%20==%20%22existing%20company%20inc.%22
    body:
      encoding: US-ASCII
      string: ''
    headers:
      Charset:
      - utf-8
      Accept:
      - ! '*/*'
      User-Agent:
      - OAuth gem v0.4.7
      Authorization:
      - OAuth oauth_consumer_key="<XERO_CONSUMER_KEY>", oauth_nonce="NCYoZEsg8UZaUk286R4zhbC4FsI736liR2vCZTpz2A",
        oauth_signature="EJbrCkSy83Ee6bakuIosM%2FpfdxLJg5uCZpv%2FmAHOpdD8s6mWuQ9zghnOQmCa3fS85%2BrBmy0hIxBgltH3%2BgILU6k1fPg3AuorSmrW8P3m0%2FRFbpOlLMuI6%2FKQykvqmEmDLp7v1rTZhA1aod%2BMq%2FBC7jXHpOo3%2BjnZVCuAP15dRJQ%3D",
        oauth_signature_method="RSA-SHA1", oauth_timestamp="1439544547", oauth_token="<XERO_CONSUMER_KEY>",
        oauth_version="1.0"
  response:
    status:
      code: 503
      message: Service Unavailable
    headers:
      Cache-Control:
      - private
      Content-Type:
      - text/html; charset=utf-8
      Www-Authenticate:
      - OAuth Realm="165.120.48.19"
      X-S:
      - 505390-O1VMAP05
      Strict-Transport-Security:
      - max-age=31536000
      Date:
      - Fri, 14 Aug 2015 09:28:57 GMT
      Content-Length:
      - '111'
    body:
      encoding: US-ASCII
      string: oauth_problem=rate%20limit%20exceeded&oauth_problem_advice=please%20wait%20before%20retrying%20the%20xero%20api
    http_version: 
  recorded_at: Fri, 14 Aug 2015 09:29:08 GMT
- request:
    method: get
    uri: https://api.xero.com/api.xro/2.0/Contacts?where=Name.ToLower()%20==%20%22existing%20company%20inc.%22
    body:
      encoding: US-ASCII
      string: ''
    headers:
      Charset:
      - utf-8
      Accept:
      - ! '*/*'
      User-Agent:
      - OAuth gem v0.4.7
      Authorization:
      - OAuth oauth_consumer_key="<XERO_CONSUMER_KEY>", oauth_nonce="5fgRSWSFfJIVv1u2fHNvWZCmu709fB2AHN34fGU20JQ",
        oauth_signature="TMf93tPpJAX8B8OgD8jN9tFuPjqKLIA%2FBSl2VmkfopkZxfQMh26cpu%2BMnHXpqZZnoXeuIG%2BUllbrrHZeWNKtDva3w95VC8%2B%2FcXWGw1jX9kmGFXPw0n3oqvnUXV5E2IJMDQT2eOhu%2BUY%2Fu3OQ8u8xpGKa22SbCO8w7OOlqK6pbNw%3D",
        oauth_signature_method="RSA-SHA1", oauth_timestamp="1439544553", oauth_token="<XERO_CONSUMER_KEY>",
        oauth_version="1.0"
  response:
    status:
      code: 503
      message: Service Unavailable
    headers:
      Cache-Control:
      - private
      Content-Type:
      - text/html; charset=utf-8
      Www-Authenticate:
      - OAuth Realm="165.120.48.19"
      X-S:
      - 505390-O1VMAP05
      Strict-Transport-Security:
      - max-age=31536000
      Date:
      - Fri, 14 Aug 2015 09:29:02 GMT
      Content-Length:
      - '111'
    body:
      encoding: US-ASCII
      string: oauth_problem=rate%20limit%20exceeded&oauth_problem_advice=please%20wait%20before%20retrying%20the%20xero%20api
    http_version: 
  recorded_at: Fri, 14 Aug 2015 09:29:13 GMT
- request:
    method: get
    uri: https://api.xero.com/api.xro/2.0/Contacts?where=Name.ToLower()%20==%20%22existing%20company%20inc.%22
    body:
      encoding: US-ASCII
      string: ''
    headers:
      Charset:
      - utf-8
      Accept:
      - ! '*/*'
      User-Agent:
      - OAuth gem v0.4.7
      Authorization:
      - OAuth oauth_consumer_key="<XERO_CONSUMER_KEY>", oauth_nonce="sDOIhHNYeRjItleo6zhDCoiIwimy0KDV27vuIlK1Kbc",
        oauth_signature="I4333td%2FcVgvp2T6gfHqofO20TJgiexXKfleLiaCdpimKnMRv3GbmwO%2F7ozM7J17C1bs6F5whYRukc30eGcdZT8fJMRkU7y1FOlPDOrCRfXC5CQ2ebfn4PkXyiaU1AfDV6lj%2BqRdoGGMAVmzXkNbJTnqkcBf7WFQVCBeD6gHn5M%3D",
        oauth_signature_method="RSA-SHA1", oauth_timestamp="1439544558", oauth_token="<XERO_CONSUMER_KEY>",
        oauth_version="1.0"
  response:
    status:
      code: 503
      message: Service Unavailable
    headers:
      Cache-Control:
      - private
      Content-Type:
      - text/html; charset=utf-8
      Www-Authenticate:
      - OAuth Realm="165.120.48.19"
      X-S:
      - 505390-O1VMAP05
      Strict-Transport-Security:
      - max-age=31536000
      Date:
      - Fri, 14 Aug 2015 09:29:09 GMT
      Content-Length:
      - '111'
    body:
      encoding: US-ASCII
      string: oauth_problem=rate%20limit%20exceeded&oauth_problem_advice=please%20wait%20before%20retrying%20the%20xero%20api
    http_version: 
  recorded_at: Fri, 14 Aug 2015 09:29:19 GMT
- request:
    method: get
    uri: https://api.xero.com/api.xro/2.0/Contacts?where=Name.ToLower()%20==%20%22existing%20company%20inc.%22
    body:
      encoding: US-ASCII
      string: ''
    headers:
      Charset:
      - utf-8
      Accept:
      - ! '*/*'
      User-Agent:
      - OAuth gem v0.4.7
      Authorization:
      - OAuth oauth_consumer_key="<XERO_CONSUMER_KEY>", oauth_nonce="csti0mhwjVkQetz2ZhRrOuke4CPxofHu2HYQxatNa2g",
        oauth_signature="fNgZc3ZR6w2OPaqBr9y9ozOZmyQmCYvT%2FMxVlJ8IUJnbC8EN13JbNQ6p9qpMdK8X5%2B9DUs1UhGDAgJ30K4WYLZFVulOfXUY%2Fe56oMEx31AMhmoTmfQV5jaeRaItpWHPrp7U1SyURkWQ0wdCou56CqxZY%2F85kuqjM7Y9GuI0NmOM%3D",
        oauth_signature_method="RSA-SHA1", oauth_timestamp="1439544564", oauth_token="<XERO_CONSUMER_KEY>",
        oauth_version="1.0"
  response:
    status:
      code: 200
      message: OK
    headers:
      Cache-Control:
      - private
      Content-Length:
      - '1230'
      Content-Type:
      - text/xml; charset=utf-8
      X-S:
      - 445758-O1VMAP01
      - 505390-O1VMAP05
      Www-Authenticate:
      - OAuth Realm="api.xero.com"
      Strict-Transport-Security:
      - max-age=31536000
      Date:
      - Fri, 14 Aug 2015 09:29:14 GMT
    body:
      encoding: US-ASCII
      string: ! "<Response xmlns:xsd=\"http://www.w3.org/2001/XMLSchema\" xmlns:xsi=\"http://www.w3.org/2001/XMLSchema-instance\">\r\n
        \ <Id>aae356f8-ced8-4b70-84c2-c003650a27a5</Id>\r\n  <Status>OK</Status>\r\n
        \ <ProviderName>Jordan</ProviderName>\r\n  <DateTimeUTC>2015-08-14T09:29:15.2461741Z</DateTimeUTC>\r\n
        \ <Contacts>\r\n    <Contact>\r\n      <ContactID>74338697-d3b8-490d-817b-f8c8bd1d11cb</ContactID>\r\n
        \     <ContactStatus>ACTIVE</ContactStatus>\r\n      <Name>Existing Company
        Inc.</Name>\r\n      <Addresses>\r\n        <Address>\r\n          <AddressType>STREET</AddressType>\r\n
        \       </Address>\r\n        <Address>\r\n          <AddressType>POBOX</AddressType>\r\n
        \       </Address>\r\n      </Addresses>\r\n      <Phones>\r\n        <Phone>\r\n
        \         <PhoneType>DDI</PhoneType>\r\n        </Phone>\r\n        <Phone>\r\n
        \         <PhoneType>DEFAULT</PhoneType>\r\n        </Phone>\r\n        <Phone>\r\n
        \         <PhoneType>FAX</PhoneType>\r\n        </Phone>\r\n        <Phone>\r\n
        \         <PhoneType>MOBILE</PhoneType>\r\n        </Phone>\r\n      </Phones>\r\n
        \     <UpdatedDateUTC>2015-08-14T09:28:57.557</UpdatedDateUTC>\r\n      <IsSupplier>false</IsSupplier>\r\n
        \     <IsCustomer>false</IsCustomer>\r\n      <HasAttachments>false</HasAttachments>\r\n
        \   </Contact>\r\n  </Contacts>\r\n</Response>"
    http_version: 
  recorded_at: Fri, 14 Aug 2015 09:29:25 GMT
- request:
    method: get
    uri: https://api.xero.com/api.xro/2.0/Invoices?where=Contact.ContactID%20=%20GUID(%2274338697-d3b8-490d-817b-f8c8bd1d11cb%22)
    body:
      encoding: US-ASCII
      string: ''
    headers:
      Charset:
      - utf-8
      Accept:
      - ! '*/*'
      User-Agent:
      - OAuth gem v0.4.7
      Authorization:
      - OAuth oauth_consumer_key="<XERO_CONSUMER_KEY>", oauth_nonce="DW7HWK9Dhdkpa7usIBTDfkOZ6u6Hs9pPtVVk9wAyZ4",
        oauth_signature="rC8Mp5ysISloUT7CsHQR%2BIF%2FS5Os66R1oXu2UUl3KP6iPdEx5GyHI9HJXAcVDuiMWPO4y27%2F3dNrEAih5Ma776fv1qAlUc5m1ZAAGOrakQyXHpkMM0LhBwRnUpsiwiwUT4dVIMW43G5JDN3smSr4an2eDwRX9a2lIeCsJBlvyYc%3D",
        oauth_signature_method="RSA-SHA1", oauth_timestamp="1439544565", oauth_token="<XERO_CONSUMER_KEY>",
        oauth_version="1.0"
  response:
    status:
      code: 200
      message: OK
    headers:
      Cache-Control:
      - private
      Content-Length:
      - '291'
      Content-Type:
      - text/xml; charset=utf-8
      X-S:
      - 445759-O1VMAP02
      - 505390-O1VMAP05
      Www-Authenticate:
      - OAuth Realm="api.xero.com"
      Strict-Transport-Security:
      - max-age=31536000
      Date:
      - Fri, 14 Aug 2015 09:29:15 GMT
    body:
      encoding: US-ASCII
      string: ! "<Response xmlns:xsd=\"http://www.w3.org/2001/XMLSchema\" xmlns:xsi=\"http://www.w3.org/2001/XMLSchema-instance\">\r\n
        \ <Id>039bb7af-34b8-4634-aee4-aaaca68acbe8</Id>\r\n  <Status>OK</Status>\r\n
        \ <ProviderName>Jordan</ProviderName>\r\n  <DateTimeUTC>2015-08-14T09:29:16.060017Z</DateTimeUTC>\r\n</Response>"
    http_version: 
  recorded_at: Fri, 14 Aug 2015 09:29:26 GMT
- request:
    method: put
    uri: https://api.xero.com/api.xro/2.0/Invoices
    body:
      encoding: US-ASCII
      string: xml=%3CInvoice%3E<TMUX_PANE>A%20%20%3CType%3EACCREC%3C%2FType%3E<TMUX_PANE>A%20%20%3CContact%3E<TMUX_PANE>A%20%20%20%20%3CContactID%3E74338697-d3b8-490d-817b-f8c8bd1d11cb%3C%2FContactID%3E<TMUX_PANE>A%20%20%20%20%3CContactStatus%3EACTIVE%3C%2FContactStatus%3E<TMUX_PANE>A%20%20%20%20%3CName%3EExisting%20Company%20Inc.%3C%2FName%3E<TMUX_PANE>A%20%20%20%20%3CAddresses%3E<TMUX_PANE>A%20%20%20%20%20%20%3CAddress%3E<TMUX_PANE>A%20%20%20%20%20%20%20%20%3CAddressType%3ESTREET%3C%2FAddressType%3E<TMUX_PANE>A%20%20%20%20%20%20%3C%2FAddress%3E<TMUX_PANE>A%20%20%20%20%20%20%3CAddress%3E<TMUX_PANE>A%20%20%20%20%20%20%20%20%3CAddressType%3EPOBOX%3C%2FAddressType%3E<TMUX_PANE>A%20%20%20%20%20%20%3C%2FAddress%3E<TMUX_PANE>A%20%20%20%20%3C%2FAddresses%3E<TMUX_PANE>A%20%20%20%20%3CPhones%3E<TMUX_PANE>A%20%20%20%20%20%20%3CPhone%3E<TMUX_PANE>A%20%20%20%20%20%20%20%20%3CPhoneType%3EDDI%3C%2FPhoneType%3E<TMUX_PANE>A%20%20%20%20%20%20%3C%2FPhone%3E<TMUX_PANE>A%20%20%20%20%20%20%3CPhone%3E<TMUX_PANE>A%20%20%20%20%20%20%20%20%3CPhoneType%3EDEFAULT%3C%2FPhoneType%3E<TMUX_PANE>A%20%20%20%20%20%20%3C%2FPhone%3E<TMUX_PANE>A%20%20%20%20%20%20%3CPhone%3E<TMUX_PANE>A%20%20%20%20%20%20%20%20%3CPhoneType%3EFAX%3C%2FPhoneType%3E<TMUX_PANE>A%20%20%20%20%20%20%3C%2FPhone%3E<TMUX_PANE>A%20%20%20%20%20%20%3CPhone%3E<TMUX_PANE>A%20%20%20%20%20%20%20%20%3CPhoneType%3EMOBILE%3C%2FPhoneType%3E<TMUX_PANE>A%20%20%20%20%20%20%3C%2FPhone%3E<TMUX_PANE>A%20%20%20%20%3C%2FPhones%3E<TMUX_PANE>A%20%20%20%20%3CIsSupplier%3Efalse%3C%2FIsSupplier%3E<TMUX_PANE>A%20%20%20%20%3CIsCustomer%3Efalse%3C%2FIsCustomer%3E<TMUX_PANE>A%20%20%3C%2FContact%3E<TMUX_PANE>A%20%20%3CDueDate%3E2013-03-10%3C%2FDueDate%3E<TMUX_PANE>A%20%20%3CStatus%3EDRAFT%3C%2FStatus%3E<TMUX_PANE>A%20%20%3CLineItems%3E<TMUX_PANE>A%20%20%20%20%3CLineItem%3E<TMUX_PANE>A%20%20%20%20%20%20%3CDescription%3ELine%20Item%20Number%201%3C%2FDescription%3E<TMUX_PANE>A%20%20%20%20%20%20%3CUnitAmount%3E1.0%3C%2FUnitAmount%3E<TMUX_PANE>A%20%20%20%20%20%20%3CTaxType%3EOUTPUT2%3C%2FTaxType%3E<TMUX_PANE>A%20%20%20%20%3C%2FLineItem%3E<TMUX_PANE>A%20%20%20%20%3CLineItem%3E<TMUX_PANE>A%20%20%20%20%20%20%3CDescription%3ELine%20Item%20Number%202%3C%2FDescription%3E<TMUX_PANE>A%20%20%20%20%20%20%3CUnitAmount%3E1.0%3C%2FUnitAmount%3E<TMUX_PANE>A%20%20%20%20%20%20%3CTaxType%3EOUTPUT2%3C%2FTaxType%3E<TMUX_PANE>A%20%20%20%20%3C%2FLineItem%3E<TMUX_PANE>A%20%20%3C%2FLineItems%3E<TMUX_PANE>A%3C%2FInvoice%3E<TMUX_PANE>A
    headers:
      Charset:
      - utf-8
      Content-Type:
      - application/x-www-form-urlencoded
      Accept:
      - ! '*/*'
      User-Agent:
      - OAuth gem v0.4.7
      Content-Length:
      - '0'
      Authorization:
      - OAuth oauth_consumer_key="<XERO_CONSUMER_KEY>", oauth_nonce="ao5Uz1TbRJTpmqGvN7yyZLUxWoMAuiqAmpIBnBpZo",
        oauth_signature="RncF5%2Bmel9TO%2Bes3xsBBGng%2F7wEUx6jZbJ06vy%2BWuRB2ZBI5eCvxKatET8ramYAJhFM11YoUepLh87RJASk%2FJxiSffALQQhs353B35zMQb5G7s6atJ2K2D7qBGHKCoRpqzPzKsxmasSG1aNcI6GnYBNfU5BWO1qdJy4t%2FQRERZ4%3D",
        oauth_signature_method="RSA-SHA1", oauth_timestamp="1439544566", oauth_token="<XERO_CONSUMER_KEY>",
        oauth_version="1.0"
  response:
    status:
      code: 200
      message: OK
    headers:
      Cache-Control:
      - private
      Content-Length:
      - '2717'
      Content-Type:
      - text/xml; charset=utf-8
      X-S:
      - 445758-O1VMAP01
      - 505390-O1VMAP05
      Www-Authenticate:
      - OAuth Realm="api.xero.com"
      Strict-Transport-Security:
      - max-age=31536000
      Date:
      - Fri, 14 Aug 2015 09:29:16 GMT
    body:
      encoding: US-ASCII
      string: ! "<Response xmlns:xsd=\"http://www.w3.org/2001/XMLSchema\" xmlns:xsi=\"http://www.w3.org/2001/XMLSchema-instance\">\r\n
        \ <Id>5cfc1925-fa1d-4069-8c95-ef8dbbca3934</Id>\r\n  <Status>OK</Status>\r\n
        \ <ProviderName>Jordan</ProviderName>\r\n  <DateTimeUTC>2015-08-14T09:29:16.5410073Z</DateTimeUTC>\r\n
        \ <Invoices>\r\n    <Invoice>\r\n      <Contact>\r\n        <ContactID>74338697-d3b8-490d-817b-f8c8bd1d11cb</ContactID>\r\n
        \       <ContactStatus>ACTIVE</ContactStatus>\r\n        <Name>Existing Company
        Inc.</Name>\r\n        <Addresses>\r\n          <Address>\r\n            <AddressType>STREET</AddressType>\r\n
        \         </Address>\r\n          <Address>\r\n            <AddressType>POBOX</AddressType>\r\n
        \         </Address>\r\n        </Addresses>\r\n        <Phones>\r\n          <Phone>\r\n
        \           <PhoneType>DDI</PhoneType>\r\n          </Phone>\r\n          <Phone>\r\n
        \           <PhoneType>DEFAULT</PhoneType>\r\n          </Phone>\r\n          <Phone>\r\n
        \           <PhoneType>FAX</PhoneType>\r\n          </Phone>\r\n          <Phone>\r\n
        \           <PhoneType>MOBILE</PhoneType>\r\n          </Phone>\r\n        </Phones>\r\n
        \       <UpdatedDateUTC>2015-08-14T09:28:57.557</UpdatedDateUTC>\r\n        <IsSupplier>false</IsSupplier>\r\n
        \       <IsCustomer>true</IsCustomer>\r\n      </Contact>\r\n      <Date>2015-08-14T00:00:00</Date>\r\n
        \     <DueDate>2013-03-10T00:00:00</DueDate>\r\n      <Status>DRAFT</Status>\r\n
        \     <LineAmountTypes>Exclusive</LineAmountTypes>\r\n      <LineItems>\r\n
        \       <LineItem>\r\n          <Description>Line Item Number 1</Description>\r\n
        \         <UnitAmount>1.00</UnitAmount>\r\n          <TaxType>OUTPUT2</TaxType>\r\n
        \         <TaxAmount>0.20</TaxAmount>\r\n          <LineAmount>1.00</LineAmount>\r\n
        \         <Quantity>1.0000</Quantity>\r\n          <LineItemID>177ffd73-ab90-45d6-9974-a71097fdacd2</LineItemID>\r\n
        \       </LineItem>\r\n        <LineItem>\r\n          <Description>Line Item
        Number 2</Description>\r\n          <UnitAmount>1.00</UnitAmount>\r\n          <TaxType>OUTPUT2</TaxType>\r\n
        \         <TaxAmount>0.20</TaxAmount>\r\n          <LineAmount>1.00</LineAmount>\r\n
        \         <Quantity>1.0000</Quantity>\r\n          <LineItemID>8cc237d4-a7d1-4cd0-b8a2-a4c73a23687c</LineItemID>\r\n
        \       </LineItem>\r\n      </LineItems>\r\n      <SubTotal>2.00</SubTotal>\r\n
        \     <TotalTax>0.40</TotalTax>\r\n      <Total>2.40</Total>\r\n      <UpdatedDateUTC>2015-08-14T09:29:16.51</UpdatedDateUTC>\r\n
        \     <CurrencyCode>GBP</CurrencyCode>\r\n      <Type>ACCREC</Type>\r\n      <InvoiceID>6d1438d9-c39f-4adb-acdc-1367685e1ef2</InvoiceID>\r\n
        \     <InvoiceNumber>INV-0272</InvoiceNumber>\r\n      <AmountDue>2.40</AmountDue>\r\n
        \     <AmountPaid>0.00</AmountPaid>\r\n      <SentToContact>false</SentToContact>\r\n
        \     <CurrencyRate>1.000000</CurrencyRate>\r\n    </Invoice>\r\n  </Invoices>\r\n</Response>"
    http_version: 
  recorded_at: Fri, 14 Aug 2015 09:29:26 GMT
- request:
    method: post
    uri: https://api.xero.com/api.xro/2.0/Invoices
    body:
      encoding: US-ASCII
      string: xml=%3CInvoice%3E<TMUX_PANE>A%20%20%3CContact%3E<TMUX_PANE>A%20%20%20%20%3CContactID%3E74338697-d3b8-490d-817b-f8c8bd1d11cb%3C%2FContactID%3E<TMUX_PANE>A%20%20%20%20%3CContactStatus%3EACTIVE%3C%2FContactStatus%3E<TMUX_PANE>A%20%20%20%20%3CName%3EExisting%20Company%20Inc.%3C%2FName%3E<TMUX_PANE>A%20%20%20%20%3CAddresses%3E<TMUX_PANE>A%20%20%20%20%20%20%3CAddress%3E<TMUX_PANE>A%20%20%20%20%20%20%20%20%3CAddressType%3ESTREET%3C%2FAddressType%3E<TMUX_PANE>A%20%20%20%20%20%20%3C%2FAddress%3E<TMUX_PANE>A%20%20%20%20%20%20%3CAddress%3E<TMUX_PANE>A%20%20%20%20%20%20%20%20%3CAddressType%3EPOBOX%3C%2FAddressType%3E<TMUX_PANE>A%20%20%20%20%20%20%3C%2FAddress%3E<TMUX_PANE>A%20%20%20%20%3C%2FAddresses%3E<TMUX_PANE>A%20%20%20%20%3CPhones%3E<TMUX_PANE>A%20%20%20%20%20%20%3CPhone%3E<TMUX_PANE>A%20%20%20%20%20%20%20%20%3CPhoneType%3EDDI%3C%2FPhoneType%3E<TMUX_PANE>A%20%20%20%20%20%20%3C%2FPhone%3E<TMUX_PANE>A%20%20%20%20%20%20%3CPhone%3E<TMUX_PANE>A%20%20%20%20%20%20%20%20%3CPhoneType%3EDEFAULT%3C%2FPhoneType%3E<TMUX_PANE>A%20%20%20%20%20%20%3C%2FPhone%3E<TMUX_PANE>A%20%20%20%20%20%20%3CPhone%3E<TMUX_PANE>A%20%20%20%20%20%20%20%20%3CPhoneType%3EFAX%3C%2FPhoneType%3E<TMUX_PANE>A%20%20%20%20%20%20%3C%2FPhone%3E<TMUX_PANE>A%20%20%20%20%20%20%3CPhone%3E<TMUX_PANE>A%20%20%20%20%20%20%20%20%3CPhoneType%3EMOBILE%3C%2FPhoneType%3E<TMUX_PANE>A%20%20%20%20%20%20%3C%2FPhone%3E<TMUX_PANE>A%20%20%20%20%3C%2FPhones%3E<TMUX_PANE>A%20%20%20%20%3CIsSupplier%3Efalse%3C%2FIsSupplier%3E<TMUX_PANE>A%20%20%20%20%3CIsCustomer%3Etrue%3C%2FIsCustomer%3E<TMUX_PANE>A%20%20%3C%2FContact%3E<TMUX_PANE>A%20%20%3CDate%3E2015-08-14%3C%2FDate%3E<TMUX_PANE>A%20%20%3CDueDate%3E2013-03-10%3C%2FDueDate%3E<TMUX_PANE>A%20%20%3CStatus%3EDRAFT%3C%2FStatus%3E<TMUX_PANE>A%20%20%3CLineAmountTypes%3EExclusive%3C%2FLineAmountTypes%3E<TMUX_PANE>A%20%20%3CLineItems%3E<TMUX_PANE>A%20%20%20%20%3CLineItem%3E<TMUX_PANE>A%20%20%20%20%20%20%3CDescription%3ELine%20Item%20Number%201%3C%2FDescription%3E<TMUX_PANE>A%20%20%20%20%20%20%3CUnitAmount%3E1.0%3C%2FUnitAmount%3E<TMUX_PANE>A%20%20%20%20%20%20%3CTaxType%3EOUTPUT2%3C%2FTaxType%3E<TMUX_PANE>A%20%20%20%20%20%20%3CTaxAmount%3E0.2%3C%2FTaxAmount%3E<TMUX_PANE>A%20%20%20%20%20%20%3CLineAmount%3E1.0%3C%2FLineAmount%3E<TMUX_PANE>A%20%20%20%20%20%20%3CQuantity%3E1.0%3C%2FQuantity%3E<TMUX_PANE>A%20%20%20%20%3C%2FLineItem%3E<TMUX_PANE>A%20%20%20%20%3CLineItem%3E<TMUX_PANE>A%20%20%20%20%20%20%3CDescription%3ELine%20Item%20Number%202%3C%2FDescription%3E<TMUX_PANE>A%20%20%20%20%20%20%3CUnitAmount%3E1.0%3C%2FUnitAmount%3E<TMUX_PANE>A%20%20%20%20%20%20%3CTaxType%3EOUTPUT2%3C%2FTaxType%3E<TMUX_PANE>A%20%20%20%20%20%20%3CTaxAmount%3E0.2%3C%2FTaxAmount%3E<TMUX_PANE>A%20%20%20%20%20%20%3CLineAmount%3E1.0%3C%2FLineAmount%3E<TMUX_PANE>A%20%20%20%20%20%20%3CQuantity%3E1.0%3C%2FQuantity%3E<TMUX_PANE>A%20%20%20%20%3C%2FLineItem%3E<TMUX_PANE>A%20%20%3C%2FLineItems%3E<TMUX_PANE>A%20%20%3CSubTotal%3E2.0%3C%2FSubTotal%3E<TMUX_PANE>A%20%20%3CTotalTax%3E0.4%3C%2FTotalTax%3E<TMUX_PANE>A%20%20%3CTotal%3E2.4%3C%2FTotal%3E<TMUX_PANE>A%20%20%3CCurrencyCode%3EGBP%3C%2FCurrencyCode%3E<TMUX_PANE>A%20%20%3CType%3EACCREC%3C%2FType%3E<TMUX_PANE>A%20%20%3CInvoiceID%3E6d1438d9-c39f-4adb-acdc-1367685e1ef2%3C%2FInvoiceID%3E<TMUX_PANE>A%20%20%3CInvoiceNumber%3EINV-0272%3C%2FInvoiceNumber%3E<TMUX_PANE>A%20%20%3CAmountDue%3E2.4%3C%2FAmountDue%3E<TMUX_PANE>A%20%20%3CAmountPaid%3E0.0%3C%2FAmountPaid%3E<TMUX_PANE>A%20%20%3CSentToContact%3Efalse%3C%2FSentToContact%3E<TMUX_PANE>A%20%20%3CCurrencyRate%3E1.0%3C%2FCurrencyRate%3E<TMUX_PANE>A%3C%2FInvoice%3E<TMUX_PANE>A
    headers:
      Charset:
      - utf-8
      Content-Type:
      - application/x-www-form-urlencoded
      Accept:
      - ! '*/*'
      User-Agent:
      - OAuth gem v0.4.7
      Content-Length:
      - '0'
      Authorization:
      - OAuth oauth_consumer_key="<XERO_CONSUMER_KEY>", oauth_nonce="REt5mfPDUwc7jKshMp0YFeBf6cHyElasIQh2zRYwf4A",
        oauth_signature="dSlE%2FInnPp9L4YOnpsAlabxU%2F9TrrVhuWMa0YLPLVh5%2BiGhSnkQN%2FmwYKvKYk5lY1yVg4abGylbfC7uxLG9o2B4UR3n30vWBYyxbknSKJjzTRHmAOGhkpmubsgWEke5w5nomueMwzpj5rmwGlmIyBm06wycoEZAoGq%2Bg1hG%2BM1A%3D",
        oauth_signature_method="RSA-SHA1", oauth_timestamp="1439544566", oauth_token="<XERO_CONSUMER_KEY>",
        oauth_version="1.0"
  response:
    status:
      code: 200
      message: OK
    headers:
      Cache-Control:
      - private
      Content-Length:
      - '2881'
      Content-Type:
      - text/xml; charset=utf-8
      X-S:
      - 445759-O1VMAP02
      - 505390-O1VMAP05
      Www-Authenticate:
      - OAuth Realm="api.xero.com"
      Strict-Transport-Security:
      - max-age=31536000
      Date:
      - Fri, 14 Aug 2015 09:29:16 GMT
    body:
      encoding: US-ASCII
      string: ! "<Response xmlns:xsd=\"http://www.w3.org/2001/XMLSchema\" xmlns:xsi=\"http://www.w3.org/2001/XMLSchema-instance\">\r\n
        \ <Id>7f2775ab-5706-4197-a30b-4faaeb198ae1</Id>\r\n  <Status>OK</Status>\r\n
        \ <ProviderName>Jordan</ProviderName>\r\n  <DateTimeUTC>2015-08-14T09:29:17.4172779Z</DateTimeUTC>\r\n
        \ <Invoices>\r\n    <Invoice>\r\n      <Warnings>\r\n        <Warning>\r\n
        \         <Message>Only AUTHORISED invoices may have SentToContact updated.</Message>\r\n
        \       </Warning>\r\n      </Warnings>\r\n      <Contact>\r\n        <ContactID>74338697-d3b8-490d-817b-f8c8bd1d11cb</ContactID>\r\n
        \       <ContactStatus>ACTIVE</ContactStatus>\r\n        <Name>Existing Company
        Inc.</Name>\r\n        <Addresses>\r\n          <Address>\r\n            <AddressType>STREET</AddressType>\r\n
        \         </Address>\r\n          <Address>\r\n            <AddressType>POBOX</AddressType>\r\n
        \         </Address>\r\n        </Addresses>\r\n        <Phones>\r\n          <Phone>\r\n
        \           <PhoneType>DDI</PhoneType>\r\n          </Phone>\r\n          <Phone>\r\n
        \           <PhoneType>DEFAULT</PhoneType>\r\n          </Phone>\r\n          <Phone>\r\n
        \           <PhoneType>FAX</PhoneType>\r\n          </Phone>\r\n          <Phone>\r\n
        \           <PhoneType>MOBILE</PhoneType>\r\n          </Phone>\r\n        </Phones>\r\n
        \       <UpdatedDateUTC>2015-08-14T09:28:57.557</UpdatedDateUTC>\r\n        <IsSupplier>false</IsSupplier>\r\n
        \       <IsCustomer>true</IsCustomer>\r\n      </Contact>\r\n      <Date>2015-08-14T00:00:00</Date>\r\n
        \     <DueDate>2013-03-10T00:00:00</DueDate>\r\n      <Status>DRAFT</Status>\r\n
        \     <LineAmountTypes>Exclusive</LineAmountTypes>\r\n      <LineItems>\r\n
        \       <LineItem>\r\n          <Description>Line Item Number 1</Description>\r\n
        \         <UnitAmount>1.00</UnitAmount>\r\n          <TaxType>OUTPUT2</TaxType>\r\n
        \         <TaxAmount>0.20</TaxAmount>\r\n          <LineAmount>1.00</LineAmount>\r\n
        \         <Quantity>1.0000</Quantity>\r\n          <LineItemID>68c3ad25-a5d7-4671-8275-f071b617eb5e</LineItemID>\r\n
        \       </LineItem>\r\n        <LineItem>\r\n          <Description>Line Item
        Number 2</Description>\r\n          <UnitAmount>1.00</UnitAmount>\r\n          <TaxType>OUTPUT2</TaxType>\r\n
        \         <TaxAmount>0.20</TaxAmount>\r\n          <LineAmount>1.00</LineAmount>\r\n
        \         <Quantity>1.0000</Quantity>\r\n          <LineItemID>1e8b9c35-eb1f-4cd4-b29c-bfc1cd093753</LineItemID>\r\n
        \       </LineItem>\r\n      </LineItems>\r\n      <SubTotal>2.00</SubTotal>\r\n
        \     <TotalTax>0.40</TotalTax>\r\n      <Total>2.40</Total>\r\n      <UpdatedDateUTC>2015-08-14T09:29:17.387</UpdatedDateUTC>\r\n
        \     <CurrencyCode>GBP</CurrencyCode>\r\n      <Type>ACCREC</Type>\r\n      <InvoiceID>6d1438d9-c39f-4adb-acdc-1367685e1ef2</InvoiceID>\r\n
        \     <InvoiceNumber>INV-0272</InvoiceNumber>\r\n      <AmountDue>2.40</AmountDue>\r\n
        \     <AmountPaid>0.00</AmountPaid>\r\n      <SentToContact>false</SentToContact>\r\n
        \     <CurrencyRate>1.000000</CurrencyRate>\r\n    </Invoice>\r\n  </Invoices>\r\n</Response>"
    http_version: 
  recorded_at: Fri, 14 Aug 2015 09:29:27 GMT
- request:
    method: get
    uri: https://api.xero.com/api.xro/2.0/Contacts?where=Name%20==%20%22Existing%20Company%20Inc.%22
    body:
      encoding: US-ASCII
      string: ''
    headers:
      Charset:
      - utf-8
      Accept:
      - ! '*/*'
      User-Agent:
      - OAuth gem v0.4.7
      Authorization:
      - OAuth oauth_consumer_key="<XERO_CONSUMER_KEY>", oauth_nonce="BwJR1L6bCWGGi8U10pvFfdJtr1YSsKf3h8vxknm8",
        oauth_signature="Ru9L4NRf7cnRkWxU5N6Im6inklqqBHonAhA7ptWBDApJ9JPDzSANlU%2BQkNEnpOkSJqR2vU3UkAiJNF2pwJqW3AtCU2bQHfc8cmxt4StfXu%2BEm32FSM6dLJ2n2G0RTzsUZHN2oj4AUFZuK2qD0sBtnoVvaogBmXP8Ri7U3TarG1k%3D",
        oauth_signature_method="RSA-SHA1", oauth_timestamp="1439544567", oauth_token="<XERO_CONSUMER_KEY>",
        oauth_version="1.0"
  response:
    status:
      code: 200
      message: OK
    headers:
      Cache-Control:
      - private
      Content-Length:
      - '1229'
      Content-Type:
      - text/xml; charset=utf-8
      X-S:
      - 445759-O1VMAP02
      - 505390-O1VMAP05
      Www-Authenticate:
      - OAuth Realm="api.xero.com"
      Strict-Transport-Security:
      - max-age=31536000
      Date:
      - Fri, 14 Aug 2015 09:29:17 GMT
    body:
      encoding: US-ASCII
      string: ! "<Response xmlns:xsd=\"http://www.w3.org/2001/XMLSchema\" xmlns:xsi=\"http://www.w3.org/2001/XMLSchema-instance\">\r\n
        \ <Id>00e13e1a-d84e-4d17-9877-e35acfa71649</Id>\r\n  <Status>OK</Status>\r\n
        \ <ProviderName>Jordan</ProviderName>\r\n  <DateTimeUTC>2015-08-14T09:29:18.1037087Z</DateTimeUTC>\r\n
        \ <Contacts>\r\n    <Contact>\r\n      <ContactID>74338697-d3b8-490d-817b-f8c8bd1d11cb</ContactID>\r\n
        \     <ContactStatus>ACTIVE</ContactStatus>\r\n      <Name>Existing Company
        Inc.</Name>\r\n      <Addresses>\r\n        <Address>\r\n          <AddressType>STREET</AddressType>\r\n
        \       </Address>\r\n        <Address>\r\n          <AddressType>POBOX</AddressType>\r\n
        \       </Address>\r\n      </Addresses>\r\n      <Phones>\r\n        <Phone>\r\n
        \         <PhoneType>DDI</PhoneType>\r\n        </Phone>\r\n        <Phone>\r\n
        \         <PhoneType>DEFAULT</PhoneType>\r\n        </Phone>\r\n        <Phone>\r\n
        \         <PhoneType>FAX</PhoneType>\r\n        </Phone>\r\n        <Phone>\r\n
        \         <PhoneType>MOBILE</PhoneType>\r\n        </Phone>\r\n      </Phones>\r\n
        \     <UpdatedDateUTC>2015-08-14T09:28:57.557</UpdatedDateUTC>\r\n      <IsSupplier>false</IsSupplier>\r\n
        \     <IsCustomer>true</IsCustomer>\r\n      <HasAttachments>false</HasAttachments>\r\n
        \   </Contact>\r\n  </Contacts>\r\n</Response>"
    http_version: 
  recorded_at: Fri, 14 Aug 2015 09:29:28 GMT
- request:
    method: get
    uri: https://api.xero.com/api.xro/2.0/Invoices?where=Contact.ContactID%20=%20GUID(%2274338697-d3b8-490d-817b-f8c8bd1d11cb%22)%20AND%20Status%20!=%20%22DELETED%22
    body:
      encoding: US-ASCII
      string: ''
    headers:
      Charset:
      - utf-8
      Accept:
      - ! '*/*'
      User-Agent:
      - OAuth gem v0.4.7
      Authorization:
      - OAuth oauth_consumer_key="<XERO_CONSUMER_KEY>", oauth_nonce="RhtUt0SCRNSB42OUPtnqzPeOboEZAjblRAcAwKlkrHk",
        oauth_signature="QovYF2XgQHQ7C%2B9wY1vAbdrynNEOSX0dYO4Vpc8KmgCa2qMM9a611Tj7Pv2PU2dh0CHd8ciJgXmXUR948ZDzbaL9FrImogKgAstf5GhtKD%2FkFtzGFTnXU2mt%2BPqId9H25rJAT8C7U7kAIKBgEpPh4rKwj%2FLgwUfpNqnW4ywmyro%3D",
        oauth_signature_method="RSA-SHA1", oauth_timestamp="1439544568", oauth_token="<XERO_CONSUMER_KEY>",
        oauth_version="1.0"
  response:
    status:
      code: 200
      message: OK
    headers:
      Cache-Control:
      - private
      Content-Length:
      - '1214'
      Content-Type:
      - text/xml; charset=utf-8
      X-S:
      - 445761-O1VMAP04
      - 505390-O1VMAP05
      Www-Authenticate:
      - OAuth Realm="api.xero.com"
      Strict-Transport-Security:
      - max-age=31536000
      Date:
      - Fri, 14 Aug 2015 09:29:17 GMT
    body:
      encoding: US-ASCII
      string: ! "<Response xmlns:xsd=\"http://www.w3.org/2001/XMLSchema\" xmlns:xsi=\"http://www.w3.org/2001/XMLSchema-instance\">\r\n
        \ <Id>b7f11139-68b7-40d9-8d89-9c839742ac3d</Id>\r\n  <Status>OK</Status>\r\n
        \ <ProviderName>Jordan</ProviderName>\r\n  <DateTimeUTC>2015-08-14T09:29:18.4539253Z</DateTimeUTC>\r\n
        \ <Invoices>\r\n    <Invoice>\r\n      <Contact>\r\n        <ContactID>74338697-d3b8-490d-817b-f8c8bd1d11cb</ContactID>\r\n
        \       <Name>Existing Company Inc.</Name>\r\n      </Contact>\r\n      <Date>2015-08-14T00:00:00</Date>\r\n
        \     <DueDate>2013-03-10T00:00:00</DueDate>\r\n      <Status>DRAFT</Status>\r\n
        \     <LineAmountTypes>Exclusive</LineAmountTypes>\r\n      <SubTotal>2.00</SubTotal>\r\n
        \     <TotalTax>0.40</TotalTax>\r\n      <Total>2.40</Total>\r\n      <UpdatedDateUTC>2015-08-14T09:29:17.387</UpdatedDateUTC>\r\n
        \     <CurrencyCode>GBP</CurrencyCode>\r\n      <Type>ACCREC</Type>\r\n      <InvoiceID>6d1438d9-c39f-4adb-acdc-1367685e1ef2</InvoiceID>\r\n
        \     <InvoiceNumber>INV-0272</InvoiceNumber>\r\n      <AmountDue>2.40</AmountDue>\r\n
        \     <AmountPaid>0.00</AmountPaid>\r\n      <AmountCredited>0.00</AmountCredited>\r\n
        \     <CurrencyRate>1.000000</CurrencyRate>\r\n      <HasAttachments>false</HasAttachments>\r\n
        \   </Invoice>\r\n  </Invoices>\r\n</Response>"
    http_version: 
  recorded_at: Fri, 14 Aug 2015 09:29:28 GMT
- request:
    method: get
    uri: https://api.xero.com/api.xro/2.0/Invoices/6d1438d9-c39f-4adb-acdc-1367685e1ef2
    body:
      encoding: US-ASCII
      string: ''
    headers:
      Charset:
      - utf-8
      Accept:
      - ! '*/*'
      User-Agent:
      - OAuth gem v0.4.7
      Authorization:
      - OAuth oauth_consumer_key="<XERO_CONSUMER_KEY>", oauth_nonce="5WkCRLiTrKPbFuNeKApd4T3PRaeVDHrTyZdrJn5g",
        oauth_signature="TcIagnT%2BhiR%2BiZorslj0X%2FnFRgcKOQpP1CkdTqsFX84SHfWnpAp2qpGtgA5EsFt4zH%2FxIKqNFQ27KQ8ioP%2BORiwevKKa0Is%2B0lS4iV2qP9Jj7e6shWTMkKqM5pMecL0ZyArPD7a11ysU24VikSPitCbAapf2seB7owbbYi6Tqdw%3D",
        oauth_signature_method="RSA-SHA1", oauth_timestamp="1439544568", oauth_token="<XERO_CONSUMER_KEY>",
        oauth_version="1.0"
  response:
    status:
      code: 200
      message: OK
    headers:
      Cache-Control:
      - private
      Content-Length:
      - '2764'
      Content-Type:
      - text/xml; charset=utf-8
      X-S:
      - 445759-O1VMAP02
      - 505390-O1VMAP05
      Www-Authenticate:
      - OAuth Realm="api.xero.com"
      Strict-Transport-Security:
      - max-age=31536000
      Date:
      - Fri, 14 Aug 2015 09:29:18 GMT
    body:
      encoding: US-ASCII
      string: ! "<Response xmlns:xsd=\"http://www.w3.org/2001/XMLSchema\" xmlns:xsi=\"http://www.w3.org/2001/XMLSchema-instance\">\r\n
        \ <Id>9f88719c-2afa-4f4d-99dc-0ee17f142677</Id>\r\n  <Status>OK</Status>\r\n
        \ <ProviderName>Jordan</ProviderName>\r\n  <DateTimeUTC>2015-08-14T09:29:19.2737612Z</DateTimeUTC>\r\n
        \ <Invoices>\r\n    <Invoice>\r\n      <Contact>\r\n        <ContactID>74338697-d3b8-490d-817b-f8c8bd1d11cb</ContactID>\r\n
        \       <ContactStatus>ACTIVE</ContactStatus>\r\n        <Name>Existing Company
        Inc.</Name>\r\n        <Addresses>\r\n          <Address>\r\n            <AddressType>STREET</AddressType>\r\n
        \         </Address>\r\n          <Address>\r\n            <AddressType>POBOX</AddressType>\r\n
        \         </Address>\r\n        </Addresses>\r\n        <Phones>\r\n          <Phone>\r\n
        \           <PhoneType>DDI</PhoneType>\r\n          </Phone>\r\n          <Phone>\r\n
        \           <PhoneType>DEFAULT</PhoneType>\r\n          </Phone>\r\n          <Phone>\r\n
        \           <PhoneType>FAX</PhoneType>\r\n          </Phone>\r\n          <Phone>\r\n
        \           <PhoneType>MOBILE</PhoneType>\r\n          </Phone>\r\n        </Phones>\r\n
        \       <UpdatedDateUTC>2015-08-14T09:28:57.557</UpdatedDateUTC>\r\n        <IsSupplier>false</IsSupplier>\r\n
        \       <IsCustomer>true</IsCustomer>\r\n      </Contact>\r\n      <Date>2015-08-14T00:00:00</Date>\r\n
        \     <DueDate>2013-03-10T00:00:00</DueDate>\r\n      <Status>DRAFT</Status>\r\n
        \     <LineAmountTypes>Exclusive</LineAmountTypes>\r\n      <LineItems>\r\n
        \       <LineItem>\r\n          <Description>Line Item Number 1</Description>\r\n
        \         <UnitAmount>1.00</UnitAmount>\r\n          <TaxType>OUTPUT2</TaxType>\r\n
        \         <TaxAmount>0.20</TaxAmount>\r\n          <LineAmount>1.00</LineAmount>\r\n
        \         <Quantity>1.0000</Quantity>\r\n          <LineItemID>68c3ad25-a5d7-4671-8275-f071b617eb5e</LineItemID>\r\n
        \       </LineItem>\r\n        <LineItem>\r\n          <Description>Line Item
        Number 2</Description>\r\n          <UnitAmount>1.00</UnitAmount>\r\n          <TaxType>OUTPUT2</TaxType>\r\n
        \         <TaxAmount>0.20</TaxAmount>\r\n          <LineAmount>1.00</LineAmount>\r\n
        \         <Quantity>1.0000</Quantity>\r\n          <LineItemID>1e8b9c35-eb1f-4cd4-b29c-bfc1cd093753</LineItemID>\r\n
        \       </LineItem>\r\n      </LineItems>\r\n      <SubTotal>2.00</SubTotal>\r\n
        \     <TotalTax>0.40</TotalTax>\r\n      <Total>2.40</Total>\r\n      <UpdatedDateUTC>2015-08-14T09:29:17.387</UpdatedDateUTC>\r\n
        \     <CurrencyCode>GBP</CurrencyCode>\r\n      <Type>ACCREC</Type>\r\n      <InvoiceID>6d1438d9-c39f-4adb-acdc-1367685e1ef2</InvoiceID>\r\n
        \     <InvoiceNumber>INV-0272</InvoiceNumber>\r\n      <AmountDue>2.40</AmountDue>\r\n
        \     <AmountPaid>0.00</AmountPaid>\r\n      <SentToContact>false</SentToContact>\r\n
        \     <CurrencyRate>1.000000</CurrencyRate>\r\n      <HasAttachments>false</HasAttachments>\r\n
        \   </Invoice>\r\n  </Invoices>\r\n</Response>"
    http_version: 
  recorded_at: Fri, 14 Aug 2015 09:29:29 GMT
- request:
    method: post
    uri: https://api.xero.com/api.xro/2.0/Invoices
    body:
      encoding: US-ASCII
      string: xml=%3CInvoice%3E<TMUX_PANE>A%20%20%3CContact%3E<TMUX_PANE>A%20%20%20%20%3CContactID%3E74338697-d3b8-490d-817b-f8c8bd1d11cb%3C%2FContactID%3E<TMUX_PANE>A%20%20%20%20%3CContactStatus%3EACTIVE%3C%2FContactStatus%3E<TMUX_PANE>A%20%20%20%20%3CName%3EExisting%20Company%20Inc.%3C%2FName%3E<TMUX_PANE>A%20%20%20%20%3CAddresses%3E<TMUX_PANE>A%20%20%20%20%20%20%3CAddress%3E<TMUX_PANE>A%20%20%20%20%20%20%20%20%3CAddressType%3ESTREET%3C%2FAddressType%3E<TMUX_PANE>A%20%20%20%20%20%20%3C%2FAddress%3E<TMUX_PANE>A%20%20%20%20%20%20%3CAddress%3E<TMUX_PANE>A%20%20%20%20%20%20%20%20%3CAddressType%3EPOBOX%3C%2FAddressType%3E<TMUX_PANE>A%20%20%20%20%20%20%3C%2FAddress%3E<TMUX_PANE>A%20%20%20%20%3C%2FAddresses%3E<TMUX_PANE>A%20%20%20%20%3CPhones%3E<TMUX_PANE>A%20%20%20%20%20%20%3CPhone%3E<TMUX_PANE>A%20%20%20%20%20%20%20%20%3CPhoneType%3EDDI%3C%2FPhoneType%3E<TMUX_PANE>A%20%20%20%20%20%20%3C%2FPhone%3E<TMUX_PANE>A%20%20%20%20%20%20%3CPhone%3E<TMUX_PANE>A%20%20%20%20%20%20%20%20%3CPhoneType%3EDEFAULT%3C%2FPhoneType%3E<TMUX_PANE>A%20%20%20%20%20%20%3C%2FPhone%3E<TMUX_PANE>A%20%20%20%20%20%20%3CPhone%3E<TMUX_PANE>A%20%20%20%20%20%20%20%20%3CPhoneType%3EFAX%3C%2FPhoneType%3E<TMUX_PANE>A%20%20%20%20%20%20%3C%2FPhone%3E<TMUX_PANE>A%20%20%20%20%20%20%3CPhone%3E<TMUX_PANE>A%20%20%20%20%20%20%20%20%3CPhoneType%3EMOBILE%3C%2FPhoneType%3E<TMUX_PANE>A%20%20%20%20%20%20%3C%2FPhone%3E<TMUX_PANE>A%20%20%20%20%3C%2FPhones%3E<TMUX_PANE>A%20%20%20%20%3CIsSupplier%3Efalse%3C%2FIsSupplier%3E<TMUX_PANE>A%20%20%20%20%3CIsCustomer%3Etrue%3C%2FIsCustomer%3E<TMUX_PANE>A%20%20%3C%2FContact%3E<TMUX_PANE>A%20%20%3CDate%3E2015-08-14%3C%2FDate%3E<TMUX_PANE>A%20%20%3CDueDate%3E2013-03-10%3C%2FDueDate%3E<TMUX_PANE>A%20%20%3CStatus%3EDELETED%3C%2FStatus%3E<TMUX_PANE>A%20%20%3CLineAmountTypes%3EExclusive%3C%2FLineAmountTypes%3E<TMUX_PANE>A%20%20%3CLineItems%3E<TMUX_PANE>A%20%20%20%20%3CLineItem%3E<TMUX_PANE>A%20%20%20%20%20%20%3CDescription%3ELine%20Item%20Number%201%3C%2FDescription%3E<TMUX_PANE>A%20%20%20%20%20%20%3CUnitAmount%3E1.0%3C%2FUnitAmount%3E<TMUX_PANE>A%20%20%20%20%20%20%3CTaxType%3EOUTPUT2%3C%2FTaxType%3E<TMUX_PANE>A%20%20%20%20%20%20%3CTaxAmount%3E0.2%3C%2FTaxAmount%3E<TMUX_PANE>A%20%20%20%20%20%20%3CLineAmount%3E1.0%3C%2FLineAmount%3E<TMUX_PANE>A%20%20%20%20%20%20%3CQuantity%3E1.0%3C%2FQuantity%3E<TMUX_PANE>A%20%20%20%20%3C%2FLineItem%3E<TMUX_PANE>A%20%20%20%20%3CLineItem%3E<TMUX_PANE>A%20%20%20%20%20%20%3CDescription%3ELine%20Item%20Number%202%3C%2FDescription%3E<TMUX_PANE>A%20%20%20%20%20%20%3CUnitAmount%3E1.0%3C%2FUnitAmount%3E<TMUX_PANE>A%20%20%20%20%20%20%3CTaxType%3EOUTPUT2%3C%2FTaxType%3E<TMUX_PANE>A%20%20%20%20%20%20%3CTaxAmount%3E0.2%3C%2FTaxAmount%3E<TMUX_PANE>A%20%20%20%20%20%20%3CLineAmount%3E1.0%3C%2FLineAmount%3E<TMUX_PANE>A%20%20%20%20%20%20%3CQuantity%3E1.0%3C%2FQuantity%3E<TMUX_PANE>A%20%20%20%20%3C%2FLineItem%3E<TMUX_PANE>A%20%20%3C%2FLineItems%3E<TMUX_PANE>A%20%20%3CSubTotal%3E2.0%3C%2FSubTotal%3E<TMUX_PANE>A%20%20%3CTotalTax%3E0.4%3C%2FTotalTax%3E<TMUX_PANE>A%20%20%3CTotal%3E2.4%3C%2FTotal%3E<TMUX_PANE>A%20%20%3CCurrencyCode%3EGBP%3C%2FCurrencyCode%3E<TMUX_PANE>A%20%20%3CType%3EACCREC%3C%2FType%3E<TMUX_PANE>A%20%20%3CInvoiceID%3E6d1438d9-c39f-4adb-acdc-1367685e1ef2%3C%2FInvoiceID%3E<TMUX_PANE>A%20%20%3CInvoiceNumber%3EINV-0272%3C%2FInvoiceNumber%3E<TMUX_PANE>A%20%20%3CAmountDue%3E2.4%3C%2FAmountDue%3E<TMUX_PANE>A%20%20%3CAmountPaid%3E0.0%3C%2FAmountPaid%3E<TMUX_PANE>A%20%20%3CSentToContact%3Efalse%3C%2FSentToContact%3E<TMUX_PANE>A%20%20%3CCurrencyRate%3E1.0%3C%2FCurrencyRate%3E<TMUX_PANE>A%20%20%3CHasAttachments%3Efalse%3C%2FHasAttachments%3E<TMUX_PANE>A%3C%2FInvoice%3E<TMUX_PANE>A
    headers:
      Charset:
      - utf-8
      Content-Type:
      - application/x-www-form-urlencoded
      Accept:
      - ! '*/*'
      User-Agent:
      - OAuth gem v0.4.7
      Content-Length:
      - '0'
      Authorization:
      - OAuth oauth_consumer_key="<XERO_CONSUMER_KEY>", oauth_nonce="RmO4sgI2e78RtZcYObUnBcYCScWg88vfn79XWtkxJU",
        oauth_signature="tLYkq%2By0V77ryeDcWsJtvtbFXHCqlpSBdawdKqmOrJNZc8XuOKUlggV%2FXNT8y8YBYcC0Hh9snf%2F6RskhiaY16BI%2BKatPKZYj2ztg9pGi7aEd9%2FSufDEOQM8Y0QY3OJMOBfBO6xD774p1%2BXrZGmzYHKeRFjYoSaJtTPrHyL55PfQ%3D",
        oauth_signature_method="RSA-SHA1", oauth_timestamp="1439544569", oauth_token="<XERO_CONSUMER_KEY>",
        oauth_version="1.0"
  response:
    status:
      code: 200
      message: OK
    headers:
      Cache-Control:
      - private
      Content-Length:
      - '2720'
      Content-Type:
      - text/xml; charset=utf-8
      X-S:
      - 445758-O1VMAP01
      - 505390-O1VMAP05
      Www-Authenticate:
      - OAuth Realm="api.xero.com"
      Strict-Transport-Security:
      - max-age=31536000
      Date:
      - Fri, 14 Aug 2015 09:29:19 GMT
    body:
      encoding: US-ASCII
      string: ! "<Response xmlns:xsd=\"http://www.w3.org/2001/XMLSchema\" xmlns:xsi=\"http://www.w3.org/2001/XMLSchema-instance\">\r\n
        \ <Id>780eed9f-6dcf-48a4-b87b-8a2ff8441070</Id>\r\n  <Status>OK</Status>\r\n
        \ <ProviderName>Jordan</ProviderName>\r\n  <DateTimeUTC>2015-08-14T09:29:19.5830853Z</DateTimeUTC>\r\n
        \ <Invoices>\r\n    <Invoice>\r\n      <Contact>\r\n        <ContactID>74338697-d3b8-490d-817b-f8c8bd1d11cb</ContactID>\r\n
        \       <ContactStatus>ACTIVE</ContactStatus>\r\n        <Name>Existing Company
        Inc.</Name>\r\n        <Addresses>\r\n          <Address>\r\n            <AddressType>STREET</AddressType>\r\n
        \         </Address>\r\n          <Address>\r\n            <AddressType>POBOX</AddressType>\r\n
        \         </Address>\r\n        </Addresses>\r\n        <Phones>\r\n          <Phone>\r\n
        \           <PhoneType>DDI</PhoneType>\r\n          </Phone>\r\n          <Phone>\r\n
        \           <PhoneType>DEFAULT</PhoneType>\r\n          </Phone>\r\n          <Phone>\r\n
        \           <PhoneType>FAX</PhoneType>\r\n          </Phone>\r\n          <Phone>\r\n
        \           <PhoneType>MOBILE</PhoneType>\r\n          </Phone>\r\n        </Phones>\r\n
        \       <UpdatedDateUTC>2015-08-14T09:28:57.557</UpdatedDateUTC>\r\n        <IsSupplier>false</IsSupplier>\r\n
        \       <IsCustomer>true</IsCustomer>\r\n      </Contact>\r\n      <Date>2015-08-14T00:00:00</Date>\r\n
        \     <DueDate>2013-03-10T00:00:00</DueDate>\r\n      <Status>DELETED</Status>\r\n
        \     <LineAmountTypes>Exclusive</LineAmountTypes>\r\n      <LineItems>\r\n
        \       <LineItem>\r\n          <Description>Line Item Number 1</Description>\r\n
        \         <UnitAmount>1.00</UnitAmount>\r\n          <TaxType>OUTPUT2</TaxType>\r\n
        \         <TaxAmount>0.20</TaxAmount>\r\n          <LineAmount>1.00</LineAmount>\r\n
        \         <Quantity>1.0000</Quantity>\r\n          <LineItemID>68c3ad25-a5d7-4671-8275-f071b617eb5e</LineItemID>\r\n
        \       </LineItem>\r\n        <LineItem>\r\n          <Description>Line Item
        Number 2</Description>\r\n          <UnitAmount>1.00</UnitAmount>\r\n          <TaxType>OUTPUT2</TaxType>\r\n
        \         <TaxAmount>0.20</TaxAmount>\r\n          <LineAmount>1.00</LineAmount>\r\n
        \         <Quantity>1.0000</Quantity>\r\n          <LineItemID>1e8b9c35-eb1f-4cd4-b29c-bfc1cd093753</LineItemID>\r\n
        \       </LineItem>\r\n      </LineItems>\r\n      <SubTotal>2.00</SubTotal>\r\n
        \     <TotalTax>0.40</TotalTax>\r\n      <Total>2.40</Total>\r\n      <UpdatedDateUTC>2015-08-14T09:29:19.567</UpdatedDateUTC>\r\n
        \     <CurrencyCode>GBP</CurrencyCode>\r\n      <Type>ACCREC</Type>\r\n      <InvoiceID>6d1438d9-c39f-4adb-acdc-1367685e1ef2</InvoiceID>\r\n
        \     <InvoiceNumber>INV-0272</InvoiceNumber>\r\n      <AmountDue>2.40</AmountDue>\r\n
        \     <AmountPaid>0.00</AmountPaid>\r\n      <SentToContact>false</SentToContact>\r\n
        \     <CurrencyRate>1.000000</CurrencyRate>\r\n    </Invoice>\r\n  </Invoices>\r\n</Response>"
    http_version: 
  recorded_at: Fri, 14 Aug 2015 09:29:29 GMT
- request:
    method: post
    uri: https://api.xero.com/api.xro/2.0/Contacts
    body:
      encoding: US-ASCII
      string: xml=%3CContact%3E<TMUX_PANE>A%20%20%3CContactID%3E74338697-d3b8-490d-817b-f8c8bd1d11cb%3C%2FContactID%3E<TMUX_PANE>A%20%20%3CContactStatus%3EACTIVE%3C%2FContactStatus%3E<TMUX_PANE>A%20%20%3CName%3EExisting%20Company%20Inc.%2074338697-d3b8-490d-817b-f8c8bd1d11cb%3C%2FName%3E<TMUX_PANE>A%20%20%3CAddresses%3E<TMUX_PANE>A%20%20%20%20%3CAddress%3E<TMUX_PANE>A%20%20%20%20%20%20%3CAddressType%3ESTREET%3C%2FAddressType%3E<TMUX_PANE>A%20%20%20%20%3C%2FAddress%3E<TMUX_PANE>A%20%20%20%20%3CAddress%3E<TMUX_PANE>A%20%20%20%20%20%20%3CAddressType%3EPOBOX%3C%2FAddressType%3E<TMUX_PANE>A%20%20%20%20%3C%2FAddress%3E<TMUX_PANE>A%20%20%3C%2FAddresses%3E<TMUX_PANE>A%20%20%3CPhones%3E<TMUX_PANE>A%20%20%20%20%3CPhone%3E<TMUX_PANE>A%20%20%20%20%20%20%3CPhoneType%3EDDI%3C%2FPhoneType%3E<TMUX_PANE>A%20%20%20%20%3C%2FPhone%3E<TMUX_PANE>A%20%20%20%20%3CPhone%3E<TMUX_PANE>A%20%20%20%20%20%20%3CPhoneType%3EDEFAULT%3C%2FPhoneType%3E<TMUX_PANE>A%20%20%20%20%3C%2FPhone%3E<TMUX_PANE>A%20%20%20%20%3CPhone%3E<TMUX_PANE>A%20%20%20%20%20%20%3CPhoneType%3EFAX%3C%2FPhoneType%3E<TMUX_PANE>A%20%20%20%20%3C%2FPhone%3E<TMUX_PANE>A%20%20%20%20%3CPhone%3E<TMUX_PANE>A%20%20%20%20%20%20%3CPhoneType%3EMOBILE%3C%2FPhoneType%3E<TMUX_PANE>A%20%20%20%20%3C%2FPhone%3E<TMUX_PANE>A%20%20%3C%2FPhones%3E<TMUX_PANE>A%20%20%3CIsSupplier%3Efalse%3C%2FIsSupplier%3E<TMUX_PANE>A%20%20%3CIsCustomer%3Etrue%3C%2FIsCustomer%3E<TMUX_PANE>A%3C%2FContact%3E<TMUX_PANE>A
    headers:
      Charset:
      - utf-8
      Content-Type:
      - application/x-www-form-urlencoded
      Accept:
      - ! '*/*'
      User-Agent:
      - OAuth gem v0.4.7
      Content-Length:
      - '0'
      Authorization:
      - OAuth oauth_consumer_key="<XERO_CONSUMER_KEY>", oauth_nonce="3VKIvBul9jOBKt9zx3wxxw4vLgji0BVacYJWPMjSvOE",
        oauth_signature="EX0BCm4atoXXeW%2FEPIPeA0f8Uz%2Fb51NBYnrTfo33HZbvCbGVF%2BXPM1jDkFDtCeepGGwcNEY0vjW4sueBW3ZJtwhw1kkByy%2Fabm9llpUqJKqXZaH2YJsWnc7SQTu%2BBx6dLRjz3dVzVZksvWQqNdI5wQtd7bSSbsl3ya43e1B9TjE%3D",
        oauth_signature_method="RSA-SHA1", oauth_timestamp="1439544569", oauth_token="<XERO_CONSUMER_KEY>",
        oauth_version="1.0"
  response:
    status:
      code: 200
      message: OK
    headers:
      Cache-Control:
      - private
      Content-Length:
      - '1220'
      Content-Type:
      - text/xml; charset=utf-8
      X-S:
      - 445759-O1VMAP02
      - 505390-O1VMAP05
      Www-Authenticate:
      - OAuth Realm="api.xero.com"
      Strict-Transport-Security:
      - max-age=31536000
      Date:
      - Fri, 14 Aug 2015 09:29:19 GMT
    body:
      encoding: US-ASCII
      string: ! "<Response xmlns:xsd=\"http://www.w3.org/2001/XMLSchema\" xmlns:xsi=\"http://www.w3.org/2001/XMLSchema-instance\">\r\n
        \ <Id>7951a919-3393-4f1b-af46-baf16728abda</Id>\r\n  <Status>OK</Status>\r\n
        \ <ProviderName>Jordan</ProviderName>\r\n  <DateTimeUTC>2015-08-14T09:29:20.6154214Z</DateTimeUTC>\r\n
        \ <Contacts>\r\n    <Contact>\r\n      <ContactID>74338697-d3b8-490d-817b-f8c8bd1d11cb</ContactID>\r\n
        \     <ContactStatus>ACTIVE</ContactStatus>\r\n      <Name>Existing Company
        Inc. 74338697-d3b8-490d-817b-f8c8bd1d11cb</Name>\r\n      <Addresses>\r\n
        \       <Address>\r\n          <AddressType>STREET</AddressType>\r\n        </Address>\r\n
        \       <Address>\r\n          <AddressType>POBOX</AddressType>\r\n        </Address>\r\n
        \     </Addresses>\r\n      <Phones>\r\n        <Phone>\r\n          <PhoneType>DDI</PhoneType>\r\n
        \       </Phone>\r\n        <Phone>\r\n          <PhoneType>DEFAULT</PhoneType>\r\n
        \       </Phone>\r\n        <Phone>\r\n          <PhoneType>FAX</PhoneType>\r\n
        \       </Phone>\r\n        <Phone>\r\n          <PhoneType>MOBILE</PhoneType>\r\n
        \       </Phone>\r\n      </Phones>\r\n      <UpdatedDateUTC>2015-08-14T09:29:20.583</UpdatedDateUTC>\r\n
        \     <IsSupplier>false</IsSupplier>\r\n      <IsCustomer>true</IsCustomer>\r\n
        \   </Contact>\r\n  </Contacts>\r\n</Response>"
    http_version: 
  recorded_at: Fri, 14 Aug 2015 09:29:30 GMT
recorded_with: VCR 2.9.3
