---
http_interactions:
- request:
    method: get
    uri: https://api.xero.com/api.xro/2.0/Invoices?where=Contact.ContactID%20=%20GUID(%229a4e9e39-3058-4b59-a578-4acb22d82f3e%22)
    body:
      encoding: US-ASCII
      string: ''
    headers:
      Charset:
      - utf-8
      Accept:
      - ! '*/*'
      User-Agent:
      - OAuth gem v0.4.7
      Authorization:
      - OAuth oauth_consumer_key="<XERO_CONSUMER_KEY>", oauth_nonce="J6AEWZ6nAmCa68ogG1MaVktOibOcmTFojX1aKB3dXA8",
        oauth_signature="jBweGj4rbxcGIXS9CVv0Np85k1jLWqoYCPTogH3GKlw5M9awBcazzVyiIYShLL2F0L8kJWOtzvkc0EJpupNE418IdOGt9HKoAA7P3APayQCmK76ljyrDFr2In2ClMgjr4yCGwcaj2aKs5JlYIxQutesZJFTOak0zz8zfkqhm1pc%3D",
        oauth_signature_method="RSA-SHA1", oauth_timestamp="1376473524", oauth_token="<XERO_CONSUMER_KEY>",
        oauth_version="1.0"
  response:
    status:
      code: 200
      message: OK
    headers:
      Cache-Control:
      - private
      Content-Type:
      - text/xml; charset=utf-8
      Www-Authenticate:
      - OAuth Realm="api.xero.com"
      X-S:
      - 445760-O1VMAP03
      Strict-Transport-Security:
      - max-age=31536000
      Date:
      - Wed, 14 Aug 2013 09:45:24 GMT
      Content-Length:
      - '294'
    body:
      encoding: US-ASCII
      string: ! "<Response xmlns:xsd=\"http://www.w3.org/2001/XMLSchema\" xmlns:xsi=\"http://www.w3.org/2001/XMLSchema-instance\">\r\n
        \ <Id>7951477b-952a-426a-b9eb-7e8886afc536</Id>\r\n  <Status>OK</Status>\r\n
        \ <ProviderName>Demo App</ProviderName>\r\n  <DateTimeUTC>2013-08-14T09:45:24.5243541Z</DateTimeUTC>\r\n</Response>"
    http_version: 
  recorded_at: Wed, 14 Aug 2013 09:45:24 GMT
- request:
    method: get
    uri: https://api.xero.com/api.xro/2.0/Invoices?where=Contact.ContactID%20=%20GUID(%229a4e9e39-3058-4b59-a578-4acb22d82f3e%22)%20AND%20Status%20!=%20%22DELETED%22
    body:
      encoding: US-ASCII
      string: ''
    headers:
      Charset:
      - utf-8
      Accept:
      - ! '*/*'
      User-Agent:
      - OAuth gem v0.4.7
      Authorization:
      - OAuth oauth_consumer_key="<XERO_CONSUMER_KEY>", oauth_nonce="5U1ZFnWbU0xaVrhfmzw136rH0inIiTTYbj7kt8beA0",
        oauth_signature="irVa3nT2jI4Z4p2DArEEFZfHm9l%2Fz0pZmlkTuxsMHJRx%2BuJE3%2BFSLfgWkIQlvJk%2FrAPMW6a6hOKULj6633JuP3Wxk7gezQVVomMJ0a4zvOtoXTiMR8ijX%2BqGtJzvK2I5jcOqDHD%2F9mIhOI1QdtoC49yEhmZYtvAXE1%2FWFzx57Kg%3D",
        oauth_signature_method="RSA-SHA1", oauth_timestamp="1376473527", oauth_token="<XERO_CONSUMER_KEY>",
        oauth_version="1.0"
  response:
    status:
      code: 200
      message: OK
    headers:
      Cache-Control:
      - private
      Content-Type:
      - text/xml; charset=utf-8
      Www-Authenticate:
      - OAuth Realm="api.xero.com"
      X-S:
      - 445760-O1VMAP03
      Strict-Transport-Security:
      - max-age=31536000
      Date:
      - Wed, 14 Aug 2013 09:45:26 GMT
      Content-Length:
      - '1125'
    body:
      encoding: US-ASCII
      string: ! "<Response xmlns:xsd=\"http://www.w3.org/2001/XMLSchema\" xmlns:xsi=\"http://www.w3.org/2001/XMLSchema-instance\">\r\n
        \ <Id>0035e394-5a49-4ca3-8c21-ec25386ac655</Id>\r\n  <Status>OK</Status>\r\n
        \ <ProviderName>Demo App</ProviderName>\r\n  <DateTimeUTC>2013-08-14T09:45:27.4415728Z</DateTimeUTC>\r\n
        \ <Invoices>\r\n    <Invoice>\r\n      <Contact>\r\n        <ContactID>9a4e9e39-3058-4b59-a578-4acb22d82f3e</ContactID>\r\n
        \       <Name>Existing Company Inc.</Name>\r\n      </Contact>\r\n      <Date>2013-08-14T00:00:00</Date>\r\n
        \     <DueDate>2013-03-10T00:00:00</DueDate>\r\n      <Status>DRAFT</Status>\r\n
        \     <LineAmountTypes>Exclusive</LineAmountTypes>\r\n      <SubTotal>2.00</SubTotal>\r\n
        \     <TotalTax>0.40</TotalTax>\r\n      <Total>2.40</Total>\r\n      <UpdatedDateUTC>2013-08-14T09:45:25.99</UpdatedDateUTC>\r\n
        \     <CurrencyCode>GBP</CurrencyCode>\r\n      <Type>ACCREC</Type>\r\n      <InvoiceID>80f394ac-7999-4061-b7e3-9fcc9656c5ce</InvoiceID>\r\n
        \     <InvoiceNumber>INV-0115</InvoiceNumber>\r\n      <AmountDue>2.40</AmountDue>\r\n
        \     <AmountPaid>0.00</AmountPaid>\r\n      <HasAttachments>false</HasAttachments>\r\n
        \   </Invoice>\r\n  </Invoices>\r\n</Response>"
    http_version: 
  recorded_at: Wed, 14 Aug 2013 09:45:27 GMT
- request:
    method: get
    uri: https://api.xero.com/api.xro/2.0/Invoices/80f394ac-7999-4061-b7e3-9fcc9656c5ce
    body:
      encoding: US-ASCII
      string: ''
    headers:
      Charset:
      - utf-8
      Accept:
      - ! '*/*'
      User-Agent:
      - OAuth gem v0.4.7
      Authorization:
      - OAuth oauth_consumer_key="<XERO_CONSUMER_KEY>", oauth_nonce="sz5zoOgertk97iL5KCkfI4rjKTq4dXFjO2ALv7cGM",
        oauth_signature="SF41pR1vEai0DNUUnSEQbwOEclEURutgyb5Y74sxxWsBqhnbZL%2Bhgg%2F2Nwa3a94A98vJF2pGguxmQDGFALgHaDa88hU6ZKmP0gXVWpVmQsw5%2B7SAgzRoYavZF%2FNbgkrYb3yU32JNPvUA5hBAUwugS4TMEx5zTPrumMyfPNthGkE%3D",
        oauth_signature_method="RSA-SHA1", oauth_timestamp="1376473527", oauth_token="<XERO_CONSUMER_KEY>",
        oauth_version="1.0"
  response:
    status:
      code: 200
      message: OK
    headers:
      Cache-Control:
      - private
      Content-Type:
      - text/xml; charset=utf-8
      Www-Authenticate:
      - OAuth Realm="api.xero.com"
      X-S:
      - 445760-O1VMAP03
      Strict-Transport-Security:
      - max-age=31536000
      Date:
      - Wed, 14 Aug 2013 09:45:28 GMT
      Content-Length:
      - '2337'
    body:
      encoding: US-ASCII
      string: ! "<Response xmlns:xsd=\"http://www.w3.org/2001/XMLSchema\" xmlns:xsi=\"http://www.w3.org/2001/XMLSchema-instance\">\r\n
        \ <Id>243c1bab-5b4f-4b4c-832f-437b82cbd9d8</Id>\r\n  <Status>OK</Status>\r\n
        \ <ProviderName>Demo App</ProviderName>\r\n  <DateTimeUTC>2013-08-14T09:45:28.0655768Z</DateTimeUTC>\r\n
        \ <Invoices>\r\n    <Invoice>\r\n      <Contact>\r\n        <ContactID>9a4e9e39-3058-4b59-a578-4acb22d82f3e</ContactID>\r\n
        \       <ContactStatus>ACTIVE</ContactStatus>\r\n        <Name>Existing Company
        Inc.</Name>\r\n        <Addresses>\r\n          <Address>\r\n            <AddressType>POBOX</AddressType>\r\n
        \         </Address>\r\n          <Address>\r\n            <AddressType>STREET</AddressType>\r\n
        \         </Address>\r\n        </Addresses>\r\n        <Phones>\r\n          <Phone>\r\n
        \           <PhoneType>DDI</PhoneType>\r\n          </Phone>\r\n          <Phone>\r\n
        \           <PhoneType>MOBILE</PhoneType>\r\n          </Phone>\r\n          <Phone>\r\n
        \           <PhoneType>FAX</PhoneType>\r\n          </Phone>\r\n          <Phone>\r\n
        \           <PhoneType>DEFAULT</PhoneType>\r\n          </Phone>\r\n        </Phones>\r\n
        \       <UpdatedDateUTC>2013-08-14T09:45:23.073</UpdatedDateUTC>\r\n        <IsSupplier>false</IsSupplier>\r\n
        \       <IsCustomer>true</IsCustomer>\r\n      </Contact>\r\n      <Date>2013-08-14T00:00:00</Date>\r\n
        \     <DueDate>2013-03-10T00:00:00</DueDate>\r\n      <Status>DRAFT</Status>\r\n
        \     <LineAmountTypes>Exclusive</LineAmountTypes>\r\n      <LineItems>\r\n
        \       <LineItem>\r\n          <Description>my fantastic invoice description</Description>\r\n
        \         <UnitAmount>1.00</UnitAmount>\r\n          <TaxType>OUTPUT2</TaxType>\r\n
        \         <TaxAmount>0.40</TaxAmount>\r\n          <LineAmount>2.00</LineAmount>\r\n
        \         <Quantity>2.0000</Quantity>\r\n        </LineItem>\r\n      </LineItems>\r\n
        \     <SubTotal>2.00</SubTotal>\r\n      <TotalTax>0.40</TotalTax>\r\n      <Total>2.40</Total>\r\n
        \     <UpdatedDateUTC>2013-08-14T09:45:25.99</UpdatedDateUTC>\r\n      <CurrencyCode>GBP</CurrencyCode>\r\n
        \     <Type>ACCREC</Type>\r\n      <InvoiceID>80f394ac-7999-4061-b7e3-9fcc9656c5ce</InvoiceID>\r\n
        \     <InvoiceNumber>INV-0115</InvoiceNumber>\r\n      <AmountDue>2.40</AmountDue>\r\n
        \     <AmountPaid>0.00</AmountPaid>\r\n      <SentToContact>false</SentToContact>\r\n
        \     <CurrencyRate>1.000000</CurrencyRate>\r\n      <HasAttachments>false</HasAttachments>\r\n
        \   </Invoice>\r\n  </Invoices>\r\n</Response>"
    http_version: 
  recorded_at: Wed, 14 Aug 2013 09:45:28 GMT
- request:
    method: get
    uri: https://api.xero.com/api.xro/2.0/Invoices?where=Contact.ContactID%20=%20GUID(%226f63a5d7-5916-4a93-aa12-abff43ae8be3%22)
    body:
      encoding: US-ASCII
      string: ''
    headers:
      Charset:
      - utf-8
      Accept:
      - ! '*/*'
      User-Agent:
      - OAuth gem v0.4.7
      Authorization:
      - OAuth oauth_consumer_key="<XERO_CONSUMER_KEY>", oauth_nonce="Ho9P2nfU5SNP1DcHjdhHly03LV4AvxsZuLXe4Gg",
        oauth_signature="F22ZNaWGto7Ue0LZWL2rCwf8KdGrTFToR3D3z%2FPgtmvVUspoELGpXtDhcOzgBVLP8VukeBwoF2oFlYvZSF%2B0Wydu3eBtymbt3v0QR8uhu0wS0BDwCvm2nn%2BoCEzqN9HZUf4dpy5AF9H2LparbAHeB8MNVhc7cIha0eJn5vK%2BJgA%3D",
        oauth_signature_method="RSA-SHA1", oauth_timestamp="1407407067", oauth_token="<XERO_CONSUMER_KEY>",
        oauth_version="1.0"
  response:
    status:
      code: 200
      message: OK
    headers:
      Cache-Control:
      - private
      Content-Type:
      - text/xml; charset=utf-8
      Www-Authenticate:
      - OAuth Realm="api.xero.com"
      X-S:
      - 445761-O1VMAP04
      Strict-Transport-Security:
      - max-age=31536000
      Date:
      - Thu, 07 Aug 2014 10:24:25 GMT
      Content-Length:
      - '297'
    body:
      encoding: US-ASCII
      string: ! "<Response xmlns:xsd=\"http://www.w3.org/2001/XMLSchema\" xmlns:xsi=\"http://www.w3.org/2001/XMLSchema-instance\">\r\n
        \ <Id>37d32f13-394c-4f55-a627-9fa0e59b6ab5</Id>\r\n  <Status>OK</Status>\r\n
        \ <ProviderName>Beardstroke</ProviderName>\r\n  <DateTimeUTC>2014-08-07T10:24:26.1465409Z</DateTimeUTC>\r\n</Response>"
    http_version: 
  recorded_at: Thu, 07 Aug 2014 10:24:28 GMT
- request:
    method: get
    uri: https://api.xero.com/api.xro/2.0/Invoices?where=Contact.ContactID%20=%20GUID(%22b82e0c6b-d1e4-4c2c-96be-f88d51b4fc34%22)
    body:
      encoding: US-ASCII
      string: ''
    headers:
      Charset:
      - utf-8
      Accept:
      - ! '*/*'
      User-Agent:
      - OAuth gem v0.4.7
      Authorization:
      - OAuth oauth_consumer_key="<XERO_CONSUMER_KEY>", oauth_nonce="c8IiTIZ0ojqYLsnoBDZsp12m9wqGViwkwyNeNvipeI",
        oauth_signature="mf5xfnuOjpL5eWb%2B%2BG44gwiqhbY4hO4p8WpzFAEk2rEj3gsd3licoX5C0yWSFkOhUjuJTTh7S9KY6CZs%2FmFk4haYG8ItcuFAmFspTElZ3DHzuelYttURBNF9twnLpRnQqZ61K1nXOvErYIu03NfaFCaakCOBpXe8E4KjB%2FK5sK8%3D",
        oauth_signature_method="RSA-SHA1", oauth_timestamp="1407408694", oauth_token="<XERO_CONSUMER_KEY>",
        oauth_version="1.0"
  response:
    status:
      code: 200
      message: OK
    headers:
      Cache-Control:
      - private
      Content-Type:
      - text/xml; charset=utf-8
      Www-Authenticate:
      - OAuth Realm="api.xero.com"
      X-S:
      - 445761-O1VMAP04
      Strict-Transport-Security:
      - max-age=31536000
      Date:
      - Thu, 07 Aug 2014 10:51:32 GMT
      Content-Length:
      - '297'
    body:
      encoding: US-ASCII
      string: ! "<Response xmlns:xsd=\"http://www.w3.org/2001/XMLSchema\" xmlns:xsi=\"http://www.w3.org/2001/XMLSchema-instance\">\r\n
        \ <Id>6f87d7f7-2f83-4a86-a31d-eb5db8cadd4e</Id>\r\n  <Status>OK</Status>\r\n
        \ <ProviderName>Beardstroke</ProviderName>\r\n  <DateTimeUTC>2014-08-07T10:51:32.8366228Z</DateTimeUTC>\r\n</Response>"
    http_version: 
  recorded_at: Thu, 07 Aug 2014 10:51:35 GMT
- request:
    method: get
    uri: https://api.xero.com/api.xro/2.0/Invoices?where=Contact.ContactID%20=%20GUID(%227aba8479-9b24-4be7-803c-3f1b23766ed5%22)
    body:
      encoding: US-ASCII
      string: ''
    headers:
      Charset:
      - utf-8
      Accept:
      - ! '*/*'
      User-Agent:
      - OAuth gem v0.4.7
      Authorization:
      - OAuth oauth_consumer_key="<XERO_CONSUMER_KEY>", oauth_nonce="T55dd21QPgDSt82zJxI9YhLGfHfZSS61ej4gKLRNjE",
        oauth_signature="O2reVm%2BUUDcqVVwzh3%2BlYieZaQ43%2F4uDp%2Fw%2FkxE3cIPUglmKUynpMQ3oRnPs%2FJRnl6p%2Fk7nEfzCOfoCzWKfX%2BuLahSEMsQOuzRgyPqTHJJYSGqTZjV8QcNZr8IsID8XA5bDd5r4m0PM7l9rfNyqrapiA9kuIw8sAPVBJbsaJOKU%3D",
        oauth_signature_method="RSA-SHA1", oauth_timestamp="1407409305", oauth_token="<XERO_CONSUMER_KEY>",
        oauth_version="1.0"
  response:
    status:
      code: 200
      message: OK
    headers:
      Cache-Control:
      - private
      Content-Type:
      - text/xml; charset=utf-8
      Www-Authenticate:
      - OAuth Realm="api.xero.com"
      X-S:
      - 445761-O1VMAP04
      Strict-Transport-Security:
      - max-age=31536000
      Date:
      - Thu, 07 Aug 2014 11:01:44 GMT
      Content-Length:
      - '297'
    body:
      encoding: US-ASCII
      string: ! "<Response xmlns:xsd=\"http://www.w3.org/2001/XMLSchema\" xmlns:xsi=\"http://www.w3.org/2001/XMLSchema-instance\">\r\n
        \ <Id>be5586ad-7f6a-4526-bfe4-d43c4e822073</Id>\r\n  <Status>OK</Status>\r\n
        \ <ProviderName>Beardstroke</ProviderName>\r\n  <DateTimeUTC>2014-08-07T11:01:44.8675924Z</DateTimeUTC>\r\n</Response>"
    http_version: 
  recorded_at: Thu, 07 Aug 2014 11:01:48 GMT
- request:
    method: get
    uri: https://api.xero.com/api.xro/2.0/Invoices?where=Contact.ContactID%20=%20GUID(%22bc904101-4b62-40c4-99a8-89aa7eb867c6%22)
    body:
      encoding: US-ASCII
      string: ''
    headers:
      Charset:
      - utf-8
      Accept:
      - ! '*/*'
      User-Agent:
      - OAuth gem v0.4.7
      Authorization:
      - OAuth oauth_consumer_key="<XERO_CONSUMER_KEY>", oauth_nonce="GU0lwiHcKHdXwEFbon8bf6exc9ifsBPOBHHUmEQm98",
        oauth_signature="kHEkqBhKLVTRFlMGpgLk%2F%2Bgc8vlDgBKFJWqoxl4xz%2BEIx1vkTqmj5VYx2%2B8itwnYxjE3f%2FQxZFTL2%2FO4XmwDkdkDdl%2FYcCeDBeoi%2BJCPyWMIIgGbK6Lt7p8bSrPFAb%2BY5tAISFsPjvq3WuVpbe1HAjEBDbHIy4lpM%2BYN5igDR0g%3D",
        oauth_signature_method="RSA-SHA1", oauth_timestamp="1407413240", oauth_token="<XERO_CONSUMER_KEY>",
        oauth_version="1.0"
  response:
    status:
      code: 200
      message: OK
    headers:
      Cache-Control:
      - private
      Content-Type:
      - text/xml; charset=utf-8
      Www-Authenticate:
      - OAuth Realm="api.xero.com"
      X-S:
      - 505390-O1VMAP05
      Strict-Transport-Security:
      - max-age=31536000
      Date:
      - Thu, 07 Aug 2014 12:07:17 GMT
      Content-Length:
      - '297'
    body:
      encoding: US-ASCII
      string: ! "<Response xmlns:xsd=\"http://www.w3.org/2001/XMLSchema\" xmlns:xsi=\"http://www.w3.org/2001/XMLSchema-instance\">\r\n
        \ <Id>e965ebd2-e530-40e3-8939-9e85e878271d</Id>\r\n  <Status>OK</Status>\r\n
        \ <ProviderName>Beardstroke</ProviderName>\r\n  <DateTimeUTC>2014-08-07T12:07:18.4827273Z</DateTimeUTC>\r\n</Response>"
    http_version: 
  recorded_at: Thu, 07 Aug 2014 12:07:22 GMT
- request:
    method: get
    uri: https://api.xero.com/api.xro/2.0/Invoices?where=Contact.ContactID%20=%20GUID(%22db166999-1aa1-417f-96ec-135231a2ab74%22)
    body:
      encoding: US-ASCII
      string: ''
    headers:
      Charset:
      - utf-8
      Accept:
      - ! '*/*'
      User-Agent:
      - OAuth gem v0.4.7
      Authorization:
      - OAuth oauth_consumer_key="<XERO_CONSUMER_KEY>", oauth_nonce="CF6f23x5ghzqBAbXYTVsc6SuHr1osn1s0tMPPps",
        oauth_signature="hSTkxU3Y6kZMTTkh0LPxfUS0AjCFE1zgMXcNIbxKfi%2FBUOjD37W8VNBQXWYpkNlKtW4vs4YWo2%2F9CqcXiKhj%2BExmxHq6rPoi4nJ2X8MXVkHjKlKdqhDWmyudHHJhdNrGRekBWBJvyRAxBiRSSZ%2FtZxroaj2I4dzOy9kZJMiqz54%3D",
        oauth_signature_method="RSA-SHA1", oauth_timestamp="1407413274", oauth_token="<XERO_CONSUMER_KEY>",
        oauth_version="1.0"
  response:
    status:
      code: 200
      message: OK
    headers:
      Cache-Control:
      - private
      Content-Type:
      - text/xml; charset=utf-8
      Www-Authenticate:
      - OAuth Realm="api.xero.com"
      X-S:
      - 505390-O1VMAP05
      Strict-Transport-Security:
      - max-age=31536000
      Date:
      - Thu, 07 Aug 2014 12:07:51 GMT
      Content-Length:
      - '297'
    body:
      encoding: US-ASCII
      string: ! "<Response xmlns:xsd=\"http://www.w3.org/2001/XMLSchema\" xmlns:xsi=\"http://www.w3.org/2001/XMLSchema-instance\">\r\n
        \ <Id>e4bd5f0c-03f8-43a5-befa-7ab29da9461a</Id>\r\n  <Status>OK</Status>\r\n
        \ <ProviderName>Beardstroke</ProviderName>\r\n  <DateTimeUTC>2014-08-07T12:07:51.4305609Z</DateTimeUTC>\r\n</Response>"
    http_version: 
  recorded_at: Thu, 07 Aug 2014 12:07:55 GMT
- request:
    method: get
    uri: https://api.xero.com/api.xro/2.0/Invoices?where=Contact.ContactID%20=%20GUID(%22db166999-1aa1-417f-96ec-135231a2ab74%22)%20AND%20Status%20!=%20%22DELETED%22
    body:
      encoding: US-ASCII
      string: ''
    headers:
      Charset:
      - utf-8
      Accept:
      - ! '*/*'
      User-Agent:
      - OAuth gem v0.4.7
      Authorization:
      - OAuth oauth_consumer_key="<XERO_CONSUMER_KEY>", oauth_nonce="Bvz8c4Qq1mr5JQnRWqTOit8fbdzfkFEGh75H3uYwlYc",
        oauth_signature="fadR%2B5iXOC1GNd94tAyqnbeaoWqxUCfL3GFSvavZ7Mm0xso%2BZfIKEmgi1tZh%2Bv2%2BKrbDZY2eTbkjvYYZciherZe8JgAwakw%2Fzzc3cs05nyasAw2Cpyf2%2B6Q1xAQpgAh2lNaHcJQ3nOCEGUxbc2TFLCOOl9Iytinq7LJ%2F0A2CfJ8%3D",
        oauth_signature_method="RSA-SHA1", oauth_timestamp="1407413282", oauth_token="<XERO_CONSUMER_KEY>",
        oauth_version="1.0"
  response:
    status:
      code: 200
      message: OK
    headers:
      Cache-Control:
      - private
      Content-Type:
      - text/xml; charset=utf-8
      Www-Authenticate:
      - OAuth Realm="api.xero.com"
      X-S:
      - 505390-O1VMAP05
      Strict-Transport-Security:
      - max-age=31536000
      Date:
      - Thu, 07 Aug 2014 12:07:59 GMT
      Content-Length:
      - '1219'
    body:
      encoding: US-ASCII
      string: ! "<Response xmlns:xsd=\"http://www.w3.org/2001/XMLSchema\" xmlns:xsi=\"http://www.w3.org/2001/XMLSchema-instance\">\r\n
        \ <Id>5fad68ef-6442-4bda-b4e2-fe8d0b2e961c</Id>\r\n  <Status>OK</Status>\r\n
        \ <ProviderName>Beardstroke</ProviderName>\r\n  <DateTimeUTC>2014-08-07T12:07:59.4179145Z</DateTimeUTC>\r\n
        \ <Invoices>\r\n    <Invoice>\r\n      <Contact>\r\n        <ContactID>db166999-1aa1-417f-96ec-135231a2ab74</ContactID>\r\n
        \       <Name>Existing Company Inc.</Name>\r\n      </Contact>\r\n      <Date>2014-08-07T00:00:00</Date>\r\n
        \     <DueDate>2013-03-10T00:00:00</DueDate>\r\n      <Status>DRAFT</Status>\r\n
        \     <LineAmountTypes>Exclusive</LineAmountTypes>\r\n      <SubTotal>2.00</SubTotal>\r\n
        \     <TotalTax>0.40</TotalTax>\r\n      <Total>2.40</Total>\r\n      <UpdatedDateUTC>2014-08-07T12:07:55.563</UpdatedDateUTC>\r\n
        \     <CurrencyCode>GBP</CurrencyCode>\r\n      <Type>ACCREC</Type>\r\n      <InvoiceID>dd4ae24e-8133-4e25-a914-ccf48f4f1ac8</InvoiceID>\r\n
        \     <InvoiceNumber>INV-0069</InvoiceNumber>\r\n      <AmountDue>2.40</AmountDue>\r\n
        \     <AmountPaid>0.00</AmountPaid>\r\n      <AmountCredited>0.00</AmountCredited>\r\n
        \     <CurrencyRate>1.000000</CurrencyRate>\r\n      <HasAttachments>false</HasAttachments>\r\n
        \   </Invoice>\r\n  </Invoices>\r\n</Response>"
    http_version: 
  recorded_at: Thu, 07 Aug 2014 12:08:03 GMT
- request:
    method: get
    uri: https://api.xero.com/api.xro/2.0/Invoices/dd4ae24e-8133-4e25-a914-ccf48f4f1ac8
    body:
      encoding: US-ASCII
      string: ''
    headers:
      Charset:
      - utf-8
      Accept:
      - ! '*/*'
      User-Agent:
      - OAuth gem v0.4.7
      Authorization:
      - OAuth oauth_consumer_key="<XERO_CONSUMER_KEY>", oauth_nonce="QMfUYW2YhXAOnV0EggW6Pbd2Ge3fe3nyWjFkMETq2M",
        oauth_signature="lXyXFsU%2FsrnNWWPZOTPkQEAHGDek8bwOzdl%2FVJh8zx2kKRriBbwL3HdosVqQg3%2BxQq6rTb5h8t%2BgRS7IF7wqb6EfZLZP4NcC9qZp%2F6xnMMcSGCpDm2V7DWnYs4u2wMWq69%2BzzwgSYK%2BBCnrO3dQrDDlHgno%2Bup8m5T3Vd1fxN%2Fc%3D",
        oauth_signature_method="RSA-SHA1", oauth_timestamp="1407413283", oauth_token="<XERO_CONSUMER_KEY>",
        oauth_version="1.0"
  response:
    status:
      code: 200
      message: OK
    headers:
      Cache-Control:
      - private
      Content-Type:
      - text/xml; charset=utf-8
      Www-Authenticate:
      - OAuth Realm="api.xero.com"
      X-S:
      - 505390-O1VMAP05
      Strict-Transport-Security:
      - max-age=31536000
      Date:
      - Thu, 07 Aug 2014 12:08:01 GMT
      Content-Length:
      - '2840'
    body:
      encoding: US-ASCII
      string: ! "<Response xmlns:xsd=\"http://www.w3.org/2001/XMLSchema\" xmlns:xsi=\"http://www.w3.org/2001/XMLSchema-instance\">\r\n
        \ <Id>78341ce0-062a-4110-a0f2-fea15c0e114b</Id>\r\n  <Status>OK</Status>\r\n
        \ <ProviderName>Beardstroke</ProviderName>\r\n  <DateTimeUTC>2014-08-07T12:08:01.4303532Z</DateTimeUTC>\r\n
        \ <Invoices>\r\n    <Invoice>\r\n      <Contact>\r\n        <ContactID>db166999-1aa1-417f-96ec-135231a2ab74</ContactID>\r\n
        \       <ContactStatus>ACTIVE</ContactStatus>\r\n        <Name>Existing Company
        Inc.</Name>\r\n        <Addresses>\r\n          <Address>\r\n            <AddressType>POBOX</AddressType>\r\n
        \         </Address>\r\n          <Address>\r\n            <AddressType>STREET</AddressType>\r\n
        \         </Address>\r\n        </Addresses>\r\n        <Phones>\r\n          <Phone>\r\n
        \           <PhoneType>FAX</PhoneType>\r\n          </Phone>\r\n          <Phone>\r\n
        \           <PhoneType>MOBILE</PhoneType>\r\n          </Phone>\r\n          <Phone>\r\n
        \           <PhoneType>DDI</PhoneType>\r\n          </Phone>\r\n          <Phone>\r\n
        \           <PhoneType>DEFAULT</PhoneType>\r\n          </Phone>\r\n        </Phones>\r\n
        \       <UpdatedDateUTC>2014-08-07T12:07:47.483</UpdatedDateUTC>\r\n        <IsSupplier>false</IsSupplier>\r\n
        \       <IsCustomer>true</IsCustomer>\r\n      </Contact>\r\n      <Date>2014-08-07T00:00:00</Date>\r\n
        \     <DueDate>2013-03-10T00:00:00</DueDate>\r\n      <Status>DRAFT</Status>\r\n
        \     <LineAmountTypes>Exclusive</LineAmountTypes>\r\n      <LineItems>\r\n
        \       <LineItem>\r\n          <Description>Line Item Number 1</Description>\r\n
        \         <UnitAmount>1.00</UnitAmount>\r\n          <TaxType>OUTPUT2</TaxType>\r\n
        \         <TaxAmount>0.20</TaxAmount>\r\n          <LineAmount>1.00</LineAmount>\r\n
        \         <Quantity>1.0000</Quantity>\r\n        </LineItem>\r\n        <LineItem>\r\n
        \         <Description>Line Item Number 2</Description>\r\n          <UnitAmount>1.00</UnitAmount>\r\n
        \         <TaxType>OUTPUT2</TaxType>\r\n          <TaxAmount>0.20</TaxAmount>\r\n
        \         <LineAmount>1.00</LineAmount>\r\n          <Quantity>1.0000</Quantity>\r\n
        \       </LineItem>\r\n        <LineItem>\r\n          <Description>PAID WITH
        PAYPAL</Description>\r\n          <UnitAmount>0.00</UnitAmount>\r\n          <LineAmount>0.00</LineAmount>\r\n
        \         <Quantity>0.0000</Quantity>\r\n        </LineItem>\r\n      </LineItems>\r\n
        \     <SubTotal>2.00</SubTotal>\r\n      <TotalTax>0.40</TotalTax>\r\n      <Total>2.40</Total>\r\n
        \     <UpdatedDateUTC>2014-08-07T12:07:55.563</UpdatedDateUTC>\r\n      <CurrencyCode>GBP</CurrencyCode>\r\n
        \     <Type>ACCREC</Type>\r\n      <InvoiceID>dd4ae24e-8133-4e25-a914-ccf48f4f1ac8</InvoiceID>\r\n
        \     <InvoiceNumber>INV-0069</InvoiceNumber>\r\n      <AmountDue>2.40</AmountDue>\r\n
        \     <AmountPaid>0.00</AmountPaid>\r\n      <SentToContact>false</SentToContact>\r\n
        \     <CurrencyRate>1.000000</CurrencyRate>\r\n      <HasAttachments>false</HasAttachments>\r\n
        \   </Invoice>\r\n  </Invoices>\r\n</Response>"
    http_version: 
  recorded_at: Thu, 07 Aug 2014 12:08:05 GMT
- request:
    method: get
    uri: https://api.xero.com/api.xro/2.0/Invoices?where=Contact.ContactID%20=%20GUID(%22f9d85187-0225-416c-a03b-bcf579f25a69%22)
    body:
      encoding: US-ASCII
      string: ''
    headers:
      Charset:
      - utf-8
      Accept:
      - ! '*/*'
      User-Agent:
      - OAuth gem v0.4.7
      Authorization:
      - OAuth oauth_consumer_key="<XERO_CONSUMER_KEY>", oauth_nonce="TkUB0FdlSd5MUoBwqXegK2AyqSVBZ84AAWhoVTJWc",
        oauth_signature="Jv%2B1WZCRmiG4iZE5D17W86Nyz%2Fw%2Ff17P41aHpxkewNV8M7QcSGst5FOwDDOELuYbGKGMJ6FUL35C9adYHgpk7ILfFqA4t7PxJRZJzW68sne5tRcYmj8ZglhPkj9lwuf4IntpEaCFvH3iTm8m1%2BMnFX7ISpXOQxfc9wOkr9Z8jo0%3D",
        oauth_signature_method="RSA-SHA1", oauth_timestamp="1407413337", oauth_token="<XERO_CONSUMER_KEY>",
        oauth_version="1.0"
  response:
    status:
      code: 200
      message: OK
    headers:
      Cache-Control:
      - private
      Content-Type:
      - text/xml; charset=utf-8
      Www-Authenticate:
      - OAuth Realm="api.xero.com"
      X-S:
      - 505390-O1VMAP05
      Strict-Transport-Security:
      - max-age=31536000
      Date:
      - Thu, 07 Aug 2014 12:08:54 GMT
      Content-Length:
      - '297'
    body:
      encoding: US-ASCII
      string: ! "<Response xmlns:xsd=\"http://www.w3.org/2001/XMLSchema\" xmlns:xsi=\"http://www.w3.org/2001/XMLSchema-instance\">\r\n
        \ <Id>2825df78-1388-4685-92da-ad1590240d37</Id>\r\n  <Status>OK</Status>\r\n
        \ <ProviderName>Beardstroke</ProviderName>\r\n  <DateTimeUTC>2014-08-07T12:08:55.0953852Z</DateTimeUTC>\r\n</Response>"
    http_version: 
  recorded_at: Thu, 07 Aug 2014 12:08:59 GMT
- request:
    method: get
    uri: https://api.xero.com/api.xro/2.0/Invoices?where=Contact.ContactID%20=%20GUID(%22f9d85187-0225-416c-a03b-bcf579f25a69%22)%20AND%20Status%20!=%20%22DELETED%22
    body:
      encoding: US-ASCII
      string: ''
    headers:
      Charset:
      - utf-8
      Accept:
      - ! '*/*'
      User-Agent:
      - OAuth gem v0.4.7
      Authorization:
      - OAuth oauth_consumer_key="<XERO_CONSUMER_KEY>", oauth_nonce="QpZlH5S5EAx0smazuXoa41C1c9oAgdXv5hedw1CwSk",
        oauth_signature="EYT48zYGQhLRgcsVt9TCpOCDf5rjJ%2BR5kKqM6QcmQMxwf94Hjv0xKmEAhggtm8HowbeAszVGisRcvtLpCqt02No7FEs5NeQ4IzJUWo6xy74CLywL9DYHHr665ry6b2ygEUiJUCzcrMRuArTuXRlcMFrjAUT3ACg9c1I9CINFgiY%3D",
        oauth_signature_method="RSA-SHA1", oauth_timestamp="1407413345", oauth_token="<XERO_CONSUMER_KEY>",
        oauth_version="1.0"
  response:
    status:
      code: 200
      message: OK
    headers:
      Cache-Control:
      - private
      Content-Type:
      - text/xml; charset=utf-8
      Www-Authenticate:
      - OAuth Realm="api.xero.com"
      X-S:
      - 505390-O1VMAP05
      Strict-Transport-Security:
      - max-age=31536000
      Date:
      - Thu, 07 Aug 2014 12:09:01 GMT
      Content-Length:
      - '1218'
    body:
      encoding: US-ASCII
      string: ! "<Response xmlns:xsd=\"http://www.w3.org/2001/XMLSchema\" xmlns:xsi=\"http://www.w3.org/2001/XMLSchema-instance\">\r\n
        \ <Id>0a568f1b-07df-42d8-a46c-4ec334ff8d6c</Id>\r\n  <Status>OK</Status>\r\n
        \ <ProviderName>Beardstroke</ProviderName>\r\n  <DateTimeUTC>2014-08-07T12:09:02.5835292Z</DateTimeUTC>\r\n
        \ <Invoices>\r\n    <Invoice>\r\n      <Contact>\r\n        <ContactID>f9d85187-0225-416c-a03b-bcf579f25a69</ContactID>\r\n
        \       <Name>Existing Company Inc.</Name>\r\n      </Contact>\r\n      <Date>2014-08-07T00:00:00</Date>\r\n
        \     <DueDate>2013-03-10T00:00:00</DueDate>\r\n      <Status>DRAFT</Status>\r\n
        \     <LineAmountTypes>Exclusive</LineAmountTypes>\r\n      <SubTotal>2.00</SubTotal>\r\n
        \     <TotalTax>0.40</TotalTax>\r\n      <Total>2.40</Total>\r\n      <UpdatedDateUTC>2014-08-07T12:08:58.98</UpdatedDateUTC>\r\n
        \     <CurrencyCode>GBP</CurrencyCode>\r\n      <Type>ACCREC</Type>\r\n      <InvoiceID>1f23be1c-f3bf-437c-86ed-e364c29b73bf</InvoiceID>\r\n
        \     <InvoiceNumber>INV-0070</InvoiceNumber>\r\n      <AmountDue>2.40</AmountDue>\r\n
        \     <AmountPaid>0.00</AmountPaid>\r\n      <AmountCredited>0.00</AmountCredited>\r\n
        \     <CurrencyRate>1.000000</CurrencyRate>\r\n      <HasAttachments>false</HasAttachments>\r\n
        \   </Invoice>\r\n  </Invoices>\r\n</Response>"
    http_version: 
  recorded_at: Thu, 07 Aug 2014 12:09:07 GMT
- request:
    method: get
    uri: https://api.xero.com/api.xro/2.0/Invoices/1f23be1c-f3bf-437c-86ed-e364c29b73bf
    body:
      encoding: US-ASCII
      string: ''
    headers:
      Charset:
      - utf-8
      Accept:
      - ! '*/*'
      User-Agent:
      - OAuth gem v0.4.7
      Authorization:
      - OAuth oauth_consumer_key="<XERO_CONSUMER_KEY>", oauth_nonce="rRNkKtFkDUUp3O6gUGqMfFrJ8KHS3UZzhzYMdo4QQ",
        oauth_signature="FglF%2B5a3SUz18g5YzzXv0biPr35CbArm%2Bzu8vK4vs8B%2F3XxMjLOVMTL2%2BQ39OdxJpLenwrKqwDhRMGrwOprSuZD7JMCBm25YL5GOUONrV6wajQxFwHkcvmw%2FIOMGrCHia4fZCqxzKrN0fSKG1bPfyvqvovsxJrms8tOS8ZG%2BZvg%3D",
        oauth_signature_method="RSA-SHA1", oauth_timestamp="1407413347", oauth_token="<XERO_CONSUMER_KEY>",
        oauth_version="1.0"
  response:
    status:
      code: 200
      message: OK
    headers:
      Cache-Control:
      - private
      Content-Type:
      - text/xml; charset=utf-8
      Www-Authenticate:
      - OAuth Realm="api.xero.com"
      X-S:
      - 505390-O1VMAP05
      Strict-Transport-Security:
      - max-age=31536000
      Date:
      - Thu, 07 Aug 2014 12:09:04 GMT
      Content-Length:
      - '2622'
    body:
      encoding: US-ASCII
      string: ! "<Response xmlns:xsd=\"http://www.w3.org/2001/XMLSchema\" xmlns:xsi=\"http://www.w3.org/2001/XMLSchema-instance\">\r\n
        \ <Id>ba15c99f-3793-4870-807c-6b32b6734be9</Id>\r\n  <Status>OK</Status>\r\n
        \ <ProviderName>Beardstroke</ProviderName>\r\n  <DateTimeUTC>2014-08-07T12:09:04.5335667Z</DateTimeUTC>\r\n
        \ <Invoices>\r\n    <Invoice>\r\n      <Contact>\r\n        <ContactID>f9d85187-0225-416c-a03b-bcf579f25a69</ContactID>\r\n
        \       <ContactStatus>ACTIVE</ContactStatus>\r\n        <Name>Existing Company
        Inc.</Name>\r\n        <Addresses>\r\n          <Address>\r\n            <AddressType>POBOX</AddressType>\r\n
        \         </Address>\r\n          <Address>\r\n            <AddressType>STREET</AddressType>\r\n
        \         </Address>\r\n        </Addresses>\r\n        <Phones>\r\n          <Phone>\r\n
        \           <PhoneType>DDI</PhoneType>\r\n          </Phone>\r\n          <Phone>\r\n
        \           <PhoneType>DEFAULT</PhoneType>\r\n          </Phone>\r\n          <Phone>\r\n
        \           <PhoneType>FAX</PhoneType>\r\n          </Phone>\r\n          <Phone>\r\n
        \           <PhoneType>MOBILE</PhoneType>\r\n          </Phone>\r\n        </Phones>\r\n
        \       <UpdatedDateUTC>2014-08-07T12:08:50.867</UpdatedDateUTC>\r\n        <IsSupplier>false</IsSupplier>\r\n
        \       <IsCustomer>true</IsCustomer>\r\n      </Contact>\r\n      <Date>2014-08-07T00:00:00</Date>\r\n
        \     <DueDate>2013-03-10T00:00:00</DueDate>\r\n      <Status>DRAFT</Status>\r\n
        \     <LineAmountTypes>Exclusive</LineAmountTypes>\r\n      <LineItems>\r\n
        \       <LineItem>\r\n          <Description>Line Item Number 1</Description>\r\n
        \         <UnitAmount>1.00</UnitAmount>\r\n          <TaxType>OUTPUT2</TaxType>\r\n
        \         <TaxAmount>0.20</TaxAmount>\r\n          <LineAmount>1.00</LineAmount>\r\n
        \         <Quantity>1.0000</Quantity>\r\n        </LineItem>\r\n        <LineItem>\r\n
        \         <Description>Line Item Number 2</Description>\r\n          <UnitAmount>1.00</UnitAmount>\r\n
        \         <TaxType>OUTPUT2</TaxType>\r\n          <TaxAmount>0.20</TaxAmount>\r\n
        \         <LineAmount>1.00</LineAmount>\r\n          <Quantity>1.0000</Quantity>\r\n
        \       </LineItem>\r\n      </LineItems>\r\n      <SubTotal>2.00</SubTotal>\r\n
        \     <TotalTax>0.40</TotalTax>\r\n      <Total>2.40</Total>\r\n      <UpdatedDateUTC>2014-08-07T12:08:58.98</UpdatedDateUTC>\r\n
        \     <CurrencyCode>GBP</CurrencyCode>\r\n      <Type>ACCREC</Type>\r\n      <InvoiceID>1f23be1c-f3bf-437c-86ed-e364c29b73bf</InvoiceID>\r\n
        \     <InvoiceNumber>INV-0070</InvoiceNumber>\r\n      <AmountDue>2.40</AmountDue>\r\n
        \     <AmountPaid>0.00</AmountPaid>\r\n      <SentToContact>false</SentToContact>\r\n
        \     <CurrencyRate>1.000000</CurrencyRate>\r\n      <HasAttachments>false</HasAttachments>\r\n
        \   </Invoice>\r\n  </Invoices>\r\n</Response>"
    http_version: 
  recorded_at: Thu, 07 Aug 2014 12:09:09 GMT
- request:
    method: get
    uri: https://api.xero.com/api.xro/2.0/Invoices?where=Contact.ContactID%20=%20GUID(%227b3fc6ac-cd4a-49bd-9f36-5b09bb0a77a7%22)
    body:
      encoding: US-ASCII
      string: ''
    headers:
      Charset:
      - utf-8
      Accept:
      - ! '*/*'
      User-Agent:
      - OAuth gem v0.4.7
      Authorization:
      - OAuth oauth_consumer_key="<XERO_CONSUMER_KEY>", oauth_nonce="o3g4K4bCGxkvoMbZwvTuzi4yJgEfsMsuApRQP7tFY",
        oauth_signature="iFw70y4w9yJGIiA2Rtd8%2BG2Sz5BtoNniZPwG%2FdjRGLXXP9qMzs9Zd5M9znZE9GpBliHFN1hXUAfKcH0TfYvH%2BXJVbyko9EwYl2JuXtOcgQa%2FrKtB7fIQsuPrmIxeTGs7HUChGoQXZ0WBISe64qXvUKnQCwizuEyZzXl9AWPC%2B9g%3D",
        oauth_signature_method="RSA-SHA1", oauth_timestamp="1407413625", oauth_token="<XERO_CONSUMER_KEY>",
        oauth_version="1.0"
  response:
    status:
      code: 200
      message: OK
    headers:
      Cache-Control:
      - private
      Content-Type:
      - text/xml; charset=utf-8
      Www-Authenticate:
      - OAuth Realm="api.xero.com"
      X-S:
      - 445761-O1VMAP04
      Strict-Transport-Security:
      - max-age=31536000
      Date:
      - Thu, 07 Aug 2014 12:13:42 GMT
      Content-Length:
      - '297'
    body:
      encoding: US-ASCII
      string: ! "<Response xmlns:xsd=\"http://www.w3.org/2001/XMLSchema\" xmlns:xsi=\"http://www.w3.org/2001/XMLSchema-instance\">\r\n
        \ <Id>a96ee9fd-0bae-46a8-b6e0-ba27c9c04558</Id>\r\n  <Status>OK</Status>\r\n
        \ <ProviderName>Beardstroke</ProviderName>\r\n  <DateTimeUTC>2014-08-07T12:13:42.5158225Z</DateTimeUTC>\r\n</Response>"
    http_version: 
  recorded_at: Thu, 07 Aug 2014 12:13:47 GMT
- request:
    method: get
    uri: https://api.xero.com/api.xro/2.0/Invoices?where=Contact.ContactID%20=%20GUID(%227b3fc6ac-cd4a-49bd-9f36-5b09bb0a77a7%22)%20AND%20Status%20!=%20%22DELETED%22
    body:
      encoding: US-ASCII
      string: ''
    headers:
      Charset:
      - utf-8
      Accept:
      - ! '*/*'
      User-Agent:
      - OAuth gem v0.4.7
      Authorization:
      - OAuth oauth_consumer_key="<XERO_CONSUMER_KEY>", oauth_nonce="Cz4rCG3FCdVMITvcqj2QApkxeaVQuFzDO5ZUaRlFNQ",
        oauth_signature="in15WuCYe5UBEyp0HNbuiTJu7nuupRikA2cBvlkMk2sA7%2FOf5jU0eOsPrPYV41x9YuBxxJ0Hyq%2FSKBkTdaXhP2fBNWFeMofc2VOX%2FraPgFMYmuIU%2B9m73VvYUGxbx9iA1AxS2pCXj8YcEty15K4LsPwxwlKMEElTWE%2FaGcpRqGY%3D",
        oauth_signature_method="RSA-SHA1", oauth_timestamp="1407413632", oauth_token="<XERO_CONSUMER_KEY>",
        oauth_version="1.0"
  response:
    status:
      code: 200
      message: OK
    headers:
      Cache-Control:
      - private
      Content-Type:
      - text/xml; charset=utf-8
      Www-Authenticate:
      - OAuth Realm="api.xero.com"
      X-S:
      - 445761-O1VMAP04
      Strict-Transport-Security:
      - max-age=31536000
      Date:
      - Thu, 07 Aug 2014 12:13:49 GMT
      Content-Length:
      - '1219'
    body:
      encoding: US-ASCII
      string: ! "<Response xmlns:xsd=\"http://www.w3.org/2001/XMLSchema\" xmlns:xsi=\"http://www.w3.org/2001/XMLSchema-instance\">\r\n
        \ <Id>82736ba0-f571-4489-b94b-1a3da561394d</Id>\r\n  <Status>OK</Status>\r\n
        \ <ProviderName>Beardstroke</ProviderName>\r\n  <DateTimeUTC>2014-08-07T12:13:49.5203572Z</DateTimeUTC>\r\n
        \ <Invoices>\r\n    <Invoice>\r\n      <Contact>\r\n        <ContactID>7b3fc6ac-cd4a-49bd-9f36-5b09bb0a77a7</ContactID>\r\n
        \       <Name>Existing Company Inc.</Name>\r\n      </Contact>\r\n      <Date>2014-08-07T00:00:00</Date>\r\n
        \     <DueDate>2013-03-10T00:00:00</DueDate>\r\n      <Status>DRAFT</Status>\r\n
        \     <LineAmountTypes>Exclusive</LineAmountTypes>\r\n      <SubTotal>2.00</SubTotal>\r\n
        \     <TotalTax>0.40</TotalTax>\r\n      <Total>2.40</Total>\r\n      <UpdatedDateUTC>2014-08-07T12:13:46.057</UpdatedDateUTC>\r\n
        \     <CurrencyCode>GBP</CurrencyCode>\r\n      <Type>ACCREC</Type>\r\n      <InvoiceID>8c6ad676-d5cb-4d3d-a10e-6cc9d1978ea8</InvoiceID>\r\n
        \     <InvoiceNumber>INV-0071</InvoiceNumber>\r\n      <AmountDue>2.40</AmountDue>\r\n
        \     <AmountPaid>0.00</AmountPaid>\r\n      <AmountCredited>0.00</AmountCredited>\r\n
        \     <CurrencyRate>1.000000</CurrencyRate>\r\n      <HasAttachments>false</HasAttachments>\r\n
        \   </Invoice>\r\n  </Invoices>\r\n</Response>"
    http_version: 
  recorded_at: Thu, 07 Aug 2014 12:13:54 GMT
- request:
    method: get
    uri: https://api.xero.com/api.xro/2.0/Invoices/8c6ad676-d5cb-4d3d-a10e-6cc9d1978ea8
    body:
      encoding: US-ASCII
      string: ''
    headers:
      Charset:
      - utf-8
      Accept:
      - ! '*/*'
      User-Agent:
      - OAuth gem v0.4.7
      Authorization:
      - OAuth oauth_consumer_key="<XERO_CONSUMER_KEY>", oauth_nonce="H290qfCBF30QMPztQXvAVdkFUPOCHJUDhs4jFoU",
        oauth_signature="NLWvAGBwT%2Fdvpj7R2K0dhyl6nbuW5vzdaiJRUEjL3C0CQY%2FNsNaPhDZU0IGA%2FvFoR2G2Y6PKa%2BEmfluZhl9ILj%2FSpyYLRWYwbBtQgyPi4loIbrCOzU63w4qtBxMgEkkZDEw7gKKXHuaSaVQncZSRqnZoyMMzTouNZTKlQCrC098%3D",
        oauth_signature_method="RSA-SHA1", oauth_timestamp="1407413634", oauth_token="<XERO_CONSUMER_KEY>",
        oauth_version="1.0"
  response:
    status:
      code: 200
      message: OK
    headers:
      Cache-Control:
      - private
      Content-Type:
      - text/xml; charset=utf-8
      Www-Authenticate:
      - OAuth Realm="api.xero.com"
      X-S:
      - 445761-O1VMAP04
      Strict-Transport-Security:
      - max-age=31536000
      Date:
      - Thu, 07 Aug 2014 12:13:51 GMT
      Content-Length:
      - '2623'
    body:
      encoding: US-ASCII
      string: ! "<Response xmlns:xsd=\"http://www.w3.org/2001/XMLSchema\" xmlns:xsi=\"http://www.w3.org/2001/XMLSchema-instance\">\r\n
        \ <Id>586445f9-d5af-4835-84de-feb58d9029be</Id>\r\n  <Status>OK</Status>\r\n
        \ <ProviderName>Beardstroke</ProviderName>\r\n  <DateTimeUTC>2014-08-07T12:13:51.2675908Z</DateTimeUTC>\r\n
        \ <Invoices>\r\n    <Invoice>\r\n      <Contact>\r\n        <ContactID>7b3fc6ac-cd4a-49bd-9f36-5b09bb0a77a7</ContactID>\r\n
        \       <ContactStatus>ACTIVE</ContactStatus>\r\n        <Name>Existing Company
        Inc.</Name>\r\n        <Addresses>\r\n          <Address>\r\n            <AddressType>STREET</AddressType>\r\n
        \         </Address>\r\n          <Address>\r\n            <AddressType>POBOX</AddressType>\r\n
        \         </Address>\r\n        </Addresses>\r\n        <Phones>\r\n          <Phone>\r\n
        \           <PhoneType>DDI</PhoneType>\r\n          </Phone>\r\n          <Phone>\r\n
        \           <PhoneType>FAX</PhoneType>\r\n          </Phone>\r\n          <Phone>\r\n
        \           <PhoneType>MOBILE</PhoneType>\r\n          </Phone>\r\n          <Phone>\r\n
        \           <PhoneType>DEFAULT</PhoneType>\r\n          </Phone>\r\n        </Phones>\r\n
        \       <UpdatedDateUTC>2014-08-07T12:13:38.913</UpdatedDateUTC>\r\n        <IsSupplier>false</IsSupplier>\r\n
        \       <IsCustomer>true</IsCustomer>\r\n      </Contact>\r\n      <Date>2014-08-07T00:00:00</Date>\r\n
        \     <DueDate>2013-03-10T00:00:00</DueDate>\r\n      <Status>DRAFT</Status>\r\n
        \     <LineAmountTypes>Exclusive</LineAmountTypes>\r\n      <LineItems>\r\n
        \       <LineItem>\r\n          <Description>Line Item Number 1</Description>\r\n
        \         <UnitAmount>1.00</UnitAmount>\r\n          <TaxType>OUTPUT2</TaxType>\r\n
        \         <TaxAmount>0.20</TaxAmount>\r\n          <LineAmount>1.00</LineAmount>\r\n
        \         <Quantity>1.0000</Quantity>\r\n        </LineItem>\r\n        <LineItem>\r\n
        \         <Description>Line Item Number 2</Description>\r\n          <UnitAmount>1.00</UnitAmount>\r\n
        \         <TaxType>OUTPUT2</TaxType>\r\n          <TaxAmount>0.20</TaxAmount>\r\n
        \         <LineAmount>1.00</LineAmount>\r\n          <Quantity>1.0000</Quantity>\r\n
        \       </LineItem>\r\n      </LineItems>\r\n      <SubTotal>2.00</SubTotal>\r\n
        \     <TotalTax>0.40</TotalTax>\r\n      <Total>2.40</Total>\r\n      <UpdatedDateUTC>2014-08-07T12:13:46.057</UpdatedDateUTC>\r\n
        \     <CurrencyCode>GBP</CurrencyCode>\r\n      <Type>ACCREC</Type>\r\n      <InvoiceID>8c6ad676-d5cb-4d3d-a10e-6cc9d1978ea8</InvoiceID>\r\n
        \     <InvoiceNumber>INV-0071</InvoiceNumber>\r\n      <AmountDue>2.40</AmountDue>\r\n
        \     <AmountPaid>0.00</AmountPaid>\r\n      <SentToContact>false</SentToContact>\r\n
        \     <CurrencyRate>1.000000</CurrencyRate>\r\n      <HasAttachments>false</HasAttachments>\r\n
        \   </Invoice>\r\n  </Invoices>\r\n</Response>"
    http_version: 
  recorded_at: Thu, 07 Aug 2014 12:13:56 GMT
- request:
    method: get
    uri: https://api.xero.com/api.xro/2.0/Invoices?where=Contact.ContactID%20=%20GUID(%227c85db3d-b071-455c-8df0-28469af75d1d%22)
    body:
      encoding: US-ASCII
      string: ''
    headers:
      Charset:
      - utf-8
      Accept:
      - ! '*/*'
      User-Agent:
      - OAuth gem v0.4.7
      Authorization:
      - OAuth oauth_consumer_key="<XERO_CONSUMER_KEY>", oauth_nonce="dJrl3TQw1sW7yYz5Ty0NQq4XvdKy2kinm4X4wdbNsmM",
        oauth_signature="lP1tg28aHJwoPt3vmZl3Acl9C2rGEVgxs0y%2FYZVnRKLRbJfm4FEiQkQepyHUtmC8LLy6xblBOZuc8tTeZVXIrohTWJhPbDp3SiQzjmfWx8Ek3mOU9XHtQhOGYtUvafJqoUB3Rg9Dtl0%2FWwgaHnqL%2BjKeptajb1PVOQxLFKCRu%2FU%3D",
        oauth_signature_method="RSA-SHA1", oauth_timestamp="1407413710", oauth_token="<XERO_CONSUMER_KEY>",
        oauth_version="1.0"
  response:
    status:
      code: 200
      message: OK
    headers:
      Cache-Control:
      - private
      Content-Type:
      - text/xml; charset=utf-8
      Www-Authenticate:
      - OAuth Realm="api.xero.com"
      X-S:
      - 445761-O1VMAP04
      Strict-Transport-Security:
      - max-age=31536000
      Date:
      - Thu, 07 Aug 2014 12:15:07 GMT
      Content-Length:
      - '297'
    body:
      encoding: US-ASCII
      string: ! "<Response xmlns:xsd=\"http://www.w3.org/2001/XMLSchema\" xmlns:xsi=\"http://www.w3.org/2001/XMLSchema-instance\">\r\n
        \ <Id>564d3ec4-f62e-46d8-bf67-bbac2651da08</Id>\r\n  <Status>OK</Status>\r\n
        \ <ProviderName>Beardstroke</ProviderName>\r\n  <DateTimeUTC>2014-08-07T12:15:07.2722524Z</DateTimeUTC>\r\n</Response>"
    http_version: 
  recorded_at: Thu, 07 Aug 2014 12:15:11 GMT
- request:
    method: get
    uri: https://api.xero.com/api.xro/2.0/Invoices?where=Contact.ContactID%20=%20GUID(%227c85db3d-b071-455c-8df0-28469af75d1d%22)%20AND%20Status%20!=%20%22DELETED%22
    body:
      encoding: US-ASCII
      string: ''
    headers:
      Charset:
      - utf-8
      Accept:
      - ! '*/*'
      User-Agent:
      - OAuth gem v0.4.7
      Authorization:
      - OAuth oauth_consumer_key="<XERO_CONSUMER_KEY>", oauth_nonce="KzwAJkHfj2Ku7UxYI9A69vYSojoxkmmwBEzfd15kp4k",
        oauth_signature="Su7dvDW6og%2F%2Bvg1%2BEuLzzrC7UcdmTbcCdQpEPgRehddY9V0VDvrfCpMHTmeIjSvNXsR7xhdXHb3mHyUyQRkkPM2tsJI9ikv8lYulqVFUDDhiadZeJOR7LvYdFpvBuaBL6cYQ7%2FG2yn92FTR4qaO9RRlKnWxVWx0B6xvbQAE%2B4qs%3D",
        oauth_signature_method="RSA-SHA1", oauth_timestamp="1407413718", oauth_token="<XERO_CONSUMER_KEY>",
        oauth_version="1.0"
  response:
    status:
      code: 200
      message: OK
    headers:
      Cache-Control:
      - private
      Content-Type:
      - text/xml; charset=utf-8
      Www-Authenticate:
      - OAuth Realm="api.xero.com"
      X-S:
      - 445761-O1VMAP04
      Strict-Transport-Security:
      - max-age=31536000
      Date:
      - Thu, 07 Aug 2014 12:15:14 GMT
      Content-Length:
      - '1218'
    body:
      encoding: US-ASCII
      string: ! "<Response xmlns:xsd=\"http://www.w3.org/2001/XMLSchema\" xmlns:xsi=\"http://www.w3.org/2001/XMLSchema-instance\">\r\n
        \ <Id>3cc74c79-c7fe-41e8-9ccc-ca3d58f35b83</Id>\r\n  <Status>OK</Status>\r\n
        \ <ProviderName>Beardstroke</ProviderName>\r\n  <DateTimeUTC>2014-08-07T12:15:15.1660042Z</DateTimeUTC>\r\n
        \ <Invoices>\r\n    <Invoice>\r\n      <Contact>\r\n        <ContactID>7c85db3d-b071-455c-8df0-28469af75d1d</ContactID>\r\n
        \       <Name>Existing Company Inc.</Name>\r\n      </Contact>\r\n      <Date>2014-08-07T00:00:00</Date>\r\n
        \     <DueDate>2013-03-10T00:00:00</DueDate>\r\n      <Status>DRAFT</Status>\r\n
        \     <LineAmountTypes>Exclusive</LineAmountTypes>\r\n      <SubTotal>2.00</SubTotal>\r\n
        \     <TotalTax>0.40</TotalTax>\r\n      <Total>2.40</Total>\r\n      <UpdatedDateUTC>2014-08-07T12:15:11.22</UpdatedDateUTC>\r\n
        \     <CurrencyCode>GBP</CurrencyCode>\r\n      <Type>ACCREC</Type>\r\n      <InvoiceID>3c809a42-a1ad-48f1-84e9-a0593a0b958d</InvoiceID>\r\n
        \     <InvoiceNumber>INV-0072</InvoiceNumber>\r\n      <AmountDue>2.40</AmountDue>\r\n
        \     <AmountPaid>0.00</AmountPaid>\r\n      <AmountCredited>0.00</AmountCredited>\r\n
        \     <CurrencyRate>1.000000</CurrencyRate>\r\n      <HasAttachments>false</HasAttachments>\r\n
        \   </Invoice>\r\n  </Invoices>\r\n</Response>"
    http_version: 
  recorded_at: Thu, 07 Aug 2014 12:15:19 GMT
- request:
    method: get
    uri: https://api.xero.com/api.xro/2.0/Invoices/3c809a42-a1ad-48f1-84e9-a0593a0b958d
    body:
      encoding: US-ASCII
      string: ''
    headers:
      Charset:
      - utf-8
      Accept:
      - ! '*/*'
      User-Agent:
      - OAuth gem v0.4.7
      Authorization:
      - OAuth oauth_consumer_key="<XERO_CONSUMER_KEY>", oauth_nonce="15Z36FBGjrUx9U7A67C1PnyTuMPfXYDTqfxGOZ5Qk",
        oauth_signature="o9YX%2Bh2CXrqjLGlCF6PaPvA9w8cJ5eNckdANae8Ekvjpnm5RVMM7iesygc0dCZsQWsapr4yfVb%2FLGq10h8tSglm7V9RoiN4GiXqseeZNORQwRPhD1SFMbuP4zldyujHtlCSG%2BNNljURZaByjbtfGbNjgHeIyvj94cr%2FfucdeXl8%3D",
        oauth_signature_method="RSA-SHA1", oauth_timestamp="1407413719", oauth_token="<XERO_CONSUMER_KEY>",
        oauth_version="1.0"
  response:
    status:
      code: 200
      message: OK
    headers:
      Cache-Control:
      - private
      Content-Type:
      - text/xml; charset=utf-8
      Www-Authenticate:
      - OAuth Realm="api.xero.com"
      X-S:
      - 445761-O1VMAP04
      Strict-Transport-Security:
      - max-age=31536000
      Date:
      - Thu, 07 Aug 2014 12:15:16 GMT
      Content-Length:
      - '2621'
    body:
      encoding: US-ASCII
      string: ! "<Response xmlns:xsd=\"http://www.w3.org/2001/XMLSchema\" xmlns:xsi=\"http://www.w3.org/2001/XMLSchema-instance\">\r\n
        \ <Id>c068f280-339a-4874-8b52-3fee0854a484</Id>\r\n  <Status>OK</Status>\r\n
        \ <ProviderName>Beardstroke</ProviderName>\r\n  <DateTimeUTC>2014-08-07T12:15:16.9288381Z</DateTimeUTC>\r\n
        \ <Invoices>\r\n    <Invoice>\r\n      <Contact>\r\n        <ContactID>7c85db3d-b071-455c-8df0-28469af75d1d</ContactID>\r\n
        \       <ContactStatus>ACTIVE</ContactStatus>\r\n        <Name>Existing Company
        Inc.</Name>\r\n        <Addresses>\r\n          <Address>\r\n            <AddressType>POBOX</AddressType>\r\n
        \         </Address>\r\n          <Address>\r\n            <AddressType>STREET</AddressType>\r\n
        \         </Address>\r\n        </Addresses>\r\n        <Phones>\r\n          <Phone>\r\n
        \           <PhoneType>MOBILE</PhoneType>\r\n          </Phone>\r\n          <Phone>\r\n
        \           <PhoneType>FAX</PhoneType>\r\n          </Phone>\r\n          <Phone>\r\n
        \           <PhoneType>DDI</PhoneType>\r\n          </Phone>\r\n          <Phone>\r\n
        \           <PhoneType>DEFAULT</PhoneType>\r\n          </Phone>\r\n        </Phones>\r\n
        \       <UpdatedDateUTC>2014-08-07T12:15:03.48</UpdatedDateUTC>\r\n        <IsSupplier>false</IsSupplier>\r\n
        \       <IsCustomer>true</IsCustomer>\r\n      </Contact>\r\n      <Date>2014-08-07T00:00:00</Date>\r\n
        \     <DueDate>2013-03-10T00:00:00</DueDate>\r\n      <Status>DRAFT</Status>\r\n
        \     <LineAmountTypes>Exclusive</LineAmountTypes>\r\n      <LineItems>\r\n
        \       <LineItem>\r\n          <Description>Line Item Number 1</Description>\r\n
        \         <UnitAmount>1.00</UnitAmount>\r\n          <TaxType>OUTPUT2</TaxType>\r\n
        \         <TaxAmount>0.20</TaxAmount>\r\n          <LineAmount>1.00</LineAmount>\r\n
        \         <Quantity>1.0000</Quantity>\r\n        </LineItem>\r\n        <LineItem>\r\n
        \         <Description>Line Item Number 2</Description>\r\n          <UnitAmount>1.00</UnitAmount>\r\n
        \         <TaxType>OUTPUT2</TaxType>\r\n          <TaxAmount>0.20</TaxAmount>\r\n
        \         <LineAmount>1.00</LineAmount>\r\n          <Quantity>1.0000</Quantity>\r\n
        \       </LineItem>\r\n      </LineItems>\r\n      <SubTotal>2.00</SubTotal>\r\n
        \     <TotalTax>0.40</TotalTax>\r\n      <Total>2.40</Total>\r\n      <UpdatedDateUTC>2014-08-07T12:15:11.22</UpdatedDateUTC>\r\n
        \     <CurrencyCode>GBP</CurrencyCode>\r\n      <Type>ACCREC</Type>\r\n      <InvoiceID>3c809a42-a1ad-48f1-84e9-a0593a0b958d</InvoiceID>\r\n
        \     <InvoiceNumber>INV-0072</InvoiceNumber>\r\n      <AmountDue>2.40</AmountDue>\r\n
        \     <AmountPaid>0.00</AmountPaid>\r\n      <SentToContact>false</SentToContact>\r\n
        \     <CurrencyRate>1.000000</CurrencyRate>\r\n      <HasAttachments>false</HasAttachments>\r\n
        \   </Invoice>\r\n  </Invoices>\r\n</Response>"
    http_version: 
  recorded_at: Thu, 07 Aug 2014 12:15:21 GMT
- request:
    method: get
    uri: https://api.xero.com/api.xro/2.0/Invoices?where=Contact.ContactID%20=%20GUID(%2294cf28bc-4615-49c6-a3a2-f845c145b0a7%22)
    body:
      encoding: US-ASCII
      string: ''
    headers:
      Charset:
      - utf-8
      Accept:
      - ! '*/*'
      User-Agent:
      - OAuth gem v0.4.7
      Authorization:
      - OAuth oauth_consumer_key="<XERO_CONSUMER_KEY>", oauth_nonce="cSqguzDSMXhvPJUDEIPpvcYQxTgDdiHr68h5H1pCw",
        oauth_signature="d2UIQQbVFCI2bH8I0gMpbPM%2Bj5UFipvMafMcxONg4%2BGQAaGBHO0RisyHdQOHmtTKr1xyiy7YpRkMdWcGMv2pKlG2YzVYKpDbsIUa4ZtRkclX7E6yhFs4IpYgSYI8Q%2B%2Fk3qyjJYeizOnXOdN8UQE8TaevoYx5bqswWudj%2F1WBqtw%3D",
        oauth_signature_method="RSA-SHA1", oauth_timestamp="1407413906", oauth_token="<XERO_CONSUMER_KEY>",
        oauth_version="1.0"
  response:
    status:
      code: 200
      message: OK
    headers:
      Cache-Control:
      - private
      Content-Type:
      - text/xml; charset=utf-8
      Www-Authenticate:
      - OAuth Realm="api.xero.com"
      X-S:
      - 445761-O1VMAP04
      Strict-Transport-Security:
      - max-age=31536000
      Date:
      - Thu, 07 Aug 2014 12:18:22 GMT
      Content-Length:
      - '297'
    body:
      encoding: US-ASCII
      string: ! "<Response xmlns:xsd=\"http://www.w3.org/2001/XMLSchema\" xmlns:xsi=\"http://www.w3.org/2001/XMLSchema-instance\">\r\n
        \ <Id>86448525-2fac-4562-a0bb-7e7c5ed20ffe</Id>\r\n  <Status>OK</Status>\r\n
        \ <ProviderName>Beardstroke</ProviderName>\r\n  <DateTimeUTC>2014-08-07T12:18:23.5864276Z</DateTimeUTC>\r\n</Response>"
    http_version: 
  recorded_at: Thu, 07 Aug 2014 12:18:28 GMT
- request:
    method: get
    uri: https://api.xero.com/api.xro/2.0/Invoices?where=Contact.ContactID%20=%20GUID(%2294cf28bc-4615-49c6-a3a2-f845c145b0a7%22)%20AND%20Status%20!=%20%22DELETED%22
    body:
      encoding: US-ASCII
      string: ''
    headers:
      Charset:
      - utf-8
      Accept:
      - ! '*/*'
      User-Agent:
      - OAuth gem v0.4.7
      Authorization:
      - OAuth oauth_consumer_key="<XERO_CONSUMER_KEY>", oauth_nonce="9TRdTqYDup1CU7FhXaNkWMKLmhqvjW9kR87nJqVT5Y",
        oauth_signature="T82bPh8TDMiFwYKXuavJSiBRwdVlB9Sa3ezW61cvyu7jzTFfkFP8vadMZDQcW3Imlzm9BV8MMnJu12IBPmkf02Z2WYdnjLdvc00dbXax%2BiI53XHXS3Q4%2BsgRpEjH017V2oL5SoU98raO%2B6rJIquFiJPCCBr5Gzo3jJwj0VASsNk%3D",
        oauth_signature_method="RSA-SHA1", oauth_timestamp="1407413914", oauth_token="<XERO_CONSUMER_KEY>",
        oauth_version="1.0"
  response:
    status:
      code: 200
      message: OK
    headers:
      Cache-Control:
      - private
      Content-Type:
      - text/xml; charset=utf-8
      Www-Authenticate:
      - OAuth Realm="api.xero.com"
      X-S:
      - 445761-O1VMAP04
      Strict-Transport-Security:
      - max-age=31536000
      Date:
      - Thu, 07 Aug 2014 12:18:31 GMT
      Content-Length:
      - '1218'
    body:
      encoding: US-ASCII
      string: ! "<Response xmlns:xsd=\"http://www.w3.org/2001/XMLSchema\" xmlns:xsi=\"http://www.w3.org/2001/XMLSchema-instance\">\r\n
        \ <Id>a441beea-1d82-492d-914a-cd9172a48dcf</Id>\r\n  <Status>OK</Status>\r\n
        \ <ProviderName>Beardstroke</ProviderName>\r\n  <DateTimeUTC>2014-08-07T12:18:31.8545866Z</DateTimeUTC>\r\n
        \ <Invoices>\r\n    <Invoice>\r\n      <Contact>\r\n        <ContactID>94cf28bc-4615-49c6-a3a2-f845c145b0a7</ContactID>\r\n
        \       <Name>Existing Company Inc.</Name>\r\n      </Contact>\r\n      <Date>2014-08-07T00:00:00</Date>\r\n
        \     <DueDate>2013-03-10T00:00:00</DueDate>\r\n      <Status>DRAFT</Status>\r\n
        \     <LineAmountTypes>Exclusive</LineAmountTypes>\r\n      <SubTotal>2.00</SubTotal>\r\n
        \     <TotalTax>0.40</TotalTax>\r\n      <Total>2.40</Total>\r\n      <UpdatedDateUTC>2014-08-07T12:18:27.61</UpdatedDateUTC>\r\n
        \     <CurrencyCode>GBP</CurrencyCode>\r\n      <Type>ACCREC</Type>\r\n      <InvoiceID>368d686e-527a-4772-8a01-1bba9e201c68</InvoiceID>\r\n
        \     <InvoiceNumber>INV-0073</InvoiceNumber>\r\n      <AmountDue>2.40</AmountDue>\r\n
        \     <AmountPaid>0.00</AmountPaid>\r\n      <AmountCredited>0.00</AmountCredited>\r\n
        \     <CurrencyRate>1.000000</CurrencyRate>\r\n      <HasAttachments>false</HasAttachments>\r\n
        \   </Invoice>\r\n  </Invoices>\r\n</Response>"
    http_version: 
  recorded_at: Thu, 07 Aug 2014 12:18:36 GMT
- request:
    method: get
    uri: https://api.xero.com/api.xro/2.0/Invoices/368d686e-527a-4772-8a01-1bba9e201c68
    body:
      encoding: US-ASCII
      string: ''
    headers:
      Charset:
      - utf-8
      Accept:
      - ! '*/*'
      User-Agent:
      - OAuth gem v0.4.7
      Authorization:
      - OAuth oauth_consumer_key="<XERO_CONSUMER_KEY>", oauth_nonce="uhiZUrp5DJakUnS3UZKzhp6dQpCwHFaDi0kfcvhOzOw",
        oauth_signature="cst3uOYBgnBvGgMt80wAVbz2BDMfI1p9amAipNL1nKAXHAcdb%2BfVCDkOtO42wWEtUH4dF4UJGJxCQhp90VOBxnBwE5SvqBTQGsruDCtkZCpeurA6xbwrHSk1c1fHnOOjZ%2F4KdLqhnYQK86MGVBpHT1aSGGCK6P9md8l1koKMWQw%3D",
        oauth_signature_method="RSA-SHA1", oauth_timestamp="1407413916", oauth_token="<XERO_CONSUMER_KEY>",
        oauth_version="1.0"
  response:
    status:
      code: 200
      message: OK
    headers:
      Cache-Control:
      - private
      Content-Type:
      - text/xml; charset=utf-8
      Www-Authenticate:
      - OAuth Realm="api.xero.com"
      X-S:
      - 445761-O1VMAP04
      Strict-Transport-Security:
      - max-age=31536000
      Date:
      - Thu, 07 Aug 2014 12:18:33 GMT
      Content-Length:
      - '2622'
    body:
      encoding: US-ASCII
      string: ! "<Response xmlns:xsd=\"http://www.w3.org/2001/XMLSchema\" xmlns:xsi=\"http://www.w3.org/2001/XMLSchema-instance\">\r\n
        \ <Id>4bbf43a3-7613-42b4-ab59-092558e64277</Id>\r\n  <Status>OK</Status>\r\n
        \ <ProviderName>Beardstroke</ProviderName>\r\n  <DateTimeUTC>2014-08-07T12:18:33.9450268Z</DateTimeUTC>\r\n
        \ <Invoices>\r\n    <Invoice>\r\n      <Contact>\r\n        <ContactID>94cf28bc-4615-49c6-a3a2-f845c145b0a7</ContactID>\r\n
        \       <ContactStatus>ACTIVE</ContactStatus>\r\n        <Name>Existing Company
        Inc.</Name>\r\n        <Addresses>\r\n          <Address>\r\n            <AddressType>POBOX</AddressType>\r\n
        \         </Address>\r\n          <Address>\r\n            <AddressType>STREET</AddressType>\r\n
        \         </Address>\r\n        </Addresses>\r\n        <Phones>\r\n          <Phone>\r\n
        \           <PhoneType>FAX</PhoneType>\r\n          </Phone>\r\n          <Phone>\r\n
        \           <PhoneType>DEFAULT</PhoneType>\r\n          </Phone>\r\n          <Phone>\r\n
        \           <PhoneType>DDI</PhoneType>\r\n          </Phone>\r\n          <Phone>\r\n
        \           <PhoneType>MOBILE</PhoneType>\r\n          </Phone>\r\n        </Phones>\r\n
        \       <UpdatedDateUTC>2014-08-07T12:18:19.857</UpdatedDateUTC>\r\n        <IsSupplier>false</IsSupplier>\r\n
        \       <IsCustomer>true</IsCustomer>\r\n      </Contact>\r\n      <Date>2014-08-07T00:00:00</Date>\r\n
        \     <DueDate>2013-03-10T00:00:00</DueDate>\r\n      <Status>DRAFT</Status>\r\n
        \     <LineAmountTypes>Exclusive</LineAmountTypes>\r\n      <LineItems>\r\n
        \       <LineItem>\r\n          <Description>Line Item Number 0</Description>\r\n
        \         <UnitAmount>1.00</UnitAmount>\r\n          <TaxType>OUTPUT2</TaxType>\r\n
        \         <TaxAmount>0.20</TaxAmount>\r\n          <LineAmount>1.00</LineAmount>\r\n
        \         <Quantity>1.0000</Quantity>\r\n        </LineItem>\r\n        <LineItem>\r\n
        \         <Description>Line Item Number 1</Description>\r\n          <UnitAmount>1.00</UnitAmount>\r\n
        \         <TaxType>OUTPUT2</TaxType>\r\n          <TaxAmount>0.20</TaxAmount>\r\n
        \         <LineAmount>1.00</LineAmount>\r\n          <Quantity>1.0000</Quantity>\r\n
        \       </LineItem>\r\n      </LineItems>\r\n      <SubTotal>2.00</SubTotal>\r\n
        \     <TotalTax>0.40</TotalTax>\r\n      <Total>2.40</Total>\r\n      <UpdatedDateUTC>2014-08-07T12:18:27.61</UpdatedDateUTC>\r\n
        \     <CurrencyCode>GBP</CurrencyCode>\r\n      <Type>ACCREC</Type>\r\n      <InvoiceID>368d686e-527a-4772-8a01-1bba9e201c68</InvoiceID>\r\n
        \     <InvoiceNumber>INV-0073</InvoiceNumber>\r\n      <AmountDue>2.40</AmountDue>\r\n
        \     <AmountPaid>0.00</AmountPaid>\r\n      <SentToContact>false</SentToContact>\r\n
        \     <CurrencyRate>1.000000</CurrencyRate>\r\n      <HasAttachments>false</HasAttachments>\r\n
        \   </Invoice>\r\n  </Invoices>\r\n</Response>"
    http_version: 
  recorded_at: Thu, 07 Aug 2014 12:18:38 GMT
- request:
    method: get
    uri: https://api.xero.com/api.xro/2.0/Invoices?where=Contact.ContactID%20=%20GUID(%222f8ecaa1-fb7d-47a6-a277-f5136f205c5d%22)
    body:
      encoding: US-ASCII
      string: ''
    headers:
      Charset:
      - utf-8
      Accept:
      - ! '*/*'
      User-Agent:
      - OAuth gem v0.4.7
      Authorization:
      - OAuth oauth_consumer_key="<XERO_CONSUMER_KEY>", oauth_nonce="MjOVGCzqnDLy0G91eXFtw9rwbUZVin6KMDIn4x4oxA",
        oauth_signature="KClaA6gRWE6mUf0zSbQtoe4qnROb659tVq6GMsW8R12GKN%2FnGvDk7%2BvRi44ufRUABrySoDxhqBe%2BMKP%2FONKikvJ598K4pR621xqW2N1lR0NJVN5upC7a6JW2grVql9C44Qn2b7Sl5Qj0kmSHaRxf264zbMi46M6mKrDXrZ%2FZY0E%3D",
        oauth_signature_method="RSA-SHA1", oauth_timestamp="1407413936", oauth_token="<XERO_CONSUMER_KEY>",
        oauth_version="1.0"
  response:
    status:
      code: 200
      message: OK
    headers:
      Cache-Control:
      - private
      Content-Type:
      - text/xml; charset=utf-8
      Www-Authenticate:
      - OAuth Realm="api.xero.com"
      X-S:
      - 445761-O1VMAP04
      Strict-Transport-Security:
      - max-age=31536000
      Date:
      - Thu, 07 Aug 2014 12:18:52 GMT
      Content-Length:
      - '297'
    body:
      encoding: US-ASCII
      string: ! "<Response xmlns:xsd=\"http://www.w3.org/2001/XMLSchema\" xmlns:xsi=\"http://www.w3.org/2001/XMLSchema-instance\">\r\n
        \ <Id>2b2669b7-6ce6-440e-8000-d5b21b030a5c</Id>\r\n  <Status>OK</Status>\r\n
        \ <ProviderName>Beardstroke</ProviderName>\r\n  <DateTimeUTC>2014-08-07T12:18:53.0709946Z</DateTimeUTC>\r\n</Response>"
    http_version: 
  recorded_at: Thu, 07 Aug 2014 12:18:57 GMT
- request:
    method: get
    uri: https://api.xero.com/api.xro/2.0/Invoices?where=Contact.ContactID%20=%20GUID(%222f8ecaa1-fb7d-47a6-a277-f5136f205c5d%22)%20AND%20Status%20!=%20%22DELETED%22
    body:
      encoding: US-ASCII
      string: ''
    headers:
      Charset:
      - utf-8
      Accept:
      - ! '*/*'
      User-Agent:
      - OAuth gem v0.4.7
      Authorization:
      - OAuth oauth_consumer_key="<XERO_CONSUMER_KEY>", oauth_nonce="9uh5cH5Nw2KipTptxlrfBGqsGZhinf8SChTJWmN2niU",
        oauth_signature="L2YALHp3p8vsF0pUn5oBnBmd6ijKaw%2FYK0PN9uUmuMhEkNaEzvC7OArPJ8gRivISqT3SG9r4OxV%2BNyge%2Bd95K6CUcg3%2F%2BRiMZniRQXaMGk8nRiZint4fyzgJH9sMzNWTJN5zdqLY6EU8jYuhbzRNE%2Brd6BMw4%2BbV56zXcK8JcxI%3D",
        oauth_signature_method="RSA-SHA1", oauth_timestamp="1407413944", oauth_token="<XERO_CONSUMER_KEY>",
        oauth_version="1.0"
  response:
    status:
      code: 200
      message: OK
    headers:
      Cache-Control:
      - private
      Content-Type:
      - text/xml; charset=utf-8
      Www-Authenticate:
      - OAuth Realm="api.xero.com"
      X-S:
      - 445761-O1VMAP04
      Strict-Transport-Security:
      - max-age=31536000
      Date:
      - Thu, 07 Aug 2014 12:19:00 GMT
      Content-Length:
      - '1216'
    body:
      encoding: US-ASCII
      string: ! "<Response xmlns:xsd=\"http://www.w3.org/2001/XMLSchema\" xmlns:xsi=\"http://www.w3.org/2001/XMLSchema-instance\">\r\n
        \ <Id>56a37b6c-7a37-4c77-848b-ba6d54744bad</Id>\r\n  <Status>OK</Status>\r\n
        \ <ProviderName>Beardstroke</ProviderName>\r\n  <DateTimeUTC>2014-08-07T12:19:01.15195Z</DateTimeUTC>\r\n
        \ <Invoices>\r\n    <Invoice>\r\n      <Contact>\r\n        <ContactID>2f8ecaa1-fb7d-47a6-a277-f5136f205c5d</ContactID>\r\n
        \       <Name>Existing Company Inc.</Name>\r\n      </Contact>\r\n      <Date>2014-08-07T00:00:00</Date>\r\n
        \     <DueDate>2013-03-10T00:00:00</DueDate>\r\n      <Status>DRAFT</Status>\r\n
        \     <LineAmountTypes>Exclusive</LineAmountTypes>\r\n      <SubTotal>2.00</SubTotal>\r\n
        \     <TotalTax>0.40</TotalTax>\r\n      <Total>2.40</Total>\r\n      <UpdatedDateUTC>2014-08-07T12:18:57.19</UpdatedDateUTC>\r\n
        \     <CurrencyCode>GBP</CurrencyCode>\r\n      <Type>ACCREC</Type>\r\n      <InvoiceID>3f05f7dc-0cb6-47ab-9804-b574cbedd4b6</InvoiceID>\r\n
        \     <InvoiceNumber>INV-0074</InvoiceNumber>\r\n      <AmountDue>2.40</AmountDue>\r\n
        \     <AmountPaid>0.00</AmountPaid>\r\n      <AmountCredited>0.00</AmountCredited>\r\n
        \     <CurrencyRate>1.000000</CurrencyRate>\r\n      <HasAttachments>false</HasAttachments>\r\n
        \   </Invoice>\r\n  </Invoices>\r\n</Response>"
    http_version: 
  recorded_at: Thu, 07 Aug 2014 12:19:06 GMT
- request:
    method: get
    uri: https://api.xero.com/api.xro/2.0/Invoices/3f05f7dc-0cb6-47ab-9804-b574cbedd4b6
    body:
      encoding: US-ASCII
      string: ''
    headers:
      Charset:
      - utf-8
      Accept:
      - ! '*/*'
      User-Agent:
      - OAuth gem v0.4.7
      Authorization:
      - OAuth oauth_consumer_key="<XERO_CONSUMER_KEY>", oauth_nonce="eZfUvd9VMEiRXqutGxp00apDovOtjOLVLF86l9VRNn8",
        oauth_signature="QH7Bv2aV%2BQ7NC172%2FM2xLpEHJSsgnyikVwPqxv0ULwqRINUVGXpnrQvBDn6Cg0r6p6YYba4f9%2Bs3iOHmH83YGG%2B4TzjVVToc8b5aEzaP9u44ik2k0%2B3JFP156q%2FLhhBoyYzaRM7lwNZ7MYcfxL5l8fqrWwOchqj46rxYx%2Btms6U%3D",
        oauth_signature_method="RSA-SHA1", oauth_timestamp="1407413946", oauth_token="<XERO_CONSUMER_KEY>",
        oauth_version="1.0"
  response:
    status:
      code: 200
      message: OK
    headers:
      Cache-Control:
      - private
      Content-Type:
      - text/xml; charset=utf-8
      Www-Authenticate:
      - OAuth Realm="api.xero.com"
      X-S:
      - 445761-O1VMAP04
      Strict-Transport-Security:
      - max-age=31536000
      Date:
      - Thu, 07 Aug 2014 12:19:02 GMT
      Content-Length:
      - '2622'
    body:
      encoding: US-ASCII
      string: ! "<Response xmlns:xsd=\"http://www.w3.org/2001/XMLSchema\" xmlns:xsi=\"http://www.w3.org/2001/XMLSchema-instance\">\r\n
        \ <Id>c62d94a4-6420-4c46-ad8f-7e504b18287f</Id>\r\n  <Status>OK</Status>\r\n
        \ <ProviderName>Beardstroke</ProviderName>\r\n  <DateTimeUTC>2014-08-07T12:19:03.2267899Z</DateTimeUTC>\r\n
        \ <Invoices>\r\n    <Invoice>\r\n      <Contact>\r\n        <ContactID>2f8ecaa1-fb7d-47a6-a277-f5136f205c5d</ContactID>\r\n
        \       <ContactStatus>ACTIVE</ContactStatus>\r\n        <Name>Existing Company
        Inc.</Name>\r\n        <Addresses>\r\n          <Address>\r\n            <AddressType>POBOX</AddressType>\r\n
        \         </Address>\r\n          <Address>\r\n            <AddressType>STREET</AddressType>\r\n
        \         </Address>\r\n        </Addresses>\r\n        <Phones>\r\n          <Phone>\r\n
        \           <PhoneType>MOBILE</PhoneType>\r\n          </Phone>\r\n          <Phone>\r\n
        \           <PhoneType>FAX</PhoneType>\r\n          </Phone>\r\n          <Phone>\r\n
        \           <PhoneType>DDI</PhoneType>\r\n          </Phone>\r\n          <Phone>\r\n
        \           <PhoneType>DEFAULT</PhoneType>\r\n          </Phone>\r\n        </Phones>\r\n
        \       <UpdatedDateUTC>2014-08-07T12:18:48.967</UpdatedDateUTC>\r\n        <IsSupplier>false</IsSupplier>\r\n
        \       <IsCustomer>true</IsCustomer>\r\n      </Contact>\r\n      <Date>2014-08-07T00:00:00</Date>\r\n
        \     <DueDate>2013-03-10T00:00:00</DueDate>\r\n      <Status>DRAFT</Status>\r\n
        \     <LineAmountTypes>Exclusive</LineAmountTypes>\r\n      <LineItems>\r\n
        \       <LineItem>\r\n          <Description>Line Item Number 0</Description>\r\n
        \         <UnitAmount>1.00</UnitAmount>\r\n          <TaxType>OUTPUT2</TaxType>\r\n
        \         <TaxAmount>0.20</TaxAmount>\r\n          <LineAmount>1.00</LineAmount>\r\n
        \         <Quantity>1.0000</Quantity>\r\n        </LineItem>\r\n        <LineItem>\r\n
        \         <Description>Line Item Number 1</Description>\r\n          <UnitAmount>1.00</UnitAmount>\r\n
        \         <TaxType>OUTPUT2</TaxType>\r\n          <TaxAmount>0.20</TaxAmount>\r\n
        \         <LineAmount>1.00</LineAmount>\r\n          <Quantity>1.0000</Quantity>\r\n
        \       </LineItem>\r\n      </LineItems>\r\n      <SubTotal>2.00</SubTotal>\r\n
        \     <TotalTax>0.40</TotalTax>\r\n      <Total>2.40</Total>\r\n      <UpdatedDateUTC>2014-08-07T12:18:57.19</UpdatedDateUTC>\r\n
        \     <CurrencyCode>GBP</CurrencyCode>\r\n      <Type>ACCREC</Type>\r\n      <InvoiceID>3f05f7dc-0cb6-47ab-9804-b574cbedd4b6</InvoiceID>\r\n
        \     <InvoiceNumber>INV-0074</InvoiceNumber>\r\n      <AmountDue>2.40</AmountDue>\r\n
        \     <AmountPaid>0.00</AmountPaid>\r\n      <SentToContact>false</SentToContact>\r\n
        \     <CurrencyRate>1.000000</CurrencyRate>\r\n      <HasAttachments>false</HasAttachments>\r\n
        \   </Invoice>\r\n  </Invoices>\r\n</Response>"
    http_version: 
  recorded_at: Thu, 07 Aug 2014 12:19:08 GMT
- request:
    method: get
    uri: https://api.xero.com/api.xro/2.0/Invoices?where=Contact.ContactID%20=%20GUID(%22613c1053-7fe6-43e1-a713-4810cd90906c%22)
    body:
      encoding: US-ASCII
      string: ''
    headers:
      Charset:
      - utf-8
      Accept:
      - ! '*/*'
      User-Agent:
      - OAuth gem v0.4.7
      Authorization:
      - OAuth oauth_consumer_key="<XERO_CONSUMER_KEY>", oauth_nonce="dFEvq0PWqjSFjALfw9thvtoqftFyPVxsLrHtwgFpPU",
        oauth_signature="KOMKLjfxyqP5FDCFSFdd4wiZMdQ3mlUfDPo4hji%2BQ6eE5bESFQMNfpYQ78QXF1388yBLIJJ26frlKdkUbI3mA%2F%2BTsuY8Yh2bYOTC3MamIl5%2FfDtHzRSPQgoUiLrjj3PBI1QiVt7Q0z2yiRXuNrxhiPEGMvMCILdnfJC9Oyn5TUo%3D",
        oauth_signature_method="RSA-SHA1", oauth_timestamp="1407414291", oauth_token="<XERO_CONSUMER_KEY>",
        oauth_version="1.0"
  response:
    status:
      code: 200
      message: OK
    headers:
      Cache-Control:
      - private
      Content-Type:
      - text/xml; charset=utf-8
      Www-Authenticate:
      - OAuth Realm="api.xero.com"
      X-S:
      - 505390-O1VMAP05
      Strict-Transport-Security:
      - max-age=31536000
      Date:
      - Thu, 07 Aug 2014 12:24:50 GMT
      Content-Length:
      - '297'
    body:
      encoding: US-ASCII
      string: ! "<Response xmlns:xsd=\"http://www.w3.org/2001/XMLSchema\" xmlns:xsi=\"http://www.w3.org/2001/XMLSchema-instance\">\r\n
        \ <Id>a936d9f5-be7e-4952-b849-9bff7964b09b</Id>\r\n  <Status>OK</Status>\r\n
        \ <ProviderName>Beardstroke</ProviderName>\r\n  <DateTimeUTC>2014-08-07T12:24:50.5045581Z</DateTimeUTC>\r\n</Response>"
    http_version: 
  recorded_at: Thu, 07 Aug 2014 12:24:55 GMT
- request:
    method: get
    uri: https://api.xero.com/api.xro/2.0/Invoices?where=Contact.ContactID%20=%20GUID(%22613c1053-7fe6-43e1-a713-4810cd90906c%22)%20AND%20Status%20!=%20%22DELETED%22
    body:
      encoding: US-ASCII
      string: ''
    headers:
      Charset:
      - utf-8
      Accept:
      - ! '*/*'
      User-Agent:
      - OAuth gem v0.4.7
      Authorization:
      - OAuth oauth_consumer_key="<XERO_CONSUMER_KEY>", oauth_nonce="yn9P8thlDkprEkx5MwHQv8mNQOLgzODH3GADDlth8M",
        oauth_signature="UeTnf0OGPOtpDQnfAYtCqMtmLHOginXVMmKBRNQNoEN0NIcSig0NweQzFUj6FQkEJ09Wbq6m3L%2BPKLBqQwV%2FdIAhSNOGxO1J3U0U1YUp8kopRQuDmA%2BisaP%2BiZ4Hr6VYlWk6FfD4572VpT5cPpYKIKeDVaZAv8WQGgrMqAaYxxc%3D",
        oauth_signature_method="RSA-SHA1", oauth_timestamp="1407414314", oauth_token="<XERO_CONSUMER_KEY>",
        oauth_version="1.0"
  response:
    status:
      code: 200
      message: OK
    headers:
      Cache-Control:
      - private
      Content-Type:
      - text/xml; charset=utf-8
      Www-Authenticate:
      - OAuth Realm="api.xero.com"
      X-S:
      - 505390-O1VMAP05
      Strict-Transport-Security:
      - max-age=31536000
      Date:
      - Thu, 07 Aug 2014 12:25:12 GMT
      Content-Length:
      - '1219'
    body:
      encoding: US-ASCII
      string: ! "<Response xmlns:xsd=\"http://www.w3.org/2001/XMLSchema\" xmlns:xsi=\"http://www.w3.org/2001/XMLSchema-instance\">\r\n
        \ <Id>a0ed1a93-464a-45cb-8b8e-2b9a873c2166</Id>\r\n  <Status>OK</Status>\r\n
        \ <ProviderName>Beardstroke</ProviderName>\r\n  <DateTimeUTC>2014-08-07T12:25:12.5633823Z</DateTimeUTC>\r\n
        \ <Invoices>\r\n    <Invoice>\r\n      <Contact>\r\n        <ContactID>613c1053-7fe6-43e1-a713-4810cd90906c</ContactID>\r\n
        \       <Name>Existing Company Inc.</Name>\r\n      </Contact>\r\n      <Date>2014-08-07T00:00:00</Date>\r\n
        \     <DueDate>2013-03-10T00:00:00</DueDate>\r\n      <Status>DRAFT</Status>\r\n
        \     <LineAmountTypes>Exclusive</LineAmountTypes>\r\n      <SubTotal>2.00</SubTotal>\r\n
        \     <TotalTax>0.40</TotalTax>\r\n      <Total>2.40</Total>\r\n      <UpdatedDateUTC>2014-08-07T12:25:02.393</UpdatedDateUTC>\r\n
        \     <CurrencyCode>GBP</CurrencyCode>\r\n      <Type>ACCREC</Type>\r\n      <InvoiceID>63e2f53c-5c22-449f-a9d6-d5784315ce79</InvoiceID>\r\n
        \     <InvoiceNumber>INV-0075</InvoiceNumber>\r\n      <AmountDue>2.40</AmountDue>\r\n
        \     <AmountPaid>0.00</AmountPaid>\r\n      <AmountCredited>0.00</AmountCredited>\r\n
        \     <CurrencyRate>1.000000</CurrencyRate>\r\n      <HasAttachments>false</HasAttachments>\r\n
        \   </Invoice>\r\n  </Invoices>\r\n</Response>"
    http_version: 
  recorded_at: Thu, 07 Aug 2014 12:25:17 GMT
- request:
    method: get
    uri: https://api.xero.com/api.xro/2.0/Invoices/63e2f53c-5c22-449f-a9d6-d5784315ce79
    body:
      encoding: US-ASCII
      string: ''
    headers:
      Charset:
      - utf-8
      Accept:
      - ! '*/*'
      User-Agent:
      - OAuth gem v0.4.7
      Authorization:
      - OAuth oauth_consumer_key="<XERO_CONSUMER_KEY>", oauth_nonce="xTljR4WcKlYq3O26C15bH5rn3E5vJeIEnsX5LgGYP2o",
        oauth_signature="aPBAOxGVCTP6e%2FSKiiMVL7k6lEEumE1iBr2ELMk5CuKh4aLOYdJffEYZpqVQDvOhiCmqyZVGCaC8YuoZ2TM2fO%2BzHPLlNs14wt0gEOcCTPk7cC%2FZUJesBFlMdxl8k4TWWuinigxUDSb5zrKsg7wHrFRscPt6sfotzhpOZKrGELs%3D",
        oauth_signature_method="RSA-SHA1", oauth_timestamp="1407414317", oauth_token="<XERO_CONSUMER_KEY>",
        oauth_version="1.0"
  response:
    status:
      code: 200
      message: OK
    headers:
      Cache-Control:
      - private
      Content-Type:
      - text/xml; charset=utf-8
      Www-Authenticate:
      - OAuth Realm="api.xero.com"
      X-S:
      - 505390-O1VMAP05
      Strict-Transport-Security:
      - max-age=31536000
      Date:
      - Thu, 07 Aug 2014 12:25:15 GMT
      Content-Length:
      - '2622'
    body:
      encoding: US-ASCII
      string: ! "<Response xmlns:xsd=\"http://www.w3.org/2001/XMLSchema\" xmlns:xsi=\"http://www.w3.org/2001/XMLSchema-instance\">\r\n
        \ <Id>ef0107b7-759c-4be3-8ba7-9edab439b7eb</Id>\r\n  <Status>OK</Status>\r\n
        \ <ProviderName>Beardstroke</ProviderName>\r\n  <DateTimeUTC>2014-08-07T12:25:16.4166564Z</DateTimeUTC>\r\n
        \ <Invoices>\r\n    <Invoice>\r\n      <Contact>\r\n        <ContactID>613c1053-7fe6-43e1-a713-4810cd90906c</ContactID>\r\n
        \       <ContactStatus>ACTIVE</ContactStatus>\r\n        <Name>Existing Company
        Inc.</Name>\r\n        <Addresses>\r\n          <Address>\r\n            <AddressType>POBOX</AddressType>\r\n
        \         </Address>\r\n          <Address>\r\n            <AddressType>STREET</AddressType>\r\n
        \         </Address>\r\n        </Addresses>\r\n        <Phones>\r\n          <Phone>\r\n
        \           <PhoneType>DEFAULT</PhoneType>\r\n          </Phone>\r\n          <Phone>\r\n
        \           <PhoneType>MOBILE</PhoneType>\r\n          </Phone>\r\n          <Phone>\r\n
        \           <PhoneType>DDI</PhoneType>\r\n          </Phone>\r\n          <Phone>\r\n
        \           <PhoneType>FAX</PhoneType>\r\n          </Phone>\r\n        </Phones>\r\n
        \       <UpdatedDateUTC>2014-08-07T12:24:44.11</UpdatedDateUTC>\r\n        <IsSupplier>false</IsSupplier>\r\n
        \       <IsCustomer>true</IsCustomer>\r\n      </Contact>\r\n      <Date>2014-08-07T00:00:00</Date>\r\n
        \     <DueDate>2013-03-10T00:00:00</DueDate>\r\n      <Status>DRAFT</Status>\r\n
        \     <LineAmountTypes>Exclusive</LineAmountTypes>\r\n      <LineItems>\r\n
        \       <LineItem>\r\n          <Description>Line Item Number 0</Description>\r\n
        \         <UnitAmount>1.00</UnitAmount>\r\n          <TaxType>OUTPUT2</TaxType>\r\n
        \         <TaxAmount>0.20</TaxAmount>\r\n          <LineAmount>1.00</LineAmount>\r\n
        \         <Quantity>1.0000</Quantity>\r\n        </LineItem>\r\n        <LineItem>\r\n
        \         <Description>Line Item Number 1</Description>\r\n          <UnitAmount>1.00</UnitAmount>\r\n
        \         <TaxType>OUTPUT2</TaxType>\r\n          <TaxAmount>0.20</TaxAmount>\r\n
        \         <LineAmount>1.00</LineAmount>\r\n          <Quantity>1.0000</Quantity>\r\n
        \       </LineItem>\r\n      </LineItems>\r\n      <SubTotal>2.00</SubTotal>\r\n
        \     <TotalTax>0.40</TotalTax>\r\n      <Total>2.40</Total>\r\n      <UpdatedDateUTC>2014-08-07T12:25:02.393</UpdatedDateUTC>\r\n
        \     <CurrencyCode>GBP</CurrencyCode>\r\n      <Type>ACCREC</Type>\r\n      <InvoiceID>63e2f53c-5c22-449f-a9d6-d5784315ce79</InvoiceID>\r\n
        \     <InvoiceNumber>INV-0075</InvoiceNumber>\r\n      <AmountDue>2.40</AmountDue>\r\n
        \     <AmountPaid>0.00</AmountPaid>\r\n      <SentToContact>false</SentToContact>\r\n
        \     <CurrencyRate>1.000000</CurrencyRate>\r\n      <HasAttachments>false</HasAttachments>\r\n
        \   </Invoice>\r\n  </Invoices>\r\n</Response>"
    http_version: 
  recorded_at: Thu, 07 Aug 2014 12:25:22 GMT
- request:
    method: get
    uri: https://api.xero.com/api.xro/2.0/Invoices?where=Contact.ContactID%20=%20GUID(%22cc9af359-134f-4b92-9fc3-369763830d56%22)
    body:
      encoding: US-ASCII
      string: ''
    headers:
      Charset:
      - utf-8
      Accept:
      - ! '*/*'
      User-Agent:
      - OAuth gem v0.4.7
      Authorization:
      - OAuth oauth_consumer_key="<XERO_CONSUMER_KEY>", oauth_nonce="IOFnWwjmDjzIxXn216JkBrM5fPTze4XBOXKw4byJg",
        oauth_signature="haxeLM8444f%2FxAjwQuSPTWXsEen%2FtrSE4KigPt3DURWP%2BayVHEGXFbNZ%2Fu8bvlbC%2Fe3G7iAbSRb1gfu0QG%2B6L6ycZE7fiqJ5Vtzw9gD%2FhKmePpewKehvwHg62IevuzqtAJNCaVh3hF%2BBkPCBq5%2B0mYzgH3hk%2Fe6YpU69mxv8qAc%3D",
        oauth_signature_method="RSA-SHA1", oauth_timestamp="1407414353", oauth_token="<XERO_CONSUMER_KEY>",
        oauth_version="1.0"
  response:
    status:
      code: 200
      message: OK
    headers:
      Cache-Control:
      - private
      Content-Type:
      - text/xml; charset=utf-8
      Www-Authenticate:
      - OAuth Realm="api.xero.com"
      X-S:
      - 505390-O1VMAP05
      Strict-Transport-Security:
      - max-age=31536000
      Date:
      - Thu, 07 Aug 2014 12:25:50 GMT
      Content-Length:
      - '297'
    body:
      encoding: US-ASCII
      string: ! "<Response xmlns:xsd=\"http://www.w3.org/2001/XMLSchema\" xmlns:xsi=\"http://www.w3.org/2001/XMLSchema-instance\">\r\n
        \ <Id>3d9bc611-83f6-4498-a202-b0341fde17fb</Id>\r\n  <Status>OK</Status>\r\n
        \ <ProviderName>Beardstroke</ProviderName>\r\n  <DateTimeUTC>2014-08-07T12:25:50.7841173Z</DateTimeUTC>\r\n</Response>"
    http_version: 
  recorded_at: Thu, 07 Aug 2014 12:25:55 GMT
- request:
    method: get
    uri: https://api.xero.com/api.xro/2.0/Invoices?where=Contact.ContactID%20=%20GUID(%22cc9af359-134f-4b92-9fc3-369763830d56%22)%20AND%20Status%20!=%20%22DELETED%22
    body:
      encoding: US-ASCII
      string: ''
    headers:
      Charset:
      - utf-8
      Accept:
      - ! '*/*'
      User-Agent:
      - OAuth gem v0.4.7
      Authorization:
      - OAuth oauth_consumer_key="<XERO_CONSUMER_KEY>", oauth_nonce="NWlhQH5b8Da5bKVRbmemBdqJuUgfAxafnrf6X9haE",
        oauth_signature="YhQmFCkX%2B2DxKbxLfMRS3eoow9uZAFRtbJrEOQu5QyZFJkfyXxNh97jdwACXX1SuaNZtJCrkSn6lYxRrrgEfjzlZWfEIh1NnGod7Dy5BbE%2FRGUygE8GyoxR4UA17fClX%2FROkyPjDpGr7iKHjir8rbYk1eU2XmXE5xu9dGM2wNug%3D",
        oauth_signature_method="RSA-SHA1", oauth_timestamp="1407414362", oauth_token="<XERO_CONSUMER_KEY>",
        oauth_version="1.0"
  response:
    status:
      code: 200
      message: OK
    headers:
      Cache-Control:
      - private
      Content-Type:
      - text/xml; charset=utf-8
      Www-Authenticate:
      - OAuth Realm="api.xero.com"
      X-S:
      - 505390-O1VMAP05
      Strict-Transport-Security:
      - max-age=31536000
      Date:
      - Thu, 07 Aug 2014 12:25:59 GMT
      Content-Length:
      - '1219'
    body:
      encoding: US-ASCII
      string: ! "<Response xmlns:xsd=\"http://www.w3.org/2001/XMLSchema\" xmlns:xsi=\"http://www.w3.org/2001/XMLSchema-instance\">\r\n
        \ <Id>3f9c57d3-845b-409f-bef8-1<RESQUE_REDIS_PORT>547b1b1</Id>\r\n  <Status>OK</Status>\r\n
        \ <ProviderName>Beardstroke</ProviderName>\r\n  <DateTimeUTC>2014-08-07T12:25:59.5202853Z</DateTimeUTC>\r\n
        \ <Invoices>\r\n    <Invoice>\r\n      <Contact>\r\n        <ContactID>cc9af359-134f-4b92-9fc3-369763830d56</ContactID>\r\n
        \       <Name>Existing Company Inc.</Name>\r\n      </Contact>\r\n      <Date>2014-08-07T00:00:00</Date>\r\n
        \     <DueDate>2013-03-10T00:00:00</DueDate>\r\n      <Status>DRAFT</Status>\r\n
        \     <LineAmountTypes>Exclusive</LineAmountTypes>\r\n      <SubTotal>2.00</SubTotal>\r\n
        \     <TotalTax>0.40</TotalTax>\r\n      <Total>2.40</Total>\r\n      <UpdatedDateUTC>2014-08-07T12:25:54.887</UpdatedDateUTC>\r\n
        \     <CurrencyCode>GBP</CurrencyCode>\r\n      <Type>ACCREC</Type>\r\n      <InvoiceID>c54f2b16-6f8e-4eca-ae52-fd4a3fbe7b4e</InvoiceID>\r\n
        \     <InvoiceNumber>INV-0076</InvoiceNumber>\r\n      <AmountDue>2.40</AmountDue>\r\n
        \     <AmountPaid>0.00</AmountPaid>\r\n      <AmountCredited>0.00</AmountCredited>\r\n
        \     <CurrencyRate>1.000000</CurrencyRate>\r\n      <HasAttachments>false</HasAttachments>\r\n
        \   </Invoice>\r\n  </Invoices>\r\n</Response>"
    http_version: 
  recorded_at: Thu, 07 Aug 2014 12:26:04 GMT
- request:
    method: get
    uri: https://api.xero.com/api.xro/2.0/Invoices/c54f2b16-6f8e-4eca-ae52-fd4a3fbe7b4e
    body:
      encoding: US-ASCII
      string: ''
    headers:
      Charset:
      - utf-8
      Accept:
      - ! '*/*'
      User-Agent:
      - OAuth gem v0.4.7
      Authorization:
      - OAuth oauth_consumer_key="<XERO_CONSUMER_KEY>", oauth_nonce="JK5aqZlsqxVkVuowIC6D3QVrxgVJA78RM7TM5CE",
        oauth_signature="WqGIJaj1HgVTbvYnLvgrHMLeaUfpkAfZnlpokjX5kB2yWMmwFIZwS2%2BBlXZHjUUltMzjYUg84Gzjl%2B5jxUNFvhgVQ7uUGY373Ox4k%2FVK8bHumpt%2FKeBHY%2F91tRR%2BVnvYB%2FHONE8cqy7l6HUlAXZMj7z6I0kVDqEY41zyNAHNfl4%3D",
        oauth_signature_method="RSA-SHA1", oauth_timestamp="1407414364", oauth_token="<XERO_CONSUMER_KEY>",
        oauth_version="1.0"
  response:
    status:
      code: 200
      message: OK
    headers:
      Cache-Control:
      - private
      Content-Type:
      - text/xml; charset=utf-8
      Www-Authenticate:
      - OAuth Realm="api.xero.com"
      X-S:
      - 505390-O1VMAP05
      Strict-Transport-Security:
      - max-age=31536000
      Date:
      - Thu, 07 Aug 2014 12:26:00 GMT
      Content-Length:
      - '2623'
    body:
      encoding: US-ASCII
      string: ! "<Response xmlns:xsd=\"http://www.w3.org/2001/XMLSchema\" xmlns:xsi=\"http://www.w3.org/2001/XMLSchema-instance\">\r\n
        \ <Id>aea9d0d5-3abb-4802-bfd7-d278d0e999b7</Id>\r\n  <Status>OK</Status>\r\n
        \ <ProviderName>Beardstroke</ProviderName>\r\n  <DateTimeUTC>2014-08-07T12:26:01.1271162Z</DateTimeUTC>\r\n
        \ <Invoices>\r\n    <Invoice>\r\n      <Contact>\r\n        <ContactID>cc9af359-134f-4b92-9fc3-369763830d56</ContactID>\r\n
        \       <ContactStatus>ACTIVE</ContactStatus>\r\n        <Name>Existing Company
        Inc.</Name>\r\n        <Addresses>\r\n          <Address>\r\n            <AddressType>STREET</AddressType>\r\n
        \         </Address>\r\n          <Address>\r\n            <AddressType>POBOX</AddressType>\r\n
        \         </Address>\r\n        </Addresses>\r\n        <Phones>\r\n          <Phone>\r\n
        \           <PhoneType>DEFAULT</PhoneType>\r\n          </Phone>\r\n          <Phone>\r\n
        \           <PhoneType>FAX</PhoneType>\r\n          </Phone>\r\n          <Phone>\r\n
        \           <PhoneType>DDI</PhoneType>\r\n          </Phone>\r\n          <Phone>\r\n
        \           <PhoneType>MOBILE</PhoneType>\r\n          </Phone>\r\n        </Phones>\r\n
        \       <UpdatedDateUTC>2014-08-07T12:25:47.197</UpdatedDateUTC>\r\n        <IsSupplier>false</IsSupplier>\r\n
        \       <IsCustomer>true</IsCustomer>\r\n      </Contact>\r\n      <Date>2014-08-07T00:00:00</Date>\r\n
        \     <DueDate>2013-03-10T00:00:00</DueDate>\r\n      <Status>DRAFT</Status>\r\n
        \     <LineAmountTypes>Exclusive</LineAmountTypes>\r\n      <LineItems>\r\n
        \       <LineItem>\r\n          <Description>Line Item Number 1</Description>\r\n
        \         <UnitAmount>1.00</UnitAmount>\r\n          <TaxType>OUTPUT2</TaxType>\r\n
        \         <TaxAmount>0.20</TaxAmount>\r\n          <LineAmount>1.00</LineAmount>\r\n
        \         <Quantity>1.0000</Quantity>\r\n        </LineItem>\r\n        <LineItem>\r\n
        \         <Description>Line Item Number 2</Description>\r\n          <UnitAmount>1.00</UnitAmount>\r\n
        \         <TaxType>OUTPUT2</TaxType>\r\n          <TaxAmount>0.20</TaxAmount>\r\n
        \         <LineAmount>1.00</LineAmount>\r\n          <Quantity>1.0000</Quantity>\r\n
        \       </LineItem>\r\n      </LineItems>\r\n      <SubTotal>2.00</SubTotal>\r\n
        \     <TotalTax>0.40</TotalTax>\r\n      <Total>2.40</Total>\r\n      <UpdatedDateUTC>2014-08-07T12:25:54.887</UpdatedDateUTC>\r\n
        \     <CurrencyCode>GBP</CurrencyCode>\r\n      <Type>ACCREC</Type>\r\n      <InvoiceID>c54f2b16-6f8e-4eca-ae52-fd4a3fbe7b4e</InvoiceID>\r\n
        \     <InvoiceNumber>INV-0076</InvoiceNumber>\r\n      <AmountDue>2.40</AmountDue>\r\n
        \     <AmountPaid>0.00</AmountPaid>\r\n      <SentToContact>false</SentToContact>\r\n
        \     <CurrencyRate>1.000000</CurrencyRate>\r\n      <HasAttachments>false</HasAttachments>\r\n
        \   </Invoice>\r\n  </Invoices>\r\n</Response>"
    http_version: 
  recorded_at: Thu, 07 Aug 2014 12:26:05 GMT
- request:
    method: get
    uri: https://api.xero.com/api.xro/2.0/Invoices?where=Contact.ContactID%20=%20GUID(%2228670b4b-9b96-4a60-9e73-b3a8af774ce3%22)
    body:
      encoding: US-ASCII
      string: ''
    headers:
      Charset:
      - utf-8
      Accept:
      - ! '*/*'
      User-Agent:
      - OAuth gem v0.4.7
      Authorization:
      - OAuth oauth_consumer_key="<XERO_CONSUMER_KEY>", oauth_nonce="yyGfu0dbg9zuRdqVLf5Jy3WCedlyli8j0vakuEjgmak",
        oauth_signature="SFW03P5p2%2Bud4bvT59bEJqYJkml3izP%2FkkI9OOqWyqSZpM%2B5XKPuEjtU6vaFlSN5CskLfrqJzZ5VCzobXr%2Bbm1jTwWt5%2BnDdldC6v8GHVWrs%2FUSMdp6mz1HUB3J0oehd5%2FBGLZywNAWygFPbEA%2BhQn42KxVKfodvcipPz6mOklM%3D",
        oauth_signature_method="RSA-SHA1", oauth_timestamp="1407414710", oauth_token="<XERO_CONSUMER_KEY>",
        oauth_version="1.0"
  response:
    status:
      code: 200
      message: OK
    headers:
      Cache-Control:
      - private
      Content-Type:
      - text/xml; charset=utf-8
      Www-Authenticate:
      - OAuth Realm="api.xero.com"
      X-S:
      - 505390-O1VMAP05
      Strict-Transport-Security:
      - max-age=31536000
      Date:
      - Thu, 07 Aug 2014 12:31:47 GMT
      Content-Length:
      - '297'
    body:
      encoding: US-ASCII
      string: ! "<Response xmlns:xsd=\"http://www.w3.org/2001/XMLSchema\" xmlns:xsi=\"http://www.w3.org/2001/XMLSchema-instance\">\r\n
        \ <Id>aafc1209-b716-4a24-8692-ad4b030eff53</Id>\r\n  <Status>OK</Status>\r\n
        \ <ProviderName>Beardstroke</ProviderName>\r\n  <DateTimeUTC>2014-08-07T12:31:48.4365951Z</DateTimeUTC>\r\n</Response>"
    http_version: 
  recorded_at: Thu, 07 Aug 2014 12:31:53 GMT
- request:
    method: get
    uri: https://api.xero.com/api.xro/2.0/Invoices?where=Contact.ContactID%20=%20GUID(%2228670b4b-9b96-4a60-9e73-b3a8af774ce3%22)%20AND%20Status%20!=%20%22DELETED%22
    body:
      encoding: US-ASCII
      string: ''
    headers:
      Charset:
      - utf-8
      Accept:
      - ! '*/*'
      User-Agent:
      - OAuth gem v0.4.7
      Authorization:
      - OAuth oauth_consumer_key="<XERO_CONSUMER_KEY>", oauth_nonce="NP5tXSlthLODF6qJLCRaP9S6C3KyUm9XAZTiDhqQ",
        oauth_signature="nqn61y%2BK0hbEtTDWVtdB34GPNW6lT02v3SuwfqoRZE0cKOukLvy9dMBrcPhX9ONtBEGPshiFPy8NAUefaXgDCj6xXY3l%2BMkRPueqdosUpUmF02%2F7VblGINZYIxWV8F0Xkxby89rr9CkdRCT3k3v%2BJVI9N3iuyBSHeLtRLC4uVc8%3D",
        oauth_signature_method="RSA-SHA1", oauth_timestamp="1407414736", oauth_token="<XERO_CONSUMER_KEY>",
        oauth_version="1.0"
  response:
    status:
      code: 200
      message: OK
    headers:
      Cache-Control:
      - private
      Content-Type:
      - text/xml; charset=utf-8
      Www-Authenticate:
      - OAuth Realm="api.xero.com"
      X-S:
      - 505390-O1VMAP05
      Strict-Transport-Security:
      - max-age=31536000
      Date:
      - Thu, 07 Aug 2014 12:32:13 GMT
      Content-Length:
      - '1219'
    body:
      encoding: US-ASCII
      string: ! "<Response xmlns:xsd=\"http://www.w3.org/2001/XMLSchema\" xmlns:xsi=\"http://www.w3.org/2001/XMLSchema-instance\">\r\n
        \ <Id>5e2b6fbc-46da-4329-92d3-7932737a749a</Id>\r\n  <Status>OK</Status>\r\n
        \ <ProviderName>Beardstroke</ProviderName>\r\n  <DateTimeUTC>2014-08-07T12:32:14.1458895Z</DateTimeUTC>\r\n
        \ <Invoices>\r\n    <Invoice>\r\n      <Contact>\r\n        <ContactID>28670b4b-9b96-4a60-9e73-b3a8af774ce3</ContactID>\r\n
        \       <Name>Existing Company Inc.</Name>\r\n      </Contact>\r\n      <Date>2014-08-07T00:00:00</Date>\r\n
        \     <DueDate>2013-03-10T00:00:00</DueDate>\r\n      <Status>DRAFT</Status>\r\n
        \     <LineAmountTypes>Exclusive</LineAmountTypes>\r\n      <SubTotal>2.00</SubTotal>\r\n
        \     <TotalTax>0.40</TotalTax>\r\n      <Total>2.40</Total>\r\n      <UpdatedDateUTC>2014-08-07T12:32:00.637</UpdatedDateUTC>\r\n
        \     <CurrencyCode>GBP</CurrencyCode>\r\n      <Type>ACCREC</Type>\r\n      <InvoiceID>8e6d5497-3fde-4554-894e-f0ac10f2ea23</InvoiceID>\r\n
        \     <InvoiceNumber>INV-0084</InvoiceNumber>\r\n      <AmountDue>2.40</AmountDue>\r\n
        \     <AmountPaid>0.00</AmountPaid>\r\n      <AmountCredited>0.00</AmountCredited>\r\n
        \     <CurrencyRate>1.000000</CurrencyRate>\r\n      <HasAttachments>false</HasAttachments>\r\n
        \   </Invoice>\r\n  </Invoices>\r\n</Response>"
    http_version: 
  recorded_at: Thu, 07 Aug 2014 12:32:19 GMT
- request:
    method: get
    uri: https://api.xero.com/api.xro/2.0/Invoices/8e6d5497-3fde-4554-894e-f0ac10f2ea23
    body:
      encoding: US-ASCII
      string: ''
    headers:
      Charset:
      - utf-8
      Accept:
      - ! '*/*'
      User-Agent:
      - OAuth gem v0.4.7
      Authorization:
      - OAuth oauth_consumer_key="<XERO_CONSUMER_KEY>", oauth_nonce="XpGYCgnt5l5SgAm7fn2Y014MWmUZFoiqdIdFlTHsEMw",
        oauth_signature="E2AHFvDaXyb5QpQjbi1V%2F1Jc%2BB2LZebeVD4p%2FqcrfEwP%2FfY80dfhBtWx3%2Fmu7JDmmzpxSHdgEh7RBP0uLbwISDDktQ%2BaMxOncXPq9AlvBzRSpaDWCTdwvOOmHzlU5%2BUFONvAUPQZnGft26Il6m%2BJnmCepK5W3Lt7D4ZBqsr366A%3D",
        oauth_signature_method="RSA-SHA1", oauth_timestamp="1407414739", oauth_token="<XERO_CONSUMER_KEY>",
        oauth_version="1.0"
  response:
    status:
      code: 200
      message: OK
    headers:
      Cache-Control:
      - private
      Content-Type:
      - text/xml; charset=utf-8
      Www-Authenticate:
      - OAuth Realm="api.xero.com"
      X-S:
      - 505390-O1VMAP05
      Strict-Transport-Security:
      - max-age=31536000
      Date:
      - Thu, 07 Aug 2014 12:32:18 GMT
      Content-Length:
      - '2622'
    body:
      encoding: US-ASCII
      string: ! "<Response xmlns:xsd=\"http://www.w3.org/2001/XMLSchema\" xmlns:xsi=\"http://www.w3.org/2001/XMLSchema-instance\">\r\n
        \ <Id>80920baf-18f1-4632-9491-5d562d2aed90</Id>\r\n  <Status>OK</Status>\r\n
        \ <ProviderName>Beardstroke</ProviderName>\r\n  <DateTimeUTC>2014-08-07T12:32:19.1223852Z</DateTimeUTC>\r\n
        \ <Invoices>\r\n    <Invoice>\r\n      <Contact>\r\n        <ContactID>28670b4b-9b96-4a60-9e73-b3a8af774ce3</ContactID>\r\n
        \       <ContactStatus>ACTIVE</ContactStatus>\r\n        <Name>Existing Company
        Inc.</Name>\r\n        <Addresses>\r\n          <Address>\r\n            <AddressType>STREET</AddressType>\r\n
        \         </Address>\r\n          <Address>\r\n            <AddressType>POBOX</AddressType>\r\n
        \         </Address>\r\n        </Addresses>\r\n        <Phones>\r\n          <Phone>\r\n
        \           <PhoneType>MOBILE</PhoneType>\r\n          </Phone>\r\n          <Phone>\r\n
        \           <PhoneType>DDI</PhoneType>\r\n          </Phone>\r\n          <Phone>\r\n
        \           <PhoneType>FAX</PhoneType>\r\n          </Phone>\r\n          <Phone>\r\n
        \           <PhoneType>DEFAULT</PhoneType>\r\n          </Phone>\r\n        </Phones>\r\n
        \       <UpdatedDateUTC>2014-08-07T12:31:39.56</UpdatedDateUTC>\r\n        <IsSupplier>false</IsSupplier>\r\n
        \       <IsCustomer>true</IsCustomer>\r\n      </Contact>\r\n      <Date>2014-08-07T00:00:00</Date>\r\n
        \     <DueDate>2013-03-10T00:00:00</DueDate>\r\n      <Status>DRAFT</Status>\r\n
        \     <LineAmountTypes>Exclusive</LineAmountTypes>\r\n      <LineItems>\r\n
        \       <LineItem>\r\n          <Description>Line Item Number 1</Description>\r\n
        \         <UnitAmount>1.00</UnitAmount>\r\n          <TaxType>OUTPUT2</TaxType>\r\n
        \         <TaxAmount>0.20</TaxAmount>\r\n          <LineAmount>1.00</LineAmount>\r\n
        \         <Quantity>1.0000</Quantity>\r\n        </LineItem>\r\n        <LineItem>\r\n
        \         <Description>Line Item Number 2</Description>\r\n          <UnitAmount>1.00</UnitAmount>\r\n
        \         <TaxType>OUTPUT2</TaxType>\r\n          <TaxAmount>0.20</TaxAmount>\r\n
        \         <LineAmount>1.00</LineAmount>\r\n          <Quantity>1.0000</Quantity>\r\n
        \       </LineItem>\r\n      </LineItems>\r\n      <SubTotal>2.00</SubTotal>\r\n
        \     <TotalTax>0.40</TotalTax>\r\n      <Total>2.40</Total>\r\n      <UpdatedDateUTC>2014-08-07T12:32:00.637</UpdatedDateUTC>\r\n
        \     <CurrencyCode>GBP</CurrencyCode>\r\n      <Type>ACCREC</Type>\r\n      <InvoiceID>8e6d5497-3fde-4554-894e-f0ac10f2ea23</InvoiceID>\r\n
        \     <InvoiceNumber>INV-0084</InvoiceNumber>\r\n      <AmountDue>2.40</AmountDue>\r\n
        \     <AmountPaid>0.00</AmountPaid>\r\n      <SentToContact>false</SentToContact>\r\n
        \     <CurrencyRate>1.000000</CurrencyRate>\r\n      <HasAttachments>false</HasAttachments>\r\n
        \   </Invoice>\r\n  </Invoices>\r\n</Response>"
    http_version: 
  recorded_at: Thu, 07 Aug 2014 12:32:24 GMT
- request:
    method: put
    uri: https://api.xero.com/api.xro/2.0/Contacts
    body:
      encoding: US-ASCII
      string: xml=%3CContact%3E%0A%20%20%3CName%3EExisting%20Company%20Inc.%3C%2FName%3E%0A%3C%2FContact%3E%0A
    headers:
      Charset:
      - utf-8
      Content-Type:
      - application/x-www-form-urlencoded
      Accept:
      - ! '*/*'
      User-Agent:
      - OAuth gem v0.4.7
      Content-Length:
      - '0'
      Authorization:
      - OAuth oauth_consumer_key="<XERO_CONSUMER_KEY>", oauth_nonce="TxaM7ShEDQCda1GRQJ5i6JIvnO3I5qRTeMtK6Q2nAU",
        oauth_signature="V1UVnuRhMz0EZ94ygS1MIIdoqkl5BXxJ%2BEUkQCtegirQ0gys9KFJB%2B5p1snoVDvQ7rL684jdEGZDLGPWScEf5LY1rJwi8jDXFNwjL6%2F%2FF6CEYq8IEF6e8DY1dOap8203Z98gnbh07oWJin9INXWv8I0JWH%2Fh0wiBybR1WlB9slg%3D",
        oauth_signature_method="RSA-SHA1", oauth_timestamp="1407415928", oauth_token="<XERO_CONSUMER_KEY>",
        oauth_version="1.0"
  response:
    status:
      code: 200
      message: OK
    headers:
      Cache-Control:
      - private
      Content-Type:
      - text/xml; charset=utf-8
      Www-Authenticate:
      - OAuth Realm="api.xero.com"
      X-S:
      - 505390-O1VMAP05
      Strict-Transport-Security:
      - max-age=31536000
      Date:
      - Thu, 07 Aug 2014 12:52:06 GMT
      Content-Length:
      - '1188'
    body:
      encoding: US-ASCII
      string: ! "<Response xmlns:xsd=\"http://www.w3.org/2001/XMLSchema\" xmlns:xsi=\"http://www.w3.org/2001/XMLSchema-instance\">\r\n
        \ <Id>59b21bc0-4709-4f00-bd40-26a0427e0c6f</Id>\r\n  <Status>OK</Status>\r\n
        \ <ProviderName>Beardstroke</ProviderName>\r\n  <DateTimeUTC>2014-08-07T12:52:07.2412332Z</DateTimeUTC>\r\n
        \ <Contacts>\r\n    <Contact>\r\n      <ContactID>045688c6-1c1d-425b-adbc-c338c1d8b9e7</ContactID>\r\n
        \     <ContactStatus>ACTIVE</ContactStatus>\r\n      <Name>Existing Company
        Inc.</Name>\r\n      <Addresses>\r\n        <Address>\r\n          <AddressType>STREET</AddressType>\r\n
        \       </Address>\r\n        <Address>\r\n          <AddressType>POBOX</AddressType>\r\n
        \       </Address>\r\n      </Addresses>\r\n      <Phones>\r\n        <Phone>\r\n
        \         <PhoneType>FAX</PhoneType>\r\n        </Phone>\r\n        <Phone>\r\n
        \         <PhoneType>DEFAULT</PhoneType>\r\n        </Phone>\r\n        <Phone>\r\n
        \         <PhoneType>DDI</PhoneType>\r\n        </Phone>\r\n        <Phone>\r\n
        \         <PhoneType>MOBILE</PhoneType>\r\n        </Phone>\r\n      </Phones>\r\n
        \     <UpdatedDateUTC>2014-08-07T12:52:07.21</UpdatedDateUTC>\r\n      <IsSupplier>false</IsSupplier>\r\n
        \     <IsCustomer>false</IsCustomer>\r\n    </Contact>\r\n  </Contacts>\r\n</Response>"
    http_version: 
  recorded_at: Thu, 07 Aug 2014 12:52:12 GMT
- request:
    method: get
    uri: https://api.xero.com/api.xro/2.0/Contacts?where=Name.ToLower()%20==%20%22existing%20company%20inc.%22
    body:
      encoding: US-ASCII
      string: ''
    headers:
      Charset:
      - utf-8
      Accept:
      - ! '*/*'
      User-Agent:
      - OAuth gem v0.4.7
      Authorization:
      - OAuth oauth_consumer_key="<XERO_CONSUMER_KEY>", oauth_nonce="cIvI3vuQHvg12y2s8qc1p1StSEwazPjJQWYFVLKQbE",
        oauth_signature="HvM8XxoXKKlTl0n7iFmK%2FfPzsHV0Sn1QN8zP3jfrhKel4hRq5KB1jN6VdHF8ZN5pmr%2FAh257V2%2BTFKQi9CZ%2BNysxHA4A0dR0nQhqhqtoa8Yn1iJp%2BWZ2KymyI5z7W7w61QQ2C2ysmb1MltmLg3z9WNsCzVTg7%2BD%2BObrqZqhQ1NQ%3D",
        oauth_signature_method="RSA-SHA1", oauth_timestamp="1407415932", oauth_token="<XERO_CONSUMER_KEY>",
        oauth_version="1.0"
  response:
    status:
      code: 200
      message: OK
    headers:
      Cache-Control:
      - private
      Content-Type:
      - text/xml; charset=utf-8
      Www-Authenticate:
      - OAuth Realm="api.xero.com"
      X-S:
      - 505390-O1VMAP05
      Strict-Transport-Security:
      - max-age=31536000
      Date:
      - Thu, 07 Aug 2014 12:52:12 GMT
      Content-Length:
      - '1234'
    body:
      encoding: US-ASCII
      string: ! "<Response xmlns:xsd=\"http://www.w3.org/2001/XMLSchema\" xmlns:xsi=\"http://www.w3.org/2001/XMLSchema-instance\">\r\n
        \ <Id>780f77af-12c5-43d0-a62c-32a2cf1db045</Id>\r\n  <Status>OK</Status>\r\n
        \ <ProviderName>Beardstroke</ProviderName>\r\n  <DateTimeUTC>2014-08-07T12:52:12.1241271Z</DateTimeUTC>\r\n
        \ <Contacts>\r\n    <Contact>\r\n      <ContactID>045688c6-1c1d-425b-adbc-c338c1d8b9e7</ContactID>\r\n
        \     <ContactStatus>ACTIVE</ContactStatus>\r\n      <Name>Existing Company
        Inc.</Name>\r\n      <Addresses>\r\n        <Address>\r\n          <AddressType>STREET</AddressType>\r\n
        \       </Address>\r\n        <Address>\r\n          <AddressType>POBOX</AddressType>\r\n
        \       </Address>\r\n      </Addresses>\r\n      <Phones>\r\n        <Phone>\r\n
        \         <PhoneType>DDI</PhoneType>\r\n        </Phone>\r\n        <Phone>\r\n
        \         <PhoneType>DEFAULT</PhoneType>\r\n        </Phone>\r\n        <Phone>\r\n
        \         <PhoneType>FAX</PhoneType>\r\n        </Phone>\r\n        <Phone>\r\n
        \         <PhoneType>MOBILE</PhoneType>\r\n        </Phone>\r\n      </Phones>\r\n
        \     <UpdatedDateUTC>2014-08-07T12:52:07.21</UpdatedDateUTC>\r\n      <IsSupplier>false</IsSupplier>\r\n
        \     <IsCustomer>false</IsCustomer>\r\n      <HasAttachments>false</HasAttachments>\r\n
        \   </Contact>\r\n  </Contacts>\r\n</Response>"
    http_version: 
  recorded_at: Thu, 07 Aug 2014 12:52:17 GMT
- request:
    method: get
    uri: https://api.xero.com/api.xro/2.0/Invoices?where=Contact.ContactID%20=%20GUID(%22045688c6-1c1d-425b-adbc-c338c1d8b9e7%22)
    body:
      encoding: US-ASCII
      string: ''
    headers:
      Charset:
      - utf-8
      Accept:
      - ! '*/*'
      User-Agent:
      - OAuth gem v0.4.7
      Authorization:
      - OAuth oauth_consumer_key="<XERO_CONSUMER_KEY>", oauth_nonce="ND4k81mtiYwib2tsyqwsW2kENZkdVIcBurnwfAyd1Y",
        oauth_signature="udvdEtCEWp7D5iYS2zKu7wJROiX1os3Ivdpyff%2FDVx6I21soXSGX3x0%2BC9SjI92crwd8nquh%2FF5YpGLv6yeQd6N7VfnlsYG%2BjhVjLIEAbndkWmMG%2Bbq3GCcwv7kwL2cc3Xdyt%2FyR5nOJcuvtcSD64WAqKGZpSjjbqspzBJB7XGM%3D",
        oauth_signature_method="RSA-SHA1", oauth_timestamp="1407415937", oauth_token="<XERO_CONSUMER_KEY>",
        oauth_version="1.0"
  response:
    status:
      code: 200
      message: OK
    headers:
      Cache-Control:
      - private
      Content-Type:
      - text/xml; charset=utf-8
      Www-Authenticate:
      - OAuth Realm="api.xero.com"
      X-S:
      - 505390-O1VMAP05
      Strict-Transport-Security:
      - max-age=31536000
      Date:
      - Thu, 07 Aug 2014 12:52:15 GMT
      Content-Length:
      - '297'
    body:
      encoding: US-ASCII
      string: ! "<Response xmlns:xsd=\"http://www.w3.org/2001/XMLSchema\" xmlns:xsi=\"http://www.w3.org/2001/XMLSchema-instance\">\r\n
        \ <Id>edc6525f-78d4-4ebe-99bd-750193af87f3</Id>\r\n  <Status>OK</Status>\r\n
        \ <ProviderName>Beardstroke</ProviderName>\r\n  <DateTimeUTC>2014-08-07T12:52:15.9462006Z</DateTimeUTC>\r\n</Response>"
    http_version: 
  recorded_at: Thu, 07 Aug 2014 12:52:21 GMT
- request:
    method: put
    uri: https://api.xero.com/api.xro/2.0/Invoices
    body:
      encoding: US-ASCII
      string: xml=%3CInvoice%3E%0A%20%20%3CType%3EACCREC%3C%2FType%3E%0A%20%20%3CContact%3E%0A%20%20%20%20%3CContactID%3E045688c6-1c1d-425b-adbc-c338c1d8b9e7%3C%2FContactID%3E%0A%20%20%20%20%3CContactStatus%3EACTIVE%3C%2FContactStatus%3E%0A%20%20%20%20%3CName%3EExisting%20Company%20Inc.%3C%2FName%3E%0A%20%20%20%20%3CAddresses%3E%0A%20%20%20%20%20%20%3CAddress%3E%0A%20%20%20%20%20%20%20%20%3CAddressType%3ESTREET%3C%2FAddressType%3E%0A%20%20%20%20%20%20%3C%2FAddress%3E%0A%20%20%20%20%20%20%3CAddress%3E%0A%20%20%20%20%20%20%20%20%3CAddressType%3EPOBOX%3C%2FAddressType%3E%0A%20%20%20%20%20%20%3C%2FAddress%3E%0A%20%20%20%20%3C%2FAddresses%3E%0A%20%20%20%20%3CPhones%3E%0A%20%20%20%20%20%20%3CPhone%3E%0A%20%20%20%20%20%20%20%20%3CPhoneType%3EDDI%3C%2FPhoneType%3E%0A%20%20%20%20%20%20%3C%2FPhone%3E%0A%20%20%20%20%20%20%3CPhone%3E%0A%20%20%20%20%20%20%20%20%3CPhoneType%3EDEFAULT%3C%2FPhoneType%3E%0A%20%20%20%20%20%20%3C%2FPhone%3E%0A%20%20%20%20%20%20%3CPhone%3E%0A%20%20%20%20%20%20%20%20%3CPhoneType%3EFAX%3C%2FPhoneType%3E%0A%20%20%20%20%20%20%3C%2FPhone%3E%0A%20%20%20%20%20%20%3CPhone%3E%0A%20%20%20%20%20%20%20%20%3CPhoneType%3EMOBILE%3C%2FPhoneType%3E%0A%20%20%20%20%20%20%3C%2FPhone%3E%0A%20%20%20%20%3C%2FPhones%3E%0A%20%20%20%20%3CUpdatedDateUTC%3E2014-08-07T11%3A52%3A07%3C%2FUpdatedDateUTC%3E%0A%20%20%20%20%3CIsSupplier%3Efalse%3C%2FIsSupplier%3E%0A%20%20%20%20%3CIsCustomer%3Efalse%3C%2FIsCustomer%3E%0A%20%20%3C%2FContact%3E%0A%20%20%3CDueDate%3E2013-03-10%3C%2FDueDate%3E%0A%20%20%3CStatus%3EDRAFT%3C%2FStatus%3E%0A%20%20%3CLineItems%3E%0A%20%20%20%20%3CLineItem%3E%0A%20%20%20%20%20%20%3CDescription%3ELine%20Item%20Number%201%3C%2FDescription%3E%0A%20%20%20%20%20%20%3CUnitAmount%3E1.0%3C%2FUnitAmount%3E%0A%20%20%20%20%20%20%3CTaxType%3EOUTPUT2%3C%2FTaxType%3E%0A%20%20%20%20%3C%2FLineItem%3E%0A%20%20%20%20%3CLineItem%3E%0A%20%20%20%20%20%20%3CDescription%3ELine%20Item%20Number%202%3C%2FDescription%3E%0A%20%20%20%20%20%20%3CUnitAmount%3E1.0%3C%2FUnitAmount%3E%0A%20%20%20%20%20%20%3CTaxType%3EOUTPUT2%3C%2FTaxType%3E%0A%20%20%20%20%3C%2FLineItem%3E%0A%20%20%3C%2FLineItems%3E%0A%3C%2FInvoice%3E%0A
    headers:
      Charset:
      - utf-8
      Content-Type:
      - application/x-www-form-urlencoded
      Accept:
      - ! '*/*'
      User-Agent:
      - OAuth gem v0.4.7
      Content-Length:
      - '0'
      Authorization:
      - OAuth oauth_consumer_key="<XERO_CONSUMER_KEY>", oauth_nonce="OZeCt4GbRLpyC2oUizjkYauzqXtM6Q7JeCqx1KUGQ",
        oauth_signature="ipXbfZ%2FzWyVI0DcFWOCVBRCmUJH2CbLhx1k3MVmGIijrR7yOS9Yv1tfjbkwGBpABMumlLXpKDfxJclEynKMirRy6vKn2i3C5fwYNUIQTFi581iQiuMK8mQoojxVqSXBBmmbg3tL65fnYU2ce4NfGXQCgOADEhG%2F4EFMkP8t4K%2B0%3D",
        oauth_signature_method="RSA-SHA1", oauth_timestamp="1407415941", oauth_token="<XERO_CONSUMER_KEY>",
        oauth_version="1.0"
  response:
    status:
      code: 200
      message: OK
    headers:
      Cache-Control:
      - private
      Content-Type:
      - text/xml; charset=utf-8
      Www-Authenticate:
      - OAuth Realm="api.xero.com"
      X-S:
      - 505390-O1VMAP05
      Strict-Transport-Security:
      - max-age=31536000
      Date:
      - Thu, 07 Aug 2014 12:52:21 GMT
      Content-Length:
      - '2575'
    body:
      encoding: US-ASCII
      string: ! "<Response xmlns:xsd=\"http://www.w3.org/2001/XMLSchema\" xmlns:xsi=\"http://www.w3.org/2001/XMLSchema-instance\">\r\n
        \ <Id>addc0e78-115f-4987-b5fa-bf30129aec39</Id>\r\n  <Status>OK</Status>\r\n
        \ <ProviderName>Beardstroke</ProviderName>\r\n  <DateTimeUTC>2014-08-07T12:52:21.5779089Z</DateTimeUTC>\r\n
        \ <Invoices>\r\n    <Invoice>\r\n      <Contact>\r\n        <ContactID>045688c6-1c1d-425b-adbc-c338c1d8b9e7</ContactID>\r\n
        \       <ContactStatus>ACTIVE</ContactStatus>\r\n        <Name>Existing Company
        Inc.</Name>\r\n        <Addresses>\r\n          <Address>\r\n            <AddressType>STREET</AddressType>\r\n
        \         </Address>\r\n          <Address>\r\n            <AddressType>POBOX</AddressType>\r\n
        \         </Address>\r\n        </Addresses>\r\n        <Phones>\r\n          <Phone>\r\n
        \           <PhoneType>FAX</PhoneType>\r\n          </Phone>\r\n          <Phone>\r\n
        \           <PhoneType>DEFAULT</PhoneType>\r\n          </Phone>\r\n          <Phone>\r\n
        \           <PhoneType>DDI</PhoneType>\r\n          </Phone>\r\n          <Phone>\r\n
        \           <PhoneType>MOBILE</PhoneType>\r\n          </Phone>\r\n        </Phones>\r\n
        \       <UpdatedDateUTC>2014-08-07T12:52:07.21</UpdatedDateUTC>\r\n        <IsSupplier>false</IsSupplier>\r\n
        \       <IsCustomer>true</IsCustomer>\r\n      </Contact>\r\n      <Date>2014-08-07T00:00:00</Date>\r\n
        \     <DueDate>2013-03-10T00:00:00</DueDate>\r\n      <Status>DRAFT</Status>\r\n
        \     <LineAmountTypes>Exclusive</LineAmountTypes>\r\n      <LineItems>\r\n
        \       <LineItem>\r\n          <Description>Line Item Number 1</Description>\r\n
        \         <UnitAmount>1.00</UnitAmount>\r\n          <TaxType>OUTPUT2</TaxType>\r\n
        \         <TaxAmount>0.20</TaxAmount>\r\n          <LineAmount>1.00</LineAmount>\r\n
        \         <Quantity>1.0000</Quantity>\r\n        </LineItem>\r\n        <LineItem>\r\n
        \         <Description>Line Item Number 2</Description>\r\n          <UnitAmount>1.00</UnitAmount>\r\n
        \         <TaxType>OUTPUT2</TaxType>\r\n          <TaxAmount>0.20</TaxAmount>\r\n
        \         <LineAmount>1.00</LineAmount>\r\n          <Quantity>1.0000</Quantity>\r\n
        \       </LineItem>\r\n      </LineItems>\r\n      <SubTotal>2.00</SubTotal>\r\n
        \     <TotalTax>0.40</TotalTax>\r\n      <Total>2.40</Total>\r\n      <UpdatedDateUTC>2014-08-07T12:52:21.53</UpdatedDateUTC>\r\n
        \     <CurrencyCode>GBP</CurrencyCode>\r\n      <Type>ACCREC</Type>\r\n      <InvoiceID>9cb4c114-c790-4581-bd84-8b9e596edc6c</InvoiceID>\r\n
        \     <InvoiceNumber>INV-0103</InvoiceNumber>\r\n      <AmountDue>2.40</AmountDue>\r\n
        \     <AmountPaid>0.00</AmountPaid>\r\n      <SentToContact>false</SentToContact>\r\n
        \     <CurrencyRate>1.000000</CurrencyRate>\r\n    </Invoice>\r\n  </Invoices>\r\n</Response>"
    http_version: 
  recorded_at: Thu, 07 Aug 2014 12:52:27 GMT
- request:
    method: post
    uri: https://api.xero.com/api.xro/2.0/Invoices
    body:
      encoding: US-ASCII
      string: xml=%3CInvoice%3E%0A%20%20%3CInvoice%3E%0A%20%20%20%20%3CContactID%3E045688c6-1c1d-425b-adbc-c338c1d8b9e7%3C%2FContactID%3E%0A%20%20%20%20%3CContactStatus%3EACTIVE%3C%2FContactStatus%3E%0A%20%20%20%20%3CName%3EExisting%20Company%20Inc.%3C%2FName%3E%0A%20%20%20%20%3CAddresses%3E%0A%20%20%20%20%20%20%3CAddress%3E%0A%20%20%20%20%20%20%20%20%3CAddressType%3ESTREET%3C%2FAddressType%3E%0A%20%20%20%20%20%20%3C%2FAddress%3E%0A%20%20%20%20%20%20%3CAddress%3E%0A%20%20%20%20%20%20%20%20%3CAddressType%3EPOBOX%3C%2FAddressType%3E%0A%20%20%20%20%20%20%3C%2FAddress%3E%0A%20%20%20%20%3C%2FAddresses%3E%0A%20%20%20%20%3CPhones%3E%0A%20%20%20%20%20%20%3CPhone%3E%0A%20%20%20%20%20%20%20%20%3CPhoneType%3EFAX%3C%2FPhoneType%3E%0A%20%20%20%20%20%20%3C%2FPhone%3E%0A%20%20%20%20%20%20%3CPhone%3E%0A%20%20%20%20%20%20%20%20%3CPhoneType%3EDEFAULT%3C%2FPhoneType%3E%0A%20%20%20%20%20%20%3C%2FPhone%3E%0A%20%20%20%20%20%20%3CPhone%3E%0A%20%20%20%20%20%20%20%20%3CPhoneType%3EDDI%3C%2FPhoneType%3E%0A%20%20%20%20%20%20%3C%2FPhone%3E%0A%20%20%20%20%20%20%3CPhone%3E%0A%20%20%20%20%20%20%20%20%3CPhoneType%3EMOBILE%3C%2FPhoneType%3E%0A%20%20%20%20%20%20%3C%2FPhone%3E%0A%20%20%20%20%3C%2FPhones%3E%0A%20%20%20%20%3CUpdatedDateUTC%3E2014-08-07T11%3A52%3A07%3C%2FUpdatedDateUTC%3E%0A%20%20%20%20%3CIsSupplier%3Efalse%3C%2FIsSupplier%3E%0A%20%20%20%20%3CIsCustomer%3Etrue%3C%2FIsCustomer%3E%0A%20%20%3C%2FInvoice%3E%0A%20%20%3CDate%3E2014-08-07%3C%2FDate%3E%0A%20%20%3CDueDate%3E2013-03-10%3C%2FDueDate%3E%0A%20%20%3CStatus%3EDRAFT%3C%2FStatus%3E%0A%20%20%3CLineAmountTypes%3EExclusive%3C%2FLineAmountTypes%3E%0A%20%20%3CLineItems%3E%0A%20%20%20%20%3CLineItem%3E%0A%20%20%20%20%20%20%3CDescription%3ELine%20Item%20Number%201%3C%2FDescription%3E%0A%20%20%20%20%20%20%3CUnitAmount%3E1.0%3C%2FUnitAmount%3E%0A%20%20%20%20%20%20%3CTaxType%3EOUTPUT2%3C%2FTaxType%3E%0A%20%20%20%20%20%20%3CTaxAmount%3E0.2%3C%2FTaxAmount%3E%0A%20%20%20%20%20%20%3CLineAmount%3E1.0%3C%2FLineAmount%3E%0A%20%20%20%20%20%20%3CQuantity%3E1.0%3C%2FQuantity%3E%0A%20%20%20%20%3C%2FLineItem%3E%0A%20%20%20%20%3CLineItem%3E%0A%20%20%20%20%20%20%3CDescription%3ELine%20Item%20Number%202%3C%2FDescription%3E%0A%20%20%20%20%20%20%3CUnitAmount%3E1.0%3C%2FUnitAmount%3E%0A%20%20%20%20%20%20%3CTaxType%3EOUTPUT2%3C%2FTaxType%3E%0A%20%20%20%20%20%20%3CTaxAmount%3E0.2%3C%2FTaxAmount%3E%0A%20%20%20%20%20%20%3CLineAmount%3E1.0%3C%2FLineAmount%3E%0A%20%20%20%20%20%20%3CQuantity%3E1.0%3C%2FQuantity%3E%0A%20%20%20%20%3C%2FLineItem%3E%0A%20%20%3C%2FLineItems%3E%0A%20%20%3CSubTotal%3E2.0%3C%2FSubTotal%3E%0A%20%20%3CTotalTax%3E0.4%3C%2FTotalTax%3E%0A%20%20%3CTotal%3E2.4%3C%2FTotal%3E%0A%20%20%3CUpdatedDateUTC%3E2014-08-07T11%3A52%3A21%3C%2FUpdatedDateUTC%3E%0A%20%20%3CCurrencyCode%3EGBP%3C%2FCurrencyCode%3E%0A%20%20%3CType%3EACCREC%3C%2FType%3E%0A%20%20%3CInvoiceID%3E9cb4c114-c790-4581-bd84-8b9e596edc6c%3C%2FInvoiceID%3E%0A%20%20%3CInvoiceNumber%3EINV-0103%3C%2FInvoiceNumber%3E%0A%20%20%3CAmountDue%3E2.4%3C%2FAmountDue%3E%0A%20%20%3CAmountPaid%3E0.0%3C%2FAmountPaid%3E%0A%20%20%3CSentToContact%3Efalse%3C%2FSentToContact%3E%0A%3C%2FInvoice%3E%0A
    headers:
      Charset:
      - utf-8
      Content-Type:
      - application/x-www-form-urlencoded
      Accept:
      - ! '*/*'
      User-Agent:
      - OAuth gem v0.4.7
      Content-Length:
      - '0'
      Authorization:
      - OAuth oauth_consumer_key="<XERO_CONSUMER_KEY>", oauth_nonce="u33kC84F5s0ymjySEjR4xvPE6QEQKx89MpALGY75o",
        oauth_signature="F8Sb8NJUMorhd98arbrZxK7TZ1mc0f%2FALD%2FoOLGuJdgLP%2F%2FoKvelVu%2BEiV05guYxVsbRmeO1EpqC9ezg2TsaSpCk6FViwWsI%2BRSiTjzs4EDQxNEtaXmHaoH%2Fu4xiKFhbGQvBRPiWTTN7N%2BHV4QHGd2GXoybbxh3bJQxUsZSGSWU%3D",
        oauth_signature_method="RSA-SHA1", oauth_timestamp="1407415947", oauth_token="<XERO_CONSUMER_KEY>",
        oauth_version="1.0"
  response:
    status:
      code: 200
      message: OK
    headers:
      Cache-Control:
      - private
      Content-Type:
      - text/xml; charset=utf-8
      Www-Authenticate:
      - OAuth Realm="api.xero.com"
      X-S:
      - 505390-O1VMAP05
      Strict-Transport-Security:
      - max-age=31536000
      Date:
      - Thu, 07 Aug 2014 12:52:25 GMT
      Content-Length:
      - '2739'
    body:
      encoding: US-ASCII
      string: ! "<Response xmlns:xsd=\"http://www.w3.org/2001/XMLSchema\" xmlns:xsi=\"http://www.w3.org/2001/XMLSchema-instance\">\r\n
        \ <Id>145dd32d-4c45-40d6-b019-53ddd304f30c</Id>\r\n  <Status>OK</Status>\r\n
        \ <ProviderName>Beardstroke</ProviderName>\r\n  <DateTimeUTC>2014-08-07T12:52:25.9303926Z</DateTimeUTC>\r\n
        \ <Invoices>\r\n    <Invoice>\r\n      <Warnings>\r\n        <Warning>\r\n
        \         <Message>Only AUTHORISED invoices may have SentToContact updated.</Message>\r\n
        \       </Warning>\r\n      </Warnings>\r\n      <Contact>\r\n        <ContactID>045688c6-1c1d-425b-adbc-c338c1d8b9e7</ContactID>\r\n
        \       <ContactStatus>ACTIVE</ContactStatus>\r\n        <Name>Existing Company
        Inc.</Name>\r\n        <Addresses>\r\n          <Address>\r\n            <AddressType>STREET</AddressType>\r\n
        \         </Address>\r\n          <Address>\r\n            <AddressType>POBOX</AddressType>\r\n
        \         </Address>\r\n        </Addresses>\r\n        <Phones>\r\n          <Phone>\r\n
        \           <PhoneType>FAX</PhoneType>\r\n          </Phone>\r\n          <Phone>\r\n
        \           <PhoneType>DEFAULT</PhoneType>\r\n          </Phone>\r\n          <Phone>\r\n
        \           <PhoneType>DDI</PhoneType>\r\n          </Phone>\r\n          <Phone>\r\n
        \           <PhoneType>MOBILE</PhoneType>\r\n          </Phone>\r\n        </Phones>\r\n
        \       <UpdatedDateUTC>2014-08-07T12:52:07.21</UpdatedDateUTC>\r\n        <IsSupplier>false</IsSupplier>\r\n
        \       <IsCustomer>true</IsCustomer>\r\n      </Contact>\r\n      <Date>2014-08-07T00:00:00</Date>\r\n
        \     <DueDate>2013-03-10T00:00:00</DueDate>\r\n      <Status>DRAFT</Status>\r\n
        \     <LineAmountTypes>Exclusive</LineAmountTypes>\r\n      <LineItems>\r\n
        \       <LineItem>\r\n          <Description>Line Item Number 1</Description>\r\n
        \         <UnitAmount>1.00</UnitAmount>\r\n          <TaxType>OUTPUT2</TaxType>\r\n
        \         <TaxAmount>0.20</TaxAmount>\r\n          <LineAmount>1.00</LineAmount>\r\n
        \         <Quantity>1.0000</Quantity>\r\n        </LineItem>\r\n        <LineItem>\r\n
        \         <Description>Line Item Number 2</Description>\r\n          <UnitAmount>1.00</UnitAmount>\r\n
        \         <TaxType>OUTPUT2</TaxType>\r\n          <TaxAmount>0.20</TaxAmount>\r\n
        \         <LineAmount>1.00</LineAmount>\r\n          <Quantity>1.0000</Quantity>\r\n
        \       </LineItem>\r\n      </LineItems>\r\n      <SubTotal>2.00</SubTotal>\r\n
        \     <TotalTax>0.40</TotalTax>\r\n      <Total>2.40</Total>\r\n      <UpdatedDateUTC>2014-08-07T12:52:25.883</UpdatedDateUTC>\r\n
        \     <CurrencyCode>GBP</CurrencyCode>\r\n      <Type>ACCREC</Type>\r\n      <InvoiceID>9cb4c114-c790-4581-bd84-8b9e596edc6c</InvoiceID>\r\n
        \     <InvoiceNumber>INV-0103</InvoiceNumber>\r\n      <AmountDue>2.40</AmountDue>\r\n
        \     <AmountPaid>0.00</AmountPaid>\r\n      <SentToContact>false</SentToContact>\r\n
        \     <CurrencyRate>1.000000</CurrencyRate>\r\n    </Invoice>\r\n  </Invoices>\r\n</Response>"
    http_version: 
  recorded_at: Thu, 07 Aug 2014 12:52:31 GMT
- request:
    method: get
    uri: https://api.xero.com/api.xro/2.0/Contacts?where=Name%20==%20%22Existing%20Company%20Inc.%22
    body:
      encoding: US-ASCII
      string: ''
    headers:
      Charset:
      - utf-8
      Accept:
      - ! '*/*'
      User-Agent:
      - OAuth gem v0.4.7
      Authorization:
      - OAuth oauth_consumer_key="<XERO_CONSUMER_KEY>", oauth_nonce="Ck5hMZ8MuE6pvuf0SNMkwKqMy9b9AQ1Seb9OGuM",
        oauth_signature="HIOe6u7VtjOiwr%2BUijKpU0M0AvTVpZKsC8cheLGY%2F5usUs45%2Bnmss57R8ZOuIycTb%2FAsbFlWMgR1%2F3x7e8IB8BGdHV4D6ekLQFIWUQG%2FVz%2BZz4WdNXrb3AEsjCFKfMoPf1ryO%2BJQoKVvP9UsAoVYVH9WYQ26%2BKQzNEcg7M1%2BGuo%3D",
        oauth_signature_method="RSA-SHA1", oauth_timestamp="1407415951", oauth_token="<XERO_CONSUMER_KEY>",
        oauth_version="1.0"
  response:
    status:
      code: 200
      message: OK
    headers:
      Cache-Control:
      - private
      Content-Type:
      - text/xml; charset=utf-8
      Www-Authenticate:
      - OAuth Realm="api.xero.com"
      X-S:
      - 505390-O1VMAP05
      Strict-Transport-Security:
      - max-age=31536000
      Date:
      - Thu, 07 Aug 2014 12:52:28 GMT
      Content-Length:
      - '1233'
    body:
      encoding: US-ASCII
      string: ! "<Response xmlns:xsd=\"http://www.w3.org/2001/XMLSchema\" xmlns:xsi=\"http://www.w3.org/2001/XMLSchema-instance\">\r\n
        \ <Id>ac6cbffd-8002-45e7-a891-f816efe017ef</Id>\r\n  <Status>OK</Status>\r\n
        \ <ProviderName>Beardstroke</ProviderName>\r\n  <DateTimeUTC>2014-08-07T12:52:29.0504526Z</DateTimeUTC>\r\n
        \ <Contacts>\r\n    <Contact>\r\n      <ContactID>045688c6-1c1d-425b-adbc-c338c1d8b9e7</ContactID>\r\n
        \     <ContactStatus>ACTIVE</ContactStatus>\r\n      <Name>Existing Company
        Inc.</Name>\r\n      <Addresses>\r\n        <Address>\r\n          <AddressType>STREET</AddressType>\r\n
        \       </Address>\r\n        <Address>\r\n          <AddressType>POBOX</AddressType>\r\n
        \       </Address>\r\n      </Addresses>\r\n      <Phones>\r\n        <Phone>\r\n
        \         <PhoneType>DDI</PhoneType>\r\n        </Phone>\r\n        <Phone>\r\n
        \         <PhoneType>DEFAULT</PhoneType>\r\n        </Phone>\r\n        <Phone>\r\n
        \         <PhoneType>FAX</PhoneType>\r\n        </Phone>\r\n        <Phone>\r\n
        \         <PhoneType>MOBILE</PhoneType>\r\n        </Phone>\r\n      </Phones>\r\n
        \     <UpdatedDateUTC>2014-08-07T12:52:07.21</UpdatedDateUTC>\r\n      <IsSupplier>false</IsSupplier>\r\n
        \     <IsCustomer>true</IsCustomer>\r\n      <HasAttachments>false</HasAttachments>\r\n
        \   </Contact>\r\n  </Contacts>\r\n</Response>"
    http_version: 
  recorded_at: Thu, 07 Aug 2014 12:52:34 GMT
- request:
    method: get
    uri: https://api.xero.com/api.xro/2.0/Invoices?where=Contact.ContactID%20=%20GUID(%22045688c6-1c1d-425b-adbc-c338c1d8b9e7%22)%20AND%20Status%20!=%20%22DELETED%22
    body:
      encoding: US-ASCII
      string: ''
    headers:
      Charset:
      - utf-8
      Accept:
      - ! '*/*'
      User-Agent:
      - OAuth gem v0.4.7
      Authorization:
      - OAuth oauth_consumer_key="<XERO_CONSUMER_KEY>", oauth_nonce="zi4LT6F4wqNFEWUl3AabKOCmB4ZfGSCc1wu5k47EOjc",
        oauth_signature="YOjat08R%2Fcx8C%2BKCQX7KglB3XluUFBvDE%2F8gI9x1aaATrlUfmT72KRjeDDwPgBSMqZBQjjUiRHVZ3GcvseHP4kLdM8rO3d%2BaP7sEMEJSWyet5zdTkGHVfbNoVX2s1S3Ldpy%2FWttRqmQ5K2hNXANJRj55E7%2Furw6kiVmASCNXmas%3D",
        oauth_signature_method="RSA-SHA1", oauth_timestamp="1407415954", oauth_token="<XERO_CONSUMER_KEY>",
        oauth_version="1.0"
  response:
    status:
      code: 200
      message: OK
    headers:
      Cache-Control:
      - private
      Content-Type:
      - text/xml; charset=utf-8
      Www-Authenticate:
      - OAuth Realm="api.xero.com"
      X-S:
      - 505390-O1VMAP05
      Strict-Transport-Security:
      - max-age=31536000
      Date:
      - Thu, 07 Aug 2014 12:52:31 GMT
      Content-Length:
      - '1219'
    body:
      encoding: US-ASCII
      string: ! "<Response xmlns:xsd=\"http://www.w3.org/2001/XMLSchema\" xmlns:xsi=\"http://www.w3.org/2001/XMLSchema-instance\">\r\n
        \ <Id>45512212-1ddb-4312-93b2-d73b35901420</Id>\r\n  <Status>OK</Status>\r\n
        \ <ProviderName>Beardstroke</ProviderName>\r\n  <DateTimeUTC>2014-08-07T12:52:31.4060979Z</DateTimeUTC>\r\n
        \ <Invoices>\r\n    <Invoice>\r\n      <Contact>\r\n        <ContactID>045688c6-1c1d-425b-adbc-c338c1d8b9e7</ContactID>\r\n
        \       <Name>Existing Company Inc.</Name>\r\n      </Contact>\r\n      <Date>2014-08-07T00:00:00</Date>\r\n
        \     <DueDate>2013-03-10T00:00:00</DueDate>\r\n      <Status>DRAFT</Status>\r\n
        \     <LineAmountTypes>Exclusive</LineAmountTypes>\r\n      <SubTotal>2.00</SubTotal>\r\n
        \     <TotalTax>0.40</TotalTax>\r\n      <Total>2.40</Total>\r\n      <UpdatedDateUTC>2014-08-07T12:52:25.883</UpdatedDateUTC>\r\n
        \     <CurrencyCode>GBP</CurrencyCode>\r\n      <Type>ACCREC</Type>\r\n      <InvoiceID>9cb4c114-c790-4581-bd84-8b9e596edc6c</InvoiceID>\r\n
        \     <InvoiceNumber>INV-0103</InvoiceNumber>\r\n      <AmountDue>2.40</AmountDue>\r\n
        \     <AmountPaid>0.00</AmountPaid>\r\n      <AmountCredited>0.00</AmountCredited>\r\n
        \     <CurrencyRate>1.000000</CurrencyRate>\r\n      <HasAttachments>false</HasAttachments>\r\n
        \   </Invoice>\r\n  </Invoices>\r\n</Response>"
    http_version: 
  recorded_at: Thu, 07 Aug 2014 12:52:36 GMT
- request:
    method: get
    uri: https://api.xero.com/api.xro/2.0/Invoices/9cb4c114-c790-4581-bd84-8b9e596edc6c
    body:
      encoding: US-ASCII
      string: ''
    headers:
      Charset:
      - utf-8
      Accept:
      - ! '*/*'
      User-Agent:
      - OAuth gem v0.4.7
      Authorization:
      - OAuth oauth_consumer_key="<XERO_CONSUMER_KEY>", oauth_nonce="ZM5KCnEKVGk08jxDl4UuYh5xG5e21o1GByAPgQPWoY",
        oauth_signature="eSolVoXGRRXEYBModem0zCdtUEbTaoyJjbF3Id3KxbXV%2FglL6GI56SUFUh9DbHF07Nr0sUHCYR%2FBtLNPxyesj%2BPcVWmflDUJWNxZLvUEtGZBsQiT7PvneYG%2FedrjtLh16LOBQploq9iF2qV5KAvGVFL9WMhOCFvbATuj2Ko7mrI%3D",
        oauth_signature_method="RSA-SHA1", oauth_timestamp="1407415956", oauth_token="<XERO_CONSUMER_KEY>",
        oauth_version="1.0"
  response:
    status:
      code: 200
      message: OK
    headers:
      Cache-Control:
      - private
      Content-Type:
      - text/xml; charset=utf-8
      Www-Authenticate:
      - OAuth Realm="api.xero.com"
      X-S:
      - 505390-O1VMAP05
      Strict-Transport-Security:
      - max-age=31536000
      Date:
      - Thu, 07 Aug 2014 12:52:33 GMT
      Content-Length:
      - '2622'
    body:
      encoding: US-ASCII
      string: ! "<Response xmlns:xsd=\"http://www.w3.org/2001/XMLSchema\" xmlns:xsi=\"http://www.w3.org/2001/XMLSchema-instance\">\r\n
        \ <Id>18a4c433-f88b-4e54-98d6-b1e89ce2e7ca</Id>\r\n  <Status>OK</Status>\r\n
        \ <ProviderName>Beardstroke</ProviderName>\r\n  <DateTimeUTC>2014-08-07T12:52:34.6509603Z</DateTimeUTC>\r\n
        \ <Invoices>\r\n    <Invoice>\r\n      <Contact>\r\n        <ContactID>045688c6-1c1d-425b-adbc-c338c1d8b9e7</ContactID>\r\n
        \       <ContactStatus>ACTIVE</ContactStatus>\r\n        <Name>Existing Company
        Inc.</Name>\r\n        <Addresses>\r\n          <Address>\r\n            <AddressType>STREET</AddressType>\r\n
        \         </Address>\r\n          <Address>\r\n            <AddressType>POBOX</AddressType>\r\n
        \         </Address>\r\n        </Addresses>\r\n        <Phones>\r\n          <Phone>\r\n
        \           <PhoneType>FAX</PhoneType>\r\n          </Phone>\r\n          <Phone>\r\n
        \           <PhoneType>DEFAULT</PhoneType>\r\n          </Phone>\r\n          <Phone>\r\n
        \           <PhoneType>DDI</PhoneType>\r\n          </Phone>\r\n          <Phone>\r\n
        \           <PhoneType>MOBILE</PhoneType>\r\n          </Phone>\r\n        </Phones>\r\n
        \       <UpdatedDateUTC>2014-08-07T12:52:07.21</UpdatedDateUTC>\r\n        <IsSupplier>false</IsSupplier>\r\n
        \       <IsCustomer>true</IsCustomer>\r\n      </Contact>\r\n      <Date>2014-08-07T00:00:00</Date>\r\n
        \     <DueDate>2013-03-10T00:00:00</DueDate>\r\n      <Status>DRAFT</Status>\r\n
        \     <LineAmountTypes>Exclusive</LineAmountTypes>\r\n      <LineItems>\r\n
        \       <LineItem>\r\n          <Description>Line Item Number 1</Description>\r\n
        \         <UnitAmount>1.00</UnitAmount>\r\n          <TaxType>OUTPUT2</TaxType>\r\n
        \         <TaxAmount>0.20</TaxAmount>\r\n          <LineAmount>1.00</LineAmount>\r\n
        \         <Quantity>1.0000</Quantity>\r\n        </LineItem>\r\n        <LineItem>\r\n
        \         <Description>Line Item Number 2</Description>\r\n          <UnitAmount>1.00</UnitAmount>\r\n
        \         <TaxType>OUTPUT2</TaxType>\r\n          <TaxAmount>0.20</TaxAmount>\r\n
        \         <LineAmount>1.00</LineAmount>\r\n          <Quantity>1.0000</Quantity>\r\n
        \       </LineItem>\r\n      </LineItems>\r\n      <SubTotal>2.00</SubTotal>\r\n
        \     <TotalTax>0.40</TotalTax>\r\n      <Total>2.40</Total>\r\n      <UpdatedDateUTC>2014-08-07T12:52:25.883</UpdatedDateUTC>\r\n
        \     <CurrencyCode>GBP</CurrencyCode>\r\n      <Type>ACCREC</Type>\r\n      <InvoiceID>9cb4c114-c790-4581-bd84-8b9e596edc6c</InvoiceID>\r\n
        \     <InvoiceNumber>INV-0103</InvoiceNumber>\r\n      <AmountDue>2.40</AmountDue>\r\n
        \     <AmountPaid>0.00</AmountPaid>\r\n      <SentToContact>false</SentToContact>\r\n
        \     <CurrencyRate>1.000000</CurrencyRate>\r\n      <HasAttachments>false</HasAttachments>\r\n
        \   </Invoice>\r\n  </Invoices>\r\n</Response>"
    http_version: 
  recorded_at: Thu, 07 Aug 2014 12:52:40 GMT
- request:
    method: post
    uri: https://api.xero.com/api.xro/2.0/Invoices
    body:
      encoding: US-ASCII
      string: xml=%3CInvoice%3E%0A%20%20%3CInvoice%3E%0A%20%20%20%20%3CContactID%3E045688c6-1c1d-425b-adbc-c338c1d8b9e7%3C%2FContactID%3E%0A%20%20%20%20%3CContactStatus%3EACTIVE%3C%2FContactStatus%3E%0A%20%20%20%20%3CName%3EExisting%20Company%20Inc.%3C%2FName%3E%0A%20%20%20%20%3CAddresses%3E%0A%20%20%20%20%20%20%3CAddress%3E%0A%20%20%20%20%20%20%20%20%3CAddressType%3ESTREET%3C%2FAddressType%3E%0A%20%20%20%20%20%20%3C%2FAddress%3E%0A%20%20%20%20%20%20%3CAddress%3E%0A%20%20%20%20%20%20%20%20%3CAddressType%3EPOBOX%3C%2FAddressType%3E%0A%20%20%20%20%20%20%3C%2FAddress%3E%0A%20%20%20%20%3C%2FAddresses%3E%0A%20%20%20%20%3CPhones%3E%0A%20%20%20%20%20%20%3CPhone%3E%0A%20%20%20%20%20%20%20%20%3CPhoneType%3EFAX%3C%2FPhoneType%3E%0A%20%20%20%20%20%20%3C%2FPhone%3E%0A%20%20%20%20%20%20%3CPhone%3E%0A%20%20%20%20%20%20%20%20%3CPhoneType%3EDEFAULT%3C%2FPhoneType%3E%0A%20%20%20%20%20%20%3C%2FPhone%3E%0A%20%20%20%20%20%20%3CPhone%3E%0A%20%20%20%20%20%20%20%20%3CPhoneType%3EDDI%3C%2FPhoneType%3E%0A%20%20%20%20%20%20%3C%2FPhone%3E%0A%20%20%20%20%20%20%3CPhone%3E%0A%20%20%20%20%20%20%20%20%3CPhoneType%3EMOBILE%3C%2FPhoneType%3E%0A%20%20%20%20%20%20%3C%2FPhone%3E%0A%20%20%20%20%3C%2FPhones%3E%0A%20%20%20%20%3CUpdatedDateUTC%3E2014-08-07T11%3A52%3A07%3C%2FUpdatedDateUTC%3E%0A%20%20%20%20%3CIsSupplier%3Efalse%3C%2FIsSupplier%3E%0A%20%20%20%20%3CIsCustomer%3Etrue%3C%2FIsCustomer%3E%0A%20%20%3C%2FInvoice%3E%0A%20%20%3CDate%3E2014-08-07%3C%2FDate%3E%0A%20%20%3CDueDate%3E2013-03-10%3C%2FDueDate%3E%0A%20%20%3CStatus%3EDELETED%3C%2FStatus%3E%0A%20%20%3CLineAmountTypes%3EExclusive%3C%2FLineAmountTypes%3E%0A%20%20%3CLineItems%3E%0A%20%20%20%20%3CLineItem%3E%0A%20%20%20%20%20%20%3CDescription%3ELine%20Item%20Number%201%3C%2FDescription%3E%0A%20%20%20%20%20%20%3CUnitAmount%3E1.0%3C%2FUnitAmount%3E%0A%20%20%20%20%20%20%3CTaxType%3EOUTPUT2%3C%2FTaxType%3E%0A%20%20%20%20%20%20%3CTaxAmount%3E0.2%3C%2FTaxAmount%3E%0A%20%20%20%20%20%20%3CLineAmount%3E1.0%3C%2FLineAmount%3E%0A%20%20%20%20%20%20%3CQuantity%3E1.0%3C%2FQuantity%3E%0A%20%20%20%20%3C%2FLineItem%3E%0A%20%20%20%20%3CLineItem%3E%0A%20%20%20%20%20%20%3CDescription%3ELine%20Item%20Number%202%3C%2FDescription%3E%0A%20%20%20%20%20%20%3CUnitAmount%3E1.0%3C%2FUnitAmount%3E%0A%20%20%20%20%20%20%3CTaxType%3EOUTPUT2%3C%2FTaxType%3E%0A%20%20%20%20%20%20%3CTaxAmount%3E0.2%3C%2FTaxAmount%3E%0A%20%20%20%20%20%20%3CLineAmount%3E1.0%3C%2FLineAmount%3E%0A%20%20%20%20%20%20%3CQuantity%3E1.0%3C%2FQuantity%3E%0A%20%20%20%20%3C%2FLineItem%3E%0A%20%20%3C%2FLineItems%3E%0A%20%20%3CSubTotal%3E2.0%3C%2FSubTotal%3E%0A%20%20%3CTotalTax%3E0.4%3C%2FTotalTax%3E%0A%20%20%3CTotal%3E2.4%3C%2FTotal%3E%0A%20%20%3CUpdatedDateUTC%3E2014-08-07T11%3A52%3A25%3C%2FUpdatedDateUTC%3E%0A%20%20%3CCurrencyCode%3EGBP%3C%2FCurrencyCode%3E%0A%20%20%3CType%3EACCREC%3C%2FType%3E%0A%20%20%3CInvoiceID%3E9cb4c114-c790-4581-bd84-8b9e596edc6c%3C%2FInvoiceID%3E%0A%20%20%3CInvoiceNumber%3EINV-0103%3C%2FInvoiceNumber%3E%0A%20%20%3CAmountDue%3E2.4%3C%2FAmountDue%3E%0A%20%20%3CAmountPaid%3E0.0%3C%2FAmountPaid%3E%0A%20%20%3CSentToContact%3Efalse%3C%2FSentToContact%3E%0A%3C%2FInvoice%3E%0A
    headers:
      Charset:
      - utf-8
      Content-Type:
      - application/x-www-form-urlencoded
      Accept:
      - ! '*/*'
      User-Agent:
      - OAuth gem v0.4.7
      Content-Length:
      - '0'
      Authorization:
      - OAuth oauth_consumer_key="<XERO_CONSUMER_KEY>", oauth_nonce="lYdwx4bYQaXvDaXxqGtbizpB5HCoIo7rz1D8Pf0I",
        oauth_signature="sD5cNw8dB3nT%2F1JzIU6Zo4ctOJlMgrcNNY42rhs58sMGpc69Ztn4sUkLjgvojqYV8%2Brgo4zB%2B%2FLglvoJ27u4gWaahp5mJZOpcho7QmsNE%2FuK0cPM%2BMfK5ZAd47wwU5kzQmvsvuKkJdavyXl27hNVZdiKSwrYrr902Y%2B7pMwfo4g%3D",
        oauth_signature_method="RSA-SHA1", oauth_timestamp="1407415960", oauth_token="<XERO_CONSUMER_KEY>",
        oauth_version="1.0"
  response:
    status:
      code: 200
      message: OK
    headers:
      Cache-Control:
      - private
      Content-Type:
      - text/xml; charset=utf-8
      Www-Authenticate:
      - OAuth Realm="api.xero.com"
      X-S:
      - 505390-O1VMAP05
      Strict-Transport-Security:
      - max-age=31536000
      Date:
      - Thu, 07 Aug 2014 12:52:38 GMT
      Content-Length:
      - '2577'
    body:
      encoding: US-ASCII
      string: ! "<Response xmlns:xsd=\"http://www.w3.org/2001/XMLSchema\" xmlns:xsi=\"http://www.w3.org/2001/XMLSchema-instance\">\r\n
        \ <Id>4548e269-42ea-4cbf-8298-c5cdf2ce8e3b</Id>\r\n  <Status>OK</Status>\r\n
        \ <ProviderName>Beardstroke</ProviderName>\r\n  <DateTimeUTC>2014-08-07T12:52:38.535435Z</DateTimeUTC>\r\n
        \ <Invoices>\r\n    <Invoice>\r\n      <Contact>\r\n        <ContactID>045688c6-1c1d-425b-adbc-c338c1d8b9e7</ContactID>\r\n
        \       <ContactStatus>ACTIVE</ContactStatus>\r\n        <Name>Existing Company
        Inc.</Name>\r\n        <Addresses>\r\n          <Address>\r\n            <AddressType>STREET</AddressType>\r\n
        \         </Address>\r\n          <Address>\r\n            <AddressType>POBOX</AddressType>\r\n
        \         </Address>\r\n        </Addresses>\r\n        <Phones>\r\n          <Phone>\r\n
        \           <PhoneType>FAX</PhoneType>\r\n          </Phone>\r\n          <Phone>\r\n
        \           <PhoneType>DEFAULT</PhoneType>\r\n          </Phone>\r\n          <Phone>\r\n
        \           <PhoneType>DDI</PhoneType>\r\n          </Phone>\r\n          <Phone>\r\n
        \           <PhoneType>MOBILE</PhoneType>\r\n          </Phone>\r\n        </Phones>\r\n
        \       <UpdatedDateUTC>2014-08-07T12:52:07.21</UpdatedDateUTC>\r\n        <IsSupplier>false</IsSupplier>\r\n
        \       <IsCustomer>true</IsCustomer>\r\n      </Contact>\r\n      <Date>2014-08-07T00:00:00</Date>\r\n
        \     <DueDate>2013-03-10T00:00:00</DueDate>\r\n      <Status>DELETED</Status>\r\n
        \     <LineAmountTypes>Exclusive</LineAmountTypes>\r\n      <LineItems>\r\n
        \       <LineItem>\r\n          <Description>Line Item Number 1</Description>\r\n
        \         <UnitAmount>1.00</UnitAmount>\r\n          <TaxType>OUTPUT2</TaxType>\r\n
        \         <TaxAmount>0.20</TaxAmount>\r\n          <LineAmount>1.00</LineAmount>\r\n
        \         <Quantity>1.0000</Quantity>\r\n        </LineItem>\r\n        <LineItem>\r\n
        \         <Description>Line Item Number 2</Description>\r\n          <UnitAmount>1.00</UnitAmount>\r\n
        \         <TaxType>OUTPUT2</TaxType>\r\n          <TaxAmount>0.20</TaxAmount>\r\n
        \         <LineAmount>1.00</LineAmount>\r\n          <Quantity>1.0000</Quantity>\r\n
        \       </LineItem>\r\n      </LineItems>\r\n      <SubTotal>2.00</SubTotal>\r\n
        \     <TotalTax>0.40</TotalTax>\r\n      <Total>2.40</Total>\r\n      <UpdatedDateUTC>2014-08-07T12:52:38.503</UpdatedDateUTC>\r\n
        \     <CurrencyCode>GBP</CurrencyCode>\r\n      <Type>ACCREC</Type>\r\n      <InvoiceID>9cb4c114-c790-4581-bd84-8b9e596edc6c</InvoiceID>\r\n
        \     <InvoiceNumber>INV-0103</InvoiceNumber>\r\n      <AmountDue>2.40</AmountDue>\r\n
        \     <AmountPaid>0.00</AmountPaid>\r\n      <SentToContact>false</SentToContact>\r\n
        \     <CurrencyRate>1.000000</CurrencyRate>\r\n    </Invoice>\r\n  </Invoices>\r\n</Response>"
    http_version: 
  recorded_at: Thu, 07 Aug 2014 12:52:43 GMT
- request:
    method: post
    uri: https://api.xero.com/api.xro/2.0/Contacts
    body:
      encoding: US-ASCII
      string: xml=%3CContact%3E%0A%20%20%3CContactID%3E045688c6-1c1d-425b-adbc-c338c1d8b9e7%3C%2FContactID%3E%0A%20%20%3CContactStatus%3EACTIVE%3C%2FContactStatus%3E%0A%20%20%3CName%3EExisting%20Company%20Inc.%20045688c6-1c1d-425b-adbc-c338c1d8b9e7%3C%2FName%3E%0A%20%20%3CAddresses%3E%0A%20%20%20%20%3CAddress%3E%0A%20%20%20%20%20%20%3CAddressType%3ESTREET%3C%2FAddressType%3E%0A%20%20%20%20%3C%2FAddress%3E%0A%20%20%20%20%3CAddress%3E%0A%20%20%20%20%20%20%3CAddressType%3EPOBOX%3C%2FAddressType%3E%0A%20%20%20%20%3C%2FAddress%3E%0A%20%20%3C%2FAddresses%3E%0A%20%20%3CPhones%3E%0A%20%20%20%20%3CPhone%3E%0A%20%20%20%20%20%20%3CPhoneType%3EDDI%3C%2FPhoneType%3E%0A%20%20%20%20%3C%2FPhone%3E%0A%20%20%20%20%3CPhone%3E%0A%20%20%20%20%20%20%3CPhoneType%3EDEFAULT%3C%2FPhoneType%3E%0A%20%20%20%20%3C%2FPhone%3E%0A%20%20%20%20%3CPhone%3E%0A%20%20%20%20%20%20%3CPhoneType%3EFAX%3C%2FPhoneType%3E%0A%20%20%20%20%3C%2FPhone%3E%0A%20%20%20%20%3CPhone%3E%0A%20%20%20%20%20%20%3CPhoneType%3EMOBILE%3C%2FPhoneType%3E%0A%20%20%20%20%3C%2FPhone%3E%0A%20%20%3C%2FPhones%3E%0A%20%20%3CUpdatedDateUTC%3E2014-08-07T11%3A52%3A07%3C%2FUpdatedDateUTC%3E%0A%20%20%3CIsSupplier%3Efalse%3C%2FIsSupplier%3E%0A%20%20%3CIsCustomer%3Etrue%3C%2FIsCustomer%3E%0A%3C%2FContact%3E%0A
    headers:
      Charset:
      - utf-8
      Content-Type:
      - application/x-www-form-urlencoded
      Accept:
      - ! '*/*'
      User-Agent:
      - OAuth gem v0.4.7
      Content-Length:
      - '0'
      Authorization:
      - OAuth oauth_consumer_key="<XERO_CONSUMER_KEY>", oauth_nonce="ZpX9cDpmN75C1wWTLd9ntn9bvuDqKnVGMuh0ZK1AmaA",
        oauth_signature="TowVn9t2mayX2T726CwavqH2q4VvyMt6aVTc51Hz%2B6I6OSwrhsHM%2FspIJwaDms77we2l7ulXw%2B9xU5EZfBTSslFB%2FJ%2FNNaymAh%2BdqwJhiGV08PV2aa2WtZr4aX8oJ2pFgEqHSB0s2484UzxE9OJMRYrWwqw15jILiqkkvW%2FhuEE%3D",
        oauth_signature_method="RSA-SHA1", oauth_timestamp="1407415963", oauth_token="<XERO_CONSUMER_KEY>",
        oauth_version="1.0"
  response:
    status:
      code: 200
      message: OK
    headers:
      Cache-Control:
      - private
      Content-Type:
      - text/xml; charset=utf-8
      Www-Authenticate:
      - OAuth Realm="api.xero.com"
      X-S:
      - 505390-O1VMAP05
      Strict-Transport-Security:
      - max-age=31536000
      Date:
      - Thu, 07 Aug 2014 12:52:40 GMT
      Content-Length:
      - '1225'
    body:
      encoding: US-ASCII
      string: ! "<Response xmlns:xsd=\"http://www.w3.org/2001/XMLSchema\" xmlns:xsi=\"http://www.w3.org/2001/XMLSchema-instance\">\r\n
        \ <Id>e703bf3f-3824-4347-a3c4-fec39e99badd</Id>\r\n  <Status>OK</Status>\r\n
        \ <ProviderName>Beardstroke</ProviderName>\r\n  <DateTimeUTC>2014-08-07T12:52:41.1250848Z</DateTimeUTC>\r\n
        \ <Contacts>\r\n    <Contact>\r\n      <ContactID>045688c6-1c1d-425b-adbc-c338c1d8b9e7</ContactID>\r\n
        \     <ContactStatus>ACTIVE</ContactStatus>\r\n      <Name>Existing Company
        Inc. 045688c6-1c1d-425b-adbc-c338c1d8b9e7</Name>\r\n      <Addresses>\r\n
        \       <Address>\r\n          <AddressType>STREET</AddressType>\r\n        </Address>\r\n
        \       <Address>\r\n          <AddressType>POBOX</AddressType>\r\n        </Address>\r\n
        \     </Addresses>\r\n      <Phones>\r\n        <Phone>\r\n          <PhoneType>FAX</PhoneType>\r\n
        \       </Phone>\r\n        <Phone>\r\n          <PhoneType>DEFAULT</PhoneType>\r\n
        \       </Phone>\r\n        <Phone>\r\n          <PhoneType>DDI</PhoneType>\r\n
        \       </Phone>\r\n        <Phone>\r\n          <PhoneType>MOBILE</PhoneType>\r\n
        \       </Phone>\r\n      </Phones>\r\n      <UpdatedDateUTC>2014-08-07T12:52:41.093</UpdatedDateUTC>\r\n
        \     <IsSupplier>false</IsSupplier>\r\n      <IsCustomer>true</IsCustomer>\r\n
        \   </Contact>\r\n  </Contacts>\r\n</Response>"
    http_version: 
  recorded_at: Thu, 07 Aug 2014 12:52:46 GMT
recorded_with: VCR 2.8.0
